== z_q3k1d
BONE 19
Z 6
Z01 2
Z02 2
Z03 2
Z12 2
Z13 2
Z23 2
== z_q3k2d
BONE 141
Z 20
Z01 6
Z02 6
Z03 6
Z04 6
Z05 6
Z12 6
Z13 6
Z14 6
Z15 6
Z23 6
Z24 6
Z25 6
Z34 6
Z35 6
Z45 6
Z0123 2
Z0124 2
Z0125 2
Z0134 2
Z0135 2
Z0145 2
Z0234 2
Z0235 2
Z0245 2
Z0345 2
Z1234 2
Z1235 2
Z1245 2
Z1345 2
Z2345 2
== z_q9k1d
BONE 217
Z 168
Z01 8
Z02 8
Z03 8
Z12 8
Z13 8
Z23 8
== z_q3k2d0
BONE 140
Z 20
Z01 6
Z02 6
Z03 6
Z04 6
Z05 6
Z12 6
Z13 6
Z14 6
Z15 6
Z23 6
Z24 6
Z25 6
Z34 6
Z35 6
Z45 6
Z0123 2
Z0124 2
Z0125 2
Z0134 2
Z0135 2
Z0145 2
Z0234 2
Z0235 2
Z0245 2
Z0345 2
Z1234 2
Z1235 2
Z1245 2
Z1345 2
Z2345 2
== z_q3k2d0_5
BONE 139
Z 20
Z01 6
Z02 6
Z03 6
Z04 6
Z05 6
Z12 6
Z13 6
Z14 6
Z15 6
Z23 6
Z24 6
Z25 6
Z34 6
Z35 6
Z45 6
Z0123 2
Z0124 2
Z0125 2
Z0134 2
Z0135 2
Z0145 2
Z0234 2
Z0235 2
Z0245 2
Z0345 2
Z1234 2
Z1235 2
Z1245 2
Z1345 2
Z2345 2
== z_q3k2d0_1_2_3_4_5_6
BONE 113
Z 20
Z03 6
Z04 6
Z05 6
Z12 6
Z13 6
Z14 6
Z15 6
Z23 6
Z24 6
Z25 6
Z34 4
Z35 4
Z0124 2
Z0125 2
Z0134 2
Z0135 2
Z0145 2
Z0234 2
Z0235 2
Z0245 2
Z0345 2
Z1234 2
Z1235 2
Z1245 2
== z_q9k1d0
BONE 153
Z 120
Z02 8
Z03 8
Z12 8
Z13 8
== z_q9k2d0_5
BONE 7081
Z 4730
Z01 120
Z02 120
Z03 168
Z04 168
Z05 168
Z12 168
Z13 168
Z14 168
Z15 120
Z23 120
Z24 168
Z25 168
Z34 120
Z35 168
Z45 120
Z0123 8
Z0124 8
Z0125 8
Z0134 8
Z0135 8
Z0145 8
Z0234 8
Z0235 8
Z0245 8
Z0345 8
Z1234 8
Z1235 8
Z1245 8
Z1345 8
Z2345 8
== z_q9k2d0
BONE 7424
Z 4928
Z01 120
Z02 168
Z03 168
Z04 168
Z05 168
Z12 168
Z13 168
Z14 168
Z15 168
Z23 120
Z24 168
Z25 168
Z34 168
Z35 168
Z45 120
Z0123 8
Z0124 8
Z0125 8
Z0134 8
Z0135 8
Z0145 8
Z0234 8
Z0235 8
Z0245 8
Z0345 8
Z1234 8
Z1235 8
Z1245 8
Z1345 8
Z2345 8
VIGIA-FIN-OK exit=0 pico_kb=2224 t=0s
