(k,q)=(1,3) over F_3 : dim (D_J)C = 6 ; Q_k(q) = 6 ; EQUAL ; 0.0s
(k,q)=(1,5) over F_5 : dim (D_J)C = 36 ; Q_k(q) = 36 ; EQUAL ; 0.0s
(k,q)=(1,7) over F_7 : dim (D_J)C = 90 ; Q_k(q) = 90 ; EQUAL ; 0.0s
(k,q)=(2,3) over F_3 : dim (D_J)C = 20 ; Q_k(q) = 20 ; EQUAL ; 0.0s
(k,q)=(1,9) over F_3 : dim (D_J)C = 168 ; Q_k(q) = 168 ; EQUAL ; 0.0s
(k,q)=(1,11) over F_11 : dim (D_J)C = 270 ; Q_k(q) = 270 ; EQUAL ; 0.0s
(k,q)=(1,13) over F_13 : dim (D_J)C = 396 ; Q_k(q) = 396 ; EQUAL ; 0.0s
(k,q)=(3,3) over F_3 : dim (D_J)C = 70 ; Q_k(q) = 70 ; EQUAL ; 0.0s
(k,q)=(2,5) over F_5 : dim (D_J)C = 400 ; Q_k(q) = 400 ; EQUAL ; 0.0s
        3.31 real         1.78 user         0.40 sys
           248463360  maximum resident set size
                   0  average shared memory size
                   0  average unshared data size
                   0  average unshared stack size
               84170  page reclaims
                4711  page faults
                   0  swaps
                   0  block input operations
                   0  block output operations
                   0  messages sent
                   0  messages received
                   0  signals received
                2018  voluntary context switches
                5141  involuntary context switches
            20172866  instructions retired
             9586611  cycles elapsed
             1098016  peak memory footprint
