(k,q)=(1,3) over F_3 : graded-rank dim = 6 ; Q_k(q) = 6 ; EQUAL ; 0.0s
   graded ranks from degree 1: [2, 3, 1]
(k,q)=(2,3) over F_3 : graded-rank dim = 20 ; Q_k(q) = 20 ; EQUAL ; 0.0s
   graded ranks from degree 2: [5, 9, 5, 1]
(k,q)=(3,3) over F_3 : graded-rank dim = 70 ; Q_k(q) = 70 ; EQUAL ; 0.1s
   graded ranks from degree 3: [14, 28, 20, 7, 1]
(k,q)=(1,9) over F_3 : graded-rank dim = 168 ; Q_k(q) = 168 ; EQUAL ; 0.0s
   graded ranks from degree 7: [3, 6, 9, 12, 15, 18, 20, 21, 18, 15, 12, 9, 6, 3, 1]
(k,q)=(1,5) over F_5 : graded-rank dim = 36 ; Q_k(q) = 36 ; EQUAL ; 0.0s
   graded ranks from degree 3: [3, 6, 8, 9, 6, 3, 1]
(k,q)=(2,5) over F_5 : graded-rank dim = 400 ; Q_k(q) = 400 ; EQUAL ; 0.3s
   graded ranks from degree 6: [14, 40, 66, 85, 81, 59, 34, 15, 5, 1]
(k,q)=(1,7) over F_7 : graded-rank dim = 90 ; Q_k(q) = 90 ; EQUAL ; 0.0s
   graded ranks from degree 5: [3, 6, 9, 12, 14, 15, 12, 9, 6, 3, 1]
(k,q)=(2,7) over F_7 : graded-rank dim = 1860 ; Q_k(q) = 1860 ; EQUAL ; 4.9s
(k,q)=(1,25) over F_5 : graded-rank dim = 1656 ; Q_k(q) = 1656 ; EQUAL ; 1.2s
(k,q)=(1,7) over F_3 : graded-rank dim = 90 ; Q_k(q) = 90 ; EQUAL ; 0.0s
   graded ranks from degree 5: [3, 6, 9, 12, 14, 15, 12, 9, 6, 3, 1]
(k,q)=(1,7) over F_2 : graded-rank dim = 90 ; Q_k(q) = 90 ; EQUAL ; 0.0s
   graded ranks from degree 5: [3, 6, 9, 12, 14, 15, 12, 9, 6, 3, 1]
        9.65 real         8.23 user         0.45 sys
           347815936  maximum resident set size
                   0  average shared memory size
                   0  average unshared data size
                   0  average unshared stack size
               99677  page reclaims
                5173  page faults
                   0  swaps
                   0  block input operations
                   0  block output operations
                   0  messages sent
                   0  messages received
                   0  signals received
                1956  voluntary context switches
                8250  involuntary context switches
            28493113  instructions retired
            14680638  cycles elapsed
             1065248  peak memory footprint
