Prop 2.6 (k,q)=(1,3): b_k(q-1)=6 vs Q_k(q)=6 : EQUAL
Prop 2.6 (k,q)=(1,5): b_k(q-1)=36 vs Q_k(q)=36 : EQUAL
Prop 2.6 (k,q)=(2,3): b_k(q-1)=20 vs Q_k(q)=20 : EQUAL
Prop 2.6 (k,q)=(1,7): b_k(q-1)=90 vs Q_k(q)=90 : EQUAL
Prop 2.6 (k,q)=(2,5): b_k(q-1)=400 vs Q_k(q)=400 : EQUAL
        2.23 real         1.79 user         0.26 sys
           250511360  maximum resident set size
                   0  average shared memory size
                   0  average unshared data size
                   0  average unshared stack size
               89078  page reclaims
                  33  page faults
                   0  swaps
                   0  block input operations
                   0  block output operations
                   0  messages sent
                   0  messages received
                   0  signals received
                  10  voluntary context switches
                 237  involuntary context switches
            15732031  instructions retired
             6670813  cycles elapsed
             1081632  peak memory footprint
