(k,q)=(1,3) 1-t (DS): rank(ideal)=6, rank L(X) = 7 (Q_k(q)+1 = 7)
(k,q)=(1,3) 1+t (flipped): rank(ideal)=19, rank L(X) = 20 (Q_k(q)+1 = 7)
(k,q)=(1,5) 1-t (DS): rank(ideal)=36, rank L(X) = 37 (Q_k(q)+1 = 37)
(k,q)=(1,5) 1+t (flipped): rank(ideal)=61, rank L(X) = 62 (Q_k(q)+1 = 37)
(k,q)=(2,3) 1-t (DS): rank(ideal)=20, rank L(X) = 21 (Q_k(q)+1 = 21)
(k,q)=(2,3) 1+t (flipped): rank(ideal)=141, rank L(X) = 142 (Q_k(q)+1 = 21)
        2.80 real         1.76 user         0.34 sys
           224477184  maximum resident set size
                   0  average shared memory size
                   0  average unshared data size
                   0  average unshared stack size
               83520  page reclaims
                5038  page faults
                   0  swaps
                   0  block input operations
                   0  block output operations
                   0  messages sent
                   0  messages received
                   0  signals received
                1257  voluntary context switches
                4461  involuntary context switches
            16564101  instructions retired
             7508715  cycles elapsed
             1065248  peak memory footprint
