⚠ [8037/8112] Replayed RequestProject.Peel.Main
warning: RequestProject/Peel/Main.lean:61:19: unused variable `hq`

Note: This linter can be disabled with `set_option linter.unusedVariables false`
warning: RequestProject/Peel/Main.lean:62:5: unused variable `hj`

Note: This linter can be disabled with `set_option linter.unusedVariables false`
warning: RequestProject/Peel/Main.lean:82:16: unused variable `hq`

Note: This linter can be disabled with `set_option linter.unusedVariables false`
warning: RequestProject/Peel/Main.lean:229:25: unused variable `hq`

Note: This linter can be disabled with `set_option linter.unusedVariables false`
⚠ [8040/8112] Replayed RequestProject.Chain.Main
warning: RequestProject/Chain/Main.lean:23:42: unused variable `ht`

Note: This linter can be disabled with `set_option linter.unusedVariables false`
warning: RequestProject/Chain/Main.lean:33:42: unused variable `ht`

Note: This linter can be disabled with `set_option linter.unusedVariables false`
warning: RequestProject/Chain/Main.lean:46:42: unused variable `ht`

Note: This linter can be disabled with `set_option linter.unusedVariables false`
⚠ [8055/8112] Replayed RequestProject.Monotone.Main
warning: RequestProject/Monotone/Main.lean:25:33: unused variable `hh`

Note: This linter can be disabled with `set_option linter.unusedVariables false`
⚠ [8087/8112] Replayed RequestProject.BipOpt.Main
warning: RequestProject/BipOpt/Main.lean:29:31: unused variable `hq`

Note: This linter can be disabled with `set_option linter.unusedVariables false`
warning: RequestProject/BipOpt/Main.lean:38:72: unused variable `hq`

Note: This linter can be disabled with `set_option linter.unusedVariables false`
warning: RequestProject/BipOpt/Main.lean:40:5: unused variable `hμ`

Note: This linter can be disabled with `set_option linter.unusedVariables false`
warning: RequestProject/BipOpt/Main.lean:51:78: unused variable `hq`

Note: This linter can be disabled with `set_option linter.unusedVariables false`
warning: RequestProject/BipOpt/Main.lean:53:5: unused variable `hμ`

Note: This linter can be disabled with `set_option linter.unusedVariables false`
warning: RequestProject/BipOpt/Main.lean:53:67: unused variable `hΛ`

Note: This linter can be disabled with `set_option linter.unusedVariables false`
warning: RequestProject/BipOpt/Main.lean:64:76: unused variable `hq`

Note: This linter can be disabled with `set_option linter.unusedVariables false`
warning: RequestProject/BipOpt/Main.lean:66:5: unused variable `hΛ`

Note: This linter can be disabled with `set_option linter.unusedVariables false`
warning: RequestProject/BipOpt/Main.lean:86:32: unused variable `hq`

Note: This linter can be disabled with `set_option linter.unusedVariables false`
warning: RequestProject/BipOpt/Main.lean:101:31: unused variable `hq`

Note: This linter can be disabled with `set_option linter.unusedVariables false`
⚠ [8089/8112] Replayed RequestProject.BipP2.Main
warning: RequestProject/BipP2/Main.lean:30:30: unused variable `hq`

Note: This linter can be disabled with `set_option linter.unusedVariables false`
warning: RequestProject/BipP2/Main.lean:30:43: unused variable `hα`

Note: This linter can be disabled with `set_option linter.unusedVariables false`
⚠ [8092/8112] Replayed RequestProject.BipP3.Main
warning: RequestProject/BipP3/Main.lean:214:29: unused variable `hodd`

Note: This linter can be disabled with `set_option linter.unusedVariables false`
✔ [8112/8112] Built RequestProject.ColAssembly.EveryField (49s)
Build completed successfully (8112 jobs).
VIGIA-FIN-OK exit=0 pico_kb=2009504 t=54s
