=== MODULE LemmaK 09:13:38
vigia_rc=0
✔ [8109/8109] Built RequestProject.OddTheorem.LemmaK (78s)
Build completed successfully (8109 jobs).
VIGIA-FIN-OK exit=0 pico_kb=1683184 t=85s
=== MODULE Prop810 09:15:03
vigia_rc=0
✔ [8149/8149] Built RequestProject.OddTheorem.Prop810 (56s)
Build completed successfully (8149 jobs).
VIGIA-FIN-OK exit=0 pico_kb=1870288 t=63s
=== MODULE Theorem811 09:16:07
vigia_rc=0
✔ [8150/8150] Built RequestProject.OddTheorem.Theorem811 (58s)
Build completed successfully (8150 jobs).
VIGIA-FIN-OK exit=0 pico_kb=1958304 t=65s
=== MODULE TheoremO 09:17:12
vigia_rc=0
✔ [8161/8161] Built RequestProject.OddTheorem.TheoremO (56s)
Build completed successfully (8161 jobs).
VIGIA-FIN-OK exit=0 pico_kb=1924752 t=62s
=== MODULE Main 09:18:15
vigia_rc=0
✔ [8162/8162] Built RequestProject.OddTheorem.Main (53s)
Build completed successfully (8162 jobs).
VIGIA-FIN-OK exit=0 pico_kb=1858688 t=60s
BUILD-LOOP-END
