=== MODULE LemmaQ 08:40:39
vigia_rc=0
✔ [8135/8135] Built RequestProject.OddLifts2.LemmaQ (100s)
Build completed successfully (8135 jobs).
VIGIA-FIN-OK exit=0 pico_kb=1574176 t=118s
=== MODULE LemmaQp 08:42:38
vigia_rc=0
✔ [8136/8136] Built RequestProject.OddLifts2.LemmaQp (67s)
Build completed successfully (8136 jobs).
VIGIA-FIN-OK exit=0 pico_kb=1744768 t=75s
=== MODULE Patterns 08:43:53
vigia_rc=0
✔ [8135/8135] Built RequestProject.OddLifts2.Patterns (63s)
Build completed successfully (8135 jobs).
VIGIA-FIN-OK exit=0 pico_kb=1777712 t=70s
=== MODULE Border 08:45:04
vigia_rc=0
✔ [8138/8138] Built RequestProject.OddLifts2.Border (69s)
Build completed successfully (8138 jobs).
VIGIA-FIN-OK exit=0 pico_kb=1752560 t=76s
=== MODULE Main 08:46:21
vigia_rc=0
✔ [8139/8139] Built RequestProject.OddLifts2.Main (83s)
Build completed successfully (8139 jobs).
VIGIA-FIN-OK exit=0 pico_kb=1684368 t=90s
BUILD-LOOP-END
