=== MODULE Shift 22:17:19
vigia_rc=0
✔ [8104/8104] Built RequestProject.RankTwo.Shift (59s)
Build completed successfully (8104 jobs).
VIGIA-FIN-OK exit=0 pico_kb=1794384 t=67s
=== MODULE Homog 22:18:26
vigia_rc=0
✔ [8104/8104] Built RequestProject.RankTwo.Homog (63s)
Build completed successfully (8104 jobs).
VIGIA-FIN-OK exit=0 pico_kb=1962896 t=69s
=== MODULE TopCoeff 22:19:36
vigia_rc=0
✔ [8104/8104] Built RequestProject.RankTwo.TopCoeff (52s)
Build completed successfully (8104 jobs).
VIGIA-FIN-OK exit=0 pico_kb=1922528 t=58s
=== MODULE OddDefs 22:20:34
vigia_rc=0
✔ [8104/8104] Built RequestProject.RankTwo.OddDefs (50s)
Build completed successfully (8104 jobs).
VIGIA-FIN-OK exit=0 pico_kb=1946272 t=56s
=== MODULE Update 22:21:31
vigia_rc=0
✔ [8105/8105] Built RequestProject.RankTwo.Update (49s)
Build completed successfully (8105 jobs).
VIGIA-FIN-OK exit=0 pico_kb=1976704 t=55s
=== MODULE Key 22:22:27
vigia_rc=0
✔ [8105/8105] Built RequestProject.RankTwo.Key (50s)
Build completed successfully (8105 jobs).
VIGIA-FIN-OK exit=0 pico_kb=2073568 t=55s
=== MODULE OddBox 22:23:23
vigia_rc=0
✔ [8110/8110] Built RequestProject.RankTwo.OddBox (54s)
Build completed successfully (8110 jobs).
VIGIA-FIN-OK exit=0 pico_kb=2056864 t=60s
=== MODULE Main 22:24:24
vigia_rc=0
✔ [8111/8111] Built RequestProject.RankTwo.Main (38s)
Build completed successfully (8111 jobs).
VIGIA-FIN-OK exit=0 pico_kb=2166704 t=43s
BUILD-LOOP-END
