=== MODULE LemmaP 07:24:25
vigia_rc=0
✔ [8131/8131] Built RequestProject.OddLifts.LemmaP (107s)
Build completed successfully (8131 jobs).
VIGIA-FIN-OK exit=0 pico_kb=1530768 t=116s
=== MODULE Aux 07:26:21
vigia_rc=0
✔ [8132/8132] Built RequestProject.OddLifts.Aux (75s)
Build completed successfully (8132 jobs).
VIGIA-FIN-OK exit=0 pico_kb=1692192 t=83s
=== MODULE Marked 07:27:45
vigia_rc=0
✔ [8133/8133] Built RequestProject.OddLifts.Marked (62s)
Build completed successfully (8133 jobs).
VIGIA-FIN-OK exit=0 pico_kb=1915936 t=68s
=== MODULE Main 07:28:54
vigia_rc=0
✔ [8134/8134] Built RequestProject.OddLifts.Main (116s)
Build completed successfully (8134 jobs).
VIGIA-FIN-OK exit=0 pico_kb=1524144 t=124s
BUILD-LOOP-END
