=== MODULE Defs 11:34:54
vigia_rc=0
✔ [8103/8103] Built RequestProject.EvenColours.Defs (66s)
Build completed successfully (8103 jobs).
VIGIA-FIN-OK exit=0 pico_kb=1738640 t=73s
=== MODULE Points 11:36:08
vigia_rc=0
✔ [8104/8104] Built RequestProject.EvenColours.Points (58s)
Build completed successfully (8104 jobs).
VIGIA-FIN-OK exit=0 pico_kb=1982288 t=65s
=== MODULE Colours 11:37:13
vigia_rc=0
✔ [8105/8105] Built RequestProject.EvenColours.Colours (64s)
Build completed successfully (8105 jobs).
VIGIA-FIN-OK exit=0 pico_kb=1849216 t=71s
=== MODULE Closed 11:38:25
vigia_rc=0
✔ [8105/8105] Built RequestProject.EvenColours.Closed (62s)
Build completed successfully (8105 jobs).
VIGIA-FIN-OK exit=0 pico_kb=1752256 t=69s
=== MODULE Blocks 11:39:34
vigia_rc=0
✔ [8106/8106] Built RequestProject.EvenColours.Blocks (61s)
Build completed successfully (8106 jobs).
VIGIA-FIN-OK exit=0 pico_kb=1913744 t=67s
=== MODULE BlockCounts 11:40:42
vigia_rc=0
✔ [8107/8107] Built RequestProject.EvenColours.BlockCounts (65s)
Build completed successfully (8107 jobs).
VIGIA-FIN-OK exit=0 pico_kb=1959152 t=71s
=== MODULE Main 11:41:54
vigia_rc=0
✔ [8109/8109] Built RequestProject.EvenColours.Main (60s)
Build completed successfully (8109 jobs).
VIGIA-FIN-OK exit=0 pico_kb=1774272 t=67s
BUILD-LOOP-END
