=== MODULE Defs 19:40:26
vigia_rc=0
✔ [8100/8100] Built RequestProject.OddLayers.Defs (69s)
Build completed successfully (8100 jobs).
VIGIA-FIN-OK exit=0 pico_kb=1746016 t=76s
=== MODULE Rows 19:41:43
vigia_rc=0
✔ [8101/8101] Built RequestProject.OddLayers.Rows (58s)
Build completed successfully (8101 jobs).
VIGIA-FIN-OK exit=0 pico_kb=1877376 t=64s
=== MODULE Exchange 19:42:48
vigia_rc=0
✔ [8102/8102] Built RequestProject.OddLayers.Exchange (72s)
Build completed successfully (8102 jobs).
VIGIA-FIN-OK exit=0 pico_kb=1870144 t=79s
=== MODULE Layers 19:44:07
vigia_rc=0
✔ [8103/8103] Built RequestProject.OddLayers.Layers (49s)
Build completed successfully (8103 jobs).
VIGIA-FIN-OK exit=0 pico_kb=2071680 t=56s
=== MODULE Roots 19:45:03
vigia_rc=0
✔ [8107/8107] Built RequestProject.OddLayers.Roots (111s)
Build completed successfully (8107 jobs).
VIGIA-FIN-OK exit=0 pico_kb=1660928 t=117s
=== MODULE Main 19:47:01
vigia_rc=0
✔ [8108/8108] Built RequestProject.OddLayers.Main (81s)
Build completed successfully (8108 jobs).
VIGIA-FIN-OK exit=0 pico_kb=1547360 t=89s
BUILD-LOOP-END
