=== MODULE PartA 15:38:22
vigia_rc=0
✔ [8223/8223] Built RequestProject.EvenAll.PartA (81s)
Build completed successfully (8223 jobs).
VIGIA-FIN-OK exit=0 pico_kb=1651824 t=89s
=== MODULE PartBC 15:39:51
vigia_rc=0
✔ [8224/8224] Built RequestProject.EvenAll.PartBC (60s)
Build completed successfully (8224 jobs).
VIGIA-FIN-OK exit=0 pico_kb=1777360 t=66s
=== MODULE PartD 15:40:58
vigia_rc=0
✔ [8224/8224] Built RequestProject.EvenAll.PartD (65s)
Build completed successfully (8224 jobs).
VIGIA-FIN-OK exit=0 pico_kb=1942960 t=71s
=== MODULE PartE 15:42:10
vigia_rc=0
✔ [8225/8225] Built RequestProject.EvenAll.PartE (63s)
Build completed successfully (8225 jobs).
VIGIA-FIN-OK exit=0 pico_kb=1901216 t=70s
=== MODULE Checks 15:43:20
vigia_rc=2

Note: This linter can be disabled with `set_option linter.unusedVariables false`
VIGIA-MATADO-MEMORIA mem_kb=4750336 t=106s
BUILD-LOOP-STOPPED at Checks
