START 2026-10-03 17:20:22
RequestProject.Ballot.Defs VIGIA-FIN-OK exit=0 pico_kb=2103696 t=69s wall=69s
RequestProject.Ballot.Alg VIGIA-FIN-OK exit=0 pico_kb=1975488 t=76s wall=77s
RequestProject.Ballot.Comb VIGIA-FIN-OK exit=0 pico_kb=1849936 t=76s wall=77s
RequestProject.Ballot.Construct VIGIA-FIN-OK exit=0 pico_kb=2103984 t=75s wall=75s
RequestProject.Chain.Defs VIGIA-FIN-OK exit=0 pico_kb=1960880 t=75s wall=76s
RequestProject.Chain.Lemmas VIGIA-FIN-OK exit=0 pico_kb=1760512 t=77s wall=77s
RequestProject.Chain.Main VIGIA-FIN-OK exit=0 pico_kb=2045760 t=62s wall=63s
RequestProject.Monotone.Defs VIGIA-FIN-OK exit=0 pico_kb=1969408 t=62s wall=62s
RequestProject.Peel.Defs VIGIA-FIN-OK exit=0 pico_kb=2123696 t=70s wall=70s
RequestProject.Peel.Expand VIGIA-FIN-OK exit=0 pico_kb=2033808 t=66s wall=67s
RequestProject.Peel.Main VIGIA-FIN-OK exit=0 pico_kb=1798976 t=92s wall=93s
RequestProject.Tight.Defs VIGIA-FIN-OK exit=0 pico_kb=1916176 t=60s wall=61s
RequestProject.Bip.Defs VIGIA-FIN-OK exit=0 pico_kb=1949600 t=56s wall=56s
RequestProject.Bip.Counts VIGIA-FIN-OK exit=0 pico_kb=1934048 t=59s wall=60s
RequestProject.Bip.Peeling VIGIA-FIN-OK exit=0 pico_kb=1898912 t=58s wall=58s
RequestProject.Bip.Roots VIGIA-FIN-OK exit=0 pico_kb=2015264 t=57s wall=58s
RequestProject.Bip.Main VIGIA-FIN-OK exit=0 pico_kb=1896720 t=59s wall=59s
RequestProject.BipAny.Binomial VIGIA-FIN-OK exit=0 pico_kb=1976944 t=51s wall=52s
RequestProject.Fibres.Defs VIGIA-FIN-OK exit=0 pico_kb=1972880 t=49s wall=49s
RequestProject.Tight.Lemmas VIGIA-FIN-OK exit=0 pico_kb=1864032 t=62s wall=63s
RequestProject.Tight.Main VIGIA-FIN-OK exit=0 pico_kb=1798512 t=67s wall=67s
RequestProject.Lifts.Defs VIGIA-FIN-OK exit=0 pico_kb=1866752 t=54s wall=55s
RequestProject.Monotone.Lemmas VIGIA-FIN-OK exit=0 pico_kb=1856000 t=59s wall=59s
RequestProject.Lifts.Options VIGIA-FIN-OK exit=0 pico_kb=1899312 t=58s wall=59s
RequestProject.BipOpt.Defs VIGIA-FIN-OK exit=0 pico_kb=1826224 t=55s wall=55s
RequestProject.BipOpt.Options VIGIA-FIN-OK exit=0 pico_kb=1866400 t=55s wall=56s
RequestProject.BipOpt.Fibres VIGIA-FIN-OK exit=0 pico_kb=1919776 t=55s wall=55s
RequestProject.BipOpt.Main VIGIA-FIN-OK exit=0 pico_kb=1975008 t=54s wall=54s
RequestProject.Monotone.Main VIGIA-FIN-OK exit=0 pico_kb=1778496 t=63s wall=64s
RequestProject.BipP2.Cases VIGIA-FIN-OK exit=0 pico_kb=1882704 t=61s wall=62s
RequestProject.BipP2.Main VIGIA-FIN-OK exit=0 pico_kb=1927296 t=57s wall=57s
RequestProject.BipAny.Layers VIGIA-FIN-OK exit=0 pico_kb=1898608 t=59s wall=60s
RequestProject.BipAny.Peeling VIGIA-FIN-OK exit=0 pico_kb=1892720 t=57s wall=58s
RequestProject.Lifts.Algebra VIGIA-FIN-OK exit=0 pico_kb=1919664 t=57s wall=57s
RequestProject.Lifts.Patterns VIGIA-FIN-OK exit=0 pico_kb=1837936 t=64s wall=64s
RequestProject.Lifts.Lift VIGIA-FIN-OK exit=0 pico_kb=1877200 t=59s wall=60s
RequestProject.Lifts.Main VIGIA-FIN-OK exit=0 pico_kb=1790912 t=64s wall=64s
RequestProject.BipP3.Algebra VIGIA-FIN-OK exit=0 pico_kb=1899408 t=58s wall=59s
RequestProject.BipP3.Patterns VIGIA-FIN-OK exit=0 pico_kb=1822288 t=70s wall=70s
RequestProject.BipP3.Main VIGIA-FIN-OK exit=0 pico_kb=1806720 t=74s wall=74s
RequestProject.BipAny.Lifts VIGIA-FIN-OK exit=0 pico_kb=1859488 t=64s wall=65s
RequestProject.BipInd.Swap VIGIA-FIN-OK exit=0 pico_kb=1971600 t=58s wall=59s
RequestProject.BipAny.Swap VIGIA-FIN-OK exit=0 pico_kb=1852368 t=58s wall=58s
RequestProject.BipInd.Main VIGIA-FIN-OK exit=0 pico_kb=1929376 t=62s wall=63s
RequestProject.BipAny.Main VIGIA-FIN-OK exit=0 pico_kb=1828688 t=70s wall=70s
RequestProject.Chain.Checks VIGIA-FIN-OK exit=0 pico_kb=1839264 t=62s wall=63s
RequestProject.ColSplit.Basic VIGIA-FIN-OK exit=0 pico_kb=1888784 t=55s wall=55s
RequestProject.ColSplit.Main VIGIA-FIN-OK exit=0 pico_kb=1881648 t=62s wall=63s
RequestProject.ColSurv.Defs VIGIA-FIN-OK exit=0 pico_kb=1862208 t=68s wall=69s
RequestProject.ColUpper.Defs VIGIA-FIN-OK exit=0 pico_kb=1842736 t=65s wall=66s
RequestProject.ColUpper.Basis VIGIA-FIN-OK exit=0 pico_kb=1897408 t=62s wall=62s
RequestProject.EveryField.Rank VIGIA-FIN-OK exit=0 pico_kb=1893264 t=64s wall=64s
RequestProject.ColUpper.Integral VIGIA-FIN-OK exit=0 pico_kb=1886144 t=63s wall=63s
RequestProject.ColAssembly.BasisZ VIGIA-FIN-OK exit=0 pico_kb=1947424 t=66s wall=67s
RequestProject.ColAssembly.Extension VIGIA-FIN-OK exit=0 pico_kb=1801632 t=61s wall=62s
RequestProject.ColComp.Defs VIGIA-FIN-OK exit=0 pico_kb=1938016 t=66s wall=66s
RequestProject.ColComp.PerfMatch VIGIA-FIN-OK exit=0 pico_kb=1898336 t=64s wall=64s
RequestProject.ColComp.Product VIGIA-FIN-OK exit=0 pico_kb=1891696 t=58s wall=59s
RequestProject.ColComp.Main VIGIA-FIN-OK exit=0 pico_kb=1808816 t=62s wall=62s
RequestProject.ColPairs.Match VIGIA-FIN-OK exit=0 pico_kb=1849216 t=57s wall=58s
RequestProject.ColSurv.Main VIGIA-FIN-OK exit=0 pico_kb=1941568 t=61s wall=62s
RequestProject.ColTensor.Tensor VIGIA-FIN-OK exit=0 pico_kb=1921952 t=60s wall=60s
RequestProject.ColTensor.Box VIGIA-FIN-OK exit=0 pico_kb=1831328 t=68s wall=68s
RequestProject.ColTensor.Blocks VIGIA-FIN-OK exit=0 pico_kb=1929776 t=60s wall=61s
RequestProject.ColDecomp.Defs VIGIA-FIN-OK exit=0 pico_kb=1770816 t=66s wall=67s
RequestProject.ColDecomp.Pairs VIGIA-FIN-OK exit=0 pico_kb=1816512 t=61s wall=61s
RequestProject.ColDecomp.Gens VIGIA-FIN-OK exit=0 pico_kb=1809648 t=73s wall=74s
RequestProject.ColDecomp.Main VIGIA-FIN-OK exit=0 pico_kb=1820224 t=63s wall=63s
RequestProject.ColPairs.Coord VIGIA-FIN-OK exit=0 pico_kb=1877040 t=68s wall=69s
RequestProject.ColPairs.Ring VIGIA-FIN-OK exit=0 pico_kb=2001888 t=78s wall=79s
RequestProject.ColPairs.Ideal VIGIA-FIN-OK exit=0 pico_kb=2057072 t=59s wall=59s
RequestProject.ColPairs.Main VIGIA-FIN-OK exit=0 pico_kb=2127504 t=45s wall=45s
RequestProject.Fibres.Lemmas VIGIA-FIN-OK exit=0 pico_kb=2125072 t=47s wall=48s
RequestProject.Fibres.Main VIGIA-FIN-OK exit=0 pico_kb=2073072 t=58s wall=59s
RequestProject.Induction.Steps VIGIA-FIN-OK exit=0 pico_kb=2020720 t=51s wall=51s
RequestProject.Induction.Main VIGIA-FIN-OK exit=0 pico_kb=1942976 t=58s wall=59s
RequestProject.TheoremB.Defs VIGIA-FIN-OK exit=0 pico_kb=2132240 t=48s wall=49s
RequestProject.TheoremB.Root VIGIA-FIN-OK exit=0 pico_kb=1942144 t=51s wall=51s
RequestProject.TheoremB.Count VIGIA-FIN-OK exit=0 pico_kb=2062592 t=56s wall=57s
RequestProject.TheoremB.Closed VIGIA-FIN-OK exit=0 pico_kb=1960848 t=67s wall=68s
RequestProject.TheoremB.Matchings VIGIA-FIN-OK exit=0 pico_kb=2156656 t=41s wall=42s
RequestProject.TheoremB.Main VIGIA-FIN-OK exit=0 pico_kb=2002512 t=46s wall=46s
RequestProject.ColOne.Coord VIGIA-FIN-OK exit=0 pico_kb=2062096 t=49s wall=50s
RequestProject.ColCount.Defs VIGIA-FIN-OK exit=0 pico_kb=2107184 t=52s wall=52s
RequestProject.ColCount.Colours VIGIA-FIN-OK exit=0 pico_kb=1930112 t=59s wall=59s
RequestProject.ColCount.Blocks VIGIA-FIN-OK exit=0 pico_kb=2145472 t=51s wall=52s
RequestProject.ColCount.Main VIGIA-FIN-OK exit=0 pico_kb=2106416 t=45s wall=45s
RequestProject.ColOne.Sum VIGIA-FIN-OK exit=0 pico_kb=1998192 t=54s wall=55s
RequestProject.ColOne.Gen VIGIA-FIN-OK exit=0 pico_kb=2002640 t=55s wall=55s
RequestProject.ColOne.Transport VIGIA-FIN-OK exit=0 pico_kb=2158560 t=42s wall=42s
RequestProject.ColOne.Empty VIGIA-FIN-OK exit=0 pico_kb=1934336 t=52s wall=53s
RequestProject.ColOne.Main VIGIA-FIN-OK exit=0 pico_kb=1993872 t=52s wall=52s
RequestProject.ColUpper.Count VIGIA-FIN-OK exit=0 pico_kb=1990272 t=54s wall=54s
RequestProject.ColUpper.Matching VIGIA-FIN-OK exit=0 pico_kb=2102656 t=49s wall=50s
RequestProject.ColUpper.Points VIGIA-FIN-OK exit=0 pico_kb=1975536 t=51s wall=51s
RequestProject.ColUpper.Main VIGIA-FIN-OK exit=0 pico_kb=1968960 t=58s wall=59s
RequestProject.ColAssembly.Prop69 VIGIA-FIN-OK exit=0 pico_kb=2097280 t=53s wall=53s
RequestProject.ColAssembly.EveryField VIGIA-FIN-OK exit=0 pico_kb=2009504 t=54s wall=55s
RequestProject.FreeZ.Lemma VIGIA-FIN-OK exit=0 pico_kb=2184736 t=41s wall=41s
RequestProject.ColAssembly.Main VIGIA-FIN-OK exit=0 pico_kb=2105120 t=47s wall=48s
RequestProject.Degeneration.Defs VIGIA-FIN-OK exit=0 pico_kb=2128064 t=48s wall=48s
RequestProject.Degeneration.Lemma VIGIA-FIN-OK exit=0 pico_kb=1977776 t=53s wall=54s
RequestProject.Degeneration.Main VIGIA-FIN-OK exit=0 pico_kb=2075920 t=50s wall=51s
RequestProject.EvenCount.Defs VIGIA-FIN-OK exit=0 pico_kb=2113840 t=64s wall=64s
RequestProject.EvenCount.Number VIGIA-FIN-OK exit=0 pico_kb=1808704 t=66s wall=66s
RequestProject.EvenCount.Closed VIGIA-FIN-OK exit=0 pico_kb=1876640 t=62s wall=63s
RequestProject.EvenCount.Points VIGIA-FIN-OK exit=0 pico_kb=1913760 t=62s wall=62s
RequestProject.EvenCount.Main VIGIA-FIN-OK exit=0 pico_kb=1816144 t=64s wall=65s
RequestProject.EvenAssembly.EveryField VIGIA-FIN-OK exit=0 pico_kb=1825888 t=70s wall=70s
RequestProject.EvenAssembly.Main VIGIA-FIN-OK exit=0 pico_kb=1807984 t=66s wall=67s
RequestProject.EvenBlocks.Part0 VIGIA-FIN-OK exit=0 pico_kb=1887568 t=64s wall=64s
RequestProject.EvenBlocks.SelfInv VIGIA-FIN-OK exit=0 pico_kb=1765472 t=65s wall=66s
RequestProject.EvenBlocks.Product VIGIA-FIN-OK exit=0 pico_kb=1855392 t=58s wall=58s
RequestProject.EvenColours.Defs VIGIA-FIN-OK exit=0 pico_kb=2071040 t=49s wall=50s
RequestProject.EvenColours.Points VIGIA-FIN-OK exit=0 pico_kb=1985104 t=55s wall=56s
RequestProject.EvenColours.Colours VIGIA-FIN-OK exit=0 pico_kb=1871968 t=58s wall=58s
RequestProject.EvenColours.Blocks VIGIA-FIN-OK exit=0 pico_kb=1913136 t=59s wall=60s
RequestProject.EvenColours.BlockCounts VIGIA-FIN-OK exit=0 pico_kb=1867088 t=61s wall=61s
RequestProject.EvenColours.Closed VIGIA-FIN-OK exit=0 pico_kb=1920528 t=58s wall=59s
RequestProject.EvenColours.Main VIGIA-FIN-OK exit=0 pico_kb=1860016 t=63s wall=64s
RequestProject.EvenBlocks.Blocks VIGIA-FIN-OK exit=0 pico_kb=2023168 t=53s wall=54s
RequestProject.EvenBlocks.Setting VIGIA-FIN-OK exit=0 pico_kb=1867616 t=59s wall=60s
RequestProject.EvenBlocks.Main VIGIA-FIN-OK exit=0 pico_kb=1972432 t=63s wall=63s
RequestProject.EvenMinus.MinusCoord VIGIA-FIN-OK exit=0 pico_kb=1933872 t=65s wall=65s
RequestProject.EvenMinus.MinusGen VIGIA-FIN-OK exit=0 pico_kb=2007840 t=58s wall=58s
RequestProject.EvenMinus.OneBlock VIGIA-FIN-OK exit=0 pico_kb=1995136 t=53s wall=54s
RequestProject.EvenMinus.PairRing VIGIA-FIN-OK exit=0 pico_kb=1941440 t=64s wall=65s
RequestProject.EvenMinus.PairIdeal VIGIA-FIN-OK exit=0 pico_kb=2029056 t=54s wall=54s
RequestProject.Pfaffian.Basic VIGIA-FIN-OK exit=0 pico_kb=2090352 t=50s wall=51s
RequestProject.Pfaffian.Perm VIGIA-FIN-OK exit=0 pico_kb=1961344 t=60s wall=60s
RequestProject.Pfaffian.Expand VIGIA-FIN-OK exit=0 pico_kb=1943600 t=49s wall=49s
RequestProject.Pfaffian.Bordered VIGIA-FIN-OK exit=0 pico_kb=2032272 t=49s wall=50s
RequestProject.Pfaffian.ExpandVar VIGIA-FIN-OK exit=0 pico_kb=1902288 t=58s wall=58s
RequestProject.Pfaffian.Laplace VIGIA-FIN-OK exit=0 pico_kb=1987632 t=52s wall=53s
RequestProject.Pfaffian.Matching VIGIA-FIN-OK exit=0 pico_kb=2009840 t=47s wall=47s
RequestProject.OddShapes.Identities VIGIA-FIN-OK exit=0 pico_kb=1947280 t=54s wall=55s
RequestProject.Pfaffian.OddBox VIGIA-FIN-OK exit=0 pico_kb=1987728 t=71s wall=72s
RequestProject.Pfaffian.Main VIGIA-FIN-OK exit=0 pico_kb=1955920 t=49s wall=49s
RequestProject.RankTwo.OddDefs VIGIA-FIN-OK exit=0 pico_kb=2070352 t=48s wall=49s
RequestProject.Membership.Box VIGIA-FIN-OK exit=0 pico_kb=2031024 t=45s wall=45s
RequestProject.Membership.Vand VIGIA-FIN-OK exit=0 pico_kb=2088736 t=50s wall=50s
RequestProject.Odd3.Defs VIGIA-FIN-OK exit=0 pico_kb=1947648 t=53s wall=54s
RequestProject.Membership.Defs VIGIA-FIN-OK exit=0 pico_kb=1960128 t=54s wall=55s
RequestProject.RankTwo.Homog VIGIA-FIN-OK exit=0 pico_kb=1969296 t=59s wall=60s
RequestProject.RankTwo.Key VIGIA-FIN-OK exit=0 pico_kb=1959696 t=56s wall=57s
RequestProject.RankTwo.TopCoeff VIGIA-FIN-OK exit=0 pico_kb=1996448 t=53s wall=53s
RequestProject.RankTwo.Shift VIGIA-FIN-OK exit=0 pico_kb=2034208 t=52s wall=52s
RequestProject.RankTwo.Update VIGIA-FIN-OK exit=0 pico_kb=2077584 t=57s wall=58s
RequestProject.RankTwo.OddBox VIGIA-FIN-OK exit=0 pico_kb=1973664 t=58s wall=58s
RequestProject.RankTwo.Main VIGIA-FIN-OK exit=0 pico_kb=2039008 t=50s wall=51s
RequestProject.Membership.Theorem VIGIA-FIN-OK exit=0 pico_kb=1936032 t=55s wall=55s
RequestProject.Membership.Main VIGIA-FIN-OK exit=0 pico_kb=2073008 t=45s wall=46s
RequestProject.OddPatterns.MarkedPf VIGIA-FIN-OK exit=0 pico_kb=1731360 t=66s wall=66s
RequestProject.OddShapes.Defs VIGIA-FIN-OK exit=0 pico_kb=1787680 t=67s wall=68s
RequestProject.OddShapes.Lemmas VIGIA-FIN-OK exit=0 pico_kb=1776384 t=66s wall=66s
RequestProject.OddShapes.Shapes VIGIA-FIN-OK exit=0 pico_kb=1755600 t=65s wall=66s
RequestProject.OddShapes.Interlaced VIGIA-FIN-OK exit=0 pico_kb=1920688 t=59s wall=59s
RequestProject.OddShapes.Main VIGIA-FIN-OK exit=0 pico_kb=1887824 t=52s wall=53s
RequestProject.OddPatterns.Defs VIGIA-FIN-OK exit=0 pico_kb=1776416 t=61s wall=62s
RequestProject.OddPatterns.LemmaB VIGIA-FIN-OK exit=0 pico_kb=1836528 t=57s wall=58s
RequestProject.OddPatterns.Examples VIGIA-FIN-OK exit=0 pico_kb=1812928 t=61s wall=61s
RequestProject.OddPatterns.LemmaD VIGIA-FIN-OK exit=0 pico_kb=1820448 t=57s wall=58s
RequestProject.OddPatterns.Relabel VIGIA-FIN-OK exit=0 pico_kb=1906208 t=58s wall=58s
RequestProject.OddPatterns.Main VIGIA-FIN-OK exit=0 pico_kb=1885136 t=59s wall=60s
RequestProject.OddLifts.LemmaP VIGIA-FIN-OK exit=0 pico_kb=1835648 t=59s wall=59s
RequestProject.OddLifts.Aux VIGIA-FIN-OK exit=0 pico_kb=1899472 t=55s wall=56s
RequestProject.OddLifts.Marked VIGIA-FIN-OK exit=0 pico_kb=1875472 t=62s wall=63s
RequestProject.OddLifts.Main VIGIA-FIN-OK exit=0 pico_kb=1848832 t=63s wall=63s
RequestProject.OddLifts2.LemmaQ VIGIA-FIN-OK exit=0 pico_kb=1916672 t=58s wall=59s
RequestProject.OddLifts2.LemmaQp VIGIA-FIN-OK exit=0 pico_kb=1918176 t=65s wall=66s
RequestProject.OddLifts2.Patterns VIGIA-FIN-OK exit=0 pico_kb=1815296 t=59s wall=59s
RequestProject.OddLifts2.Border VIGIA-FIN-OK exit=0 pico_kb=1823744 t=58s wall=59s
RequestProject.OddLifts2.Main VIGIA-FIN-OK exit=0 pico_kb=1867744 t=61s wall=62s
RequestProject.OddLayers.Defs VIGIA-FIN-OK exit=0 pico_kb=1861760 t=54s wall=54s
RequestProject.OddLayers.Rows VIGIA-FIN-OK exit=0 pico_kb=1835088 t=62s wall=63s
RequestProject.OddLayers.Exchange VIGIA-FIN-OK exit=0 pico_kb=1775136 t=81s wall=81s
RequestProject.OddLayers.Layers VIGIA-FIN-OK exit=0 pico_kb=2011232 t=53s wall=54s
RequestProject.OddLayers.Roots VIGIA-FIN-OK exit=0 pico_kb=1934928 t=54s wall=55s
RequestProject.OddLayers.Main VIGIA-FIN-OK exit=0 pico_kb=1766208 t=56s wall=56s
RequestProject.OddTheorem.LemmaK VIGIA-FIN-OK exit=0 pico_kb=1785840 t=60s wall=61s
RequestProject.OddTheorem.Prop810 VIGIA-FIN-OK exit=0 pico_kb=1809136 t=59s wall=59s
RequestProject.OddTheorem.Theorem811 VIGIA-FIN-OK exit=0 pico_kb=1919456 t=58s wall=59s
RequestProject.OddTheorem.TheoremO VIGIA-FIN-OK exit=0 pico_kb=1950752 t=56s wall=57s
RequestProject.OddTheorem.Main VIGIA-FIN-OK exit=0 pico_kb=1817504 t=54s wall=55s
RequestProject.EvenMinus.MinusMain VIGIA-FIN-OK exit=0 pico_kb=1820656 t=61s wall=61s
RequestProject.EvenMinus.Main VIGIA-FIN-OK exit=0 pico_kb=1895056 t=53s wall=53s
RequestProject.EvenOne.Theta VIGIA-FIN-OK exit=0 pico_kb=1835456 t=65s wall=66s
RequestProject.Odd3.Pairs VIGIA-FIN-OK exit=0 pico_kb=1904016 t=55s wall=55s
RequestProject.Odd3.Slice VIGIA-FIN-OK exit=0 pico_kb=1954048 t=56s wall=56s
RequestProject.Odd3.Cases VIGIA-FIN-OK exit=0 pico_kb=1825040 t=65s wall=66s
RequestProject.Odd3.Count VIGIA-FIN-OK exit=0 pico_kb=1913712 t=57s wall=58s
RequestProject.Odd3.Main VIGIA-FIN-OK exit=0 pico_kb=1998128 t=62s wall=62s
RequestProject.Pow2.Lowest VIGIA-FIN-OK exit=0 pico_kb=2026496 t=62s wall=62s
RequestProject.Pow2.Basic VIGIA-FIN-OK exit=0 pico_kb=1923616 t=62s wall=63s
RequestProject.Pow2.Theta VIGIA-FIN-OK exit=0 pico_kb=2069072 t=66s wall=67s
RequestProject.Pow2.Main VIGIA-FIN-OK exit=0 pico_kb=2087984 t=60s wall=60s
RequestProject.EvenOne.Phi VIGIA-FIN-OK exit=0 pico_kb=2047840 t=53s wall=54s
RequestProject.EvenOne.CaseIn VIGIA-FIN-OK exit=0 pico_kb=2060720 t=58s wall=58s
RequestProject.EvenOne.CaseOut VIGIA-FIN-OK exit=0 pico_kb=2224512 t=52s wall=52s
RequestProject.EvenOne.Checks VIGIA-FIN-OK exit=0 pico_kb=2242560 t=51s wall=52s
RequestProject.EvenOne.Main VIGIA-FIN-OK exit=0 pico_kb=2339104 t=36s wall=36s
RequestProject.EvenAll.PartA VIGIA-FIN-OK exit=0 pico_kb=2325184 t=33s wall=33s
RequestProject.EvenAll.PartBC VIGIA-FIN-OK exit=0 pico_kb=2310992 t=39s wall=40s
RequestProject.EvenAll.PartD VIGIA-FIN-OK exit=0 pico_kb=2381152 t=35s wall=35s
RequestProject.EvenAll.PartE VIGIA-FIN-OK exit=0 pico_kb=2273056 t=42s wall=42s
RequestProject.EvenAssembly.Quartic VIGIA-FIN-OK exit=0 pico_kb=2380336 t=32s wall=32s
RequestProject.Support.Defs VIGIA-FIN-OK exit=0 pico_kb=2315584 t=33s wall=34s
RequestProject.EveryField.Integral VIGIA-FIN-OK exit=0 pico_kb=2362944 t=41s wall=41s
RequestProject.EveryField.Invariance VIGIA-FIN-OK exit=0 pico_kb=2316688 t=31s wall=32s
RequestProject.Support.Evaluation VIGIA-FIN-OK exit=0 pico_kb=2291152 t=34s wall=35s
RequestProject.Support.SupportLemma VIGIA-FIN-OK exit=0 pico_kb=2311664 t=33s wall=33s
RequestProject.Support.Main VIGIA-FIN-OK exit=0 pico_kb=2316272 t=37s wall=38s
RequestProject.EveryField.Main VIGIA-FIN-OK exit=0 pico_kb=2462976 t=29s wall=30s
RequestProject.FreeZ.Defs VIGIA-FIN-OK exit=0 pico_kb=2302016 t=33s wall=33s
RequestProject.FreeZ.Main VIGIA-FIN-OK exit=0 pico_kb=2252704 t=47s wall=48s
RequestProject.Main VIGIA-FIN-OK exit=0 pico_kb=2011968 t=52s wall=53s
RequestProject.Monotone.Checks VIGIA-FIN-OK exit=0 pico_kb=2173872 t=44s wall=44s
RequestProject.OddEquality.IntegralGen VIGIA-FIN-OK exit=0 pico_kb=2262256 t=40s wall=40s
RequestProject.OddEquality.Defs VIGIA-FIN-OK exit=0 pico_kb=2155504 t=38s wall=38s
RequestProject.OddEquality.PartC VIGIA-FIN-OK exit=0 pico_kb=1934912 t=69s wall=70s
RequestProject.OddEquality.PartB VIGIA-FIN-OK exit=0 pico_kb=2167360 t=71s wall=72s
RequestProject.OddEquality.PartA VIGIA-FIN-OK exit=0 pico_kb=2181040 t=59s wall=59s
RequestProject.OddEquality.PartD VIGIA-FIN-OK exit=0 pico_kb=2034608 t=63s wall=64s
RequestProject.OddEquality.PartC3 VIGIA-FIN-OK exit=0 pico_kb=2148736 t=63s wall=63s
RequestProject.TheoremB.Checks VIGIA-FIN-OK exit=0 pico_kb=2029344 t=57s wall=57s
RequestProject.Upper.Defs VIGIA-FIN-OK exit=0 pico_kb=2140288 t=51s wall=52s
RequestProject.Upper.Count VIGIA-FIN-OK exit=0 pico_kb=2185088 t=56s wall=57s
RequestProject.Upper.Top VIGIA-FIN-OK exit=0 pico_kb=2010368 t=62s wall=62s
RequestProject.Upper.Main VIGIA-FIN-OK exit=0 pico_kb=2032320 t=57s wall=58s
SKIPPED RequestProject.EvenAll.Checks
SKIPPED RequestProject.EvenAll.Main
SKIPPED RequestProject.OddEquality.Checks
SKIPPED RequestProject.OddEquality.Main
END 2026-10-03 21:00:12 modules=229 fails=0
FIN-OK
