project decls in cone: 4412; modules: 180
RequestProject.Ballot.Defs 1
RequestProject.Bip.Counts 60
RequestProject.Bip.Defs 51
RequestProject.Bip.Main 4
RequestProject.Bip.Peeling 17
RequestProject.Bip.Roots 28
RequestProject.BipAny.Binomial 5
RequestProject.BipAny.Layers 14
RequestProject.BipAny.Lifts 22
RequestProject.BipAny.Main 12
RequestProject.BipAny.Peeling 16
RequestProject.BipAny.Swap 5
RequestProject.BipInd.Main 13
RequestProject.BipInd.Swap 43
RequestProject.BipOpt.Defs 9
RequestProject.BipOpt.Fibres 92
RequestProject.BipOpt.Main 3
RequestProject.BipOpt.Options 66
RequestProject.BipP2.Cases 47
RequestProject.BipP2.Main 11
RequestProject.BipP3.Algebra 36
RequestProject.BipP3.Main 37
RequestProject.BipP3.Patterns 66
RequestProject.Chain.Defs 35
RequestProject.Chain.Lemmas 76
RequestProject.Chain.Main 62
RequestProject.ColAssembly.BasisZ 23
RequestProject.ColAssembly.EveryField 6
RequestProject.ColAssembly.Extension 4
RequestProject.ColAssembly.Main 12
RequestProject.ColAssembly.Prop69 10
RequestProject.ColComp.Defs 15
RequestProject.ColComp.Main 10
RequestProject.ColComp.PerfMatch 27
RequestProject.ColComp.Product 29
RequestProject.ColCount.Blocks 27
RequestProject.ColCount.Colours 13
RequestProject.ColCount.Defs 30
RequestProject.ColCount.Main 7
RequestProject.ColDecomp.Defs 24
RequestProject.ColDecomp.Gens 16
RequestProject.ColDecomp.Main 17
RequestProject.ColDecomp.Pairs 2
RequestProject.ColOne.Coord 38
RequestProject.ColOne.Empty 47
RequestProject.ColOne.Gen 18
RequestProject.ColOne.Main 25
RequestProject.ColOne.Sum 38
RequestProject.ColOne.Transport 16
RequestProject.ColPairs.Coord 25
RequestProject.ColPairs.Ideal 31
RequestProject.ColPairs.Main 11
RequestProject.ColPairs.Match 3
RequestProject.ColPairs.Ring 34
RequestProject.ColSplit.Basic 28
RequestProject.ColSplit.Main 18
RequestProject.ColSurv.Defs 34
RequestProject.ColSurv.Main 16
RequestProject.ColTensor.Blocks 17
RequestProject.ColTensor.Box 39
RequestProject.ColTensor.Tensor 9
RequestProject.ColUpper.Basis 22
RequestProject.ColUpper.Count 22
RequestProject.ColUpper.Defs 5
RequestProject.ColUpper.Integral 16
RequestProject.ColUpper.Main 6
RequestProject.ColUpper.Matching 17
RequestProject.ColUpper.Points 37
RequestProject.Degeneration.Main 6
RequestProject.EvenAll.PartA 7
RequestProject.EvenAll.PartBC 5
RequestProject.EvenAssembly.EveryField 11
RequestProject.EvenAssembly.Main 9
RequestProject.EvenBlocks.Blocks 9
RequestProject.EvenBlocks.Main 11
RequestProject.EvenBlocks.Part0 2
RequestProject.EvenBlocks.Product 31
RequestProject.EvenBlocks.SelfInv 23
RequestProject.EvenBlocks.Setting 8
RequestProject.EvenColours.BlockCounts 12
RequestProject.EvenColours.Blocks 11
RequestProject.EvenColours.Closed 29
RequestProject.EvenColours.Colours 12
RequestProject.EvenColours.Defs 33
RequestProject.EvenColours.Main 14
RequestProject.EvenColours.Points 31
RequestProject.EvenCount.Closed 40
RequestProject.EvenCount.Defs 10
RequestProject.EvenCount.Main 6
RequestProject.EvenCount.Points 21
RequestProject.EvenMinus.MinusCoord 21
RequestProject.EvenMinus.MinusGen 27
RequestProject.EvenMinus.MinusMain 32
RequestProject.EvenMinus.OneBlock 3
RequestProject.EvenMinus.PairIdeal 11
RequestProject.EvenMinus.PairRing 13
RequestProject.EvenOne.CaseIn 23
RequestProject.EvenOne.CaseOut 15
RequestProject.EvenOne.Main 10
RequestProject.EvenOne.Phi 22
RequestProject.EvenOne.Theta 33
RequestProject.EveryField.Rank 11
RequestProject.Fibres.Defs 14
RequestProject.Fibres.Lemmas 91
RequestProject.Fibres.Main 6
RequestProject.FreeZ.Lemma 4
RequestProject.Induction.Main 8
RequestProject.Induction.Steps 10
RequestProject.Lifts.Algebra 16
RequestProject.Lifts.Defs 3
RequestProject.Lifts.Lift 15
RequestProject.Lifts.Main 28
RequestProject.Lifts.Options 65
RequestProject.Lifts.Patterns 50
RequestProject.Membership.Box 3
RequestProject.Membership.Defs 30
RequestProject.Membership.Theorem 9
RequestProject.Membership.Vand 10
RequestProject.Monotone.Defs 1
RequestProject.Monotone.Lemmas 118
RequestProject.Monotone.Main 10
RequestProject.Odd3.Defs 2
RequestProject.OddLayers.Defs 1
RequestProject.OddLayers.Exchange 183
RequestProject.OddLayers.Layers 15
RequestProject.OddLayers.Roots 49
RequestProject.OddLayers.Rows 55
RequestProject.OddLifts.Aux 8
RequestProject.OddLifts.LemmaP 32
RequestProject.OddLifts.Main 44
RequestProject.OddLifts.Marked 45
RequestProject.OddLifts2.Border 9
RequestProject.OddLifts2.LemmaQ 31
RequestProject.OddLifts2.LemmaQp 15
RequestProject.OddLifts2.Main 54
RequestProject.OddLifts2.Patterns 20
RequestProject.OddPatterns.Defs 19
RequestProject.OddPatterns.LemmaB 4
RequestProject.OddPatterns.LemmaD 4
RequestProject.OddPatterns.MarkedPf 10
RequestProject.OddShapes.Defs 19
RequestProject.OddShapes.Identities 12
RequestProject.OddShapes.Interlaced 60
RequestProject.OddShapes.Lemmas 61
RequestProject.OddShapes.Shapes 37
RequestProject.OddTheorem.LemmaK 41
RequestProject.OddTheorem.Prop810 30
RequestProject.OddTheorem.Theorem811 12
RequestProject.OddTheorem.TheoremO 10
RequestProject.Peel.Defs 48
RequestProject.Peel.Expand 8
RequestProject.Peel.Main 40
RequestProject.Pfaffian.Basic 12
RequestProject.Pfaffian.Bordered 39
RequestProject.Pfaffian.Expand 16
RequestProject.Pfaffian.ExpandVar 22
RequestProject.Pfaffian.Laplace 47
RequestProject.Pfaffian.Matching 49
RequestProject.Pfaffian.OddBox 15
RequestProject.Pfaffian.Perm 30
RequestProject.Pow2.Basic 16
RequestProject.Pow2.Lowest 35
RequestProject.Pow2.Main 30
RequestProject.Pow2.Theta 36
RequestProject.RankTwo.Homog 6
RequestProject.RankTwo.Key 18
RequestProject.RankTwo.OddBox 22
RequestProject.RankTwo.OddDefs 50
RequestProject.RankTwo.Shift 10
RequestProject.RankTwo.TopCoeff 13
RequestProject.RankTwo.Update 15
RequestProject.TheoremB.Closed 27
RequestProject.TheoremB.Count 23
RequestProject.TheoremB.Defs 18
RequestProject.TheoremB.Main 8
RequestProject.TheoremB.Matchings 75
RequestProject.TheoremB.Root 24
RequestProject.Tight.Defs 20
RequestProject.Tight.Lemmas 23
RequestProject.Tight.Main 7
project decls in cone: 2425; modules: 97
RequestProject.Ballot.Defs 1
RequestProject.Bip.Defs 3
RequestProject.Bip.Roots 1
RequestProject.Chain.Defs 34
RequestProject.Chain.Lemmas 76
RequestProject.Chain.Main 53
RequestProject.ColComp.PerfMatch 1
RequestProject.ColOne.Empty 38
RequestProject.ColOne.Main 2
RequestProject.ColOne.Sum 3
RequestProject.ColUpper.Matching 10
RequestProject.Degeneration.Defs 3
RequestProject.Degeneration.Lemma 37
RequestProject.Degeneration.Main 8
RequestProject.EvenCount.Closed 40
RequestProject.EvenCount.Defs 10
RequestProject.EvenMinus.MinusMain 2
RequestProject.EveryField.Integral 31
RequestProject.EveryField.Rank 10
RequestProject.Fibres.Defs 13
RequestProject.Fibres.Lemmas 91
RequestProject.Fibres.Main 3
RequestProject.Induction.Steps 4
RequestProject.Lifts.Algebra 16
RequestProject.Lifts.Defs 2
RequestProject.Lifts.Lift 15
RequestProject.Lifts.Main 13
RequestProject.Lifts.Options 41
RequestProject.Lifts.Patterns 50
RequestProject.Membership.Box 3
RequestProject.Membership.Defs 30
RequestProject.Membership.Theorem 9
RequestProject.Membership.Vand 10
RequestProject.Monotone.Defs 1
RequestProject.Monotone.Lemmas 118
RequestProject.Monotone.Main 10
RequestProject.Odd3.Defs 2
RequestProject.OddEquality.Defs 3
RequestProject.OddEquality.PartA 25
RequestProject.OddEquality.PartB 34
RequestProject.OddEquality.PartC 55
RequestProject.OddEquality.PartD 8
RequestProject.OddLayers.Defs 1
RequestProject.OddLayers.Exchange 183
RequestProject.OddLayers.Layers 15
RequestProject.OddLayers.Roots 49
RequestProject.OddLayers.Rows 55
RequestProject.OddLifts.Aux 8
RequestProject.OddLifts.LemmaP 32
RequestProject.OddLifts.Main 44
RequestProject.OddLifts.Marked 45
RequestProject.OddLifts2.Border 9
RequestProject.OddLifts2.LemmaQ 31
RequestProject.OddLifts2.LemmaQp 15
RequestProject.OddLifts2.Main 54
RequestProject.OddLifts2.Patterns 20
RequestProject.OddPatterns.Defs 19
RequestProject.OddPatterns.LemmaB 4
RequestProject.OddPatterns.LemmaD 4
RequestProject.OddPatterns.MarkedPf 10
RequestProject.OddShapes.Defs 19
RequestProject.OddShapes.Identities 15
RequestProject.OddShapes.Interlaced 60
RequestProject.OddShapes.Lemmas 61
RequestProject.OddShapes.Shapes 37
RequestProject.OddTheorem.LemmaK 41
RequestProject.OddTheorem.Prop810 30
RequestProject.OddTheorem.Theorem811 12
RequestProject.OddTheorem.TheoremO 10
RequestProject.Peel.Defs 49
RequestProject.Peel.Expand 8
RequestProject.Peel.Main 40
RequestProject.Pfaffian.Basic 12
RequestProject.Pfaffian.Bordered 39
RequestProject.Pfaffian.Expand 16
RequestProject.Pfaffian.ExpandVar 22
RequestProject.Pfaffian.Laplace 47
RequestProject.Pfaffian.Matching 49
RequestProject.Pfaffian.OddBox 15
RequestProject.Pfaffian.Perm 30
RequestProject.RankTwo.Homog 6
RequestProject.RankTwo.Key 18
RequestProject.RankTwo.OddBox 22
RequestProject.RankTwo.OddDefs 50
RequestProject.RankTwo.Shift 10
RequestProject.RankTwo.TopCoeff 13
RequestProject.RankTwo.Update 15
RequestProject.Support.Defs 5
RequestProject.TheoremB.Closed 16
RequestProject.TheoremB.Count 1
RequestProject.TheoremB.Defs 14
RequestProject.TheoremB.Main 1
RequestProject.TheoremB.Matchings 75
RequestProject.TheoremB.Root 1
RequestProject.Tight.Defs 20
RequestProject.Tight.Lemmas 22
RequestProject.Tight.Main 7
project decls in cone: 2470; modules: 101
RequestProject.Ballot.Defs 1
RequestProject.Bip.Defs 3
RequestProject.Bip.Roots 1
RequestProject.Chain.Defs 34
RequestProject.Chain.Lemmas 76
RequestProject.Chain.Main 53
RequestProject.ColComp.PerfMatch 1
RequestProject.ColOne.Empty 38
RequestProject.ColOne.Main 2
RequestProject.ColOne.Sum 3
RequestProject.ColUpper.Matching 10
RequestProject.Degeneration.Defs 3
RequestProject.Degeneration.Lemma 37
RequestProject.Degeneration.Main 8
RequestProject.EvenCount.Closed 40
RequestProject.EvenCount.Defs 10
RequestProject.EvenMinus.MinusMain 2
RequestProject.EveryField.Integral 31
RequestProject.EveryField.Rank 10
RequestProject.Fibres.Defs 13
RequestProject.Fibres.Lemmas 91
RequestProject.Fibres.Main 3
RequestProject.FreeZ.Defs 18
RequestProject.FreeZ.Lemma 4
RequestProject.FreeZ.Main 4
RequestProject.Induction.Steps 4
RequestProject.Lifts.Algebra 16
RequestProject.Lifts.Defs 2
RequestProject.Lifts.Lift 15
RequestProject.Lifts.Main 13
RequestProject.Lifts.Options 41
RequestProject.Lifts.Patterns 50
RequestProject.Membership.Box 3
RequestProject.Membership.Defs 30
RequestProject.Membership.Theorem 9
RequestProject.Membership.Vand 10
RequestProject.Monotone.Defs 1
RequestProject.Monotone.Lemmas 118
RequestProject.Monotone.Main 10
RequestProject.Odd3.Defs 2
RequestProject.OddEquality.Defs 3
RequestProject.OddEquality.IntegralGen 14
RequestProject.OddEquality.PartA 25
RequestProject.OddEquality.PartB 34
RequestProject.OddEquality.PartC 55
RequestProject.OddEquality.PartD 13
RequestProject.OddLayers.Defs 1
RequestProject.OddLayers.Exchange 183
RequestProject.OddLayers.Layers 15
RequestProject.OddLayers.Roots 49
RequestProject.OddLayers.Rows 55
RequestProject.OddLifts.Aux 8
RequestProject.OddLifts.LemmaP 32
RequestProject.OddLifts.Main 44
RequestProject.OddLifts.Marked 45
RequestProject.OddLifts2.Border 9
RequestProject.OddLifts2.LemmaQ 31
RequestProject.OddLifts2.LemmaQp 15
RequestProject.OddLifts2.Main 54
RequestProject.OddLifts2.Patterns 20
RequestProject.OddPatterns.Defs 19
RequestProject.OddPatterns.LemmaB 4
RequestProject.OddPatterns.LemmaD 4
RequestProject.OddPatterns.MarkedPf 10
RequestProject.OddShapes.Defs 19
RequestProject.OddShapes.Identities 15
RequestProject.OddShapes.Interlaced 60
RequestProject.OddShapes.Lemmas 61
RequestProject.OddShapes.Shapes 37
RequestProject.OddTheorem.LemmaK 41
RequestProject.OddTheorem.Prop810 30
RequestProject.OddTheorem.Theorem811 12
RequestProject.OddTheorem.TheoremO 10
RequestProject.Peel.Defs 49
RequestProject.Peel.Expand 8
RequestProject.Peel.Main 40
RequestProject.Pfaffian.Basic 12
RequestProject.Pfaffian.Bordered 39
RequestProject.Pfaffian.Expand 16
RequestProject.Pfaffian.ExpandVar 22
RequestProject.Pfaffian.Laplace 47
RequestProject.Pfaffian.Matching 49
RequestProject.Pfaffian.OddBox 15
RequestProject.Pfaffian.Perm 30
RequestProject.RankTwo.Homog 6
RequestProject.RankTwo.Key 18
RequestProject.RankTwo.OddBox 22
RequestProject.RankTwo.OddDefs 50
RequestProject.RankTwo.Shift 10
RequestProject.RankTwo.TopCoeff 13
RequestProject.RankTwo.Update 15
RequestProject.Support.Defs 5
RequestProject.TheoremB.Closed 16
RequestProject.TheoremB.Count 1
RequestProject.TheoremB.Defs 14
RequestProject.TheoremB.Main 1
RequestProject.TheoremB.Matchings 75
RequestProject.TheoremB.Root 1
RequestProject.Tight.Defs 20
RequestProject.Tight.Lemmas 22
RequestProject.Tight.Main 7
project decls in cone: 4169; modules: 174
RequestProject.Ballot.Defs 1
RequestProject.Bip.Counts 60
RequestProject.Bip.Defs 51
RequestProject.Bip.Main 4
RequestProject.Bip.Peeling 1
RequestProject.Bip.Roots 28
RequestProject.BipAny.Binomial 5
RequestProject.BipAny.Layers 14
RequestProject.BipAny.Lifts 22
RequestProject.BipAny.Main 12
RequestProject.BipAny.Peeling 16
RequestProject.BipAny.Swap 5
RequestProject.BipInd.Main 4
RequestProject.BipInd.Swap 37
RequestProject.BipOpt.Defs 9
RequestProject.BipOpt.Fibres 92
RequestProject.BipOpt.Options 66
RequestProject.BipP2.Cases 47
RequestProject.BipP3.Algebra 36
RequestProject.BipP3.Main 15
RequestProject.BipP3.Patterns 66
RequestProject.Chain.Defs 35
RequestProject.Chain.Lemmas 76
RequestProject.Chain.Main 62
RequestProject.ColAssembly.BasisZ 23
RequestProject.ColAssembly.EveryField 1
RequestProject.ColAssembly.Extension 4
RequestProject.ColAssembly.Main 7
RequestProject.ColComp.Defs 5
RequestProject.ColComp.Main 6
RequestProject.ColComp.PerfMatch 27
RequestProject.ColComp.Product 3
RequestProject.ColCount.Blocks 4
RequestProject.ColCount.Defs 6
RequestProject.ColDecomp.Defs 24
RequestProject.ColDecomp.Gens 11
RequestProject.ColDecomp.Main 5
RequestProject.ColDecomp.Pairs 1
RequestProject.ColOne.Coord 38
RequestProject.ColOne.Empty 47
RequestProject.ColOne.Gen 18
RequestProject.ColOne.Main 25
RequestProject.ColOne.Sum 38
RequestProject.ColOne.Transport 16
RequestProject.ColPairs.Coord 25
RequestProject.ColPairs.Ideal 26
RequestProject.ColPairs.Match 3
RequestProject.ColPairs.Ring 23
RequestProject.ColSplit.Basic 28
RequestProject.ColSplit.Main 18
RequestProject.ColSurv.Defs 34
RequestProject.ColSurv.Main 16
RequestProject.ColTensor.Blocks 17
RequestProject.ColTensor.Box 39
RequestProject.ColTensor.Tensor 9
RequestProject.ColUpper.Basis 22
RequestProject.ColUpper.Count 22
RequestProject.ColUpper.Defs 5
RequestProject.ColUpper.Integral 16
RequestProject.ColUpper.Main 6
RequestProject.ColUpper.Matching 17
RequestProject.ColUpper.Points 37
RequestProject.Degeneration.Main 6
RequestProject.EvenAll.PartA 7
RequestProject.EvenAll.PartBC 1
RequestProject.EvenAssembly.EveryField 11
RequestProject.EvenAssembly.Main 9
RequestProject.EvenBlocks.Blocks 9
RequestProject.EvenBlocks.Main 11
RequestProject.EvenBlocks.Part0 2
RequestProject.EvenBlocks.Product 31
RequestProject.EvenBlocks.SelfInv 23
RequestProject.EvenBlocks.Setting 8
RequestProject.EvenColours.BlockCounts 12
RequestProject.EvenColours.Blocks 11
RequestProject.EvenColours.Closed 29
RequestProject.EvenColours.Colours 12
RequestProject.EvenColours.Defs 33
RequestProject.EvenColours.Main 14
RequestProject.EvenColours.Points 31
RequestProject.EvenCount.Closed 40
RequestProject.EvenCount.Defs 10
RequestProject.EvenCount.Main 6
RequestProject.EvenCount.Points 21
RequestProject.EvenMinus.MinusCoord 21
RequestProject.EvenMinus.MinusGen 27
RequestProject.EvenMinus.MinusMain 32
RequestProject.EvenMinus.OneBlock 3
RequestProject.EvenMinus.PairIdeal 11
RequestProject.EvenMinus.PairRing 13
RequestProject.EvenOne.CaseIn 23
RequestProject.EvenOne.CaseOut 15
RequestProject.EvenOne.Main 10
RequestProject.EvenOne.Phi 22
RequestProject.EvenOne.Theta 33
RequestProject.EveryField.Rank 11
RequestProject.Fibres.Defs 14
RequestProject.Fibres.Lemmas 91
RequestProject.Fibres.Main 6
RequestProject.FreeZ.Lemma 4
RequestProject.Induction.Main 8
RequestProject.Induction.Steps 10
RequestProject.Lifts.Algebra 16
RequestProject.Lifts.Defs 3
RequestProject.Lifts.Lift 15
RequestProject.Lifts.Main 28
RequestProject.Lifts.Options 65
RequestProject.Lifts.Patterns 50
RequestProject.Membership.Box 3
RequestProject.Membership.Defs 30
RequestProject.Membership.Theorem 9
RequestProject.Membership.Vand 10
RequestProject.Monotone.Defs 1
RequestProject.Monotone.Lemmas 118
RequestProject.Monotone.Main 10
RequestProject.Odd3.Defs 2
RequestProject.OddLayers.Defs 1
RequestProject.OddLayers.Exchange 183
RequestProject.OddLayers.Layers 15
RequestProject.OddLayers.Roots 49
RequestProject.OddLayers.Rows 55
RequestProject.OddLifts.Aux 8
RequestProject.OddLifts.LemmaP 32
RequestProject.OddLifts.Main 44
RequestProject.OddLifts.Marked 45
RequestProject.OddLifts2.Border 9
RequestProject.OddLifts2.LemmaQ 31
RequestProject.OddLifts2.LemmaQp 15
RequestProject.OddLifts2.Main 54
RequestProject.OddLifts2.Patterns 20
RequestProject.OddPatterns.Defs 19
RequestProject.OddPatterns.LemmaB 4
RequestProject.OddPatterns.LemmaD 4
RequestProject.OddPatterns.MarkedPf 10
RequestProject.OddShapes.Defs 19
RequestProject.OddShapes.Identities 12
RequestProject.OddShapes.Interlaced 60
RequestProject.OddShapes.Lemmas 61
RequestProject.OddShapes.Shapes 37
RequestProject.OddTheorem.LemmaK 41
RequestProject.OddTheorem.Prop810 30
RequestProject.OddTheorem.Theorem811 12
RequestProject.OddTheorem.TheoremO 10
RequestProject.Peel.Defs 48
RequestProject.Peel.Expand 8
RequestProject.Peel.Main 40
RequestProject.Pfaffian.Basic 12
RequestProject.Pfaffian.Bordered 39
RequestProject.Pfaffian.Expand 16
RequestProject.Pfaffian.ExpandVar 22
RequestProject.Pfaffian.Laplace 47
RequestProject.Pfaffian.Matching 49
RequestProject.Pfaffian.OddBox 15
RequestProject.Pfaffian.Perm 30
RequestProject.Pow2.Basic 16
RequestProject.Pow2.Lowest 35
RequestProject.Pow2.Main 30
RequestProject.Pow2.Theta 36
RequestProject.RankTwo.Homog 6
RequestProject.RankTwo.Key 18
RequestProject.RankTwo.OddBox 22
RequestProject.RankTwo.OddDefs 50
RequestProject.RankTwo.Shift 10
RequestProject.RankTwo.TopCoeff 13
RequestProject.RankTwo.Update 15
RequestProject.TheoremB.Closed 27
RequestProject.TheoremB.Count 23
RequestProject.TheoremB.Defs 18
RequestProject.TheoremB.Main 8
RequestProject.TheoremB.Matchings 75
RequestProject.TheoremB.Root 24
RequestProject.Tight.Defs 20
RequestProject.Tight.Lemmas 23
RequestProject.Tight.Main 7
VIGIA-FIN-OK exit=0 pico_kb=1566240 t=188s
