⚠ [8028/8055] Replayed RequestProject.Peel.Main
warning: RequestProject/Peel/Main.lean:61:19: unused variable `hq`

Note: This linter can be disabled with `set_option linter.unusedVariables false`
warning: RequestProject/Peel/Main.lean:62:5: unused variable `hj`

Note: This linter can be disabled with `set_option linter.unusedVariables false`
warning: RequestProject/Peel/Main.lean:82:16: unused variable `hq`

Note: This linter can be disabled with `set_option linter.unusedVariables false`
warning: RequestProject/Peel/Main.lean:229:25: unused variable `hq`

Note: This linter can be disabled with `set_option linter.unusedVariables false`
⚠ [8031/8055] Replayed RequestProject.Chain.Main
warning: RequestProject/Chain/Main.lean:23:42: unused variable `ht`

Note: This linter can be disabled with `set_option linter.unusedVariables false`
warning: RequestProject/Chain/Main.lean:33:42: unused variable `ht`

Note: This linter can be disabled with `set_option linter.unusedVariables false`
warning: RequestProject/Chain/Main.lean:46:42: unused variable `ht`

Note: This linter can be disabled with `set_option linter.unusedVariables false`
⚠ [8046/8055] Replayed RequestProject.Monotone.Main
warning: RequestProject/Monotone/Main.lean:25:33: unused variable `hh`

Note: This linter can be disabled with `set_option linter.unusedVariables false`
✔ [8052/8055] Built RequestProject.Support.Defs (44s)
✔ [8053/8055] Built RequestProject.Support.Evaluation (28s)
✔ [8054/8055] Built RequestProject.Support.SupportLemma (24s)
✔ [8055/8055] Built RequestProject.Support.Main (24s)
Build completed successfully (8055 jobs).
      129.22 real        18.26 user        20.05 sys
          2195767296  maximum resident set size
                   0  average shared memory size
                   0  average unshared data size
                   0  average unshared stack size
              967337  page reclaims
              937000  page faults
                   0  swaps
                   0  block input operations
                   0  block output operations
                   0  messages sent
                   0  messages received
                   0  signals received
              112989  voluntary context switches
              988614  involuntary context switches
         54447572775  instructions retired
         21908664438  cycles elapsed
           300700464  peak memory footprint
