⚠ [8044/8081] Replayed RequestProject.Peel.Main
warning: RequestProject/Peel/Main.lean:61:19: unused variable `hq`

Note: This linter can be disabled with `set_option linter.unusedVariables false`
warning: RequestProject/Peel/Main.lean:62:5: unused variable `hj`

Note: This linter can be disabled with `set_option linter.unusedVariables false`
warning: RequestProject/Peel/Main.lean:82:16: unused variable `hq`

Note: This linter can be disabled with `set_option linter.unusedVariables false`
warning: RequestProject/Peel/Main.lean:229:25: unused variable `hq`

Note: This linter can be disabled with `set_option linter.unusedVariables false`
⚠ [8047/8081] Replayed RequestProject.Chain.Main
warning: RequestProject/Chain/Main.lean:23:42: unused variable `ht`

Note: This linter can be disabled with `set_option linter.unusedVariables false`
warning: RequestProject/Chain/Main.lean:33:42: unused variable `ht`

Note: This linter can be disabled with `set_option linter.unusedVariables false`
warning: RequestProject/Chain/Main.lean:46:42: unused variable `ht`

Note: This linter can be disabled with `set_option linter.unusedVariables false`
⚠ [8065/8081] Replayed RequestProject.BipOpt.Main
warning: RequestProject/BipOpt/Main.lean:29:31: unused variable `hq`

Note: This linter can be disabled with `set_option linter.unusedVariables false`
warning: RequestProject/BipOpt/Main.lean:38:72: unused variable `hq`

Note: This linter can be disabled with `set_option linter.unusedVariables false`
warning: RequestProject/BipOpt/Main.lean:40:5: unused variable `hμ`

Note: This linter can be disabled with `set_option linter.unusedVariables false`
warning: RequestProject/BipOpt/Main.lean:51:78: unused variable `hq`

Note: This linter can be disabled with `set_option linter.unusedVariables false`
warning: RequestProject/BipOpt/Main.lean:53:5: unused variable `hμ`

Note: This linter can be disabled with `set_option linter.unusedVariables false`
warning: RequestProject/BipOpt/Main.lean:53:67: unused variable `hΛ`

Note: This linter can be disabled with `set_option linter.unusedVariables false`
warning: RequestProject/BipOpt/Main.lean:64:76: unused variable `hq`

Note: This linter can be disabled with `set_option linter.unusedVariables false`
warning: RequestProject/BipOpt/Main.lean:66:5: unused variable `hΛ`

Note: This linter can be disabled with `set_option linter.unusedVariables false`
warning: RequestProject/BipOpt/Main.lean:86:32: unused variable `hq`

Note: This linter can be disabled with `set_option linter.unusedVariables false`
warning: RequestProject/BipOpt/Main.lean:101:31: unused variable `hq`

Note: This linter can be disabled with `set_option linter.unusedVariables false`
⚠ [8066/8081] Replayed RequestProject.Monotone.Main
warning: RequestProject/Monotone/Main.lean:25:33: unused variable `hh`

Note: This linter can be disabled with `set_option linter.unusedVariables false`
⚠ [8068/8081] Replayed RequestProject.BipP2.Main
warning: RequestProject/BipP2/Main.lean:30:30: unused variable `hq`

Note: This linter can be disabled with `set_option linter.unusedVariables false`
warning: RequestProject/BipP2/Main.lean:30:43: unused variable `hα`

Note: This linter can be disabled with `set_option linter.unusedVariables false`
⚠ [8075/8081] Replayed RequestProject.BipP3.Main
warning: RequestProject/BipP3/Main.lean:214:29: unused variable `hodd`

Note: This linter can be disabled with `set_option linter.unusedVariables false`
✔ [8077/8081] Built RequestProject.ColPairs.Match (45s)
✔ [8078/8081] Built RequestProject.ColPairs.Coord (48s)
✔ [8079/8081] Built RequestProject.ColPairs.Ring (33s)
✔ [8080/8081] Built RequestProject.ColPairs.Ideal (21s)
✔ [8081/8081] Built RequestProject.ColPairs.Main (20s)
Build completed successfully (8081 jobs).
      131.13 real        34.25 user        24.50 sys
          2373124096  maximum resident set size
                   0  average shared memory size
                   0  average unshared data size
                   0  average unshared stack size
             1519204  page reclaims
              931026  page faults
                   0  swaps
                   0  block input operations
                   0  block output operations
                   0  messages sent
                   0  messages received
                   0  signals received
              116924  voluntary context switches
             1424206  involuntary context switches
         55306527428  instructions retired
         22297450852  cycles elapsed
           311743304  peak memory footprint
EXIT 0
