⚠ [8028/8046] Replayed RequestProject.Chain.Main
warning: RequestProject/Chain/Main.lean:23:42: unused variable `ht`

Note: This linter can be disabled with `set_option linter.unusedVariables false`
warning: RequestProject/Chain/Main.lean:33:42: unused variable `ht`

Note: This linter can be disabled with `set_option linter.unusedVariables false`
warning: RequestProject/Chain/Main.lean:46:42: unused variable `ht`

Note: This linter can be disabled with `set_option linter.unusedVariables false`
⚠ [8041/8046] Replayed RequestProject.Peel.Main
warning: RequestProject/Peel/Main.lean:61:19: unused variable `hq`

Note: This linter can be disabled with `set_option linter.unusedVariables false`
warning: RequestProject/Peel/Main.lean:62:5: unused variable `hj`

Note: This linter can be disabled with `set_option linter.unusedVariables false`
warning: RequestProject/Peel/Main.lean:82:16: unused variable `hq`

Note: This linter can be disabled with `set_option linter.unusedVariables false`
warning: RequestProject/Peel/Main.lean:229:25: unused variable `hq`

Note: This linter can be disabled with `set_option linter.unusedVariables false`
✔ [8042/8046] Built RequestProject.Monotone.Defs (16s)
✔ [8043/8046] Built RequestProject.Monotone.Lemmas (19s)
⚠ [8044/8046] Built RequestProject.Monotone.Main (16s)
warning: RequestProject/Monotone/Main.lean:25:33: unused variable `hh`

Note: This linter can be disabled with `set_option linter.unusedVariables false`
✔ [8045/8046] Built RequestProject.Monotone.Checks (14s)
Build completed successfully (8046 jobs).
       74.76 real        14.03 user        14.52 sys
          2522103808  maximum resident set size
                   0  average shared memory size
                   0  average unshared data size
                   0  average unshared stack size
              915684  page reclaims
              533484  page faults
                   0  swaps
                   0  block input operations
                   0  block output operations
                   0  messages sent
                   0  messages received
                   0  signals received
              106460  voluntary context switches
              613045  involuntary context switches
         51127650378  instructions retired
         20297917033  cycles elapsed
           280449888  peak memory footprint
