⚠ [8028/8048] Replayed RequestProject.Peel.Main
warning: RequestProject/Peel/Main.lean:61:19: unused variable `hq`

Note: This linter can be disabled with `set_option linter.unusedVariables false`
warning: RequestProject/Peel/Main.lean:62:5: unused variable `hj`

Note: This linter can be disabled with `set_option linter.unusedVariables false`
warning: RequestProject/Peel/Main.lean:82:16: unused variable `hq`

Note: This linter can be disabled with `set_option linter.unusedVariables false`
warning: RequestProject/Peel/Main.lean:229:25: unused variable `hq`

Note: This linter can be disabled with `set_option linter.unusedVariables false`
⚠ [8031/8048] Replayed RequestProject.Chain.Main
warning: RequestProject/Chain/Main.lean:23:42: unused variable `ht`

Note: This linter can be disabled with `set_option linter.unusedVariables false`
warning: RequestProject/Chain/Main.lean:33:42: unused variable `ht`

Note: This linter can be disabled with `set_option linter.unusedVariables false`
warning: RequestProject/Chain/Main.lean:46:42: unused variable `ht`

Note: This linter can be disabled with `set_option linter.unusedVariables false`
✔ [8045/8048] Built RequestProject.BipOpt.Defs (21s)
✔ [8046/8048] Built RequestProject.BipOpt.Options (23s)
✔ [8047/8048] Built RequestProject.BipOpt.Fibres (20s)
⚠ [8048/8048] Built RequestProject.BipOpt.Main (15s)
warning: RequestProject/BipOpt/Main.lean:29:31: unused variable `hq`

Note: This linter can be disabled with `set_option linter.unusedVariables false`
warning: RequestProject/BipOpt/Main.lean:38:72: unused variable `hq`

Note: This linter can be disabled with `set_option linter.unusedVariables false`
warning: RequestProject/BipOpt/Main.lean:40:5: unused variable `hμ`

Note: This linter can be disabled with `set_option linter.unusedVariables false`
warning: RequestProject/BipOpt/Main.lean:51:78: unused variable `hq`

Note: This linter can be disabled with `set_option linter.unusedVariables false`
warning: RequestProject/BipOpt/Main.lean:53:5: unused variable `hμ`

Note: This linter can be disabled with `set_option linter.unusedVariables false`
warning: RequestProject/BipOpt/Main.lean:53:67: unused variable `hΛ`

Note: This linter can be disabled with `set_option linter.unusedVariables false`
warning: RequestProject/BipOpt/Main.lean:64:76: unused variable `hq`

Note: This linter can be disabled with `set_option linter.unusedVariables false`
warning: RequestProject/BipOpt/Main.lean:66:5: unused variable `hΛ`

Note: This linter can be disabled with `set_option linter.unusedVariables false`
warning: RequestProject/BipOpt/Main.lean:86:32: unused variable `hq`

Note: This linter can be disabled with `set_option linter.unusedVariables false`
warning: RequestProject/BipOpt/Main.lean:101:31: unused variable `hq`

Note: This linter can be disabled with `set_option linter.unusedVariables false`
Build completed successfully (8048 jobs).
       87.29 real        17.42 user        15.57 sys
          2402304000  maximum resident set size
                   0  average shared memory size
                   0  average unshared data size
                   0  average unshared stack size
              946310  page reclaims
              612919  page faults
                   0  swaps
                   0  block input operations
                   0  block output operations
                   0  messages sent
                   0  messages received
                   0  signals received
              109631  voluntary context switches
              696420  involuntary context switches
         53451860375  instructions retired
         20762630298  cycles elapsed
           285561672  peak memory footprint
