⚠ [8044/8096] Replayed RequestProject.Peel.Main
warning: RequestProject/Peel/Main.lean:61:19: unused variable `hq`

Note: This linter can be disabled with `set_option linter.unusedVariables false`
warning: RequestProject/Peel/Main.lean:62:5: unused variable `hj`

Note: This linter can be disabled with `set_option linter.unusedVariables false`
warning: RequestProject/Peel/Main.lean:82:16: unused variable `hq`

Note: This linter can be disabled with `set_option linter.unusedVariables false`
warning: RequestProject/Peel/Main.lean:229:25: unused variable `hq`

Note: This linter can be disabled with `set_option linter.unusedVariables false`
⚠ [8047/8096] Replayed RequestProject.Chain.Main
warning: RequestProject/Chain/Main.lean:23:42: unused variable `ht`

Note: This linter can be disabled with `set_option linter.unusedVariables false`
warning: RequestProject/Chain/Main.lean:33:42: unused variable `ht`

Note: This linter can be disabled with `set_option linter.unusedVariables false`
warning: RequestProject/Chain/Main.lean:46:42: unused variable `ht`

Note: This linter can be disabled with `set_option linter.unusedVariables false`
⚠ [8065/8096] Replayed RequestProject.BipOpt.Main
warning: RequestProject/BipOpt/Main.lean:29:31: unused variable `hq`

Note: This linter can be disabled with `set_option linter.unusedVariables false`
warning: RequestProject/BipOpt/Main.lean:38:72: unused variable `hq`

Note: This linter can be disabled with `set_option linter.unusedVariables false`
warning: RequestProject/BipOpt/Main.lean:40:5: unused variable `hμ`

Note: This linter can be disabled with `set_option linter.unusedVariables false`
warning: RequestProject/BipOpt/Main.lean:51:78: unused variable `hq`

Note: This linter can be disabled with `set_option linter.unusedVariables false`
warning: RequestProject/BipOpt/Main.lean:53:5: unused variable `hμ`

Note: This linter can be disabled with `set_option linter.unusedVariables false`
warning: RequestProject/BipOpt/Main.lean:53:67: unused variable `hΛ`

Note: This linter can be disabled with `set_option linter.unusedVariables false`
warning: RequestProject/BipOpt/Main.lean:64:76: unused variable `hq`

Note: This linter can be disabled with `set_option linter.unusedVariables false`
warning: RequestProject/BipOpt/Main.lean:66:5: unused variable `hΛ`

Note: This linter can be disabled with `set_option linter.unusedVariables false`
warning: RequestProject/BipOpt/Main.lean:86:32: unused variable `hq`

Note: This linter can be disabled with `set_option linter.unusedVariables false`
warning: RequestProject/BipOpt/Main.lean:101:31: unused variable `hq`

Note: This linter can be disabled with `set_option linter.unusedVariables false`
⚠ [8066/8096] Replayed RequestProject.Monotone.Main
warning: RequestProject/Monotone/Main.lean:25:33: unused variable `hh`

Note: This linter can be disabled with `set_option linter.unusedVariables false`
⚠ [8076/8096] Replayed RequestProject.BipP2.Main
warning: RequestProject/BipP2/Main.lean:30:30: unused variable `hq`

Note: This linter can be disabled with `set_option linter.unusedVariables false`
warning: RequestProject/BipP2/Main.lean:30:43: unused variable `hα`

Note: This linter can be disabled with `set_option linter.unusedVariables false`
⚠ [8079/8096] Replayed RequestProject.BipP3.Main
warning: RequestProject/BipP3/Main.lean:214:29: unused variable `hodd`

Note: This linter can be disabled with `set_option linter.unusedVariables false`
✔ [8093/8096] Built RequestProject.ColCount.Defs (71s)
✔ [8094/8096] Built RequestProject.ColCount.Colours (42s)
✔ [8095/8096] Built RequestProject.ColCount.Blocks (40s)
✔ [8096/8096] Built RequestProject.ColCount.Main (33s)
Build completed successfully (8096 jobs).
      194.96 real        17.38 user        26.36 sys
          2076295168  maximum resident set size
                   0  average shared memory size
                   0  average unshared data size
                   0  average unshared stack size
              956047  page reclaims
             1534785  page faults
                   0  swaps
                   0  block input operations
                   0  block output operations
                   0  messages sent
                   0  messages received
                   0  signals received
              130831  voluntary context switches
             1504976  involuntary context switches
         54543093914  instructions retired
         23325041095  cycles elapsed
           304452520  peak memory footprint
