⚠ [8028/8049] Replayed RequestProject.Chain.Main
warning: RequestProject/Chain/Main.lean:23:42: unused variable `ht`

Note: This linter can be disabled with `set_option linter.unusedVariables false`
warning: RequestProject/Chain/Main.lean:33:42: unused variable `ht`

Note: This linter can be disabled with `set_option linter.unusedVariables false`
warning: RequestProject/Chain/Main.lean:46:42: unused variable `ht`

Note: This linter can be disabled with `set_option linter.unusedVariables false`
⚠ [8042/8049] Replayed RequestProject.Peel.Main
warning: RequestProject/Peel/Main.lean:61:19: unused variable `hq`

Note: This linter can be disabled with `set_option linter.unusedVariables false`
warning: RequestProject/Peel/Main.lean:62:5: unused variable `hj`

Note: This linter can be disabled with `set_option linter.unusedVariables false`
warning: RequestProject/Peel/Main.lean:82:16: unused variable `hq`

Note: This linter can be disabled with `set_option linter.unusedVariables false`
warning: RequestProject/Peel/Main.lean:229:25: unused variable `hq`

Note: This linter can be disabled with `set_option linter.unusedVariables false`
⚠ [8044/8049] Replayed RequestProject.Monotone.Main
warning: RequestProject/Monotone/Main.lean:25:33: unused variable `hh`

Note: This linter can be disabled with `set_option linter.unusedVariables false`
✔ [8046/8049] Built RequestProject.Fibres.Defs (40s)
✔ [8047/8049] Built RequestProject.Fibres.Lemmas (35s)
✔ [8048/8049] Built RequestProject.Fibres.Main (23s)
Build completed successfully (8049 jobs).
      106.50 real        14.23 user        16.87 sys
          2145140736  maximum resident set size
                   0  average shared memory size
                   0  average unshared data size
                   0  average unshared stack size
              725460  page reclaims
              789898  page faults
                   0  swaps
                   0  block input operations
                   0  block output operations
                   0  messages sent
                   0  messages received
                   0  signals received
              109863  voluntary context switches
              832295  involuntary context switches
         52893939806  instructions retired
         21970469100  cycles elapsed
           285315936  peak memory footprint
