START 2026-09-29 18:41:27
RequestProject.Ballot.Defs rc=0 sec=25 lakepeak=279679840
RequestProject.Ballot.Alg rc=0 sec=38 lakepeak=279319416
RequestProject.Ballot.Comb rc=0 sec=35 lakepeak=284218184
RequestProject.Ballot.Construct rc=0 sec=41 lakepeak=278877000
RequestProject.Peel.Defs rc=0 sec=37 lakepeak=280531832
RequestProject.Peel.Expand rc=0 sec=30 lakepeak=280023880
RequestProject.Peel.Main rc=0 sec=35 lakepeak=282596192
RequestProject.Chain.Defs rc=0 sec=29 lakepeak=282039088
RequestProject.Chain.Lemmas rc=0 sec=29 lakepeak=279941984
RequestProject.Chain.Main rc=0 sec=40 lakepeak=280122208
RequestProject.Monotone.Defs rc=0 sec=73 lakepeak=287822664
RequestProject.Tight.Defs rc=0 sec=49 lakepeak=284971920
RequestProject.Bip.Defs rc=0 sec=41 lakepeak=278729544
RequestProject.Bip.Counts rc=0 sec=57 lakepeak=282760104
RequestProject.Bip.Peeling rc=0 sec=44 lakepeak=280236920
RequestProject.Bip.Roots rc=0 sec=47 lakepeak=283710328
RequestProject.Bip.Main rc=0 sec=75 lakepeak=279385024
RequestProject.Tight.Lemmas rc=0 sec=55 lakepeak=280974176
RequestProject.Tight.Main rc=0 sec=57 lakepeak=284529528
RequestProject.BipInd.Swap rc=0 sec=59 lakepeak=281924448
RequestProject.Fibres.Defs rc=0 sec=70 lakepeak=283185992
RequestProject.Lifts.Defs rc=0 sec=54 lakepeak=279581584
RequestProject.Monotone.Lemmas rc=0 sec=55 lakepeak=280433480
RequestProject.Lifts.Options rc=0 sec=50 lakepeak=279827224
RequestProject.BipOpt.Defs rc=0 sec=36 lakepeak=279696248
RequestProject.BipOpt.Options rc=0 sec=45 lakepeak=284758928
RequestProject.BipOpt.Fibres rc=0 sec=50 lakepeak=280515496
RequestProject.BipOpt.Main rc=0 sec=43 lakepeak=279237496
RequestProject.Monotone.Main rc=0 sec=44 lakepeak=280974200
RequestProject.BipP2.Cases rc=0 sec=47 lakepeak=279778216
RequestProject.BipP2.Main rc=0 sec=52 lakepeak=279008048
RequestProject.Lifts.Algebra rc=0 sec=44 lakepeak=283202400
RequestProject.Lifts.Patterns rc=0 sec=54 lakepeak=280564576
RequestProject.Lifts.Lift rc=0 sec=40 lakepeak=284300056
RequestProject.Lifts.Main rc=0 sec=51 lakepeak=284021600
RequestProject.BipP3.Algebra rc=0 sec=40 lakepeak=283841376
RequestProject.BipP3.Patterns rc=0 sec=45 lakepeak=281793352
RequestProject.BipP3.Main rc=0 sec=45 lakepeak=282563352
RequestProject.BipInd.Main rc=0 sec=46 lakepeak=282563448
RequestProject.Chain.Checks rc=0 sec=46 lakepeak=280564576
RequestProject.ColSplit.Basic rc=0 sec=41 lakepeak=278057824
RequestProject.ColSurv.Defs rc=0 sec=40 lakepeak=280335320
RequestProject.ColUpper.Defs rc=0 sec=49 lakepeak=280187768
RequestProject.ColSplit.Main rc=0 sec=51 lakepeak=279565176
RequestProject.ColUpper.Basis rc=0 sec=47 lakepeak=278762336
RequestProject.EveryField.Rank rc=0 sec=44 lakepeak=284775264
RequestProject.ColUpper.Integral rc=0 sec=50 lakepeak=278483832
RequestProject.ColAssembly.BasisZ rc=0 sec=56 lakepeak=278958944
RequestProject.ColUpper.Count rc=0 sec=63 lakepeak=278631240
RequestProject.Fibres.Lemmas rc=0 sec=58 lakepeak=281711480
RequestProject.Fibres.Main rc=0 sec=46 lakepeak=283611952
RequestProject.Induction.Steps rc=0 sec=58 lakepeak=278664008
RequestProject.Induction.Main rc=0 sec=58 lakepeak=285414360
RequestProject.TheoremB.Defs rc=0 sec=40 lakepeak=279384928
RequestProject.ColUpper.Matching rc=0 sec=105 lakepeak=281236296
RequestProject.TheoremB.Root rc=0 sec=117 lakepeak=284201848
RequestProject.TheoremB.Count rc=0 sec=53 lakepeak=280531832
RequestProject.TheoremB.Closed rc=0 sec=73 lakepeak=284218208
RequestProject.TheoremB.Matchings rc=0 sec=52 lakepeak=282399608
RequestProject.TheoremB.Main rc=0 sec=47 lakepeak=281039688
RequestProject.ColUpper.Points rc=0 sec=53 lakepeak=284791696
RequestProject.ColUpper.Main rc=0 sec=45 lakepeak=285709152
RequestProject.ColSurv.Main rc=0 sec=36 lakepeak=280974152
RequestProject.ColComp.Defs rc=0 sec=34 lakepeak=280679312
RequestProject.ColComp.PerfMatch rc=0 sec=32 lakepeak=279614328
RequestProject.ColComp.Product rc=0 sec=36 lakepeak=280482680
RequestProject.ColComp.Main rc=0 sec=35 lakepeak=278959016
RequestProject.ColTensor.Tensor rc=0 sec=42 lakepeak=278631288
RequestProject.ColTensor.Box rc=0 sec=40 lakepeak=278664080
RequestProject.ColTensor.Blocks rc=0 sec=38 lakepeak=276763488
RequestProject.ColDecomp.Defs rc=0 sec=32 lakepeak=279171984
RequestProject.ColDecomp.Pairs rc=0 sec=28 lakepeak=280286024
RequestProject.ColDecomp.Gens rc=0 sec=36 lakepeak=281662352
RequestProject.ColDecomp.Main rc=0 sec=42 lakepeak=279319416
RequestProject.ColPairs.Coord rc=0 sec=45 lakepeak=281351056
RequestProject.ColPairs.Ring rc=0 sec=40 lakepeak=287495032
RequestProject.ColPairs.Match rc=0 sec=53 lakepeak=288084832
RequestProject.ColPairs.Ideal rc=0 sec=47 lakepeak=280171384
RequestProject.ColPairs.Main rc=0 sec=37 lakepeak=284545912
RequestProject.ColOne.Coord rc=0 sec=41 lakepeak=281187168
RequestProject.ColCount.Defs rc=0 sec=38 lakepeak=281531232
RequestProject.ColCount.Colours rc=0 sec=37 lakepeak=282006416
RequestProject.ColCount.Blocks rc=0 sec=48 lakepeak=281449336
RequestProject.ColCount.Main rc=0 sec=41 lakepeak=280761208
RequestProject.ColOne.Sum rc=0 sec=45 lakepeak=280384328
RequestProject.ColOne.Gen rc=0 sec=50 lakepeak=285430648
RequestProject.ColOne.Transport rc=0 sec=42 lakepeak=280433456
RequestProject.ColOne.Empty rc=0 sec=37 lakepeak=283054920
RequestProject.ColOne.Main rc=0 sec=46 lakepeak=280892256
RequestProject.ColAssembly.Prop69 rc=0 sec=48 lakepeak=280531856
RequestProject.ColAssembly.Extension rc=0 sec=46 lakepeak=281482056
RequestProject.ColAssembly.EveryField rc=0 sec=54 lakepeak=279450488
RequestProject.FreeZ.Lemma rc=0 sec=42 lakepeak=280449912
RequestProject.ColAssembly.Main rc=0 sec=55 lakepeak=285856632
RequestProject.Degeneration.Defs rc=0 sec=43 lakepeak=279827344
RequestProject.Degeneration.Lemma rc=0 sec=40 lakepeak=282366816
RequestProject.Degeneration.Main rc=0 sec=40 lakepeak=283743096
RequestProject.Support.Defs rc=0 sec=40 lakepeak=288314208
RequestProject.EveryField.Integral rc=0 sec=37 lakepeak=280466248
RequestProject.EveryField.Invariance rc=0 sec=44 lakepeak=282284896
RequestProject.Support.Evaluation rc=0 sec=42 lakepeak=284873592
RequestProject.Support.SupportLemma rc=0 sec=36 lakepeak=279532336
RequestProject.Support.Main rc=0 sec=41 lakepeak=279352184
RequestProject.EveryField.Main rc=0 sec=47 lakepeak=285201224
RequestProject.FreeZ.Defs rc=0 sec=38 lakepeak=284594992
RequestProject.FreeZ.Main rc=0 sec=46 lakepeak=279057320
RequestProject.Main rc=0 sec=44 lakepeak=280105824
RequestProject.Monotone.Checks rc=0 sec=35 lakepeak=281858936
RequestProject.TheoremB.Checks rc=0 sec=46 lakepeak=281367392
RequestProject.Upper.Defs rc=0 sec=39 lakepeak=280843176
RequestProject.Upper.Count rc=0 sec=39 lakepeak=284365688
RequestProject.Upper.Top rc=0 sec=50 lakepeak=281793424
RequestProject.Upper.Main rc=0 sec=45 lakepeak=280974200
END 2026-09-29 20:08:22
FIN-OK
