project decls in cone: 2367; modules: 90
RequestProject.Ballot.Defs 1
RequestProject.Bip.Counts 60
RequestProject.Bip.Defs 51
RequestProject.Bip.Main 4
RequestProject.Bip.Peeling 17
RequestProject.Bip.Roots 27
RequestProject.BipInd.Main 13
RequestProject.BipInd.Swap 43
RequestProject.BipOpt.Defs 9
RequestProject.BipOpt.Fibres 92
RequestProject.BipOpt.Main 3
RequestProject.BipOpt.Options 66
RequestProject.BipP2.Cases 47
RequestProject.BipP2.Main 11
RequestProject.BipP3.Algebra 36
RequestProject.BipP3.Main 37
RequestProject.BipP3.Patterns 66
RequestProject.Chain.Defs 35
RequestProject.Chain.Lemmas 76
RequestProject.Chain.Main 61
RequestProject.ColAssembly.BasisZ 23
RequestProject.ColAssembly.EveryField 6
RequestProject.ColAssembly.Extension 4
RequestProject.ColAssembly.Main 13
RequestProject.ColAssembly.Prop69 10
RequestProject.ColComp.Defs 15
RequestProject.ColComp.Main 10
RequestProject.ColComp.PerfMatch 27
RequestProject.ColComp.Product 29
RequestProject.ColCount.Blocks 27
RequestProject.ColCount.Colours 13
RequestProject.ColCount.Defs 30
RequestProject.ColCount.Main 7
RequestProject.ColDecomp.Defs 24
RequestProject.ColDecomp.Gens 16
RequestProject.ColDecomp.Main 17
RequestProject.ColDecomp.Pairs 2
RequestProject.ColOne.Coord 38
RequestProject.ColOne.Empty 47
RequestProject.ColOne.Gen 18
RequestProject.ColOne.Main 25
RequestProject.ColOne.Sum 38
RequestProject.ColOne.Transport 16
RequestProject.ColPairs.Coord 25
RequestProject.ColPairs.Ideal 31
RequestProject.ColPairs.Main 11
RequestProject.ColPairs.Match 3
RequestProject.ColPairs.Ring 34
RequestProject.ColSplit.Basic 28
RequestProject.ColSplit.Main 18
RequestProject.ColSurv.Defs 34
RequestProject.ColSurv.Main 16
RequestProject.ColTensor.Blocks 17
RequestProject.ColTensor.Box 38
RequestProject.ColTensor.Tensor 9
RequestProject.ColUpper.Basis 22
RequestProject.ColUpper.Count 22
RequestProject.ColUpper.Defs 5
RequestProject.ColUpper.Integral 15
RequestProject.ColUpper.Main 6
RequestProject.ColUpper.Matching 17
RequestProject.ColUpper.Points 37
RequestProject.EveryField.Rank 11
RequestProject.Fibres.Defs 14
RequestProject.Fibres.Lemmas 90
RequestProject.Fibres.Main 6
RequestProject.FreeZ.Lemma 4
RequestProject.Induction.Main 8
RequestProject.Induction.Steps 10
RequestProject.Lifts.Algebra 16
RequestProject.Lifts.Defs 3
RequestProject.Lifts.Lift 15
RequestProject.Lifts.Main 28
RequestProject.Lifts.Options 66
RequestProject.Lifts.Patterns 50
RequestProject.Monotone.Defs 1
RequestProject.Monotone.Lemmas 118
RequestProject.Monotone.Main 10
RequestProject.Peel.Defs 48
RequestProject.Peel.Expand 8
RequestProject.Peel.Main 40
RequestProject.TheoremB.Closed 27
RequestProject.TheoremB.Count 23
RequestProject.TheoremB.Defs 18
RequestProject.TheoremB.Main 8
RequestProject.TheoremB.Matchings 75
RequestProject.TheoremB.Root 24
RequestProject.Tight.Defs 20
RequestProject.Tight.Lemmas 21
RequestProject.Tight.Main 7
