q=3 n=2 ungraded=perm.char:True  tipos=[(2, 0), (0, 1)]  ajustes_Frobenius=1 ej=[(2, 0)]
q=3 n=3 ungraded=perm.char:True  tipos=[(3, 0), (1, 1)]  ajustes_Frobenius=1 ej=[(2, 0)]
q=3 n=4 ungraded=perm.char:True  tipos=[(4, 0), (2, 1), (0, 2)]  ajustes_Frobenius=1 ej=[(4, 0, 2)]
q=3 n=5 ungraded=perm.char:True  tipos=[(5, 0), (3, 1), (1, 2)]  ajustes_Frobenius=1 ej=[(4, 2, 0)]
q=3 n=6 ungraded=perm.char:True  tipos=[(6, 0), (4, 1), (2, 2), (0, 3)]  ajustes_Frobenius=0 ej=[]
   carácter graduado por grado:
    d=0 [((6,), 1)]
    d=1 [((5, 1), 1)]
    d=2 [((4, 2), 1), ((5, 1), 1), ((6,), 1)]
    d=3 [((3, 3), 1), ((4, 1, 1), 1), ((4, 2), 1), ((5, 1), 1)]
    d=4 [((3, 2, 1), 1), ((4, 2), 2), ((5, 1), 1), ((6,), 1)]
    d=5 [((3, 2, 1), 1), ((3, 3), 1), ((4, 1, 1), 1), ((5, 1), 1)]
    d=6 [((2, 2, 2), 1), ((4, 2), 1), ((6,), 1)]
q=5 n=2 ungraded=perm.char:True  tipos=[(2, 0, 0), (0, 0, 1), (0, 1, 0)]  ajustes_Frobenius=2 ej=[(4, 0, 2), (4, 2, 0)]
q=5 n=3 ungraded=perm.char:True  tipos=[(3, 0, 0), (1, 0, 1), (1, 1, 0)]  ajustes_Frobenius=2 ej=[(4, 0, 2), (4, 2, 0)]
q=5 n=4 ungraded=perm.char:True  tipos=[(4, 0, 0), (2, 0, 1), (0, 0, 2), (2, 1, 0), (0, 1, 1), (0, 2, 0)]  ajustes_Frobenius=4 ej=[(8, 2, 4, 4, 0, 6), (8, 2, 6, 4, 0, 4), (8, 4, 4, 2, 0, 6)]
q=5 n=5 ungraded=perm.char:True  tipos=[(5, 0, 0), (3, 0, 1), (1, 0, 2), (3, 1, 0), (1, 1, 1), (1, 2, 0)]  ajustes_Frobenius=4 ej=[(8, 4, 2, 6, 0, 4), (8, 6, 2, 4, 0, 4), (8, 4, 4, 6, 0, 2)]
q=5 n=6 ungraded=perm.char:True  tipos=[(6, 0, 0), (4, 0, 1), (2, 0, 2), (0, 0, 3), (4, 1, 0), (2, 1, 1), (0, 1, 2), (2, 2, 0), (0, 2, 1), (0, 3, 0)]  ajustes_Frobenius=0 ej=[]
   carácter graduado por grado:
    d=0 [((6,), 1)]
    d=1 [((5, 1), 1)]
    d=2 [((4, 2), 1), ((5, 1), 1), ((6,), 1)]
    d=3 [((3, 3), 1), ((4, 1, 1), 1), ((4, 2), 1), ((5, 1), 2)]
    d=4 [((3, 2, 1), 1), ((4, 1, 1), 1), ((4, 2), 3), ((5, 1), 2), ((6,), 2)]
    d=5 [((3, 2, 1), 2), ((3, 3), 2), ((4, 1, 1), 3), ((4, 2), 2), ((5, 1), 3)]
    d=6 [((2, 2, 2), 1), ((3, 1, 1, 1), 1), ((3, 2, 1), 3), ((3, 3), 1), ((4, 1, 1), 2), ((4, 2), 5), ((5, 1), 2), ((6,), 2)]
    d=7 [((2, 2, 1, 1), 1), ((3, 1, 1, 1), 1), ((3, 2, 1), 4), ((3, 3), 3), ((4, 1, 1), 4), ((4, 2), 2), ((5, 1), 3)]
    d=8 [((2, 2, 1, 1), 1), ((2, 2, 2), 2), ((3, 1, 1, 1), 2), ((3, 2, 1), 4), ((4, 1, 1), 1), ((4, 2), 5), ((5, 1), 2), ((6,), 2)]
    d=9 [((2, 2, 1, 1), 2), ((3, 1, 1, 1), 1), ((3, 2, 1), 3), ((3, 3), 3), ((4, 1, 1), 3), ((4, 2), 1), ((5, 1), 2)]
    d=10 [((2, 1, 1, 1, 1), 1), ((2, 2, 2), 2), ((3, 1, 1, 1), 1), ((3, 2, 1), 2), ((4, 2), 3), ((5, 1), 1), ((6,), 1)]
    d=11 [((2, 2, 1, 1), 1), ((3, 2, 1), 1), ((3, 3), 1), ((4, 1, 1), 1), ((5, 1), 1)]
    d=12 [((2, 2, 2), 1), ((4, 2), 1), ((6,), 1)]
VIGIA-FIN-OK exit=0 pico_kb=250256 t=3s
