q=3 n=2 HF={1, 1, 1} total=3
q=3 n=3 HF={1, 2, 3, 1} total=7
q=3 n=4 HF={1, 3, 6, 6, 3} total=19
q=3 n=5 HF={1, 4, 10, 15, 15, 6} total=51
q=3 n=6 HF={1, 5, 15, 29, 40, 36, 15} total=141
q=3 n=7 HF={1, 6, 21, 49, 84, 105, 91, 36} total=393
q=5 n=2 HF={1, 1, 1, 1, 1} total=5
q=5 n=3 HF={1, 2, 3, 3, 3, 1} total=13
q=5 n=4 HF={1, 3, 6, 9, 12, 12, 9, 6, 3} total=61
q=5 n=5 HF={1, 4, 10, 19, 31, 41, 44, 36, 24, 10, 1} total=221
q=5 n=6 HF={1, 5, 15, 34, 65, 105, 145, 171, 170, 140, 90, 45, 15} total=1001
q=7 n=2 HF={1, 1, 1, 1, 1, 1, 1} total=7
q=7 n=3 HF={1, 2, 3, 3, 3, 3, 3, 1} total=19
q=7 n=4 HF={1, 3, 6, 9, 12, 15, 18, 18, 15, 12, 9, 6, 3} total=127
q=7 n=5 HF={1, 4, 10, 19, 31, 45, 60, 71, 74, 66, 54, 40, 25, 10, 1} total=511
q=9 n=2 HF={1, 1, 1, 1, 1, 1, 1, 1, 1} total=9
q=9 n=3 HF={1, 2, 3, 3, 3, 3, 3, 3, 3, 1} total=25
q=9 n=4 HF={1, 3, 6, 9, 12, 15, 18, 21, 24, 24, 21, 18, 15, 12, 9, 6, 3} total=217
q=15 n=2 HF={1, 1, 1, 1, 1, 1, 1, 1, 1, 1, 1, 1, 1, 1, 1} total=15
q=15 n=3 HF={1, 2, 3, 3, 3, 3, 3, 3, 3, 3, 3, 3, 3, 3, 3, 1} total=43
q=15 n=4 HF={1, 3, 6, 9, 12, 15, 18, 21, 24, 27, 30, 33, 36, 39, 42, 42, 39, 36, 33, 30, 27, 24, 21, 18, 15, 12, 9, 6, 3} total=631
q=11 n=3 HF={1, 2, 3, 3, 3, 3, 3, 3, 3, 3, 3, 1} total=31
q=11 n=4 HF={1, 3, 6, 9, 12, 15, 18, 21, 24, 27, 30, 30, 27, 24, 21, 18, 15, 12, 9, 6, 3} total=331
q=13 n=3 HF={1, 2, 3, 3, 3, 3, 3, 3, 3, 3, 3, 3, 3, 1} total=37
