q=3 n=2 lam={2} tr={1, -1, 1}
q=3 n=2 lam={1, 1} tr={1, 1, 1}
q=3 n=3 lam={3} tr={1, -1, 0, 1}
q=3 n=3 lam={2, 1} tr={1, 0, 1, -1}
q=3 n=3 lam={1, 1, 1} tr={1, 2, 3, 1}
q=3 n=4 lam={4} tr={1, -1, 0, 0, 1}
q=3 n=4 lam={3, 1} tr={1}
q=3 n=4 lam={2, 2} tr={1, -1, 2, -2, 3}
q=3 n=4 lam={2, 1, 1} tr={1, 1, 2, 0, 1}
q=3 n=4 lam={1, 1, 1, 1} tr={1, 3, 6, 6, 3}
q=3 n=5 lam={5} tr={1, -1, 0, 0, 0, 1}
q=3 n=5 lam={4, 1} tr={1, 0, 0, -1, 1}
q=3 n=5 lam={3, 2} tr={1, -1, 1}
q=3 n=5 lam={3, 1, 1} tr={1, 1, 1}
q=3 n=5 lam={2, 2, 1} tr={1, 0, 2, -1, 3, -2}
q=3 n=5 lam={2, 1, 1, 1} tr={1, 2, 4, 3, 3}
q=3 n=5 lam={1, 1, 1, 1, 1} tr={1, 4, 10, 15, 15, 6}
q=3 n=6 lam={6} tr={1, -1, 0, 0, 0, 0, 1}
q=3 n=6 lam={5, 1} tr={1, 0, 0, -1, 0, 1}
q=3 n=6 lam={4, 2} tr={1, -1, 1, -1, 2, -2, 1}
q=3 n=6 lam={4, 1, 1} tr={1, 1, 1, -1, 0, 0, 1}
q=3 n=6 lam={3, 3} tr={1, -1, 0, 2, -2, 0, 3}
q=3 n=6 lam={3, 2, 1} tr={1, 0, 1, 0, 1}
q=3 n=6 lam={3, 1, 1, 1} tr={1, 2, 3, 2, 1}
q=3 n=6 lam={2, 2, 2} tr={1, -1, 3, -3, 6, -6, 7}
q=3 n=6 lam={2, 2, 1, 1} tr={1, 1, 3, 1, 4, 0, 3}
q=3 n=6 lam={2, 1, 1, 1, 1} tr={1, 3, 7, 9, 10, 6, 3}
q=3 n=6 lam={1, 1, 1, 1, 1, 1} tr={1, 5, 15, 29, 40, 36, 15}
q=5 n=2 lam={2} tr={1, -1, 1, -1, 1}
q=5 n=2 lam={1, 1} tr={1, 1, 1, 1, 1}
q=5 n=3 lam={3} tr={1, -1, 0, 0, 0, 1}
q=5 n=3 lam={2, 1} tr={1, 0, 1, -1, 1, -1}
q=5 n=3 lam={1, 1, 1} tr={1, 2, 3, 3, 3, 1}
q=5 n=4 lam={4} tr={1, -1, 0, -1, 2, 0, -1, 0, 1}
q=5 n=4 lam={3, 1} tr={1}
q=5 n=4 lam={2, 2} tr={1, -1, 2, -3, 4, -4, 5, -2, 3}
q=5 n=4 lam={2, 1, 1} tr={1, 1, 2, 1, 2, 0, 1, 0, 1}
q=5 n=4 lam={1, 1, 1, 1} tr={1, 3, 6, 9, 12, 12, 9, 6, 3}
q=5 n=5 lam={5} tr={1, -1, 0, -1, 1, 1, -1, 1, -1, 0, 1}
q=5 n=5 lam={4, 1} tr={1, 0, 0, -1, 1, -1, 0, 0, 2, 0, -1}
q=5 n=5 lam={3, 2} tr={1, -1, 1, -1, 1, -1, 1, 0, 0, 1, -1}
q=5 n=5 lam={3, 1, 1} tr={1, 1, 1, 1, 1, -1, -1, 0, 0, 1, 1}
q=5 n=5 lam={2, 2, 1} tr={1, 0, 2, -1, 3, -3, 4, -4, 4, -2, 1}
q=5 n=5 lam={2, 1, 1, 1} tr={1, 2, 4, 5, 7, 5, 4, 0, 0, -2, -1}
q=5 n=5 lam={1, 1, 1, 1, 1} tr={1, 4, 10, 19, 31, 41, 44, 36, 24, 10, 1}
q=5 n=6 lam={6} tr={1, -1, 0, -1, 1, 0, 1, 0, -1, 0, 0, 0, 1}
q=5 n=6 lam={5, 1} tr={1, 0, 0, -1, 0, 0, 0, 1}
q=5 n=6 lam={4, 2} tr={1, -1, 1, -2, 3, -3, 3, -3, 4, -2, 0, -1, 1}
q=5 n=6 lam={4, 1, 1} tr={1, 1, 1, 0, 1, -1, -1, -1, 2, 0, 0, 1, 1}
q=5 n=6 lam={3, 3} tr={1, -1, 0, 1, -1, 0, 1, 0, -1, 2, 0, 0, 3}
q=5 n=6 lam={3, 2, 1} tr={1, 0, 1, 0, 1, -1, 1, 0, 1, 1}
q=5 n=6 lam={3, 1, 1, 1} tr={1, 2, 3, 4, 5, 3, 1, 0, -1, -1}
q=5 n=6 lam={2, 2, 2} tr={1, -1, 3, -4, 7, -9, 13, -15, 20, -18, 18, -9, 7}
q=5 n=6 lam={2, 2, 1, 1} tr={1, 1, 3, 2, 5, 1, 5, -1, 6, 0, 6, 1, 3}
q=5 n=6 lam={2, 1, 1, 1, 1} tr={1, 3, 7, 12, 19, 23, 25, 21, 16, 10, 6, 3, 3}
q=5 n=6 lam={1, 1, 1, 1, 1, 1} tr={1, 5, 15, 34, 65, 105, 145, 171, 170, 140, 90, 45, 15}
VIGIA-FIN-OK exit=0 pico_kb=179008 t=1s
