== P2.5 odd published cells ==
P2.5 (1, 3, 3) dim = 6 (0.0s)
P2.5 (1, 9, 3) dim = 168 (0.2s)
P2.5 (2, 3, 3) dim = 20 (0.0s)
P2.5 (1, 5, 5) dim = 36 (0.0s)
== P2.1 even m, p | m ==
P2.1 (1, 4, 2) dim = 19 (0.0s)
P2.1 (1, 6, 2) dim = 61 (0.0s)
P2.1 (1, 6, 3) dim = 61 (0.0s)
P2.1 (1, 8, 2) dim = 127 (0.0s)
P2.1 (1, 10, 2) dim = 217 (0.0s)
P2.1 (1, 10, 5) dim = 217 (0.4s)
P2.1 (1, 12, 2) dim = 331 (0.0s)
P2.1 (1, 12, 3) dim = 331 (1.2s)
P2.1 (1, 14, 2) dim = 469 (0.0s)
P2.1 (1, 14, 7) dim = 469 (3.8s)
P2.1 (1, 16, 2) dim = 631 (0.0s)
P2.1 (2, 4, 2) dim = 141 (0.0s)
P2.1 (2, 6, 2) dim = 1001 (0.1s)
P2.1 (2, 6, 3) dim = 1001 (57.8s)
P2.1 (2, 8, 2) dim = 3301 (0.8s)
P2.1 (3, 4, 2) dim = 1107 (0.3s)
== P2.2 p not dividing m ==
P2.2 (1, 4, 3) dim = 19 (0.0s)
P2.2 (1, 6, 5) dim = 61 (0.0s)
P2.2 (2, 4, 3) dim = 141 (0.2s)
== P2.3 control: one matching removed ==
P2.3 (1, 4, 2, {'drop': 0}) dim = 15 (0.0s)
P2.3 (1, 6, 3, {'drop': 0}) dim = 45 (0.0s)
P2.3 (2, 4, 2, {'drop': 0}) dim = 140 (0.0s)
P2.3 (1, 6, 2, {'drop': 0}) dim = 45 (0.0s)
== P2.4 control: sign in tau_J ==
P2.4 (1, 6, 3, {'sign': 1}) dim = 61 (0.0s)
P2.4 (1, 10, 5, {'sign': 1}) dim = 217 (0.4s)
VIGIA-FIN-OK exit=0 pico_kb=118784 t=65s
