r=3 m=0 shapes=1 interlaced pairs=1 (D1)-not-(D2) pairs=0
r=3 m=1 shapes=2 interlaced pairs=2 (D1)-not-(D2) pairs=1
r=3 m=2 shapes=3 interlaced pairs=3 (D1)-not-(D2) pairs=2
r=3 m=3 shapes=4 interlaced pairs=4 (D1)-not-(D2) pairs=4
r=3 m=4 shapes=5 interlaced pairs=5 (D1)-not-(D2) pairs=6
r=3 m=5 shapes=6 interlaced pairs=6 (D1)-not-(D2) pairs=9
m=1 done (0.0s)
m=2 done (0.0s)
  control {((1),0)} at (3,3), p=2: dim=19 |Z|=12
  control {((1),0)} at (3,3), p=3: dim=19 |Z|=12
  control {((1),0)} at (3,3), p=10007: dim=19 |Z|=12
m=3 done (0.0s)
m=4 done (0.1s)
m=5 done (0.4s)
TOTALS {'P1': 70, 'layer': 60, 'dim': 60, 'slice': 180, 'lowered': 105, 'D1notD2': 66}
FAILURES/CONTROLS {'CONTROL lowered slice fails (expected)': 63, 'CONTROL D1-not-D2 dim != |Z| (expected)': 66}
root r=3 m=1 p=2: dim V_root=3 dim (D_J)=3 same ideal=True |Z|=3 slices W_0..W_{r-1}=[1, 1, 1]
root r=3 m=1 p=3: dim V_root=3 dim (D_J)=3 same ideal=True |Z|=3 slices W_0..W_{r-1}=[1, 1, 1]
root r=3 m=1 p=10007: dim V_root=3 dim (D_J)=3 same ideal=True |Z|=3 slices W_0..W_{r-1}=[1, 1, 1]
root r=3 m=3 p=2: dim V_root=19 dim (D_J)=19 same ideal=True |Z|=19 slices W_0..W_{r-1}=[3, 7, 9]
root r=3 m=3 p=3: dim V_root=19 dim (D_J)=19 same ideal=True |Z|=19 slices W_0..W_{r-1}=[3, 7, 9]
root r=3 m=3 p=10007: dim V_root=19 dim (D_J)=19 same ideal=True |Z|=19 slices W_0..W_{r-1}=[3, 7, 9]
root r=3 m=5 p=2: dim V_root=141 dim (D_J)=141 same ideal=True |Z|=141 slices W_0..W_{r-1}=[19, 51, 71]
root r=3 m=5 p=3: dim V_root=141 dim (D_J)=141 same ideal=True |Z|=141 slices W_0..W_{r-1}=[19, 51, 71]
root r=3 m=5 p=10007: dim V_root=141 dim (D_J)=141 same ideal=True |Z|=141 slices W_0..W_{r-1}=[19, 51, 71]
Lambda={(empty,1)} at (3,3) p=2: dim with all t = 7 ; with t=0 only = 6 ; |Z|=7
Lambda={(empty,1)} at (3,3) p=3: dim with all t = 7 ; with t=0 only = 6 ; |Z|=7
Lambda={(empty,1)} at (3,3) p=10007: dim with all t = 7 ; with t=0 only = 6 ; |Z|=7
time 0.4s
r=5 m=0 shapes=1 interlaced pairs=1 (D1)-not-(D2) pairs=0
r=5 m=1 shapes=2 interlaced pairs=2 (D1)-not-(D2) pairs=1
r=5 m=2 shapes=4 interlaced pairs=4 (D1)-not-(D2) pairs=3
r=5 m=3 shapes=6 interlaced pairs=6 (D1)-not-(D2) pairs=9
r=5 m=4 shapes=9 interlaced pairs=10 (D1)-not-(D2) pairs=17
m=1 done (0.0s)
m=2 done (0.0s)
m=3 done (0.1s)
m=4 done (1.4s)
TOTALS {'P1': 94, 'layer': 110, 'dim': 66, 'slice': 330, 'lowered': 228, 'D1notD2': 90}
FAILURES/CONTROLS {'CONTROL lowered slice fails (expected)': 96, 'CONTROL D1-not-D2 dim != |Z| (expected)': 90}
root r=5 m=1 p=2: dim V_root=5 dim (D_J)=5 same ideal=True |Z|=5 slices W_0..W_{r-1}=[1, 1, 1, 1, 1]
root r=5 m=1 p=3: dim V_root=5 dim (D_J)=5 same ideal=True |Z|=5 slices W_0..W_{r-1}=[1, 1, 1, 1, 1]
root r=5 m=1 p=10007: dim V_root=5 dim (D_J)=5 same ideal=True |Z|=5 slices W_0..W_{r-1}=[1, 1, 1, 1, 1]
root r=5 m=3 p=2: dim V_root=61 dim (D_J)=61 same ideal=True |Z|=61 slices W_0..W_{r-1}=[5, 5, 5, 21, 25]
root r=5 m=3 p=3: dim V_root=61 dim (D_J)=61 same ideal=True |Z|=61 slices W_0..W_{r-1}=[5, 5, 5, 21, 25]
root r=5 m=3 p=10007: dim V_root=61 dim (D_J)=61 same ideal=True |Z|=61 slices W_0..W_{r-1}=[5, 5, 5, 21, 25]
time 1.4s
r=5 m=0 shapes=1 interlaced pairs=1 (D1)-not-(D2) pairs=0
r=5 m=1 shapes=2 interlaced pairs=2 (D1)-not-(D2) pairs=1
r=5 m=2 shapes=4 interlaced pairs=4 (D1)-not-(D2) pairs=3
r=5 m=3 shapes=6 interlaced pairs=6 (D1)-not-(D2) pairs=9
r=5 m=4 shapes=9 interlaced pairs=10 (D1)-not-(D2) pairs=17
r=5 m=5 shapes=12 interlaced pairs=14 (D1)-not-(D2) pairs=34
m=1 done (0.1s)
m=2 done (0.1s)
m=3 done (0.2s)
m=4 done (1.0s)
VIGIA-MATADO-MEMORIA mem_kb=1266960 t=11s
