(M,d=1) r=3 l=0 t=0: target Pf_{E_l}(B_0) nonzero: True ; D^- part nonzero: True ; (theta, y1-degree, top=+-G): [(1, 0, True), (-1, 2, False)]  -> OK
(M,d=1) r=3 l=0 t=1: target Pf_{E_l}(B_0) nonzero: True ; D^- part nonzero: False ; (theta, y1-degree, top=+-G): [(1, 0, True), (-1, 0, True)]  -> OK
(Z,d=0) r=3 l=1: y1-degree=1 (claimed 1) ; top = +-Delta(B_1): True
(R,d=1,mu_rho=1) r=3 l=1 t=0: y1-degree=2 (claimed 2) ; G nonzero: True ; top = +-Pf_{E_l}(B_0): True
(R,d=1,mu_rho=1) r=3 l=1 t=1: y1-degree=-1 (claimed 2) ; G nonzero: False ; top = +-Pf_{E_l}(B_0): True
(Z,d=1) r=3 l=0: y1-degree=2 (claimed 2) ; top = +-Delta(S): True
(Z,d=1) r=3 l=1: y1-degree=1 (claimed 1) ; top = +-Delta(S): True
(M,d=1) r=5 l=0 t=0: target Pf_{E_l}(B_0) nonzero: True ; D^- part nonzero: True ; (theta, y1-degree, top=+-G): [(1, 0, True), (-1, 4, False)]  -> OK
(M,d=1) r=5 l=0 t=1: target Pf_{E_l}(B_0) nonzero: True ; D^- part nonzero: True ; (theta, y1-degree, top=+-G): [(1, 0, True), (-1, 4, False)]  -> OK
(M,d=1) r=5 l=0 t=2: target Pf_{E_l}(B_0) nonzero: True ; D^- part nonzero: False ; (theta, y1-degree, top=+-G): [(1, 0, True), (-1, 0, True)]  -> OK
(M,d=1) r=5 l=1 t=0: target Pf_{E_l}(B_0) nonzero: True ; D^- part nonzero: True ; (theta, y1-degree, top=+-G): [(1, 1, True), (-1, 3, False)]  -> OK
(M,d=1) r=5 l=1 t=1: target Pf_{E_l}(B_0) nonzero: True ; D^- part nonzero: True ; (theta, y1-degree, top=+-G): [(1, 1, True), (-1, 1, True)]  -> OK
(Z,d=0) r=5 l=1: y1-degree=3 (claimed 3) ; top = +-Delta(B_1): True
(Z,d=0) r=5 l=2: y1-degree=2 (claimed 2) ; top = +-Delta(B_1): True
(R,d=1,mu_rho=1) r=5 l=1 t=0: y1-degree=4 (claimed 4) ; G nonzero: True ; top = +-Pf_{E_l}(B_0): True
(R,d=1,mu_rho=1) r=5 l=1 t=1: y1-degree=4 (claimed 4) ; G nonzero: True ; top = +-Pf_{E_l}(B_0): True
(R,d=1,mu_rho=1) r=5 l=2 t=0: y1-degree=3 (claimed 3) ; G nonzero: True ; top = +-Pf_{E_l}(B_0): True
(R,d=1,mu_rho=1) r=5 l=2 t=1: y1-degree=-1 (claimed 3) ; G nonzero: False ; top = +-Pf_{E_l}(B_0): True
(Z,d=1) r=5 l=0: y1-degree=4 (claimed 4) ; top = +-Delta(S): True
(Z,d=1) r=5 l=1: y1-degree=3 (claimed 3) ; top = +-Delta(S): True
(Z,d=1) r=5 l=2: y1-degree=2 (claimed 2) ; top = +-Delta(S): True
(M,d=1) r=7 l=0 t=0: target Pf_{E_l}(B_0) nonzero: True ; D^- part nonzero: True ; (theta, y1-degree, top=+-G): [(1, 0, True), (-1, 6, False)]  -> OK
(M,d=1) r=7 l=0 t=1: target Pf_{E_l}(B_0) nonzero: True ; D^- part nonzero: True ; (theta, y1-degree, top=+-G): [(1, 0, True), (-1, 6, False)]  -> OK
(M,d=1) r=7 l=1 t=0: target Pf_{E_l}(B_0) nonzero: True ; D^- part nonzero: True ; (theta, y1-degree, top=+-G): [(1, 1, True), (-1, 5, False)]  -> OK
(M,d=1) r=7 l=1 t=1: target Pf_{E_l}(B_0) nonzero: True ; D^- part nonzero: True ; (theta, y1-degree, top=+-G): [(1, 1, True), (-1, 5, False)]  -> OK
(M,d=1) r=7 l=2 t=0: target Pf_{E_l}(B_0) nonzero: True ; D^- part nonzero: True ; (theta, y1-degree, top=+-G): [(1, 2, True), (-1, 4, False)]  -> OK
(M,d=1) r=7 l=2 t=1: target Pf_{E_l}(B_0) nonzero: True ; D^- part nonzero: True ; (theta, y1-degree, top=+-G): [(1, 2, True), (-1, 2, True)]  -> OK
(Z,d=0) r=7 l=1: y1-degree=5 (claimed 5) ; top = +-Delta(B_1): True
(Z,d=0) r=7 l=2: y1-degree=4 (claimed 4) ; top = +-Delta(B_1): True
(Z,d=0) r=7 l=3: y1-degree=3 (claimed 3) ; top = +-Delta(B_1): True
(R,d=1,mu_rho=1) r=7 l=1 t=0: y1-degree=6 (claimed 6) ; G nonzero: True ; top = +-Pf_{E_l}(B_0): True
(R,d=1,mu_rho=1) r=7 l=1 t=1: y1-degree=6 (claimed 6) ; G nonzero: True ; top = +-Pf_{E_l}(B_0): True
(R,d=1,mu_rho=1) r=7 l=2 t=0: y1-degree=5 (claimed 5) ; G nonzero: True ; top = +-Pf_{E_l}(B_0): True
(R,d=1,mu_rho=1) r=7 l=2 t=1: y1-degree=5 (claimed 5) ; G nonzero: True ; top = +-Pf_{E_l}(B_0): True
(R,d=1,mu_rho=1) r=7 l=3 t=0: y1-degree=4 (claimed 4) ; G nonzero: True ; top = +-Pf_{E_l}(B_0): True
(Z,d=1) r=7 l=0: y1-degree=6 (claimed 6) ; top = +-Delta(S): True
(Z,d=1) r=7 l=1: y1-degree=5 (claimed 5) ; top = +-Delta(S): True
(Z,d=1) r=7 l=2: y1-degree=4 (claimed 4) ; top = +-Delta(S): True
(Z,d=1) r=7 l=3: y1-degree=3 (claimed 3) ; top = +-Delta(S): True
time 0.1s
VIGIA-FIN-OK exit=0 pico_kb=8048 t=0s
