DEFINED LABELS: 214
  DUPLICATE DEF ('Corollary', '10.1') [1148, 1682]
  DUPLICATE DEF ('Corollary', '10.2') [1150, 1684]
  DUPLICATE DEF ('Lemma', '8.3') [781, 1398]
  DUPLICATE DEF ('Lemma', '8.7') [847, 1400]
  DUPLICATE DEF ('Proposition', '5.6') [368, 1376]
  DUPLICATE DEF ('Proposition', '8.10') [909, 1399]
  DUPLICATE DEF ('Theorem', '5.9') [454, 1331]
  DUPLICATE DEF ('Theorem', '5.9′') [470, 1332]
  DUPLICATE DEF ('Theorem', '7.6') [695, 1348]
  DUPLICATE DEF ('Theorem', '8.11') [944, 1397]
  DUPLICATE DEF ('Theorem', '8.15') [970, 1401]
  DUPLICATE DEF ('eq', '6.1') [498, 498]
  DUPLICATE DEF ('eq', '7.1') [643, 643]
  DUPLICATE DEF ('eq', '8.5') [769, 769]
  DUPLICATE DEF ('eq', '8.6') [855, 855]
  DUPLICATE DEF ('eq', '9.1') [1062, 1062]
  DUPLICATE DEF ('§', 'A.0') [1455, 1455]
  DUPLICATE DEF ('§', 'A.1') [1464, 1464]
  DUPLICATE DEF ('§', 'A.2') [1498, 1498]
  DUPLICATE DEF ('§', 'A.3') [1522, 1522]
  DUPLICATE DEF ('§', 'A.4') [1539, 1539]
  DUPLICATE DEF ('§', 'A.5') [1600, 1600]
  DUPLICATE DEF ('§', 'A.6') [1614, 1614]
  DUPLICATE DEF ('§', 'A.7') [1662, 1662]
  DUPLICATE DEF ('§', 'A.8') [1680, 1680]
  DUPLICATE DEF ('§', 'A.9') [1693, 1693]

REFERENCES WITH NO DEFINITION FOUND (kind,label): lines
  MISSING ('Proposition', '8.5') [127]
  MISSING ('Theorem', '1.1') [1292]
  MISSING ('§', '12.8') [127]
  MISSING ('§', 'A') [159]

ALL REFERENCED LABELS and definition line (for the semantic check):
  Corollary    A.17    def@1695  refs@[127, 1170, 1431]
  Corollary    5.4     def@330  refs@[98, 706]
  Corollary    7.7     def@704  refs@[52, 602, 704, 1116]
  Corollary    7.8     def@708  refs@[17, 65, 100, 602, 708, 712, 713, 714, 1118, 1120, 1429]
  Corollary    8.9     def@891  refs@[891, 904]
  Corollary    8.13    def@958  refs@[65, 738, 958, 1197, 1205]
  Corollary    9.12    def@1118  refs@[65, 100, 708, 1118, 1430]
  Corollary    10.1    def@1148  refs@[117, 1148, 1152, 1205, 1218, 1224, 1431]
  Corollary    10.2    def@1150  refs@[1150, 1168, 1431]
  Corollary    10.6    def@1187  refs@[127, 956, 1178, 1187, 1193, 1207, 1224, 1432]
  Corollary    10.8    def@1199  refs@[25, 127, 1197, 1199, 1432]
  Definition   8.2     def@775  refs@[153, 775]
  Definition   8.6     def@836  refs@[836]
  Example      9.13    def@1123  refs@[1123]
  Example      9.14    def@1125  refs@[1125]
  Fact         11.2    def@1229  refs@[17, 1229, 1436]
  Lemma        2.2     def@190  refs@[46, 706, 1017, 1082, 1222, 1259, 1262]
  Lemma        2.3     def@201  refs@[1008, 1097]
  Lemma        2.4     def@214  refs@[1097]
  Lemma        5.1     def@309  refs@[609]
  Lemma        5.2     def@323  refs@[809, 1236]
  Lemma        5.5     def@359  refs@[629, 787]
  Lemma        5.7     def@413  refs@[686, 690, 738, 826]
  Lemma        5.8′    def@448  refs@[960, 1222]
  Lemma        6.1     def@503  refs@[1066, 1068, 1110]
  Lemma        6.2     def@510  refs@[1066, 1068]
  Lemma        6.4     def@529  refs@[1074, 1286, 1294]
  Lemma        6.6     def@544  refs@[710, 1084, 1093]
  Lemma        6.7     def@553  refs@[600, 710, 1089]
  Lemma        6.8     def@564  refs@[127, 710, 1082]
  Lemma        7.1     def@607  refs@[607, 683, 697, 714, 749]
  Lemma        7.2     def@623  refs@[623, 701, 714, 1082, 1136, 1236]
  Lemma        7.2′    def@629  refs@[629, 647, 654]
  Lemma        7.3     def@641  refs@[641]
  Lemma        8.1     def@758  refs@[758, 767, 781, 793]
  Lemma        8.3     def@781  refs@[781, 911]
  Lemma        8.4     def@791  refs@[791, 946]
  Lemma        8.5     def@807  refs@[807, 950, 960, 962, 1097, 1136]
  Lemma        8.7     def@847  refs@[124, 738, 847, 898, 931, 950, 1430]
  Lemma        8.8     def@885  refs@[885, 893, 894]
  Lemma        8.12    def@952  refs@[952, 960, 1084, 1095]
  Lemma        9.1     def@1013  refs@[46, 1013, 1055, 1060, 1082, 1207, 1259, 1262]
  Lemma        9.4     def@1066  refs@[1066, 1110]
  Lemma        9.5     def@1072  refs@[1072, 1110, 1136]
  Lemma        9.6     def@1076  refs@[1076, 1110]
  Lemma        9.7     def@1087  refs@[1087, 1110, 1114]
  Lemma        9.8     def@1091  refs@[1091, 1114]
  Lemma        9.9     def@1095  refs@[1095, 1114]
  Lemma        9.10    def@1099  refs@[1099, 1110, 1114]
  Lemma        12.1    def@1257  refs@[1257, 1262]
  Lemma        12.4    def@1272  refs@[1272, 1429]
  Proposition  A.5     def@1500  refs@[1168, 1170]
  Proposition  2.1     def@181  refs@[59, 65, 706, 1008, 1055, 1060, 1227, 1290, 1294]
  Proposition  2.5     def@221  refs@[59, 98, 706, 1193, 1227]
  Proposition  2.6     def@234  refs@[117, 1185, 1214, 1231]
  Proposition  5.6     def@368  refs@[654, 795]
  Proposition  5.8     def@419  refs@[934]
  Proposition  6.5     def@533  refs@[710, 1074, 1236]
  Proposition  6.9     def@569  refs@[61, 590, 602, 706, 1429]
  Proposition  7.4     def@652  refs@[629, 652, 697]
  Proposition  7.5     def@681  refs@[590, 681, 697]
  Proposition  8.5     def@-  refs@[127]
  Proposition  8.10    def@909  refs@[909, 946, 962]
  Proposition  9.2     def@1039  refs@[63, 1039, 1103, 1114, 1123, 1430]
  Proposition  10.5    def@1180  refs@[127, 157, 726, 960, 1178, 1180, 1191, 1199, 1205, 1432]
  Proposition  11.1    def@1220  refs@[1189, 1220]
  Remark       4.2     def@292  refs@[1434]
  Remark       5.10    def@474  refs@[1434]
  Remark       7.9     def@712  refs@[602, 712]
  Remark       8.14    def@962  refs@[962]
  Remark       9.3     def@1057  refs@[1057, 1125, 1136]
  Remark       9.15    def@1136  refs@[1136]
  Remark       10.3    def@1152  refs@[1152, 1168]
  Remark       10.4    def@1154  refs@[25, 117, 127, 158, 1152, 1154, 1191, 1207, 1224, 1431, 1432, 1434]
  Remark       10.7    def@1193  refs@[127, 1154, 1193, 1207]
  Remark       12.2    def@1268  refs@[127, 1268, 1433]
  Remark       12.3    def@1270  refs@[1270, 1435]
  Remark       13.1    def@1294  refs@[1294]
  Theorem      A.12    def@1616  refs@[1170]
  Theorem      A.15    def@1664  refs@[1170]
  Theorem      1.1     def@-  refs@[1292]
  Theorem      4.1     def@278  refs@[67, 1429]
  Theorem      5.3     def@328  refs@[17, 61, 65, 98, 122, 1429]
  Theorem      5.9     def@454  refs@[65, 98, 712, 1429]
  Theorem      5.9′    def@470  refs@[65, 98, 713, 960, 1429]
  Theorem      7.6     def@695  refs@[65, 602, 695, 701, 714, 1429, 1434]
  Theorem      8.11    def@944  refs@[62, 65, 110, 738, 944, 950, 960, 962, 1097, 1430, 1434]
  Theorem      8.15    def@970  refs@[67, 970, 1123, 1136, 1430]
  Theorem      9.11    def@1108  refs@[52, 63, 127, 1108, 1118, 1136, 1430]
  eq           5.2     def@392  refs@[629, 631, 654, 663, 664, 665, 674, 675]
  eq           6.1     def@498  refs@[710, 712]
  eq           6.2     def@514  refs@[1070, 1074, 1097, 1103]
  eq           7.1     def@643  refs@[643, 683]
  eq           8.1     def@742  refs@[742, 747, 842]
  eq           8.2     def@743  refs@[743, 825]
  eq           8.3     def@744  refs@[744, 954]
  eq           8.4     def@745  refs@[745, 822, 931, 934]
  eq           8.5     def@769  refs@[769, 795, 797]
  eq           8.6     def@855  refs@[855, 859, 863, 900]
  eq           8.7     def@861  refs@[861, 863, 900]
  eq           8.8     def@881  refs@[881, 889]
  eq           9.1     def@1062  refs@[1062, 1114]
  §            A       def@-  refs@[159]
  §            1       def@29  refs@[159]
  §            1.1     def@31  refs@[134]
  §            1.2     def@41  refs@[135, 138, 1019, 1116]
  §            1.3     def@69  refs@[1427]
  §            1.4     def@80  refs@[1280]
  §            1.5     def@89  refs@[46]
  §            1.6     def@112  refs@[156]
  §            1.8     def@126  refs@[1207, 1238]
  §            1.9     def@129  refs@[1154]
  §            2       def@162  refs@[46, 52, 59, 98, 130, 136, 159, 1037, 1103, 1154, 1231, 1282]
  §            2.1     def@180  refs@[1008]
  §            2.2     def@187  refs@[137, 1168]
  §            2.3     def@200  refs@[90, 139, 140, 726, 837, 1191]
  §            3       def@243  refs@[142]
  §            4       def@272  refs@[65, 67]
  §            5       def@294  refs@[60, 124, 130, 139, 159, 590, 722, 738, 962, 1236, 1424]
  §            5.1     def@304  refs@[145]
  §            5.2     def@313  refs@[140, 141, 142, 143, 144, 612, 620, 747, 752, 756, 837]
  §            5.4     def@336  refs@[145, 756, 765, 773]
  §            5.5     def@348  refs@[612, 629, 631, 647, 789]
  §            5.6     def@367  refs@[629, 631, 654]
  §            5.9     def@445  refs@[146]
  §            6       def@488  refs@[61, 63, 127, 130, 147, 159, 590, 1008, 1010, 1060, 1136, 1236, 1424]
  §            6.3     def@518  refs@[1070]
  §            6.4     def@537  refs@[1093]
  §            6.5     def@550  refs@[148]
  §            6.6     def@557  refs@[148, 600, 1076]
  §            7       def@588  refs@[46, 61, 100, 127, 130, 962, 1236, 1424, 1425]
  §            7.2     def@611  refs@[144, 149]
  §            7.3     def@633  refs@[697]
  §            8       def@716  refs@[62, 127, 130, 150, 151, 152, 1010, 1017, 1053, 1097, 1136, 1197, 1425, 1438]
  §            8.2     def@751  refs@[153, 965]
  §            8.3     def@811  refs@[154]
  §            8.4     def@831  refs@[154]
  §            8.5     def@846  refs@[851]
  §            8.7     def@943  refs@[965]
  §            8.8     def@964  refs@[67, 1136]
  §            8.9     def@995  refs@[1123]
  §            9       def@1006  refs@[63, 127, 130, 155, 590, 962, 965, 1424, 1425, 1438]
  §            9.1     def@1012  refs@[138, 1008]
  §            9.2     def@1032  refs@[1008]
  §            9.3     def@1059  refs@[1008, 1110]
  §            9.4     def@1086  refs@[1008]
  §            10      def@1138  refs@[25, 65, 127, 130, 152, 156, 157, 158, 726, 1030]
  §            11      def@1211  refs@[25, 65, 117, 127, 130, 1152, 1154, 1207]
  §            12      def@1240  refs@[39, 76, 127, 159, 160]
  §            12.1    def@1244  refs@[70, 74, 76]
  §            12.3    def@1261  refs@[78]
  §            12.8    def@-  refs@[127]
  §            13      def@1278  refs@[87, 110, 159]
  §            14      def@1296  refs@[713, 1231, 1270, 1276, 1435]
  §            14.1    def@1300  refs@[78]
  §            14.4    def@1346  refs@[692]
  §            14.5    def@1354  refs@[1164, 1170, 1172]
  §            14.6    def@1357  refs@[1438]
  §            14.8    def@1386  refs@[11, 65, 127, 1425]
  §            14.9    def@1394  refs@[962, 1136, 1197, 1435]
  §            15      def@1410  refs@[127, 1178, 1268, 1433, 1437]
VIGIA-FIN-OK exit=0 pico_kb=8704 t=0s
