mu=(4,) n=4 q=243 vdim=1 W=1 ngens=150
real 0.03
mu=(3,1) n=4 q=243 vdim=4 W=4 ngens=120
real 0.52
mu=(2,2) n=4 q=243 vdim=6 W=6 ngens=110
real 0.58
mu=(3,) n=4 q=243 vdim=4 W=4 ngens=101
real 0.39
mu=(2,1) n=4 q=243 vdim=12 W=12 ngens=75
real 0.42
mu=(1,1,1) n=4 q=243 vdim=24 W=24 ngens=59
real 0.38
mu=(5,) n=5 q=81 vdim=1 W=1 ngens=563
real 0.09
mu=(4,1) n=5 q=81 vdim=5 W=5 ngens=468
real 2.26
mu=(3,2) n=5 q=81 vdim=10 W=10 ngens=423
real 3.25
mu=(4,) n=5 q=81 vdim=5 W=5 ngens=417
real 1.86
mu=(3,1) n=5 q=81 vdim=20 W=20 ngens=327
real 5.57
mu=(2,2) n=5 q=81 vdim=30 W=30 ngens=297
real 5.61
mu=(2,1,1) n=5 q=81 vdim=60 W=60 ngens=252
real 5.34
mu=(3,) n=5 q=81 vdim=795 W=795 ngens=276
real 1.51
mu=(2,1) n=5 q=81 vdim=2360 W=2360 ngens=201
real 8.80
VIGIA-FIN-OK exit=0 pico_kb=15920 t=37s
