P (1, 1, 3) tails,pairs,bad= (1, 0, 0)
P (2, 1, 3) tails,pairs,bad= (2, 1, 0)
P (3, 3, 3) tails,pairs,bad= (6, 14, 0)
P (4, 4, 3) tails,pairs,bad= (10, 40, 0)
P (5, 4, 3) tails,pairs,bad= (13, 68, 0)
P (6, 6, 3) tails,pairs,bad= (21, 178, 0)
P (3, 3, 5) tails,pairs,bad= (9, 31, 0)
P (4, 3, 5) tails,pairs,bad= (14, 73, 0)
P (5, 5, 5) tails,pairs,bad= (41, 579, 0)
P (3, 3, 9) tails,pairs,bad= (9, 31, 0)
P (5, 4, 9) tails,pairs,bad= (40, 536, 0)
P (6, 6, 9) tails,pairs,bad= (133, 5049, 0)
P (4, 4, 27) tails,pairs,bad= (24, 203, 0)
P (3, 3, 81) tails,pairs,bad= (9, 31, 0)
P (7, 5, 27) tails,pairs,bad= (136, 5281, 0)
P (8, 7, 5) tails,pairs,bad= (152, 7214, 0)
P1 (2, 2, 3) tails,bad= (27, 0)
P1 (3, 3, 3) tails,bad= (243, 0)
P1 (4, 3, 3) tails,bad= (729, 0)
P1 (3, 2, 5) tails,bad= (625, 0)
P1 (3, 3, 5) tails,bad= (3125, 0)
P1 (2, 2, 9) tails,bad= (729, 0)
P1 (3, 2, 9) tails,bad= (6561, 0)
P1 (2, 2, 27) tails,bad= (19683, 0)
VIGIA-FIN-OK exit=0 pico_kb=13440 t=3s
