cell (n+1,m)=(5,1) q=9 c=2 : lift ok? true  (.005359 s)
  syz computed: 56 columns (.36931 s)
  reduced mod syz; still a certificate? true  (.399944 s)
  nonzero coefficients: 17 of 27 ; total terms 225
  by type: Tally{box => 4           }
                 e_odd => 3
                 z*lay{1, 1, 2} => 9
                 z^3 => 1
  [e_odd] gen=e_1
      z^1: y_2^8*y_3*z-y_2^7*y_3^2*z+y_2^6*y_3^3*z-y_2^5*y_3^4*z+y_2^4*y_3^5*z-y_2^3*y_3^6*z+y_2^2*y_3^7*z-y_2*y_3^8*z+y_2^8*y_4*z-y_2^7*y_4^2*z+y_2^6*y_4^3*z-y_2^5*y_4^4*z+y_2^4*y_4^5*z-y_2^3*y_4^6*z+y_2^2*y_4^7*z-y_2*y_4^8*z
      z^2: y_1^7*y_3*z^2-y_2^7*y_3*z^2-y_1^6*y_3^2*z^2+y_2^6*y_3^2*z^2+y_1^5*y_3^3*z^2-y_2^5*y_3^3*z^2-y_1^4*y_3^4*z^2+y_2^4*y_3^4*z^2+y_1^3*y_3^5*z^2-y_2^3*y_3^5*z^2-y_1^2*y_3^6*z^2+y_2^2*y_3^6*z^2+y_1*y_3^7*z^2-y_2*y_3^7*z^2+y_1^7*y_4*z^2-y_2^7*y_4*z^2+y_3^7*y_4*z^2-y_1^6*y_4^2*z^2+y_2^6*y_4^2*z^2-y_3^6*y_4^2*z^2+y_1^5*y_4^3*z^2-y_2^5*y_4^3*z^2+y_3^5*y_4^3*z^2-y_1^4*y_4^4*z^2+y_2^4*y_4^4*z^2-y_3^4*y_4^4*z^2+y_1^3*y_4^5*z^2-y_2^3*y_4^5*z^2+y_3^3*y_4^5*z^2-y_1^2*y_4^6*z^2+y_2^2*y_4^6*z^2-y_3^2*y_4^6*z^2+y_1*y_4^7*z^2-y_2*y_4^7*z^2+y_3*y_4^7*z^2
  [e_odd] gen=e_3
      z^1: y_2^6*y_3*z-y_2^5*y_3^2*z+y_2^4*y_3^3*z-y_2^3*y_3^4*z+y_2^2*y_3^5*z-y_2*y_3^6*z-y_3^7*z+y_2^6*y_4*z-y_2^5*y_4^2*z+y_2^4*y_4^3*z-y_2^3*y_4^4*z+y_2^2*y_4^5*z-y_2*y_4^6*z-y_4^7*z
      z^2: -y_1^6*z^2+y_1^5*y_3*z^2-y_2^5*y_3*z^2-y_1^4*y_3^2*z^2+y_2^4*y_3^2*z^2+y_1^3*y_3^3*z^2-y_2^3*y_3^3*z^2-y_1^2*y_3^4*z^2+y_2^2*y_3^4*z^2+y_1*y_3^5*z^2-y_2*y_3^5*z^2-y_3^6*z^2+y_1^5*y_4*z^2-y_2^5*y_4*z^2+y_3^5*y_4*z^2-y_1^4*y_4^2*z^2+y_2^4*y_4^2*z^2-y_3^4*y_4^2*z^2+y_1^3*y_4^3*z^2-y_2^3*y_4^3*z^2+y_3^3*y_4^3*z^2-y_1^2*y_4^4*z^2+y_2^2*y_4^4*z^2-y_3^2*y_4^4*z^2+y_1*y_4^5*z^2-y_2*y_4^5*z^2+y_3*y_4^5*z^2-y_4^6*z^2
      z^>=3: 16 terms
  [e_odd] gen=e_5
      z^0: y_2^6-y_3^6-y_4^6
      z^1: -y_1^5*z+y_2^4*y_3*z-y_2^3*y_3^2*z+y_2^2*y_3^3*z-y_2*y_3^4*z+y_3^5*z+y_2^4*y_4*z-y_2^3*y_4^2*z+y_2^2*y_4^3*z-y_2*y_4^4*z+y_4^5*z
      z^2: y_1^4*z^2+y_2^4*z^2+y_1^3*y_3*z^2-y_2^3*y_3*z^2-y_1^2*y_3^2*z^2+y_2^2*y_3^2*z^2+y_1*y_3^3*z^2-y_2*y_3^3*z^2+y_3^4*z^2+y_1^3*y_4*z^2-y_2^3*y_4*z^2+y_3^3*y_4*z^2-y_1^2*y_4^2*z^2+y_2^2*y_4^2*z^2-y_3^2*y_4^2*z^2+y_1*y_4^3*z^2-y_2*y_4^3*z^2+y_3*y_4^3*z^2+y_4^4*z^2
      z^>=3: 9 terms
  [box] gen=y_2^9
      z^1: -y_3*z-y_4*z
  [box] gen=y_3^9
      z^1: y_2*z
  [box] gen=y_4^9
      z^1: y_2*z
  [box] gen=z^9
      z^0: -y_1*y_2-y_1*y_3-y_2*y_3-y_1*y_4-y_2*y_4-y_3*y_4
  [z*lay{1, 1, 2}] gen=y_2^8*y_3*y_4*z
      z^0: 1
  [z*lay{1, 1, 2}] gen=y_1*y_2^8*y_4*z
      z^0: -1
  [z*lay{1, 1, 2}] gen=y_1*y_2^8*y_3*z
      z^0: -1
  [z*lay{1, 1, 2}] gen=y_2*y_3^8*y_4*z
      z^0: -1
  [z*lay{1, 1, 2}] gen=y_1*y_3^8*y_4*z
      z^0: 1
  [z*lay{1, 1, 2}] gen=y_1*y_2*y_3^8*z
      z^0: -1
  [z*lay{1, 1, 2}] gen=y_2*y_3*y_4^8*z
      z^0: -1
  [z*lay{1, 1, 2}] gen=y_1*y_3*y_4^8*z
      z^0: 1
  [z*lay{1, 1, 2}] gen=y_1*y_2*y_4^8*z
      z^0: -1
  [z^3] gen=z^3
      z^0: y_1^7*y_2+y_2^7*y_3-y_2*y_3^7+y_2^7*y_4-y_1^6*y_3*y_4+y_2^6*y_3*y_4+y_1*y_3^6*y_4+y_1*y_3*y_4^6-y_2*y_4^7
      z^1: -y_1*y_2^6*z-y_2^6*y_3*z-y_1*y_3^6*z-y_2*y_3^6*z-y_2^6*y_4*z-y_3^6*y_4*z-y_1*y_4^6*z-y_2*y_4^6*z-y_3*y_4^6*z
      z^2: y_1*y_2^5*z^2+y_2^5*y_3*z^2+y_1*y_3^5*z^2+y_2*y_3^5*z^2+y_2^5*y_4*z^2+y_3^5*y_4*z^2+y_1*y_4^5*z^2+y_2*y_4^5*z^2+y_3*y_4^5*z^2
      z^>=3: 28 terms
FIN-OK
EXIT 0 after 2s
