=== (n+1,m)=(6,2) q=9 c=2 d=10
  S_P-invariant g, X={j,l}: 572 unknowns, solvable? true (1.07203 s)
  raw support 44
  minimal support 44 : 
    coef -1 * g = y_j^0 y_l^0 * orb_P{0, 0, 0}   (t = 10)
    coef -1 * g = y_j^0 y_l^0 * orb_P{0, 0, 2}   (t = 8)
    coef 1 * g = y_j^0 y_l^2 * orb_P{0, 0, 0}   (t = 8)
    coef -1 * g = y_j^1 y_l^0 * orb_P{0, 0, 1}   (t = 8)
    coef -1 * g = y_j^2 y_l^0 * orb_P{0, 0, 0}   (t = 8)
    coef -1 * g = y_j^0 y_l^1 * orb_P{0, 1, 1}   (t = 7)
    coef -1 * g = y_j^0 y_l^3 * orb_P{0, 0, 0}   (t = 7)
    coef 1 * g = y_j^1 y_l^0 * orb_P{0, 0, 2}   (t = 7)
    coef -1 * g = y_j^2 y_l^0 * orb_P{0, 0, 1}   (t = 7)
    coef 1 * g = y_j^3 y_l^0 * orb_P{0, 0, 0}   (t = 7)
    coef 1 * g = y_j^0 y_l^0 * orb_P{0, 0, 4}   (t = 6)
    coef 1 * g = y_j^0 y_l^1 * orb_P{0, 1, 2}   (t = 6)
    coef 1 * g = y_j^0 y_l^4 * orb_P{0, 0, 0}   (t = 6)
    coef -1 * g = y_j^1 y_l^0 * orb_P{0, 0, 3}   (t = 6)
    coef 1 * g = y_j^2 y_l^0 * orb_P{0, 0, 2}   (t = 6)
    coef 1 * g = y_j^3 y_l^0 * orb_P{0, 0, 1}   (t = 6)
    coef -1 * g = y_j^4 y_l^0 * orb_P{0, 0, 0}   (t = 6)
    coef -1 * g = y_j^0 y_l^1 * orb_P{0, 1, 3}   (t = 5)
    coef -1 * g = y_j^0 y_l^1 * orb_P{0, 2, 2}   (t = 5)
    coef -1 * g = y_j^0 y_l^5 * orb_P{0, 0, 0}   (t = 5)
    coef 1 * g = y_j^1 y_l^0 * orb_P{0, 0, 4}   (t = 5)
    coef -1 * g = y_j^2 y_l^0 * orb_P{0, 0, 3}   (t = 5)
    coef -1 * g = y_j^3 y_l^0 * orb_P{0, 0, 2}   (t = 5)
    coef 1 * g = y_j^4 y_l^0 * orb_P{0, 0, 1}   (t = 5)
    coef -1 * g = y_j^0 y_l^0 * orb_P{0, 0, 6}   (t = 4)
    coef 1 * g = y_j^0 y_l^1 * orb_P{0, 1, 4}   (t = 4)
    coef 1 * g = y_j^0 y_l^1 * orb_P{0, 2, 3}   (t = 4)
    coef 1 * g = y_j^0 y_l^4 * orb_P{0, 0, 2}   (t = 4)
    coef -1 * g = y_j^1 y_l^0 * orb_P{0, 0, 5}   (t = 4)
    coef 1 * g = y_j^2 y_l^0 * orb_P{0, 0, 4}   (t = 4)
    coef -1 * g = y_j^3 y_l^0 * orb_P{0, 0, 3}   (t = 4)
    coef 1 * g = y_j^0 y_l^1 * orb_P{0, 1, 5}   (t = 3)
    coef 1 * g = y_j^0 y_l^1 * orb_P{0, 2, 4}   (t = 3)
    coef 1 * g = y_j^0 y_l^1 * orb_P{0, 3, 3}   (t = 3)
    coef -1 * g = y_j^0 y_l^3 * orb_P{0, 0, 4}   (t = 3)
    coef 1 * g = y_j^1 y_l^0 * orb_P{0, 0, 6}   (t = 3)
    coef 1 * g = y_j^2 y_l^0 * orb_P{0, 0, 5}   (t = 3)
    coef 1 * g = y_j^0 y_l^1 * orb_P{0, 1, 6}   (t = 2)
    coef 1 * g = y_j^0 y_l^1 * orb_P{0, 2, 5}   (t = 2)
    coef 1 * g = y_j^0 y_l^1 * orb_P{0, 3, 4}   (t = 2)
    coef 1 * g = y_j^0 y_l^2 * orb_P{0, 0, 6}   (t = 2)
    coef 1 * g = y_j^0 y_l^2 * orb_P{0, 1, 5}   (t = 2)
    coef 1 * g = y_j^0 y_l^2 * orb_P{0, 2, 4}   (t = 2)
    coef 1 * g = y_j^0 y_l^2 * orb_P{0, 3, 3}   (t = 2)
=== (n+1,m)=(6,2) q=27 c=2 d=28
WATCHDOG-KILLED at 570s
pgrep: no M2 process remains
