=== (n+1,m)=(6,2) q=9 c=2 d=10 factors<=1
  97 unknowns, solvable? true (.033209 s)
  greedy-minimal support 14
    A_0 += -1 * a^1 b^8 e{0}
    A_0 += 1 * a^2 b^7 e{0}
    A_0 += -1 * a^3 b^6 e{0}
    A_0 += 1 * a^4 b^5 e{0}
    A_0 += -1 * a^5 b^4 e{0}
    A_0 += 1 * a^6 b^3 e{0}
    A_0 += -1 * a^7 b^2 e{0}
    A_0 += 1 * a^8 b^1 e{0}
    A_1 += -1 * a^1 b^6 e{0}
    A_1 += 1 * a^2 b^5 e{0}
    A_1 += -1 * a^3 b^4 e{0}
    A_1 += 1 * a^4 b^3 e{0}
    A_1 += -1 * a^5 b^2 e{0}
    A_1 += 1 * a^6 b^1 e{0}
=== (n+1,m)=(6,1) q=9 c=3 d=11 factors<=1
  111 unknowns, solvable? true (.046571 s)
  greedy-minimal support 14
    A_0 += -1 * a^2 b^8 e{0}
    A_0 += 1 * a^3 b^7 e{0}
    A_0 += -1 * a^4 b^6 e{0}
    A_0 += 1 * a^5 b^5 e{0}
    A_0 += -1 * a^6 b^4 e{0}
    A_0 += 1 * a^7 b^3 e{0}
    A_0 += -1 * a^8 b^2 e{0}
    A_1 += 1 * a^1 b^7 e{0}
    A_1 += -1 * a^2 b^6 e{0}
    A_1 += 1 * a^3 b^5 e{0}
    A_1 += -1 * a^4 b^4 e{0}
    A_1 += 1 * a^5 b^3 e{0}
    A_1 += -1 * a^6 b^2 e{0}
    A_1 += 1 * a^7 b^1 e{0}
=== (n+1,m)=(5,1) q=9 c=2 d=10 factors<=1
  68 unknowns, solvable? true (.010645 s)
  greedy-minimal support 14
    A_0 += -1 * a^1 b^8 e{0}
    A_0 += 1 * a^2 b^7 e{0}
    A_0 += -1 * a^3 b^6 e{0}
    A_0 += 1 * a^4 b^5 e{0}
    A_0 += -1 * a^5 b^4 e{0}
    A_0 += 1 * a^6 b^3 e{0}
    A_0 += -1 * a^7 b^2 e{0}
    A_0 += 1 * a^8 b^1 e{0}
    A_1 += -1 * a^1 b^6 e{0}
    A_1 += 1 * a^2 b^5 e{0}
    A_1 += -1 * a^3 b^4 e{0}
    A_1 += 1 * a^4 b^3 e{0}
    A_1 += -1 * a^5 b^2 e{0}
    A_1 += 1 * a^6 b^1 e{0}
=== (n+1,m)=(6,2) q=27 c=2 d=28 factors<=1
  421 unknowns, solvable? true (21.4876 s)
  greedy-minimal support 50
    A_0 += -1 * a^1 b^26 e{0}
    A_0 += 1 * a^2 b^25 e{0}
    A_0 += -1 * a^3 b^24 e{0}
    A_0 += 1 * a^4 b^23 e{0}
    A_0 += -1 * a^5 b^22 e{0}
    A_0 += 1 * a^6 b^21 e{0}
    A_0 += -1 * a^7 b^20 e{0}
    A_0 += 1 * a^8 b^19 e{0}
    A_0 += -1 * a^9 b^18 e{0}
    A_0 += 1 * a^10 b^17 e{0}
    A_0 += -1 * a^11 b^16 e{0}
    A_0 += 1 * a^12 b^15 e{0}
    A_0 += -1 * a^13 b^14 e{0}
    A_0 += 1 * a^14 b^13 e{0}
    A_0 += -1 * a^15 b^12 e{0}
    A_0 += 1 * a^16 b^11 e{0}
    A_0 += -1 * a^17 b^10 e{0}
    A_0 += 1 * a^18 b^9 e{0}
    A_0 += -1 * a^19 b^8 e{0}
    A_0 += 1 * a^20 b^7 e{0}
    A_0 += -1 * a^21 b^6 e{0}
    A_0 += 1 * a^22 b^5 e{0}
    A_0 += -1 * a^23 b^4 e{0}
    A_0 += 1 * a^24 b^3 e{0}
    A_0 += -1 * a^25 b^2 e{0}
    A_0 += 1 * a^26 b^1 e{0}
    A_1 += -1 * a^1 b^24 e{0}
    A_1 += 1 * a^2 b^23 e{0}
    A_1 += -1 * a^3 b^22 e{0}
    A_1 += 1 * a^4 b^21 e{0}
    A_1 += -1 * a^5 b^20 e{0}
    A_1 += 1 * a^6 b^19 e{0}
    A_1 += -1 * a^7 b^18 e{0}
    A_1 += 1 * a^8 b^17 e{0}
    A_1 += -1 * a^9 b^16 e{0}
    A_1 += 1 * a^10 b^15 e{0}
    A_1 += -1 * a^11 b^14 e{0}
    A_1 += 1 * a^12 b^13 e{0}
    A_1 += -1 * a^13 b^12 e{0}
    A_1 += 1 * a^14 b^11 e{0}
    A_1 += -1 * a^15 b^10 e{0}
    A_1 += 1 * a^16 b^9 e{0}
    A_1 += -1 * a^17 b^8 e{0}
    A_1 += 1 * a^18 b^7 e{0}
    A_1 += -1 * a^19 b^6 e{0}
    A_1 += 1 * a^20 b^5 e{0}
    A_1 += -1 * a^21 b^4 e{0}
    A_1 += 1 * a^22 b^3 e{0}
    A_1 += -1 * a^23 b^2 e{0}
    A_1 += 1 * a^24 b^1 e{0}
FIN-OK
EXIT 0 after 195s
