mu={1, 1} n=2 f=0 : colength 2 fibre 2 OK ; anchor-indep true ; mingens by degree {(1,1), (2,1)} [.00016 s]
mu={1, 1} n=3 f=1 : colength 6 fibre 6 OK ; anchor-indep true ; mingens by degree {(1,1), (2,1), (3,1)} [.000185 s]
mu={1, 1} n=4 f=2 : colength 84 fibre 84 OK ; anchor-indep true ; mingens by degree {(1,1), (3,1), (4,1), (9,6)} [.000981 s]
mu={1, 1} n=5 f=3 : colength 380 fibre 380 OK ; anchor-indep true ; mingens by degree {(1,1), (3,1), (4,1), (5,1), (9,4), (10,5)} [.016499 s]
mu={1, 1} n=6 f=4 : colength 3930 fibre 3930 OK ; anchor-indep true ; mingens by degree {(1,1), (3,1), (5,1), (6,1), (9,5), (11,10)} [3.63628 s]
mu={2, 1} n=3 f=0 : colength 3 fibre 3 OK ; anchor-indep true ; mingens by degree {(1,1), (2,3)} [.000223 s]
mu={2, 1} n=4 f=1 : colength 12 fibre 12 OK ; anchor-indep true ; mingens by degree {(1,1), (2,1), (3,4)} [.000375 s]
mu={2, 1} n=5 f=2 : colength 200 fibre 200 OK ; anchor-indep true ; mingens by degree {(1,1), (3,1), (4,5), (9,10)} [.018759 s]
mu={2, 1} n=6 f=3 : colength 1080 fibre 1080 OK ; anchor-indep true ; mingens by degree {(1,1), (3,1), (4,1), (5,6), (9,5), (10,9), (11,16)} [1.98683 s]
mu={3, 1} n=4 f=0 : colength 4 fibre 4 OK ; anchor-indep true ; mingens by degree {(1,1), (2,6)} [.000796 s]
mu={3, 1} n=5 f=1 : colength 20 fibre 20 OK ; anchor-indep true ; mingens by degree {(1,1), (2,1), (3,10)} [.001652 s]
mu={3, 1} n=6 f=2 : colength 390 fibre 390 OK ; anchor-indep true ; mingens by degree {(1,1), (3,1), (4,15), (9,15)} [2.1132 s]
mu={4, 1} n=5 f=0 : colength 5 fibre 5 OK ; anchor-indep true ; mingens by degree {(1,1), (2,10)} [.001554 s]
mu={4, 1} n=6 f=1 : colength 30 fibre 30 OK ; anchor-indep true ; mingens by degree {(1,1), (2,1), (3,20)} [.01 s]
mu={2, 2} n=4 f=0 : colength 6 fibre 6 OK ; anchor-indep true ; mingens by degree {(1,1), (2,4)} [.000423 s]
mu={2, 2} n=5 f=1 : colength 30 fibre 30 OK ; anchor-indep true ; mingens by degree {(1,1), (2,1), (3,5)} [.001614 s]
mu={2, 2} n=6 f=2 : colength 570 fibre 570 OK ; anchor-indep true ; mingens by degree {(1,1), (3,1), (4,6), (9,15)} [1.52602 s]
mu={3, 2} n=5 f=0 : colength 10 fibre 10 OK ; anchor-indep true ; mingens by degree {(1,1), (2,5), (3,1)} [.001618 s]
mu={3, 2} n=6 f=1 : colength 60 fibre 60 OK ; anchor-indep true ; mingens by degree {(1,1), (2,1), (3,6), (4,9)} [.008443 s]
mu={1, 1, 1} n=3 f=0 : colength 6 fibre 6 OK ; anchor-indep true ; mingens by degree {(1,1), (2,1), (3,1)} [.000179 s]
mu={1, 1, 1} n=4 f=1 : colength 24 fibre 24 OK ; anchor-indep true ; mingens by degree {(1,1), (2,1), (3,1), (4,1)} [.000324 s]
mu={1, 1, 1} n=5 f=2 : colength 360 fibre 360 OK ; anchor-indep true ; mingens by degree {(1,1), (3,1), (4,1), (5,1), (9,10)} [.018515 s]
mu={1, 1, 1} n=6 f=3 : colength 1920 fibre 1920 OK ; anchor-indep true ; mingens by degree {(1,1), (3,1), (4,1), (5,1), (6,1), (9,5), (10,9)} [2.16005 s]
mu={2, 1, 1} n=4 f=0 : colength 12 fibre 12 OK ; anchor-indep true ; mingens by degree {(1,1), (2,1), (3,4)} [.00039 s]
mu={2, 1, 1} n=5 f=1 : colength 60 fibre 60 OK ; anchor-indep true ; mingens by degree {(1,1), (2,1), (3,1), (4,5)} [.00131 s]
mu={2, 1, 1} n=6 f=2 : colength 1020 fibre 1020 OK ; anchor-indep true ; mingens by degree {(1,1), (3,1), (4,1), (5,6), (9,15)} [1.2268 s]
mu={3, 1, 1} n=5 f=0 : colength 20 fibre 20 OK ; anchor-indep true ; mingens by degree {(1,1), (2,1), (3,10)} [.001586 s]
mu={3, 1, 1} n=6 f=1 : colength 120 fibre 120 OK ; anchor-indep true ; mingens by degree {(1,1), (2,1), (3,1), (4,15)} [.00868 s]
mu={2, 2, 1} n=5 f=0 : colength 30 fibre 30 OK ; anchor-indep true ; mingens by degree {(1,1), (2,1), (3,5)} [.000905 s]
mu={2, 2, 1} n=6 f=1 : colength 180 fibre 180 OK ; anchor-indep true ; mingens by degree {(1,1), (2,1), (3,1), (4,6)} [.004335 s]
mu={1, 1, 1, 1} n=4 f=0 : colength 24 fibre 24 OK ; anchor-indep true ; mingens by degree {(1,1), (2,1), (3,1), (4,1)} [.000333 s]
mu={1, 1, 1, 1} n=5 f=1 : colength 120 fibre 120 OK ; anchor-indep true ; mingens by degree {(1,1), (2,1), (3,1), (4,1), (5,1)} [.001148 s]
mu={1, 1, 1, 1} n=6 f=2 : colength 1800 fibre 1800 OK ; anchor-indep true ; mingens by degree {(1,1), (3,1), (4,1), (5,1), (6,1), (9,15)} [2.34781 s]
mu={2, 1, 1, 1} n=5 f=0 : colength 60 fibre 60 OK ; anchor-indep true ; mingens by degree {(1,1), (2,1), (3,1), (4,5)} [.001282 s]
mu={2, 1, 1, 1} n=6 f=1 : colength 360 fibre 360 OK ; anchor-indep true ; mingens by degree {(1,1), (2,1), (3,1), (4,1), (5,6)} [.006417 s]
FIN-OK
EXIT 0 after 29s
