--- leaves f <= 1, q = 9 ---
mu={1, 1} n=2 f=0 |W|=2 : K_unif == G (as ideals)? true  [.003039 s]
mu={1, 1} n=3 f=1 |W|=6 : K_unif == G (as ideals)? true  [.002894 s]
mu={2, 1} n=3 f=0 |W|=3 : K_unif == G (as ideals)? true  [.002863 s]
mu={2, 1} n=4 f=1 |W|=12 : K_unif == G (as ideals)? true  [.004409 s]
mu={3, 1} n=4 f=0 |W|=4 : K_unif == G (as ideals)? true  [.004356 s]
mu={3, 1} n=5 f=1 |W|=20 : K_unif == G (as ideals)? true  [.009596 s]
mu={4, 1} n=5 f=0 |W|=5 : K_unif == G (as ideals)? true  [.009131 s]
mu={4, 1} n=6 f=1 |W|=30 : K_unif == G (as ideals)? true  [.064099 s]
mu={2, 2} n=4 f=0 |W|=6 : K_unif == G (as ideals)? true  [.004453 s]
mu={2, 2} n=5 f=1 |W|=30 : K_unif == G (as ideals)? true  [.010038 s]
mu={3, 2} n=5 f=0 |W|=10 : K_unif == G (as ideals)? true  [.009096 s]
mu={3, 2} n=6 f=1 |W|=60 : K_unif == G (as ideals)? true  [.035014 s]
mu={1, 1, 1} n=3 f=0 |W|=6 : K_unif == G (as ideals)? true  [.003119 s]
mu={1, 1, 1} n=4 f=1 |W|=24 : K_unif == G (as ideals)? true  [.039196 s]
mu={2, 1, 1} n=4 f=0 |W|=12 : K_unif == G (as ideals)? true  [.004558 s]
mu={2, 1, 1} n=5 f=1 |W|=60 : K_unif == G (as ideals)? true  [.012266 s]
mu={3, 1, 1} n=5 f=0 |W|=20 : K_unif == G (as ideals)? true  [.009929 s]
mu={3, 1, 1} n=6 f=1 |W|=120 : K_unif == G (as ideals)? true  [.186202 s]
mu={2, 2, 1} n=5 f=0 |W|=30 : K_unif == G (as ideals)? true  [.010842 s]
mu={2, 2, 1} n=6 f=1 |W|=180 : K_unif == G (as ideals)? true  [.496697 s]
mu={1, 1, 1, 1} n=4 f=0 |W|=24 : K_unif == G (as ideals)? true  [.005448 s]
mu={1, 1, 1, 1} n=5 f=1 |W|=120 : K_unif == G (as ideals)? true  [.016858 s]
mu={2, 1, 1, 1} n=5 f=0 |W|=60 : K_unif == G (as ideals)? true  [.012688 s]
mu={2, 1, 1, 1} n=6 f=1 |W|=360 : K_unif == G (as ideals)? true  [1.51867 s]
--- q = 27, n <= 5, f >= 2 ---
mu={1, 1} n=4 f=2 |W|=300 : K_unif == G (as ideals)? true  [.03973 s]
mu={1, 1} n=5 f=3 |W|=1460 : K_unif == G (as ideals)? true  [14.5549 s]
mu={2, 1} n=5 f=2 |W|=740 : K_unif == G (as ideals)? true  [8.13277 s]
mu={1, 1, 1} n=5 f=2 |W|=1440 : K_unif == G (as ideals)? true  [16.3339 s]
FIN-OK
EXIT 0 after 42s
