RESULT q=9 mu=(2, 2) n=7 f=3: vdim(unifK) = 3675  vdim(tops) = 3570  K<=tops: 1  sec: 39
  NEW beyond K: 35  degrees: 11 11 11 11 11 11 11 11 11 11 11 11 11 11 11 11 11 11 11 11 11 11 11 11 11 11 11 11 11 11 11 11 11 11 11 
   NEW 1 deg 11 terms 1
x(5)^2*x(6)^2*x(7)^7
   NEW 2 deg 11 terms 1
x(4)^2*x(6)^2*x(7)^7
   NEW 3 deg 11 terms 1
x(3)^2*x(6)^2*x(7)^7
   NEW 4 deg 11 terms 10
x(2)*x(3)*x(6)^2*x(7)^7+x(2)*x(4)*x(6)^2*x(7)^7+x(3)*x(4)*x(6)^2*x(7)^7+x(2)*x(5)*x(6)^2*x(7)^7+x(3)*x(5)*x(6)^2*x(7)^7+x(4)*x(5)*x(6)^2*x(7)^7+x(2)*x(6)^2*x(7)^8+x(3)*x(6)^2*x(7)^8+x(4)*x(6)^2*x(7)^8+x(5)*x(6)^2*x(7)^8
   NEW 5 deg 11 terms 10
x(4)^2*x(5)*x(6)*x(7)^7+x(4)*x(5)^2*x(6)*x(7)^7+x(4)*x(5)*x(6)^2*x(7)^7+x(4)^2*x(5)*x(7)^8+x(4)*x(5)^2*x(7)^8+x(4)^2*x(6)*x(7)^8+x(4)*x(5)*x(6)*x(7)^8+x(5)^2*x(6)*x(7)^8+x(4)*x(6)^2*x(7)^8+x(5)*x(6)^2*x(7)^8
   NEW 6 deg 11 terms 5
x(3)*x(4)*x(5)*x(6)*x(7)^7+x(3)*x(4)*x(5)*x(7)^8+x(3)*x(4)*x(6)*x(7)^8+x(3)*x(5)*x(6)*x(7)^8+x(4)*x(5)*x(6)*x(7)^8
   NEW 7 deg 11 terms 5
x(2)*x(4)*x(5)*x(6)*x(7)^7+x(2)*x(4)*x(5)*x(7)^8+x(2)*x(4)*x(6)*x(7)^8+x(2)*x(5)*x(6)*x(7)^8+x(4)*x(5)*x(6)*x(7)^8
   NEW 8 deg 11 terms 10
x(3)^2*x(5)*x(6)*x(7)^7+x(3)*x(5)^2*x(6)*x(7)^7+x(3)*x(5)*x(6)^2*x(7)^7+x(3)^2*x(5)*x(7)^8+x(3)*x(5)^2*x(7)^8+x(3)^2*x(6)*x(7)^8+x(3)*x(5)*x(6)*x(7)^8+x(5)^2*x(6)*x(7)^8+x(3)*x(6)^2*x(7)^8+x(5)*x(6)^2*x(7)^8
   NEW 9 deg 11 terms 12
x(2)*x(3)*x(5)*x(6)*x(7)^7+x(2)*x(4)*x(5)*x(6)*x(7)^7+x(3)*x(4)*x(5)*x(6)*x(7)^7+x(2)*x(3)*x(5)*x(7)^8+x(2)*x(4)*x(5)*x(7)^8+x(3)*x(4)*x(5)*x(7)^8+x(2)*x(3)*x(6)*x(7)^8+x(2)*x(4)*x(6)*x(7)^8+x(3)*x(4)*x(6)*x(7)^8-x(2)*x(5)*x(6)*x(7)^8-x(3)*x(5)*x(6)*x(7)^8-x(4)*x(5)*x(6)*x(7)^8
   NEW 10 deg 11 terms 1
x(5)^2*x(6)^7*x(7)^2
   NEW 11 deg 11 terms 1
x(4)^2*x(6)^7*x(7)^2
   NEW 12 deg 11 terms 1
x(3)^2*x(6)^7*x(7)^2
   NEW 13 deg 11 terms 10
x(2)*x(3)*x(6)^7*x(7)^2+x(2)*x(4)*x(6)^7*x(7)^2+x(3)*x(4)*x(6)^7*x(7)^2+x(2)*x(5)*x(6)^7*x(7)^2+x(3)*x(5)*x(6)^7*x(7)^2+x(4)*x(5)*x(6)^7*x(7)^2+x(2)*x(6)^8*x(7)^2+x(3)*x(6)^8*x(7)^2+x(4)*x(6)^8*x(7)^2+x(5)*x(6)^8*x(7)^2
   NEW 14 deg 11 terms 1
x(4)^2*x(5)^7*x(7)^2
   NEW 15 deg 11 terms 1
x(3)^2*x(5)^7*x(7)^2
   NEW 16 deg 11 terms 10
x(2)*x(3)*x(5)^7*x(7)^2+x(2)*x(4)*x(5)^7*x(7)^2+x(3)*x(4)*x(5)^7*x(7)^2+x(2)*x(5)^8*x(7)^2+x(3)*x(5)^8*x(7)^2+x(4)*x(5)^8*x(7)^2+x(2)*x(5)^7*x(6)*x(7)^2+x(3)*x(5)^7*x(6)*x(7)^2+x(4)*x(5)^7*x(6)*x(7)^2+x(5)^8*x(6)*x(7)^2
   NEW 17 deg 11 terms 1
x(3)^2*x(4)^7*x(7)^2
   NEW 18 deg 11 terms 10
x(2)*x(3)*x(4)^7*x(7)^2+x(2)*x(4)^8*x(7)^2+x(3)*x(4)^8*x(7)^2+x(2)*x(4)^7*x(5)*x(7)^2+x(3)*x(4)^7*x(5)*x(7)^2+x(4)^8*x(5)*x(7)^2+x(2)*x(4)^7*x(6)*x(7)^2+x(3)*x(4)^7*x(6)*x(7)^2+x(4)^8*x(6)*x(7)^2+x(4)^7*x(5)*x(6)*x(7)^2
   NEW 19 deg 11 terms 56
x(2)*x(3)^8*x(7)^2+x(2)*x(3)^7*x(4)*x(7)^2+x(3)^8*x(4)*x(7)^2+x(2)*x(3)^7*x(5)*x(7)^2+x(3)^8*x(5)*x(7)^2+x(3)*x(4)^7*x(5)*x(7)^2-x(3)*x(4)^2*x(5)^6*x(7)^2+x(3)*x(4)*x(5)^7*x(7)^2+x(2)*x(3)^7*x(6)*x(7)^2+x(3)^8*x(6)*x(7)^2+x(3)*x(4)^7*x(6)*x(7)^2-x(3)*x(4)^6*x(5)*x(6)*x(7)^2+x(4)^7*x(5)*x(6)*x(7)^2-x(3)*x(4)*x(5)^6*x(6)*x(7)^2-x(4)^2*x(5)^6*x(6)*x(7)^2+x(3)*x(5)^7*x(6)*x(7)^2+x(4)*x(5)^7*x(6)*x(7)^2-x(3)*x(4)^2*x(6)^6*x(7)^2-x(3)*x(4)*x(5)*x(6)^6*x(7)^2-x(4)^2*x(5)*x(6)^6*x(7)^2-x(3)*x(5)^2*x(6)^6*x(7)^2-x(4)*x(5)^2*x(6)^6*x(7)^2+x(3)*x(4)*x(6)^7*x(7)^2+x(3)*x(5)*x(6)^7*x(7)^2+x(4)*x(5)*x(6)^7*x(7)^2-x(3)*x(4)^2*x(5)^3*x(7)^5+x(3)*x(4)^2*x(5)^2*x(6)*x(7)^5-x(4)^2*x(5)^3*x(6)*x(7)^5+x(3)*x(4)^2*x(5)*x(6)^2*x(7)^5+x(3)*x(4)*x(5)^2*x(6)^2*x(7)^5-x(3)*x(4)^2*x(6)^3*x(7)^5-x(4)^2*x(5)*x(6)^3*x(7)^5-x(3)*x(5)^2*x(6)^3*x(7)^5-x(4)*x(5)^2*x(6)^3*x(7)^5-x(3)*x(4)^2*x(5)^2*x(7)^6-x(4)^2*x(5)^2*x(6)*x(7)^6-x(3)*x(4)^2*x(6)^2*x(7)^6-x(4)^2*x(5)*x(6)^2*x(7)^6-x(3)*x(5)^2*x(6)^2*x(7)^6-x(4)*x(5)^2*x(6)^2*x(7)^6-x(3)*x(4)^2*x(5)*x(7)^7-x(3)*x(4)*x(5)^2*x(7)^7-x(3)*x(4)^2*x(6)*x(7)^7-x(3)*x(5)^2*x(6)*x(7)^7-x(3)*x(4)*x(6)^2*x(7)^7-x(3)*x(5)*x(6)^2*x(7)^7+x(3)*x(4)*x(5)*x(7)^8+x(4)^2*x(5)*x(7)^8+x(4)*x(5)^2*x(7)^8+x(3)*x(4)*x(6)*x(7)^8+x(4)^2*x(6)*x(7)^8+x(3)*x(5)*x(6)*x(7)^8-x(4)*x(5)*x(6)*x(7)^8+x(5)^2*x(6)*x(7)^8+x(4)*x(6)^2*x(7)^8+x(5)*x(6)^2*x(7)^8
   NEW 20 deg 11 terms 10
x(4)^2*x(5)*x(6)^8+x(4)*x(5)^2*x(6)^8+x(4)^2*x(5)*x(6)^7*x(7)+x(4)*x(5)^2*x(6)^7*x(7)+x(4)^2*x(6)^8*x(7)+x(4)*x(5)*x(6)^8*x(7)+x(5)^2*x(6)^8*x(7)+x(4)*x(5)*x(6)^7*x(7)^2+x(4)*x(6)^8*x(7)^2+x(5)*x(6)^8*x(7)^2
   NEW 21 deg 11 terms 5
x(3)*x(4)*x(5)*x(6)^8+x(3)*x(4)*x(5)*x(6)^7*x(7)+x(3)*x(4)*x(6)^8*x(7)+x(3)*x(5)*x(6)^8*x(7)+x(4)*x(5)*x(6)^8*x(7)
   NEW 22 deg 11 terms 5
x(2)*x(4)*x(5)*x(6)^8+x(2)*x(4)*x(5)*x(6)^7*x(7)+x(2)*x(4)*x(6)^8*x(7)+x(2)*x(5)*x(6)^8*x(7)+x(4)*x(5)*x(6)^8*x(7)
   NEW 23 deg 11 terms 10
x(3)^2*x(5)*x(6)^8+x(3)*x(5)^2*x(6)^8+x(3)^2*x(5)*x(6)^7*x(7)+x(3)*x(5)^2*x(6)^7*x(7)+x(3)^2*x(6)^8*x(7)+x(3)*x(5)*x(6)^8*x(7)+x(5)^2*x(6)^8*x(7)+x(3)*x(5)*x(6)^7*x(7)^2+x(3)*x(6)^8*x(7)^2+x(5)*x(6)^8*x(7)^2
   NEW 24 deg 11 terms 12
x(2)*x(3)*x(5)*x(6)^8+x(2)*x(4)*x(5)*x(6)^8+x(3)*x(4)*x(5)*x(6)^8+x(2)*x(3)*x(5)*x(6)^7*x(7)+x(2)*x(4)*x(5)*x(6)^7*x(7)+x(3)*x(4)*x(5)*x(6)^7*x(7)+x(2)*x(3)*x(6)^8*x(7)+x(2)*x(4)*x(6)^8*x(7)+x(3)*x(4)*x(6)^8*x(7)-x(2)*x(5)*x(6)^8*x(7)-x(3)*x(5)*x(6)^8*x(7)-x(4)*x(5)*x(6)^8*x(7)
   NEW 25 deg 11 terms 1
x(4)^2*x(5)^7*x(6)^2
   NEW 26 deg 11 terms 1
x(3)^2*x(5)^7*x(6)^2
   NEW 27 deg 11 terms 10
x(2)*x(3)*x(5)^7*x(6)^2+x(2)*x(4)*x(5)^7*x(6)^2+x(3)*x(4)*x(5)^7*x(6)^2+x(2)*x(5)^8*x(6)^2+x(3)*x(5)^8*x(6)^2+x(4)*x(5)^8*x(6)^2+x(2)*x(5)^7*x(6)^2*x(7)+x(3)*x(5)^7*x(6)^2*x(7)+x(4)*x(5)^7*x(6)^2*x(7)+x(5)^8*x(6)^2*x(7)
   NEW 28 deg 11 terms 1
x(3)^2*x(4)^7*x(6)^2
   NEW 29 deg 11 terms 10
x(2)*x(3)*x(4)^7*x(6)^2+x(2)*x(4)^8*x(6)^2+x(3)*x(4)^8*x(6)^2+x(2)*x(4)^7*x(5)*x(6)^2+x(3)*x(4)^7*x(5)*x(6)^2+x(4)^8*x(5)*x(6)^2+x(2)*x(4)^7*x(6)^2*x(7)+x(3)*x(4)^7*x(6)^2*x(7)+x(4)^8*x(6)^2*x(7)+x(4)^7*x(5)*x(6)^2*x(7)
   NEW 30 deg 11 terms 50
x(2)*x(3)^8*x(6)^2+x(2)*x(3)^7*x(4)*x(6)^2+x(3)^8*x(4)*x(6)^2+x(2)*x(3)^7*x(5)*x(6)^2+x(3)^8*x(5)*x(6)^2+x(3)*x(4)^7*x(5)*x(6)^2-x(3)*x(4)^2*x(5)^6*x(6)^2+x(3)*x(4)*x(5)^7*x(6)^2-x(3)*x(4)^2*x(5)^3*x(6)^5-x(3)*x(4)^2*x(5)^2*x(6)^6-x(3)*x(4)^2*x(5)*x(6)^7-x(3)*x(4)*x(5)^2*x(6)^7+x(2)*x(3)^7*x(6)^2*x(7)+x(3)^8*x(6)^2*x(7)+x(3)*x(4)^7*x(6)^2*x(7)-x(3)*x(4)^6*x(5)*x(6)^2*x(7)+x(4)^7*x(5)*x(6)^2*x(7)-x(3)*x(4)*x(5)^6*x(6)^2*x(7)-x(4)^2*x(5)^6*x(6)^2*x(7)+x(3)*x(5)^7*x(6)^2*x(7)+x(4)*x(5)^7*x(6)^2*x(7)+x(3)*x(4)^2*x(5)^2*x(6)^5*x(7)-x(4)^2*x(5)^3*x(6)^5*x(7)-x(4)^2*x(5)^2*x(6)^6*x(7)-x(3)*x(4)^2*x(6)^7*x(7)-x(3)*x(4)*x(5)*x(6)^7*x(7)-x(4)^2*x(5)*x(6)^7*x(7)-x(3)*x(5)^2*x(6)^7*x(7)-x(4)*x(5)^2*x(6)^7*x(7)+x(3)*x(4)^2*x(5)*x(6)^5*x(7)^2+x(3)*x(4)*x(5)^2*x(6)^5*x(7)^2-x(3)*x(4)^2*x(6)^6*x(7)^2-x(4)^2*x(5)*x(6)^6*x(7)^2-x(3)*x(5)^2*x(6)^6*x(7)^2-x(4)*x(5)^2*x(6)^6*x(7)^2-x(3)*x(4)*x(6)^7*x(7)^2-x(3)*x(5)*x(6)^7*x(7)^2-x(4)*x(5)*x(6)^7*x(7)^2-x(3)*x(4)^2*x(6)^3*x(7)^5-x(4)^2*x(5)*x(6)^3*x(7)^5-x(3)*x(5)^2*x(6)^3*x(7)^5-x(4)*x(5)^2*x(6)^3*x(7)^5-x(3)*x(4)^2*x(6)^2*x(7)^6-x(3)*x(4)*x(5)*x(6)^2*x(7)^6-x(4)^2*x(5)*x(6)^2*x(7)^6-x(3)*x(5)^2*x(6)^2*x(7)^6-x(4)*x(5)^2*x(6)^2*x(7)^6+x(3)*x(4)*x(6)^2*x(7)^7+x(3)*x(5)*x(6)^2*x(7)^7+x(4)*x(5)*x(6)^2*x(7)^7
   NEW 31 deg 11 terms 5
x(3)*x(4)*x(5)^8*x(6)+x(3)*x(4)*x(5)^8*x(7)+x(3)*x(4)*x(5)^7*x(6)*x(7)+x(3)*x(5)^8*x(6)*x(7)+x(4)*x(5)^8*x(6)*x(7)
   NEW 32 deg 11 terms 5
x(2)*x(4)*x(5)^8*x(6)+x(2)*x(4)*x(5)^8*x(7)+x(2)*x(4)*x(5)^7*x(6)*x(7)+x(2)*x(5)^8*x(6)*x(7)+x(4)*x(5)^8*x(6)*x(7)
   NEW 33 deg 11 terms 5
x(3)*x(4)^8*x(5)*x(6)+x(3)*x(4)^8*x(5)*x(7)+x(3)*x(4)^8*x(6)*x(7)+x(3)*x(4)^7*x(5)*x(6)*x(7)+x(4)^8*x(5)*x(6)*x(7)
   NEW 34 deg 11 terms 5
x(2)*x(4)^8*x(5)*x(6)+x(2)*x(4)^8*x(5)*x(7)+x(2)*x(4)^8*x(6)*x(7)+x(2)*x(4)^7*x(5)*x(6)*x(7)+x(4)^8*x(5)*x(6)*x(7)
   NEW 35 deg 11 terms 5
x(2)*x(3)^8*x(5)*x(6)+x(2)*x(3)^8*x(5)*x(7)+x(2)*x(3)^8*x(6)*x(7)+x(2)*x(3)^7*x(5)*x(6)*x(7)+x(3)^8*x(5)*x(6)*x(7)
  LAW y_c^2 D: 210 / 210  y_a^(q-2) D: 420 / 420  in tops ; vdim(K+S2) = 3570  ; K+S2 contains tops: 1  ; S2 inside unifK (redundant): 0
  total sec: 108
VIGIA-FIN-OK exit=0 pico_kb=35424 t=108s
