=== (2,2) at n=6, target 570
Q + box + N_1 : 624
Q + box + N_2 : 410
  + y_j^(q-2) e_2(y-l) : 570
  + y_j^(q-2) y_l^2 : 570
  + y_j^(q-2) p_2(y-l) : 570
  + y_j^(q-2) h_2(y-l) : 624
  + y_j^(q-2) e_2(y-j-l) : 531
  + y_j^(q-2) y_l e_1(y-j-l) : 531
  + y_j^(q-2) y_l^2 + y_j^(q-2) e_2(y-l) : 570
  + y_j^(q-3) y_l^3 : 570
  + y_j^(q-3) e_3(y-l) : 531
=== (1,1,1,1) at n=6, target 1800
Q + box + N_0 : 2100
  + y_j^(q-4) y_l^4 : 1800
  + y_j^(q-4) p_4(y-l) : 1800
  + y_j^(q-4) e_4(y-l) : 1440
  + y_j^(q-4) h_4(y-l) : 2100
  + y_j^(q-3) y_l^3 : 1470
  + y_j^(q-3) y_l^4 : 1920
  + y_j^(q-4) y_l^3 : 1085
  + y_j^(q-4) y_l^5 : 1920
FIN-OK
EXIT 0 after 7s
