== q=9  t order (pairs ij, lm=complement): {{0, 1}, {0, 2}, {1, 2}, {0, 3}, {1, 3}, {2, 3}}
 (G-a) e1*x2^2*x3^(q-2): NOT a scalar combination of t's mod K0
 (G-a') e1*x0^2*x1^(q-2): NOT a scalar combination of t's mod K0
 (U-a) e1^(q-2)*x0*x1*x2: NOT a scalar combination of t's mod K0
 (U-a') x0*x1*x2*x3^(q-2)... deg q+1: x0x1x2x3^(q-2): NOT a scalar combination of t's mod K0
 (U-a'') x0x1x2x3^(q-2) in J1cand? false
 (U-a''') e1^(q-2) x0x1x2 in K0+(t's)? false
 (G-a'') e1 x2^2 x3^(q-2) in K0+(t's)? false
 (U-b) x0 x1^(q-1) x2^(q-1) in J1cand? true
 (U-b') x0 x1^(q-1) e1^(q-1) in J1cand? true
 (U-b) multipliers of e1*t_i: 
   t{0, 1}: -x_0*x_1^5-x_1^6+x_1^5*x_2+x_0*x_1^3*x_2^2+x_1^4*x_2^2-x_0*x_1^2*x_2^3-x_0*x_2^5+x_1*x_2^5-x_2^6-x_2^5*x_3
   t{0, 2}: -x_0*x_1^5-x_1^6+x_1^5*x_2+x_0*x_1^3*x_2^2+x_1^4*x_2^2-x_0*x_1^2*x_2^3-x_0*x_2^5+x_1*x_2^5-x_2^6-x_2^5*x_3
   t{1, 2}: -x_2^5*x_3+x_2*x_3^5+x_3^6
   t{0, 3}: 0
   t{1, 3}: x_2*x_3^5-x_3^6
   t{2, 3}: -x_3^6
== q=27  t order (pairs ij, lm=complement): {{0, 1}, {0, 2}, {1, 2}, {0, 3}, {1, 3}, {2, 3}}
 (G-a) e1*x2^2*x3^(q-2): NOT a scalar combination of t's mod K0
 (G-a') e1*x0^2*x1^(q-2): NOT a scalar combination of t's mod K0
 (U-a) e1^(q-2)*x0*x1*x2: NOT a scalar combination of t's mod K0
 (U-a') x0*x1*x2*x3^(q-2)... deg q+1: x0x1x2x3^(q-2): NOT a scalar combination of t's mod K0
 (U-a'') x0x1x2x3^(q-2) in J1cand? false
 (U-a''') e1^(q-2) x0x1x2 in K0+(t's)? false
 (G-a'') e1 x2^2 x3^(q-2) in K0+(t's)? false
 (U-b) x0 x1^(q-1) x2^(q-1) in J1cand? true
 (U-b') x0 x1^(q-1) e1^(q-1) in J1cand? true
 (U-b) multipliers of e1*t_i: 
   t{0, 1}: -x_0*x_1^23-x_1^24+x_1^23*x_2+x_0*x_1^21*x_2^2+x_1^22*x_2^2-x_0*x_1^20*x_2^3+x_0*x_1^18*x_2^5-x_1^19*x_2^5-x_0*x_1^17*x_2^6-x_1^18*x_2^6+x_1^17*x_2^7+x_0*x_1^15*x_2^8+x_1^16*x_2^8-x_0*x_1^14*x_2^9+x_0*x_1^12*x_2^11-x_1^13*x_2^11-x_0*x_1^11*x_2^12-x_1^12*x_2^12+x_1^11*x_2^13+x_0*x_1^9*x_2^14+x_1^10*x_2^14-x_0*x_1^8*x_2^15+x_0*x_1^6*x_2^17-x_1^7*x_2^17-x_0*x_1^5*x_2^18-x_1^6*x_2^18+x_1^5*x_2^19+x_0*x_1^3*x_2^20+x_1^4*x_2^20-x_0*x_1^2*x_2^21-x_0*x_2^23+x_1*x_2^23-x_2^24-x_2^23*x_3
   t{0, 2}: -x_0*x_1^23-x_1^24+x_1^23*x_2+x_0*x_1^21*x_2^2+x_1^22*x_2^2-x_0*x_1^20*x_2^3+x_0*x_1^18*x_2^5-x_1^19*x_2^5-x_0*x_1^17*x_2^6-x_1^18*x_2^6+x_1^17*x_2^7+x_0*x_1^15*x_2^8+x_1^16*x_2^8-x_0*x_1^14*x_2^9+x_0*x_1^12*x_2^11-x_1^13*x_2^11-x_0*x_1^11*x_2^12-x_1^12*x_2^12+x_1^11*x_2^13+x_0*x_1^9*x_2^14+x_1^10*x_2^14-x_0*x_1^8*x_2^15+x_0*x_1^6*x_2^17-x_1^7*x_2^17-x_0*x_1^5*x_2^18-x_1^6*x_2^18+x_1^5*x_2^19+x_0*x_1^3*x_2^20+x_1^4*x_2^20-x_0*x_1^2*x_2^21-x_0*x_2^23+x_1*x_2^23-x_2^24-x_2^23*x_3
   t{1, 2}: -x_2^23*x_3+x_2*x_3^23+x_3^24
   t{0, 3}: 0
   t{1, 3}: x_2*x_3^23-x_3^24
   t{2, 3}: -x_3^24
FIN-OK
