=== row 7 of K_(2,1)(5), type {2, 2} in 4 vars: colength 6
    mingens degrees: Tally{1 => 1}
                           2 => 4
    symmetric: e_j in row for j=1..n: {true, true, true, true}
      squarefree |C|=3: 4/4
      squarefree |C|=4: 1/1
      x_a^(q-1) x_C, |C|=0: 4/4
      x_a^(q-1) x_C, |C|=1: 12/12
      x_a^(q-1) x_C, |C|=2: 12/12
      x_a^(q-1) x_C, |C|=3: 4/4
      x_a^(q-1) x_b^(q-1) x_C, |C|=0: 6/6
      x_a^(q-1) x_b^(q-1) x_C, |C|=1: 12/12
      x_a^(q-1) x_b^(q-1) x_C, |C|=2: 6/6
      x_a^(q-2) x_C, |C|=0: 4/4
      x_a^(q-2) x_C, |C|=1: 12/12
      x_a^(q-2) x_C, |C|=2: 12/12
      x_a^(q-2) x_C, |C|=3: 4/4
    d=0 A:true B:true C:true D:true E:true
    d=1 A:true B:true C:true D:true E:true
    d=2 A:true B:true C:true D:true E:true
    d=3 A:true B:true C:true D:true E:true
    deg 1 : 0
             2
    deg 2 : x
             4
             2
    deg 2 : x
             3
    deg 2 : x x  + x x  + x x
             2 3    2 4    3 4
             2
    deg 2 : x
             2
=== row 3 of K_(1,1)(5), type {1, 1, 1} in 4 vars: colength 24
    mingens degrees: Tally{1 => 1}
                           2 => 1
                           3 => 1
                           4 => 1
    symmetric: e_j in row for j=1..n: {true, true, true, true}
      squarefree |C|=4: 1/1
      x_a^(q-1) x_C, |C|=0: 4/4
      x_a^(q-1) x_C, |C|=1: 12/12
      x_a^(q-1) x_C, |C|=2: 12/12
      x_a^(q-1) x_C, |C|=3: 4/4
      x_a^(q-1) x_b^(q-1) x_C, |C|=0: 6/6
      x_a^(q-1) x_b^(q-1) x_C, |C|=1: 12/12
      x_a^(q-1) x_b^(q-1) x_C, |C|=2: 6/6
      x_a^(q-2) x_C, |C|=0: 4/4
      x_a^(q-2) x_C, |C|=1: 12/12
      x_a^(q-2) x_C, |C|=2: 12/12
      x_a^(q-2) x_C, |C|=3: 4/4
    d=0 A:true B:true C:true D:true E:true
    d=1 A:true B:true C:true D:true E:true
    d=2 A:true B:true C:true D:true E:true
    d=3 A:true B:true C:true D:true E:true
    deg 1 : 0
             2           2                  2
    deg 2 : x  + x x  + x  + x x  + x x  + x
             2    2 3    3    2 4    3 4    4
             3    2        2    3
    deg 3 : x  + x x  + x x  + x
             3    3 4    3 4    4
             4
    deg 4 : x
             4
=== row 3 of K_(1,1)(6), type {1, 1, 1} in 5 vars: colength 360
    mingens degrees: Tally{1 => 1 }
                           3 => 1
                           4 => 1
                           5 => 1
                           9 => 10
    symmetric: e_j in row for j=1..n: {true, false, true, true, true}
      squarefree |C|=5: 1/1
      x_a^(q-1) x_C, |C|=3: 20/20
      x_a^(q-1) x_C, |C|=4: 5/5
      x_a^(q-1) x_b^(q-1) x_C, |C|=0: 10/10
      x_a^(q-1) x_b^(q-1) x_C, |C|=1: 30/30
      x_a^(q-1) x_b^(q-1) x_C, |C|=2: 30/30
      x_a^(q-1) x_b^(q-1) x_C, |C|=3: 10/10
      x_a^(q-2) x_C, |C|=4: 5/5
    d=0 A:false B:false C:true D:true E:true
    d=1 A:false B:false C:true D:true E:true
    d=2 A:false B:false C:true D:true E:true
    d=3 A:true B:false C:true D:true E:true
    d=4 A:true B:true C:true D:true E:true
    deg 1 : 0
             2        2    2               2        2      2    2               2                        2        2      2      2
    deg 3 : x x  + x x  + x x  - x x x  + x x  + x x  + x x  + x x  - x x x  + x x  - x x x  - x x x  + x x  + x x  + x x  + x x
             2 3    2 3    2 4    2 3 4    3 4    2 4    3 4    2 5    2 3 5    3 5    2 4 5    3 4 5    4 5    2 5    3 5    4 5
             2 2        2    2 2      3      3    2                   2          2        2      3      2 2        2    2 2        2        2    2 2      3      3      3
    deg 4 : x x  + x x x  + x x  + x x  + x x  + x x x  + x x x x  + x x x  - x x x  - x x x  + x x  + x x  + x x x  + x x  - x x x  - x x x  - x x  + x x  + x x  + x x
             2 4    2 3 4    3 4    2 4    3 4    2 4 5    2 3 4 5    3 4 5    2 4 5    3 4 5    4 5    2 5    2 3 5    3 5    2 4 5    3 4 5    4 5    2 5    3 5    4 5
             2 3        3    2 3        3        3    2 3      4      4      4
    deg 5 : x x  + x x x  + x x  + x x x  + x x x  + x x  + x x  + x x  + x x
             2 5    2 3 5    3 5    2 4 5    3 4 5    4 5    2 5    3 5    4 5
=== row 3 of K_(2,1)(6), type {2, 1, 1} in 5 vars: colength 60
    mingens degrees: Tally{1 => 1}
                           2 => 1
                           3 => 1
                           4 => 5
    symmetric: e_j in row for j=1..n: {true, true, true, true, true}
      squarefree |C|=4: 5/5
      squarefree |C|=5: 1/1
      x_a^(q-1) x_C, |C|=0: 5/5
      x_a^(q-1) x_C, |C|=1: 20/20
      x_a^(q-1) x_C, |C|=2: 30/30
      x_a^(q-1) x_C, |C|=3: 20/20
      x_a^(q-1) x_C, |C|=4: 5/5
      x_a^(q-1) x_b^(q-1) x_C, |C|=0: 10/10
      x_a^(q-1) x_b^(q-1) x_C, |C|=1: 30/30
      x_a^(q-1) x_b^(q-1) x_C, |C|=2: 30/30
      x_a^(q-1) x_b^(q-1) x_C, |C|=3: 10/10
      x_a^(q-2) x_C, |C|=0: 5/5
      x_a^(q-2) x_C, |C|=1: 20/20
      x_a^(q-2) x_C, |C|=2: 30/30
      x_a^(q-2) x_C, |C|=3: 20/20
      x_a^(q-2) x_C, |C|=4: 5/5
    d=0 A:true B:true C:true D:true E:true
    d=1 A:true B:true C:true D:true E:true
    d=2 A:true B:true C:true D:true E:true
    d=3 A:true B:true C:true D:true E:true
    d=4 A:true B:true C:true D:true E:true
    deg 1 : 0
             2           2                  2                         2
    deg 2 : x  + x x  + x  + x x  + x x  + x  + x x  + x x  + x x  + x
             2    2 3    3    2 4    3 4    4    2 5    3 5    4 5    5
             3    2        2    3    2               2        2      2    3
    deg 3 : x  + x x  + x x  + x  + x x  + x x x  + x x  + x x  + x x  + x
             3    3 4    3 4    4    3 5    3 4 5    4 5    3 5    4 5    5
             4
    deg 4 : x
             5
             3      2 2      3
    deg 4 : x x  + x x  + x x
             4 5    4 5    4 5
             2          2          2
    deg 4 : x x x  + x x x  + x x x
             3 4 5    3 4 5    3 4 5
    deg 4 : x x x x
             2 3 4 5
             4
    deg 4 : x
             4
=== row 7 of K_(2,1)(6), type {2, 2} in 5 vars: colength 30
    mingens degrees: Tally{1 => 1}
                           2 => 1
                           3 => 5
    symmetric: e_j in row for j=1..n: {true, true, true, true, true}
      squarefree |C|=4: 5/5
      squarefree |C|=5: 1/1
      x_a^(q-1) x_C, |C|=0: 5/5
      x_a^(q-1) x_C, |C|=1: 20/20
      x_a^(q-1) x_C, |C|=2: 30/30
      x_a^(q-1) x_C, |C|=3: 20/20
      x_a^(q-1) x_C, |C|=4: 5/5
      x_a^(q-1) x_b^(q-1) x_C, |C|=0: 10/10
      x_a^(q-1) x_b^(q-1) x_C, |C|=1: 30/30
      x_a^(q-1) x_b^(q-1) x_C, |C|=2: 30/30
      x_a^(q-1) x_b^(q-1) x_C, |C|=3: 10/10
      x_a^(q-2) x_C, |C|=0: 5/5
      x_a^(q-2) x_C, |C|=1: 20/20
      x_a^(q-2) x_C, |C|=2: 30/30
      x_a^(q-2) x_C, |C|=3: 20/20
      x_a^(q-2) x_C, |C|=4: 5/5
    d=0 A:true B:true C:true D:true E:true
    d=1 A:true B:true C:true D:true E:true
    d=2 A:true B:true C:true D:true E:true
    d=3 A:true B:true C:true D:true E:true
    d=4 A:true B:true C:true D:true E:true
    deg 1 : 0
             2           2                  2                         2
    deg 2 : x  + x x  + x  + x x  + x x  + x  + x x  + x x  + x x  + x
             2    2 3    3    2 4    3 4    4    2 5    3 5    4 5    5
             3
    deg 3 : x
             5
             3
    deg 3 : x
             4
             2        2    2               2        2      2
    deg 3 : x x  + x x  + x x  + x x x  + x x  + x x  + x x
             3 4    3 4    3 5    3 4 5    4 5    3 5    4 5
    deg 3 : x x x  + x x x  + x x x  + x x x
             2 3 4    2 3 5    2 4 5    3 4 5
             3
    deg 3 : x
             3
=== row 7 of K_(3,1)(6), type {3, 2} in 5 vars: colength 10
    mingens degrees: Tally{1 => 1}
                           2 => 5
                           3 => 1
    symmetric: e_j in row for j=1..n: {true, true, true, true, true}
      squarefree |C|=3: 10/10
      squarefree |C|=4: 5/5
      squarefree |C|=5: 1/1
      x_a^(q-1) x_C, |C|=0: 5/5
      x_a^(q-1) x_C, |C|=1: 20/20
      x_a^(q-1) x_C, |C|=2: 30/30
      x_a^(q-1) x_C, |C|=3: 20/20
      x_a^(q-1) x_C, |C|=4: 5/5
      x_a^(q-1) x_b^(q-1) x_C, |C|=0: 10/10
      x_a^(q-1) x_b^(q-1) x_C, |C|=1: 30/30
      x_a^(q-1) x_b^(q-1) x_C, |C|=2: 30/30
      x_a^(q-1) x_b^(q-1) x_C, |C|=3: 10/10
      x_a^(q-2) x_C, |C|=0: 5/5
      x_a^(q-2) x_C, |C|=1: 20/20
      x_a^(q-2) x_C, |C|=2: 30/30
      x_a^(q-2) x_C, |C|=3: 20/20
      x_a^(q-2) x_C, |C|=4: 5/5
    d=0 A:true B:true C:true D:true E:true
    d=1 A:true B:true C:true D:true E:true
    d=2 A:true B:true C:true D:true E:true
    d=3 A:true B:true C:true D:true E:true
    d=4 A:true B:true C:true D:true E:true
    deg 1 : 0
             2
    deg 2 : x
             5
             2
    deg 2 : x
             4
             2
    deg 2 : x
             3
    deg 2 : x x  + x x  + x x  + x x  + x x  + x x
             2 3    2 4    3 4    2 5    3 5    4 5
             2
    deg 2 : x
             2
    deg 3 : x x x
             3 4 5
FIN-OK
EXIT 0 after 5s
