=== cell (6,2) n=5 c=2 d=10
  tau-class none : s in row? false  (colength 855)
  tau-class y_j^(q-1) x_C, C subset P, |C|=c (one C) : s in row? false  (colength 817)
  tau-class all y_j^(q-1) x_C, C subset P, |C|=c : s in row? false  (colength 777)
  tau-class all y_j^(q-1) y_l x_C', C' subset P, |C'|=c-1 : s in row? false  (colength 796)
  tau-class all y_j^(q-1) x_C, |C|=c (l allowed) : s in row? false  (colength 775)
  tau-class all y_l^(q-1) x_C, |C|=c : s in row? false  (colength 775)
  tau-class all y_p^(q-1) x_C, p in P, |C|=c : s in row? false  (colength 681)
  tau-class whole (q-1)-layer |A|=1 : s in row? false  (colength 660)
  tau-class squarefree x_C, |C| >= c+2 : s in row? false  (colength 215)
  tau-class e_n(y) : s in row? false  (colength 390)
  tau-class (q-1)-layer + squarefree : s in row? true  (colength 200)
=== cell (6,1) n=5 c=3 d=11
  tau-class none : s in row? false  (colength 855)
  tau-class y_j^(q-1) x_C, C subset P, |C|=c (one C) : s in row? true  (colength 837)
  tau-class all y_j^(q-1) x_C, C subset P, |C|=c : s in row? true  (colength 837)
  tau-class all y_j^(q-1) y_l x_C', C' subset P, |C'|=c-1 : s in row? false  (colength 801)
  tau-class all y_j^(q-1) x_C, |C|=c (l allowed) : s in row? true  (colength 783)
  tau-class all y_l^(q-1) x_C, |C|=c : s in row? true  (colength 783)
  tau-class all y_p^(q-1) x_C, p in P, |C|=c : s in row? false  (colength 705)
  tau-class whole (q-1)-layer |A|=1 : s in row? true  (colength 690)
  tau-class squarefree x_C, |C| >= c+2 : s in row? false  (colength 390)
  tau-class e_n(y) : s in row? false  (colength 390)
  tau-class (q-1)-layer + squarefree : s in row? true  (colength 380)
=== cell (5,1) n=4 c=2 d=10
  tau-class none : s in row? false  (colength 88)
  tau-class y_j^(q-1) x_C, C subset P, |C|=c (one C) : s in row? true  (colength 86)
  tau-class all y_j^(q-1) x_C, C subset P, |C|=c : s in row? true  (colength 86)
  tau-class all y_j^(q-1) y_l x_C', C' subset P, |C'|=c-1 : s in row? true  (colength 85)
  tau-class all y_j^(q-1) x_C, |C|=c (l allowed) : s in row? true  (colength 85)
  tau-class all y_l^(q-1) x_C, |C|=c : s in row? true  (colength 85)
  tau-class all y_p^(q-1) x_C, p in P, |C|=c : s in row? true  (colength 84)
  tau-class whole (q-1)-layer |A|=1 : s in row? true  (colength 84)
  tau-class squarefree x_C, |C| >= c+2 : s in row? false  (colength 88)
  tau-class (q-1)-layer + squarefree : s in row? true  (colength 84)
FIN-OK
EXIT 0 after 2s
