=== singles
  tau-set yj^(q-1) x_C, C in P : s in row? false  (colength 777)
  tau-set yj^(q-1) yl x_p : s in row? false  (colength 796)
  tau-set yl^(q-1) x_C, C in P : s in row? false  (colength 777)
  tau-set yl^(q-1) yj x_p : s in row? false  (colength 796)
  tau-set yp^(q-1) yj yl : s in row? false  (colength 795)
  tau-set yp^(q-1) yj yp' : s in row? false  (colength 738)
  tau-set yp^(q-1) yl yp' : s in row? false  (colength 738)
  tau-set yp^(q-1) yp' yp'' : s in row? false  (colength 747)
  tau-set x_[n]-j : s in row? false  (colength 318)
  tau-set x_[n]-l : s in row? false  (colength 318)
  tau-set x_[n]-p (all p) : s in row? false  (colength 233)
  tau-set e_n : s in row? false  (colength 390)
=== pairs layer + squarefree
  tau-set yj^(q-1) x_C, C in P + x_[n]-j : s in row? false  (colength 312)
  tau-set yj^(q-1) x_C, C in P + x_[n]-l : s in row? false  (colength 313)
  tau-set yj^(q-1) x_C, C in P + x_[n]-p (all p) : s in row? false  (colength 231)
  tau-set yj^(q-1) x_C, C in P + e_n : s in row? false  (colength 376)
  tau-set yj^(q-1) yl x_p + x_[n]-j : s in row? false  (colength 313)
  tau-set yj^(q-1) yl x_p + x_[n]-l : s in row? false  (colength 314)
  tau-set yj^(q-1) yl x_p + x_[n]-p (all p) : s in row? false  (colength 229)
  tau-set yj^(q-1) yl x_p + e_n : s in row? false  (colength 377)
  tau-set yl^(q-1) x_C, C in P + x_[n]-j : s in row? false  (colength 313)
  tau-set yl^(q-1) x_C, C in P + x_[n]-l : s in row? false  (colength 312)
  tau-set yl^(q-1) x_C, C in P + x_[n]-p (all p) : s in row? false  (colength 231)
  tau-set yl^(q-1) x_C, C in P + e_n : s in row? false  (colength 376)
  tau-set yl^(q-1) yj x_p + x_[n]-j : s in row? false  (colength 314)
  tau-set yl^(q-1) yj x_p + x_[n]-l : s in row? false  (colength 313)
  tau-set yl^(q-1) yj x_p + x_[n]-p (all p) : s in row? false  (colength 229)
  tau-set yl^(q-1) yj x_p + e_n : s in row? false  (colength 377)
  tau-set yp^(q-1) yj yl + x_[n]-j : s in row? false  (colength 313)
  tau-set yp^(q-1) yj yl + x_[n]-l : s in row? false  (colength 313)
  tau-set yp^(q-1) yj yl + x_[n]-p (all p) : s in row? false  (colength 229)
  tau-set yp^(q-1) yj yl + e_n : s in row? false  (colength 377)
  tau-set yp^(q-1) yj yp' + x_[n]-j : s in row? false  (colength 310)
  tau-set yp^(q-1) yj yp' + x_[n]-l : s in row? false  (colength 307)
  tau-set yp^(q-1) yj yp' + x_[n]-p (all p) : s in row? false  (colength 224)
  tau-set yp^(q-1) yj yp' + e_n : s in row? false  (colength 368)
  tau-set yp^(q-1) yl yp' + x_[n]-j : s in row? false  (colength 307)
  tau-set yp^(q-1) yl yp' + x_[n]-l : s in row? false  (colength 310)
  tau-set yp^(q-1) yl yp' + x_[n]-p (all p) : s in row? false  (colength 224)
  tau-set yp^(q-1) yl yp' + e_n : s in row? false  (colength 368)
  tau-set yp^(q-1) yp' yp'' + x_[n]-j : s in row? false  (colength 310)
  tau-set yp^(q-1) yp' yp'' + x_[n]-l : s in row? false  (colength 310)
  tau-set yp^(q-1) yp' yp'' + x_[n]-p (all p) : s in row? false  (colength 231)
  tau-set yp^(q-1) yp' yp'' + e_n : s in row? false  (colength 374)
=== all layer + one squarefree ; one layer + all squarefree
  tau-set ALL layer + x_[n]-j : s in row? false  (colength 290)
  tau-set ALL layer + x_[n]-l : s in row? true  (colength 290)
  tau-set ALL layer + x_[n]-p (all p) : s in row? true  (colength 215)
  tau-set ALL layer + e_n : s in row? false  (colength 350)
  tau-set yj^(q-1) x_C, C in P + ALL squarefree : s in row? false  (colength 210)
  tau-set yj^(q-1) yl x_p + ALL squarefree : s in row? false  (colength 211)
  tau-set yl^(q-1) x_C, C in P + ALL squarefree : s in row? false  (colength 210)
  tau-set yl^(q-1) yj x_p + ALL squarefree : s in row? false  (colength 211)
  tau-set yp^(q-1) yj yl + ALL squarefree : s in row? false  (colength 211)
  tau-set yp^(q-1) yj yp' + ALL squarefree : s in row? false  (colength 207)
  tau-set yp^(q-1) yl yp' + ALL squarefree : s in row? false  (colength 207)
  tau-set yp^(q-1) yp' yp'' + ALL squarefree : s in row? false  (colength 212)
FIN-OK
EXIT 0 after 2s
