== (k,q)=(2,9)
J1 GB leading terms: {x_0, x_1^2*x_2, x_1^2*x_3^2*x_4, x_2^3*x_3^2*x_4, x_4^9, x_3^9, x_2^9, x_1^9, x_1*x_2^8*x_3, x_2^2*x_3*x_4^8, x_1*x_2*x_3*x_4^8, x_1^2*x_3*x_4^8, x_2^2*x_3^7*x_4^2, x_1*x_2*x_3^7*x_4^2, x_1*x_2^8*x_4^2, x_2^2*x_3^8*x_4, x_1*x_2*x_3^8*x_4, x_2*x_3^8*x_4^8, x_1*x_3^8*x_4^8}
--- deg 5 lead x_1^2*x_3^2*x_4
x_1^2*x_3^2*x_4+x_1*x_2*x_3^2*x_4+x_2^2*x_3^2*x_4+x_1*x_3^3*x_4+x_2*x_3^3*x_4+x_1^2*x_3*x_4^2+x_1*x_2*x_3*x_4^2+x_2^2*x_3*x_4^2-x_1*x_3^2*x_4^2-x_2*x_3^2*x_4^2+x_3^3*x_4^2+x_1*x_3*x_4^3+x_2*x_3*x_4^3+x_3^2*x_4^3
--- deg 6 lead x_2^3*x_3^2*x_4
x_2^3*x_3^2*x_4+x_2^2*x_3^3*x_4+x_2^3*x_3*x_4^2-x_2^2*x_3^2*x_4^2+x_2*x_3^3*x_4^2+x_2^2*x_3*x_4^3+x_2*x_3^2*x_4^3
--- deg 9 lead x_4^9
x_4^9
--- deg 9 lead x_3^9
x_3^9
--- deg 9 lead x_2^9
x_2^9
--- deg 9 lead x_1^9
x_1^9
--- deg 10 lead x_1*x_2^8*x_3
x_1*x_2^8*x_3+x_1*x_2^7*x_3^2+x_2^8*x_3^2+x_1*x_2^6*x_3^3+x_2^7*x_3^3+x_1*x_2^5*x_3^4+x_2^6*x_3^4+x_1*x_2^4*x_3^5+x_2^5*x_3^5+x_1*x_2^3*x_3^6+x_2^4*x_3^6+x_1*x_2^2*x_3^7+x_2^3*x_3^7+x_1*x_2*x_3^8+x_2^2*x_3^8+x_1*x_2^8*x_4-x_1*x_2^7*x_3*x_4-x_2^8*x_3*x_4-x_1*x_2^2*x_3^6*x_4-x_1*x_2*x_3^7*x_4+x_1*x_3^8*x_4-x_2*x_3^8*x_4+x_1*x_2^7*x_4^2+x_2^8*x_4^2-x_1*x_2^2*x_3^5*x_4^2-x_1*x_2*x_3^6*x_4^2+x_2^2*x_3^6*x_4^2+x_1*x_3^7*x_4^2+x_3^8*x_4^2+x_1*x_2^6*x_4^3+x_2^7*x_4^3-x_1*x_2^5*x_3*x_4^3-x_2^6*x_3*x_4^3+x_1*x_2^2*x_3^4*x_4^3+x_1*x_2*x_3^5*x_4^3+x_2^2*x_3^5*x_4^3+x_1*x_3^6*x_4^3+x_3^7*x_4^3+x_1*x_2^5*x_4^4+x_2^6*x_4^4+x_1*x_2^2*x_3^3*x_4^4+x_1*x_2*x_3^4*x_4^4-x_2^2*x_3^4*x_4^4+x_1*x_3^5*x_4^4+x_2*x_3^5*x_4^4+x_3^6*x_4^4+x_1*x_2^4*x_4^5+x_2^5*x_4^5-x_1*x_2^3*x_3*x_4^5-x_2^4*x_3*x_4^5-x_2^2*x_3^3*x_4^5+x_1*x_3^4*x_4^5+x_2*x_3^4*x_4^5+x_3^5*x_4^5+x_1*x_2^3*x_4^6+x_2^4*x_4^6+x_1*x_3^3*x_4^6-x_2*x_3^3*x_4^6+x_3^4*x_4^6+x_1*x_2^2*x_4^7+x_2^3*x_4^7-x_1*x_2*x_3*x_4^7-x_2^2*x_3*x_4^7+x_1*x_3^2*x_4^7-x_2*x_3^2*x_4^7+x_3^3*x_4^7+x_1*x_2*x_4^8+x_2^2*x_4^8+x_1*x_3*x_4^8-x_2*x_3*x_4^8+x_3^2*x_4^8
--- deg 11 lead x_2^2*x_3*x_4^8
x_2^2*x_3*x_4^8+x_2*x_3^2*x_4^8
--- deg 11 lead x_1*x_2*x_3*x_4^8
x_1*x_2*x_3*x_4^8
--- deg 11 lead x_1^2*x_3*x_4^8
x_1^2*x_3*x_4^8+x_1*x_3^2*x_4^8
--- deg 11 lead x_2^2*x_3^7*x_4^2
x_2^2*x_3^7*x_4^2+x_2^2*x_3^6*x_4^3+x_2*x_3^7*x_4^3+x_2^2*x_3^5*x_4^4+x_2*x_3^6*x_4^4+x_2^2*x_3^4*x_4^5+x_2*x_3^5*x_4^5+x_2^2*x_3^3*x_4^6+x_2*x_3^4*x_4^6+x_2^2*x_3^2*x_4^7+x_2*x_3^3*x_4^7
--- deg 11 lead x_1*x_2*x_3^7*x_4^2
x_1*x_2*x_3^7*x_4^2+x_1*x_3^8*x_4^2+x_2*x_3^8*x_4^2+x_1*x_2*x_3^6*x_4^3+x_1*x_3^7*x_4^3+x_2*x_3^7*x_4^3+x_3^8*x_4^3+x_1*x_2*x_3^5*x_4^4+x_1*x_3^6*x_4^4+x_2*x_3^6*x_4^4+x_3^7*x_4^4+x_1*x_2*x_3^4*x_4^5+x_1*x_3^5*x_4^5+x_2*x_3^5*x_4^5+x_3^6*x_4^5+x_1*x_2*x_3^3*x_4^6+x_1*x_3^4*x_4^6+x_2*x_3^4*x_4^6+x_3^5*x_4^6+x_1*x_2*x_3^2*x_4^7+x_1*x_3^3*x_4^7+x_2*x_3^3*x_4^7+x_3^4*x_4^7+x_1*x_3^2*x_4^8+x_2*x_3^2*x_4^8+x_3^3*x_4^8
--- deg 11 lead x_1*x_2^8*x_4^2
x_1*x_2^8*x_4^2+x_1*x_2^7*x_3*x_4^2+x_2^8*x_3*x_4^2+x_1*x_2^7*x_4^3+x_2^8*x_4^3+x_1*x_2^6*x_3*x_4^3+x_2^7*x_3*x_4^3+x_1*x_2^6*x_4^4+x_2^7*x_4^4+x_1*x_2^5*x_3*x_4^4+x_2^6*x_3*x_4^4+x_1*x_2^5*x_4^5+x_2^6*x_4^5+x_1*x_2^4*x_3*x_4^5+x_2^5*x_3*x_4^5+x_1*x_2^4*x_4^6+x_2^5*x_4^6+x_1*x_2^3*x_3*x_4^6+x_2^4*x_3*x_4^6+x_1*x_2^3*x_4^7+x_2^4*x_4^7+x_1*x_2^2*x_3*x_4^7+x_2^3*x_3*x_4^7+x_1*x_2^2*x_4^8+x_2^3*x_4^8-x_2*x_3^2*x_4^8
--- deg 11 lead x_2^2*x_3^8*x_4
x_2^2*x_3^8*x_4+x_2*x_3^8*x_4^2
--- deg 11 lead x_1*x_2*x_3^8*x_4
x_1*x_2*x_3^8*x_4
--- deg 17 lead x_2*x_3^8*x_4^8
x_2*x_3^8*x_4^8
--- deg 17 lead x_1*x_3^8*x_4^8
x_1*x_3^8*x_4^8
== (k,q)=(2,27)
J1 GB leading terms: {x_0, x_1^2*x_2, x_1^2*x_3^2*x_4, x_2^3*x_3^2*x_4, x_4^27, x_3^27, x_2^27, x_1^27, x_1*x_2^26*x_3, x_2^2*x_3*x_4^26, x_1*x_2*x_3*x_4^26, x_1^2*x_3*x_4^26, x_2^2*x_3^25*x_4^2, x_1*x_2*x_3^25*x_4^2, x_1*x_2^26*x_4^2, x_2^2*x_3^26*x_4, x_1*x_2*x_3^26*x_4, x_2*x_3^26*x_4^26, x_1*x_3^26*x_4^26}
FIN-OK
