=== cell (n+1,m) = (4,1) q = 9
colength R2 = 6   colength K_(m)(n) = 24   (colon 0 s)
Klow subset R2: true
mingens of R2 not in Klow: 2  degrees: Tally{2 => 1}
                                             3 => 1
                            2           2
   deg 2 (x_1 eliminated): x  + x x  + x
                            2    2 3    3
                            3
   deg 3 (x_1 eliminated): x
                            3
guess A: e_{2i}, n-m <= 2i <= n-1, in R2: {true}
guess B: family y_j^(q-2) e_1(y minus y_l) subset R2: true
Klow + evens + fam: colength 6  == R2 ? true
=== cell (n+1,m) = (5,1) q = 9
colength R2 = 84   colength K_(m)(n) = 88   (colon 0 s)
Klow subset R2: true
mingens of R2 not in Klow: 3  degrees: Tally{9 => 3}
guess A: e_{2i}, n-m <= 2i <= n-1, in R2: {}
guess B: family y_j^(q-2) e_2(y minus y_l) subset R2: true
Klow + evens + fam: colength 84  == R2 ? true
=== cell (n+1,m) = (6,1) q = 9
colength R2 = 380   colength K_(m)(n) = 855   (colon 1 s)
Klow subset R2: true
mingens of R2 not in Klow: 7  degrees: Tally{4 => 1 }
                                             5 => 1
                                             10 => 5
                            2 2        2    2 2      3      3    2                   2          2        2      3      2 2        2    2 2        2        2    2 2      3      3      3
   deg 4 (x_1 eliminated): x x  + x x x  + x x  + x x  + x x  + x x x  + x x x x  + x x x  - x x x  - x x x  + x x  + x x  + x x x  + x x  - x x x  - x x x  - x x  + x x  + x x  + x x
                            2 4    2 3 4    3 4    2 4    3 4    2 4 5    2 3 4 5    3 4 5    2 4 5    3 4 5    4 5    2 5    2 3 5    3 5    2 4 5    3 4 5    4 5    2 5    3 5    4 5
                            2 3        3    2 3        3        3    2 3      4      4      4
   deg 5 (x_1 eliminated): x x  + x x x  + x x  + x x x  + x x x  + x x  + x x  + x x  + x x
                            2 5    2 3 5    3 5    2 4 5    3 4 5    4 5    2 5    3 5    4 5
guess A: e_{2i}, n-m <= 2i <= n-1, in R2: {true}
guess B: family y_j^(q-2) e_3(y minus y_l) subset R2: true
Klow + evens + fam: colength 380  == R2 ? true
=== cell (n+1,m) = (4,2) q = 9
colength R2 = 3   colength K_(m)(n) = 3   (colon 0 s)
Klow subset R2: true
mingens of R2 not in Klow: 0  degrees: Tally{}
guess A: e_{2i}, n-m <= 2i <= n-1, in R2: {true}
guess B: family y_j^(q-2) e_0(y minus y_l) subset R2: true
Klow + evens + fam: colength 3  == R2 ? true
=== cell (n+1,m) = (5,2) q = 9
colength R2 = 12   colength K_(m)(n) = 46   (colon 0 s)
Klow subset R2: true
mingens of R2 not in Klow: 3  degrees: Tally{2 => 1}
                                             3 => 2
                            2           2                  2
   deg 2 (x_1 eliminated): x  + x x  + x  + x x  + x x  + x
                            2    2 3    3    2 4    3 4    4
                            3
   deg 3 (x_1 eliminated): x
                            4
                            3
   deg 3 (x_1 eliminated): x
                            3
guess A: e_{2i}, n-m <= 2i <= n-1, in R2: {true}
guess B: family y_j^(q-2) e_1(y minus y_l) subset R2: true
Klow + evens + fam: colength 12  == R2 ? true
=== cell (n+1,m) = (6,2) q = 9
colength R2 = 200   colength K_(m)(n) = 210   (colon 0 s)
Klow subset R2: true
mingens of R2 not in Klow: 6  degrees: Tally{9 => 6}
guess A: e_{2i}, n-m <= 2i <= n-1, in R2: {true}
guess B: family y_j^(q-2) e_2(y minus y_l) subset R2: true
Klow + evens + fam: colength 200  == R2 ? true
=== cell (n+1,m) = (5,3) q = 9
colength R2 = 4   colength K_(m)(n) = 4   (colon 0 s)
Klow subset R2: true
mingens of R2 not in Klow: 0  degrees: Tally{}
guess A: e_{2i}, n-m <= 2i <= n-1, in R2: {true}
guess B: family y_j^(q-2) e_0(y minus y_l) subset R2: true
Klow + evens + fam: colength 4  == R2 ? true
=== cell (n+1,m) = (6,3) q = 9
colength R2 = 20   colength K_(m)(n) = 75   (colon 0 s)
Klow subset R2: true
mingens of R2 not in Klow: 4  degrees: Tally{2 => 1}
                                             3 => 3
                            2           2                  2                         2
   deg 2 (x_1 eliminated): x  + x x  + x  + x x  + x x  + x  + x x  + x x  + x x  + x
                            2    2 3    3    2 4    3 4    4    2 5    3 5    4 5    5
                            3
   deg 3 (x_1 eliminated): x
                            5
                            3
   deg 3 (x_1 eliminated): x
                            4
                            3
   deg 3 (x_1 eliminated): x
                            3
guess A: e_{2i}, n-m <= 2i <= n-1, in R2: {true, true}
guess B: family y_j^(q-2) e_1(y minus y_l) subset R2: true
Klow + evens + fam: colength 20  == R2 ? true
=== cell (n+1,m) = (6,4) q = 9
colength R2 = 5   colength K_(m)(n) = 5   (colon 0 s)
Klow subset R2: true
mingens of R2 not in Klow: 0  degrees: Tally{}
guess A: e_{2i}, n-m <= 2i <= n-1, in R2: {true, true}
guess B: family y_j^(q-2) e_0(y minus y_l) subset R2: true
Klow + evens + fam: colength 5  == R2 ? true
FIN-OK
EXIT 0 after 3s
