=== cell (n+1,m) = (4,1) q = 27
colength R2 = 6   colength K_(m)(n) = 78   (colon 0 s)
Klow subset R2: true
mingens of R2 not in Klow: 2  degrees: Tally{2 => 1}
                                             3 => 1
                            2           2
   deg 2 (x_1 eliminated): x  + x x  + x
                            2    2 3    3
                            3
   deg 3 (x_1 eliminated): x
                            3
guess A: e_{2i}, n-m <= 2i <= n-1, in R2: {true}
guess B: family y_j^(q-2) e_1(y minus y_l) subset R2: true
Klow + evens + fam: colength 6  == R2 ? true
=== cell (n+1,m) = (5,1) q = 27
colength R2 = 300   colength K_(m)(n) = 304   (colon 77 s)
Klow subset R2: true
mingens of R2 not in Klow: 3  degrees: Tally{27 => 3}
guess A: e_{2i}, n-m <= 2i <= n-1, in R2: {}
guess B: family y_j^(q-2) e_2(y minus y_l) subset R2: true
Klow + evens + fam: colength 300  == R2 ? true
=== cell (n+1,m) = (4,2) q = 27
colength R2 = 3   colength K_(m)(n) = 3   (colon 0 s)
Klow subset R2: true
mingens of R2 not in Klow: 0  degrees: Tally{}
guess A: e_{2i}, n-m <= 2i <= n-1, in R2: {true}
guess B: family y_j^(q-2) e_0(y minus y_l) subset R2: true
Klow + evens + fam: colength 3  == R2 ? true
=== cell (n+1,m) = (5,2) q = 27
colength R2 = 12   colength K_(m)(n) = 154   (colon 0 s)
Klow subset R2: true
mingens of R2 not in Klow: 3  degrees: Tally{2 => 1}
                                             3 => 2
                            2           2                  2
   deg 2 (x_1 eliminated): x  + x x  + x  + x x  + x x  + x
                            2    2 3    3    2 4    3 4    4
                            3
   deg 3 (x_1 eliminated): x
                            4
                            3
   deg 3 (x_1 eliminated): x
                            3
guess A: e_{2i}, n-m <= 2i <= n-1, in R2: {true}
guess B: family y_j^(q-2) e_1(y minus y_l) subset R2: true
Klow + evens + fam: colength 12  == R2 ? true
=== cell (n+1,m) = (5,3) q = 27
colength R2 = 4   colength K_(m)(n) = 4   (colon 0 s)
Klow subset R2: true
mingens of R2 not in Klow: 0  degrees: Tally{}
guess A: e_{2i}, n-m <= 2i <= n-1, in R2: {true}
guess B: family y_j^(q-2) e_0(y minus y_l) subset R2: true
Klow + evens + fam: colength 4  == R2 ? true
FIN-OK
EXIT 0 after 78s
