q=9 tgt in K0: true
  colon mingens degrees: Tally{2 => 1}
                               3 => 3
                               4 => 4
                               9 => 3
  low-degree (<=6) generators of the colon:
      2
    x1
    x0*x1*x2 + x0*x1*x3 + x0*x2*x3 + x1*x2*x3
      2       2          2        2     2       2          2        2        2
    x0 x1 + x0 x2 + x0*x2  + x1*x2  + x0 x3 + x2 x3 + x0*x3  + x1*x3  + x2*x3
      3     3     3
    x0  + x2  + x3
         3        3        3     4
    x0*x3  + x1*x3  + x2*x3  + x3
      2  2     2  2     4
    x0 x3  + x2 x3  - x3
         2             2
    x1*x2 x3 + x1*x2*x3
         3     3       2  2        3        3
    x1*x2  + x2 x3 - x2 x3  + x1*x3  + x2*x3
  tgt/x1^(q-2) = E1^2 x0^2 in colon: true
q=27 tgt in K0: true
  colon mingens degrees: Tally{2 => 1 }
                               3 => 3
                               4 => 4
                               27 => 3
  low-degree (<=6) generators of the colon:
      2
    x1
    x0*x1*x2 + x0*x1*x3 + x0*x2*x3 + x1*x2*x3
      2       2          2        2     2       2          2        2        2
    x0 x1 + x0 x2 + x0*x2  + x1*x2  + x0 x3 + x2 x3 + x0*x3  + x1*x3  + x2*x3
      3     3     3
    x0  + x2  + x3
         3        3        3     4
    x0*x3  + x1*x3  + x2*x3  + x3
      2  2     2  2     4
    x0 x3  + x2 x3  - x3
         2             2
    x1*x2 x3 + x1*x2*x3
         3     3       2  2        3        3
    x1*x2  + x2 x3 - x2 x3  + x1*x3  + x2*x3
  tgt/x1^(q-2) = E1^2 x0^2 in colon: true
EXIT 0 after 1s
