q=9  x1-free colon mingens degrees Tally{2 => 1}
                                         3 => 3
                                         4 => 4
                                         9 => 3
          2             2                     2                         2
    [0] x0  - x0*x2 + x2  - x0*x3 - x2*x3 + x3  - x0*z - x2*z - x3*z + z    in (I5+(z^3)):x1^(q-2)? true
         3
    [1] z    in (I5+(z^3)):x1^(q-2)? true
                                          2       2       2
    [2] x0*x2*z + x0*x3*z + x2*x3*z + x0*z  + x2*z  + x3*z    in (I5+(z^3)):x1^(q-2)? true
             2     3                2          2        2     3     2                2        2
    [3] x0*x2  + x2  - x0*x2*x3 - x2 x3 + x0*x3  - x2*x3  + x3  - x2 z - x2*x3*z - x3 z - x0*z    in (I5+(z^3)):x1^(q-2)? true
          2 2
    [4] x3 z    in (I5+(z^3)):x1^(q-2)? false
          2 2
    [5] x2 z    in (I5+(z^3)):x1^(q-2)? false
          3
    [6] x3 z   in (I5+(z^3)):x1^(q-2)? true
          2            2           2
    [7] x2 x3*z + x2*x3 z + x2*x3*z    in (I5+(z^3)):x1^(q-2)? false
  z^2*x0^2 in x1-free colon: true
  z^2*x0^2 in the LOW part alone (q-free): true
  (b'): (x0+x1)*x1^(q-2)*e2(x1,x2,x3) in I5+(z^3): true
  (b): x1^(q-2)*z*(x0^2+x2^2+x3^2) in I5+(z^3): true
q=27  x1-free colon mingens degrees Tally{2 => 1 }
                                          3 => 3
                                          4 => 4
                                          27 => 3
          2             2                     2                         2
    [0] x0  - x0*x2 + x2  - x0*x3 - x2*x3 + x3  - x0*z - x2*z - x3*z + z    in (I5+(z^3)):x1^(q-2)? true
         3
    [1] z    in (I5+(z^3)):x1^(q-2)? true
                                          2       2       2
    [2] x0*x2*z + x0*x3*z + x2*x3*z + x0*z  + x2*z  + x3*z    in (I5+(z^3)):x1^(q-2)? true
             2     3                2          2        2     3     2                2        2
    [3] x0*x2  + x2  - x0*x2*x3 - x2 x3 + x0*x3  - x2*x3  + x3  - x2 z - x2*x3*z - x3 z - x0*z    in (I5+(z^3)):x1^(q-2)? true
          2 2
    [4] x3 z    in (I5+(z^3)):x1^(q-2)? false
          2 2
    [5] x2 z    in (I5+(z^3)):x1^(q-2)? false
          3
    [6] x3 z   in (I5+(z^3)):x1^(q-2)? true
          2            2           2
    [7] x2 x3*z + x2*x3 z + x2*x3*z    in (I5+(z^3)):x1^(q-2)? false
  z^2*x0^2 in x1-free colon: true
  z^2*x0^2 in the LOW part alone (q-free): true
  (b'): (x0+x1)*x1^(q-2)*e2(x1,x2,x3) in I5+(z^3): true
  (b): x1^(q-2)*z*(x0^2+x2^2+x3^2) in I5+(z^3): true
EXIT 0 after 5s
