CLOSURE FAIL m=5 P=[(0, (2,)), (0, (3,)), (1, ()), (2, ())] i=2 R_i=[(0, ()), (0, (2,)), (0, (3,)), (0, (4,)), (1, ()), (2, ())]
CLOSURE FAIL m=5 P=[(0, (2,)), (0, (3,)), (1, ()), (2, ())] i=3 R_i=[(0, ()), (0, (2,)), (0, (3,)), (0, (4,)), (1, ()), (2, ())]
CLOSURE FAIL m=7 P=[(0, (5,)), (1, (2, 2)), (1, (3,)), (1, (5,)), (2, ()), (2, (2,)), (2, (3,)), (3, ())] i=4 R_i=[(0, (5,)), (0, (6,)), (1, (2,)), (1, (2, 2)), (1, (3,)), (2, ()), (2, (2,)), (3, ())]
CLOSURE FAIL m=7 P=[(0, (5,)), (1, (2, 2)), (1, (3,)), (1, (5,)), (2, ()), (2, (2,)), (2, (3,)), (3, ())] i=5 R_i=[(0, (5,)), (0, (6,)), (1, (2,)), (1, (2, 2)), (1, (3,)), (2, ()), (2, (2,)), (3, ())]
KEY FAIL m=8 P=[(0, (3, 3, 2)), (1, (2, 2, 2)), (1, (3, 2)), (1, (3, 3)), (2, (2,)), (2, (2, 2)), (2, (3,)), (3, ()), (3, (2,)), (4, ())] i=7
KEY FAIL m=7 P=[(0, (3, 2, 2)), (1, (2, 2)), (1, (3,)), (1, (3, 2)), (2, ()), (2, (2,)), (2, (3,)), (3, ())] i=7
KEY FAIL m=4 P=[(0, (2, 2)), (1, ()), (1, (2,)), (2, ())] i=7
KEY FAIL m=8 P=[(1, (2, 2)), (2, ()), (2, (2,)), (3, ()), (4, ())] i=3
q=9 trials=300 tests=2332 KEY failures=33 CLOSURE failures=174
KEY FAIL m=5 P=[(1, (2,)), (2, ())] i=3
KEY FAIL m=7 P=[(1, (2, 2)), (2, ()), (2, (2,)), (3, ())] i=3
KEY FAIL m=7 P=[(1, (2, 2)), (2, ()), (2, (2,)), (3, ())] i=4
KEY FAIL m=7 P=[(1, (2, 2)), (2, ()), (2, (2,)), (3, ())] i=5
CLOSURE FAIL m=7 P=[(0, (3,)), (0, (4, 3)), (0, (6,)), (1, ()), (1, (3, 2)), (1, (4,)), (2, ()), (2, (2,)), (2, (3,)), (3, ())] i=2 R_i=[(0, (2,)), (0, (3,)), (0, (3, 3)), (0, (4,)), (0, (4, 2)), (0, (5,)), (0, (6,)), (1, ()), (1, (2, 2)), (1, (3,)), (1, (4,)), (2, ()), (2, (2,)), (3, ())]
CLOSURE FAIL m=7 P=[(0, (3,)), (0, (4, 3)), (0, (6,)), (1, ()), (1, (3, 2)), (1, (4,)), (2, ()), (2, (2,)), (2, (3,)), (3, ())] i=3 R_i=[(0, (2,)), (0, (3,)), (0, (3, 3)), (0, (4,)), (0, (4, 2)), (0, (5,)), (0, (6,)), (1, ()), (1, (2, 2)), (1, (3,)), (1, (4,)), (2, ()), (2, (2,)), (3, ())]
CLOSURE FAIL m=6 P=[(0, (3,)), (1, ()), (2, ()), (3, ())] i=2 R_i=[(0, (2,)), (0, (3,)), (0, (4,)), (0, (5,)), (1, ()), (1, (3,)), (2, ())]
CLOSURE FAIL m=6 P=[(0, (3,)), (1, ()), (2, ()), (3, ())] i=3 R_i=[(0, (2,)), (0, (3,)), (0, (4,)), (0, (5,)), (1, ()), (2, ())]
q=27 trials=300 tests=7579 KEY failures=64 CLOSURE failures=147
CLOSURE FAIL m=7 P=[(0, ()), (0, (4, 3)), (1, ()), (1, (3, 2)), (1, (4,)), (2, ()), (2, (2,)), (2, (3,)), (3, ())] i=2 R_i=[(0, ()), (0, (3,)), (0, (3, 3)), (0, (4,)), (0, (4, 2)), (0, (5,)), (0, (6,)), (1, ()), (1, (2, 2)), (1, (3,)), (1, (4,)), (2, ()), (2, (2,)), (3, ())]
CLOSURE FAIL m=7 P=[(0, ()), (0, (4, 3)), (1, ()), (1, (3, 2)), (1, (4,)), (2, ()), (2, (2,)), (2, (3,)), (3, ())] i=3 R_i=[(0, ()), (0, (3, 3)), (0, (4,)), (0, (4, 2)), (0, (5,)), (0, (6,)), (1, ()), (1, (2, 2)), (1, (3,)), (1, (4,)), (2, ()), (2, (2,)), (3, ())]
KEY FAIL m=5 P=[(0, (3, 2)), (0, (5,)), (1, (2,)), (1, (3,)), (2, ())] i=79
KEY FAIL m=6 P=[(0, (4, 2)), (1, ()), (1, (2, 2)), (1, (3,)), (1, (4,)), (2, ()), (2, (2,)), (3, ())] i=79
KEY FAIL m=5 P=[(0, (3, 2)), (1, ()), (1, (2,)), (1, (3,)), (2, ())] i=79
KEY FAIL m=7 P=[(0, (3, 2, 2)), (1, (2, 2)), (1, (3,)), (1, (3, 2)), (2, ()), (2, (2,)), (2, (3,)), (3, ())] i=79
CLOSURE FAIL m=6 P=[(0, ()), (0, (2,)), (1, ()), (2, ()), (3, ())] i=2 R_i=[(0, ()), (0, (2,)), (0, (3,)), (0, (4,)), (0, (5,)), (1, ()), (1, (3,)), (2, ())]
CLOSURE FAIL m=6 P=[(0, ()), (0, (2,)), (1, ()), (2, ()), (3, ())] i=3 R_i=[(0, ()), (0, (2,)), (0, (4,)), (0, (5,)), (1, ()), (2, ())]
q=81 trials=200 tests=15515 KEY failures=38 CLOSURE failures=102
CLOSURE FAIL m=9 P=[(0, (5, 4)), (1, (4, 3)), (1, (5, 2)), (2, (2, 2)), (2, (3, 2)), (2, (4,)), (2, (5,)), (3, ()), (3, (2,)), (3, (3,)), (4, ())] i=1 R_i=[(1, (2, 2, 2)), (1, (4, 2)), (2, (2,)), (2, (2, 2)), (2, (4,)), (3, ()), (3, (2,)), (4, ())]
CLOSURE FAIL m=6 P=[(1, (2,)), (2, ()), (3, ())] i=1 R_i=[(0, (2, 2)), (1, (2,)), (2, ())]
CLOSURE FAIL m=8 P=[(0, (3, 2)), (1, (2,)), (1, (3,)), (1, (3, 2)), (2, ()), (2, (2,)), (2, (3,)), (3, ()), (4, ())] i=1 R_i=[(0, (2, 2)), (0, (3, 2)), (0, (3, 2, 2)), (1, (2,)), (1, (2, 2)), (1, (3,)), (1, (3, 2)), (2, ()), (2, (2,)), (2, (3,)), (3, ())]
CLOSURE FAIL m=9 P=[(0, (5, 2)), (0, (5, 3)), (1, (3, 2)), (1, (3, 3)), (1, (4,)), (1, (4, 2)), (1, (4, 3)), (1, (5,)), (2, (2,)), (2, (2, 2)), (2, (3,)), (2, (3, 2)), (2, (4,)), (3, ()), (3, (2,)), (3, (3,)), (4, ())] i=1 R_i=[(0, (3, 2, 2)), (0, (3, 3, 2)), (0, (4, 2)), (0, (4, 2, 2)), (0, (5, 2)), (0, (5, 3)), (1, (2, 2)), (1, (2, 2, 2)), (1, (3, 2)), (1, (3, 3)), (1, (4,)), (1, (4, 2)), (1, (5,)), (2, (2,)), (2, (2, 2)), (2, (3,)), (2, (4,)), (3, ()), (3, (2,)), (4, ())]
q=3 trials=200 tests=388 KEY failures=0 CLOSURE failures=55
VIGIA-FIN-OK exit=0 pico_kb=14512 t=0s
