q=3  T in F + (P0,P1,P2) + (e4) + box? true
   T in F + (e4) + box? false   T in F+(P0)+(e4)+box? false   T in F+(P1,P2)+(e4)+box? false
   T in (F12,F34)+(P0,P1,P2)+(e4)+box? false   T in (F13,F24,F14,F23)+(P0,P1,P2)+(e4)+box? false
   lift coefficients (F12,F34,F13,F24,F14,F23,P0,P1,P2,e4):
     [0] 1
     [1] 1
     [2] -1
     [3] -1
     [4] -1
     [5] -1
     [6] 1
     [7] -1
     [8] -1
     [9] -1
q=9  T in F + (P0,P1,P2) + (e4) + box? true
   T in F + (e4) + box? false   T in F+(P0)+(e4)+box? false   T in F+(P1,P2)+(e4)+box? false
   T in (F12,F34)+(P0,P1,P2)+(e4)+box? false   T in (F13,F24,F14,F23)+(P0,P1,P2)+(e4)+box? false
   lift coefficients (F12,F34,F13,F24,F14,F23,P0,P1,P2,e4):
           6     5       4  2     3  3     2  4        5     6
     [0] x3  - x3 x4 + x3 x4  - x3 x4  + x3 x4  - x3*x4  + x4
           6     5       4  2     3  3     2  4        5     6
     [1] x1  - x1 x2 + x1 x2  - x1 x2  + x1 x2  - x1*x2  + x2
             6     5       4  2     3  3     2  4        5     6
     [2] - x2  + x2 x4 - x2 x4  + x2 x4  - x2 x4  + x2*x4  - x4
             6     5       4  2     3  3     2  4        5     6
     [3] - x1  + x1 x3 - x1 x3  + x1 x3  - x1 x3  + x1*x3  - x3
             6     5       4  2     3  3     2  4        5     6
     [4] - x2  + x2 x3 - x2 x3  + x2 x3  - x2 x3  + x2*x3  - x3
             6     5       4  2     3  3     2  4        5     6
     [5] - x1  + x1 x4 - x1 x4  + x1 x4  - x1 x4  + x1*x4  - x4
     [6] 1
     [7] -1
     [8] -1
           6  6     6  5       5  6       6  4  2     4  6  2     6  3  3     3  6  3     6  2  4     2  6  4     6     5        6  5     5     6     4  2  6     3  3  6     2  4  6        5  6     6  5       5  6       5  5          5  4  2       4  5  2       5  3  3       3  5  3       5  2  4       2  5  4       6  5       4  2  5       3  3  5       2  4  5       6  5       5  6       5  6       6  4  2     4  6  2     5  4     2     4  5     2     4  4  2  2     4  3  3  2     3  4  3  2     6  4  2     5     4  2     3  3  4  2        5  4  2     6  4  2     4     5  2        4  5  2     4  6  2     4  6  2     6  3  3     3  6  3     5  3     3     3  5     3     4  3  2  3     3  4  2  3     6  3  3     5     3  3     4  2  3  3     3  3  3  3     2  4  3  3        5  3  3     6  3  3     3  2  4  3     2  3  4  3     3     5  3        3  5  3     3  6  3     3  6  3     6  2  4     2  6  4     5  2     4     2  5     4     6  2  4     5     2  4     3  3  2  4        5  2  4     6  2  4     3  2  3  4     2  3  3  4     2  2  4  4     2     5  4        2  5  4     2  6  4     2  6  4     6     5        6  5     6     5     4  2     5     3  3     5     2  4     5     6     5     4     2  5        4  2  5     3     3  5        3  3  5     2     4  5        2  4  5           5  5        6  5        6  5     5     6     4  2  6     3  3  6     2  4  6        5  6     5     6     5     6     4  2  6     4  2  6     3  3  6     3  3  6     2  4  6     2  4  6        5  6        5  6     6  6
     [9] x1 x2  + x1 x2 x3 + x1 x2 x3 - x1 x2 x3  - x1 x2 x3  + x1 x2 x3  + x1 x2 x3  - x1 x2 x3  - x1 x2 x3  + x1 x2*x3  + x1*x2 x3  - x1 x2*x3  + x1 x2 x3  - x1 x2 x3  + x1 x2 x3  - x1*x2 x3  + x1 x2 x4 + x1 x2 x4 + x1 x2 x3*x4 + x1 x2 x3 x4 + x1 x2 x3 x4 - x1 x2 x3 x4 - x1 x2 x3 x4 + x1 x2 x3 x4 + x1 x2 x3 x4 - x1 x3 x4 - x1 x2 x3 x4 + x1 x2 x3 x4 - x1 x2 x3 x4 - x2 x3 x4 + x1 x3 x4 + x2 x3 x4 - x1 x2 x4  - x1 x2 x4  + x1 x2 x3*x4  + x1 x2 x3*x4  + x1 x2 x3 x4  + x1 x2 x3 x4  + x1 x2 x3 x4  + x1 x3 x4  - x1 x2*x3 x4  - x1 x2 x3 x4  - x1*x2 x3 x4  + x2 x3 x4  + x1 x2*x3 x4  + x1*x2 x3 x4  - x1 x3 x4  - x2 x3 x4  + x1 x2 x4  + x1 x2 x4  - x1 x2 x3*x4  - x1 x2 x3*x4  + x1 x2 x3 x4  + x1 x2 x3 x4  - x1 x3 x4  + x1 x2*x3 x4  - x1 x2 x3 x4  - x1 x2 x3 x4  - x1 x2 x3 x4  + x1*x2 x3 x4  - x2 x3 x4  + x1 x2 x3 x4  + x1 x2 x3 x4  - x1 x2*x3 x4  - x1*x2 x3 x4  + x1 x3 x4  + x2 x3 x4  - x1 x2 x4  - x1 x2 x4  + x1 x2 x3*x4  + x1 x2 x3*x4  + x1 x3 x4  - x1 x2*x3 x4  - x1 x2 x3 x4  - x1*x2 x3 x4  + x2 x3 x4  + x1 x2 x3 x4  + x1 x2 x3 x4  + x1 x2 x3 x4  + x1 x2*x3 x4  + x1*x2 x3 x4  - x1 x3 x4  - x2 x3 x4  + x1 x2*x4  + x1*x2 x4  - x1 x3*x4  - x1 x2 x3*x4  + x1 x2 x3*x4  - x1 x2 x3*x4  - x2 x3*x4  + x1 x2*x3 x4  + x1*x2 x3 x4  - x1 x2*x3 x4  - x1*x2 x3 x4  + x1 x2*x3 x4  + x1*x2 x3 x4  + x1*x2*x3 x4  + x1*x3 x4  + x2*x3 x4  - x1 x2*x4  + x1 x2 x4  - x1 x2 x4  + x1 x2 x4  - x1*x2 x4  + x1 x3*x4  + x2 x3*x4  - x1 x3 x4  - x2 x3 x4  + x1 x3 x4  + x2 x3 x4  - x1 x3 x4  - x2 x3 x4  + x1*x3 x4  + x2*x3 x4  + x3 x4
q=27  T in F + (P0,P1,P2) + (e4) + box? true
   T in F + (e4) + box? false   T in F+(P0)+(e4)+box? false   T in F+(P1,P2)+(e4)+box? false
   T in (F12,F34)+(P0,P1,P2)+(e4)+box? false   T in (F13,F24,F14,F23)+(P0,P1,P2)+(e4)+box? false
EXIT 0 after 1s
