## q = 9 : visited cells 115 (non-leaf parents f >= 2: 70); lines 500; PROVED 500; OPEN 0
| # | parent | n | f | type | rows | child (n−1) | status | mechanism: object classes (s,w) of the child |
|---|---|---|---|---|---|---|---|---|
| 1 | ∅ | 12 | 12 | value-0 | 0 | ∅ | **PROVED** | BASE; BASE only |
| 2 | ∅ | 12 | 12 | new-class | 1..q-1 | (1) | **PROVED** | BASE; ANTI (1,0) |
| 3 | ∅ | 11 | 11 | value-0 | 0 | ∅ | **PROVED** | BASE; BASE only |
| 4 | ∅ | 11 | 11 | new-class | 1..q-1 | (1) | **PROVED** | BASE; ANTI (1,0) |
| 5 | (1) | 11 | 10 | lower | 0 | ∅ | **PROVED** | BASE; BASE only |
| 6 | (1) | 11 | 10 | value-0 | 1 | (1) | **PROVED** | BASE; DESCENT (1,0) |
| 7 | (1) | 11 | 10 | new-class | 2..q-2 | (1,1) | **PROVED** | BASE; DESCENT (1,0); ANTI (2,0) |
| 8 | (1) | 11 | 10 | raise | q-1 | (2) | **PROVED** | BASE; DESCENT (1,0); ANTI (2,0); RAISE (1,1) |
| 9 | ∅ | 10 | 10 | value-0 | 0 | ∅ | **PROVED** | BASE; BASE only |
| 10 | ∅ | 10 | 10 | new-class | 1..q-1 | (1) | **PROVED** | BASE; ANTI (1,0) |
| 11 | (1) | 10 | 9 | lower | 0 | ∅ | **PROVED** | BASE; BASE only |
| 12 | (1) | 10 | 9 | value-0 | 1 | (1) | **PROVED** | BASE; DESCENT (1,0) |
| 13 | (1) | 10 | 9 | new-class | 2..q-2 | (1,1) | **PROVED** | BASE; DESCENT (1,0); ANTI (2,0) |
| 14 | (1) | 10 | 9 | raise | q-1 | (2) | **PROVED** | BASE; DESCENT (1,0); ANTI (2,0); RAISE (1,1) |
| 15 | (2) | 10 | 8 | lower | 0 | (1) | **PROVED** | BASE; PASCAL (1,0) |
| 16 | (2) | 10 | 8 | value-0 | 1 | (2) | **PROVED** | BASE; PASCAL (1,0); DESCENT (2,0) (1,1) |
| 17 | (2) | 10 | 8 | new-class | 2..q-2 | (2,1) | **PROVED** | BASE; PASCAL (1,0); DESCENT (2,0) (1,1); ANTI (3,0) |
| 18 | (2) | 10 | 8 | raise | q-1 | (3) | **PROVED** | BASE; PASCAL (1,0); DESCENT (2,0) (1,1); ANTI (3,0); RAISE (2,1) (1,2) |
| 19 | (1,1) | 10 | 8 | lower | 0, 1 | (1) | **PROVED** | BASE; PASCAL (1,0) |
| 20 | (1,1) | 10 | 8 | value-0 | 2 | (1,1) | **PROVED** | BASE; PASCAL (1,0); DESCENT (2,0) |
| 21 | (1,1) | 10 | 8 | new-class | 3..q-3 | (1,1,1) | **PROVED** | BASE; PASCAL (1,0); DESCENT (2,0); ANTI (3,0) |
| 22 | (1,1) | 10 | 8 | raise | q-2, q-1 | (2,1) | **PROVED** | BASE; PASCAL (1,0); DESCENT (2,0); ANTI (3,0); RAISE (1,1) |
| 23 | ∅ | 9 | 9 | value-0 | 0 | ∅ | **PROVED** | BASE; BASE only |
| 24 | ∅ | 9 | 9 | new-class | 1..q-1 | (1) | **PROVED** | BASE; ANTI (1,0) |
| 25 | (1) | 9 | 8 | lower | 0 | ∅ | **PROVED** | BASE; BASE only |
| 26 | (1) | 9 | 8 | value-0 | 1 | (1) | **PROVED** | BASE; DESCENT (1,0) |
| 27 | (1) | 9 | 8 | new-class | 2..q-2 | (1,1) | **PROVED** | BASE; DESCENT (1,0); ANTI (2,0) |
| 28 | (1) | 9 | 8 | raise | q-1 | (2) | **PROVED** | BASE; DESCENT (1,0); ANTI (2,0); RAISE (1,1) |
| 29 | (2) | 9 | 7 | lower | 0 | (1) | **PROVED** | BASE; PASCAL (1,0) |
| 30 | (2) | 9 | 7 | value-0 | 1 | (2) | **PROVED** | BASE; PASCAL (1,0); DESCENT (2,0) (1,1) |
| 31 | (2) | 9 | 7 | new-class | 2..q-2 | (2,1) | **PROVED** | BASE; PASCAL (1,0); DESCENT (2,0) (1,1); ANTI (3,0) |
| 32 | (2) | 9 | 7 | raise | q-1 | (3) | **PROVED** | BASE; PASCAL (1,0); DESCENT (2,0) (1,1); ANTI (3,0); RAISE (2,1) (1,2) |
| 33 | (3) | 9 | 6 | lower | 0 | (2) | **PROVED** | BASE; PASCAL (1,0) (2,0) (1,1) |
| 34 | (3) | 9 | 6 | value-0 | 1 | (3) | **PROVED** | BASE; PASCAL (1,0) (2,0) (1,1); DESCENT (3,0) (2,1) (1,2) |
| 35 | (3) | 9 | 6 | new-class | 2..q-2 | (3,1) | **PROVED** | BASE; PASCAL (1,0) (2,0) (1,1); DESCENT (3,0) (2,1) (1,2); ANTI (4,0) |
| 36 | (3) | 9 | 6 | raise | q-1 | (4) | **PROVED** | BASE; PASCAL (1,0) (2,0) (1,1); DESCENT (3,0) (2,1) (1,2); ANTI (4,0); RAISE (3,1) (2,2) (1,3) |
| 37 | (1,1) | 9 | 7 | lower | 0, 1 | (1) | **PROVED** | BASE; PASCAL (1,0) |
| 38 | (1,1) | 9 | 7 | value-0 | 2 | (1,1) | **PROVED** | BASE; PASCAL (1,0); DESCENT (2,0) |
| 39 | (1,1) | 9 | 7 | new-class | 3..q-3 | (1,1,1) | **PROVED** | BASE; PASCAL (1,0); DESCENT (2,0); ANTI (3,0) |
| 40 | (1,1) | 9 | 7 | raise | q-2, q-1 | (2,1) | **PROVED** | BASE; PASCAL (1,0); DESCENT (2,0); ANTI (3,0); RAISE (1,1) |
| 41 | (2,1) | 9 | 6 | lower | 0 | (1,1) | **PROVED** | BASE; PASCAL (1,0) (2,0) |
| 42 | (2,1) | 9 | 6 | lower | 1 | (2) | **PROVED** | BASE; PASCAL (1,0) (2,0); DESCENT (1,1) |
| 43 | (2,1) | 9 | 6 | value-0 | 2 | (2,1) | **PROVED** | BASE; PASCAL (1,0) (2,0); DESCENT (3,0) (1,1) |
| 44 | (2,1) | 9 | 6 | new-class | 3..q-3 | (2,1,1) | **PROVED** | BASE; PASCAL (1,0) (2,0); DESCENT (3,0) (1,1); ANTI (4,0) |
| 45 | (2,1) | 9 | 6 | raise | q-2 | (2,2) | **PROVED** | BASE; PASCAL (1,0) (2,0); DESCENT (3,0) (1,1); ANTI (4,0); RAISE (2,1) |
| 46 | (2,1) | 9 | 6 | raise | q-1 | (3,1) | **PROVED** | BASE; PASCAL (1,0) (2,0); DESCENT (3,0) (1,1); ANTI (4,0); RAISE (2,1) (1,2) |
| 47 | (1,1,1) | 9 | 6 | lower | 0, 1, 2 | (1,1) | **PROVED** | BASE; PASCAL (1,0) (2,0) |
| 48 | (1,1,1) | 9 | 6 | value-0 | 3 | (1,1,1) | **PROVED** | BASE; PASCAL (1,0) (2,0); DESCENT (3,0) |
| 49 | (1,1,1) | 9 | 6 | new-class | q-5, q-4 | (1,1,1,1) | **PROVED** | BASE; PASCAL (1,0) (2,0); DESCENT (3,0); ANTI (4,0) |
| 50 | (1,1,1) | 9 | 6 | raise | q-3, q-2, q-1 | (2,1,1) | **PROVED** | BASE; PASCAL (1,0) (2,0); DESCENT (3,0); ANTI (4,0); RAISE (1,1) |
| 51 | ∅ | 8 | 8 | value-0 | 0 | ∅ | **PROVED** | BASE; BASE only |
| 52 | ∅ | 8 | 8 | new-class | 1..q-1 | (1) | **PROVED** | BASE; ANTI (1,0) |
| 53 | (1) | 8 | 7 | lower | 0 | ∅ | **PROVED** | BASE; BASE only |
| 54 | (1) | 8 | 7 | value-0 | 1 | (1) | **PROVED** | BASE; DESCENT (1,0) |
| 55 | (1) | 8 | 7 | new-class | 2..q-2 | (1,1) | **PROVED** | BASE; DESCENT (1,0); ANTI (2,0) |
| 56 | (1) | 8 | 7 | raise | q-1 | (2) | **PROVED** | BASE; DESCENT (1,0); ANTI (2,0); RAISE (1,1) |
| 57 | (2) | 8 | 6 | lower | 0 | (1) | **PROVED** | BASE; PASCAL (1,0) |
| 58 | (2) | 8 | 6 | value-0 | 1 | (2) | **PROVED** | BASE; PASCAL (1,0); DESCENT (2,0) (1,1) |
| 59 | (2) | 8 | 6 | new-class | 2..q-2 | (2,1) | **PROVED** | BASE; PASCAL (1,0); DESCENT (2,0) (1,1); ANTI (3,0) |
| 60 | (2) | 8 | 6 | raise | q-1 | (3) | **PROVED** | BASE; PASCAL (1,0); DESCENT (2,0) (1,1); ANTI (3,0); RAISE (2,1) (1,2) |
| 61 | (3) | 8 | 5 | lower | 0 | (2) | **PROVED** | BASE; PASCAL (1,0) (2,0) (1,1) |
| 62 | (3) | 8 | 5 | value-0 | 1 | (3) | **PROVED** | BASE; PASCAL (1,0) (2,0) (1,1); DESCENT (3,0) (2,1) (1,2) |
| 63 | (3) | 8 | 5 | new-class | 2..q-2 | (3,1) | **PROVED** | BASE; PASCAL (1,0) (2,0) (1,1); DESCENT (3,0) (2,1) (1,2); ANTI (4,0) |
| 64 | (3) | 8 | 5 | raise | q-1 | (4) | **PROVED** | BASE; PASCAL (1,0) (2,0) (1,1); DESCENT (3,0) (2,1) (1,2); ANTI (4,0); RAISE (3,1) (2,2) (1,3) |
| 65 | (4) | 8 | 4 | lower | 0 | (3) | **PROVED** | BASE; PASCAL (1,0) (2,0) (3,0) (1,1) (2,1) (1,2) |
| 66 | (4) | 8 | 4 | value-0 | 1 | (4) | **PROVED** | BASE; PASCAL (1,0) (2,0) (3,0) (1,1) (2,1) (1,2); DESCENT (4,0) (3,1) (2,2) (1,3) |
| 67 | (4) | 8 | 4 | new-class | 2..q-2 | (4,1) | **PROVED** | BASE; PASCAL (1,0) (2,0) (3,0) (1,1) (2,1) (1,2); DESCENT (4,0) (3,1) (2,2) (1,3); ANTI (5,0) |
| 68 | (4) | 8 | 4 | raise | q-1 | (5) | **PROVED** | BASE; PASCAL (1,0) (2,0) (3,0) (1,1) (2,1) (1,2); DESCENT (4,0) (3,1) (2,2) (1,3); ANTI (5,0); RAISE (4,1) (3,2) (2,3) (1,4) |
| 69 | (1,1) | 8 | 6 | lower | 0, 1 | (1) | **PROVED** | BASE; PASCAL (1,0) |
| 70 | (1,1) | 8 | 6 | value-0 | 2 | (1,1) | **PROVED** | BASE; PASCAL (1,0); DESCENT (2,0) |
| 71 | (1,1) | 8 | 6 | new-class | 3..q-3 | (1,1,1) | **PROVED** | BASE; PASCAL (1,0); DESCENT (2,0); ANTI (3,0) |
| 72 | (1,1) | 8 | 6 | raise | q-2, q-1 | (2,1) | **PROVED** | BASE; PASCAL (1,0); DESCENT (2,0); ANTI (3,0); RAISE (1,1) |
| 73 | (2,1) | 8 | 5 | lower | 0 | (1,1) | **PROVED** | BASE; PASCAL (1,0) (2,0) |
| 74 | (2,1) | 8 | 5 | lower | 1 | (2) | **PROVED** | BASE; PASCAL (1,0) (2,0); DESCENT (1,1) |
| 75 | (2,1) | 8 | 5 | value-0 | 2 | (2,1) | **PROVED** | BASE; PASCAL (1,0) (2,0); DESCENT (3,0) (1,1) |
| 76 | (2,1) | 8 | 5 | new-class | 3..q-3 | (2,1,1) | **PROVED** | BASE; PASCAL (1,0) (2,0); DESCENT (3,0) (1,1); ANTI (4,0) |
| 77 | (2,1) | 8 | 5 | raise | q-2 | (2,2) | **PROVED** | BASE; PASCAL (1,0) (2,0); DESCENT (3,0) (1,1); ANTI (4,0); RAISE (2,1) |
| 78 | (2,1) | 8 | 5 | raise | q-1 | (3,1) | **PROVED** | BASE; PASCAL (1,0) (2,0); DESCENT (3,0) (1,1); ANTI (4,0); RAISE (2,1) (1,2) |
| 79 | (2,2) | 8 | 4 | lower | 0, 1 | (2,1) | **PROVED** | BASE; PASCAL (1,0) (2,0) (3,0) (1,1) |
| 80 | (2,2) | 8 | 4 | value-0 | 2 | (2,2) | **PROVED** | BASE; PASCAL (1,0) (2,0) (3,0) (1,1); DESCENT (4,0) (2,1) |
| 81 | (2,2) | 8 | 4 | new-class | 3..q-3 | (2,2,1) | **PROVED** | BASE; PASCAL (1,0) (2,0) (3,0) (1,1); DESCENT (4,0) (2,1); ANTI (5,0) |
| 82 | (2,2) | 8 | 4 | raise | q-2, q-1 | (3,2) | **PROVED** | BASE; PASCAL (1,0) (2,0) (3,0) (1,1); DESCENT (4,0) (2,1); ANTI (5,0); RAISE (3,1) (1,2) |
| 83 | (3,1) | 8 | 4 | lower | 0 | (2,1) | **PROVED** | BASE; PASCAL (1,0) (2,0) (3,0) (1,1) |
| 84 | (3,1) | 8 | 4 | lower | 1 | (3) | **PROVED** | BASE; PASCAL (1,0) (2,0) (3,0) (1,1); DESCENT (2,1) (1,2) |
| 85 | (3,1) | 8 | 4 | value-0 | 2 | (3,1) | **PROVED** | BASE; PASCAL (1,0) (2,0) (3,0) (1,1); DESCENT (4,0) (2,1) (1,2) |
| 86 | (3,1) | 8 | 4 | new-class | 3..q-3 | (3,1,1) | **PROVED** | BASE; PASCAL (1,0) (2,0) (3,0) (1,1); DESCENT (4,0) (2,1) (1,2); ANTI (5,0) |
| 87 | (3,1) | 8 | 4 | raise | q-2 | (3,2) | **PROVED** | BASE; PASCAL (1,0) (2,0) (3,0) (1,1); DESCENT (4,0) (2,1) (1,2); ANTI (5,0); RAISE (3,1) |
| 88 | (3,1) | 8 | 4 | raise | q-1 | (4,1) | **PROVED** | BASE; PASCAL (1,0) (2,0) (3,0) (1,1); DESCENT (4,0) (2,1) (1,2); ANTI (5,0); RAISE (3,1) (2,2) (1,3) |
| 89 | (1,1,1) | 8 | 5 | lower | 0, 1, 2 | (1,1) | **PROVED** | BASE; PASCAL (1,0) (2,0) |
| 90 | (1,1,1) | 8 | 5 | value-0 | 3 | (1,1,1) | **PROVED** | BASE; PASCAL (1,0) (2,0); DESCENT (3,0) |
| 91 | (1,1,1) | 8 | 5 | new-class | q-5, q-4 | (1,1,1,1) | **PROVED** | BASE; PASCAL (1,0) (2,0); DESCENT (3,0); ANTI (4,0) |
| 92 | (1,1,1) | 8 | 5 | raise | q-3, q-2, q-1 | (2,1,1) | **PROVED** | BASE; PASCAL (1,0) (2,0); DESCENT (3,0); ANTI (4,0); RAISE (1,1) |
| 93 | (2,1,1) | 8 | 4 | lower | 0 | (1,1,1) | **PROVED** | BASE; PASCAL (1,0) (2,0) (3,0) |
| 94 | (2,1,1) | 8 | 4 | lower | 1, 2 | (2,1) | **PROVED** | BASE; PASCAL (1,0) (2,0) (3,0); DESCENT (1,1) |
| 95 | (2,1,1) | 8 | 4 | value-0 | 3 | (2,1,1) | **PROVED** | BASE; PASCAL (1,0) (2,0) (3,0); DESCENT (4,0) (1,1) |
| 96 | (2,1,1) | 8 | 4 | new-class | q-5, q-4 | (2,1,1,1) | **PROVED** | BASE; PASCAL (1,0) (2,0) (3,0); DESCENT (4,0) (1,1); ANTI (5,0) |
| 97 | (2,1,1) | 8 | 4 | raise | q-3, q-2 | (2,2,1) | **PROVED** | BASE; PASCAL (1,0) (2,0) (3,0); DESCENT (4,0) (1,1); ANTI (5,0); RAISE (2,1) |
| 98 | (2,1,1) | 8 | 4 | raise | q-1 | (3,1,1) | **PROVED** | BASE; PASCAL (1,0) (2,0) (3,0); DESCENT (4,0) (1,1); ANTI (5,0); RAISE (2,1) (1,2) |
| 99 | (1,1,1,1) | 8 | 4 | lower | 0..3 | (1,1,1) | **PROVED** | BASE; PASCAL (1,0) (2,0) (3,0) |
| 100 | (1,1,1,1) | 8 | 4 | value-0 | q-5 | (1,1,1,1) | **PROVED** | BASE; PASCAL (1,0) (2,0) (3,0); DESCENT (4,0) |
| 101 | (1,1,1,1) | 8 | 4 | raise | q-4..q-1 | (2,1,1,1) | **PROVED** | BASE; PASCAL (1,0) (2,0) (3,0); DESCENT (4,0); ANTI (5,0); RAISE (1,1) |
| 102 | ∅ | 7 | 7 | value-0 | 0 | ∅ | **PROVED** | BASE; BASE only |
| 103 | ∅ | 7 | 7 | new-class | 1..q-1 | (1) | **PROVED** | BASE; ANTI (1,0) |
| 104 | (1) | 7 | 6 | lower | 0 | ∅ | **PROVED** | BASE; BASE only |
| 105 | (1) | 7 | 6 | value-0 | 1 | (1) | **PROVED** | BASE; DESCENT (1,0) |
| 106 | (1) | 7 | 6 | new-class | 2..q-2 | (1,1) | **PROVED** | BASE; DESCENT (1,0); ANTI (2,0) |
| 107 | (1) | 7 | 6 | raise | q-1 | (2) | **PROVED** | BASE; DESCENT (1,0); ANTI (2,0); RAISE (1,1) |
| 108 | (2) | 7 | 5 | lower | 0 | (1) | **PROVED** | BASE; PASCAL (1,0) |
| 109 | (2) | 7 | 5 | value-0 | 1 | (2) | **PROVED** | BASE; PASCAL (1,0); DESCENT (2,0) (1,1) |
| 110 | (2) | 7 | 5 | new-class | 2..q-2 | (2,1) | **PROVED** | BASE; PASCAL (1,0); DESCENT (2,0) (1,1); ANTI (3,0) |
| 111 | (2) | 7 | 5 | raise | q-1 | (3) | **PROVED** | BASE; PASCAL (1,0); DESCENT (2,0) (1,1); ANTI (3,0); RAISE (2,1) (1,2) |
| 112 | (3) | 7 | 4 | lower | 0 | (2) | **PROVED** | BASE; PASCAL (1,0) (2,0) (1,1) |
| 113 | (3) | 7 | 4 | value-0 | 1 | (3) | **PROVED** | BASE; PASCAL (1,0) (2,0) (1,1); DESCENT (3,0) (2,1) (1,2) |
| 114 | (3) | 7 | 4 | new-class | 2..q-2 | (3,1) | **PROVED** | BASE; PASCAL (1,0) (2,0) (1,1); DESCENT (3,0) (2,1) (1,2); ANTI (4,0) |
| 115 | (3) | 7 | 4 | raise | q-1 | (4) | **PROVED** | BASE; PASCAL (1,0) (2,0) (1,1); DESCENT (3,0) (2,1) (1,2); ANTI (4,0); RAISE (3,1) (2,2) (1,3) |
| 116 | (4) | 7 | 3 | lower | 0 | (3) | **PROVED** | BASE; PASCAL (1,0) (2,0) (3,0) (1,1) (2,1) (1,2) |
| 117 | (4) | 7 | 3 | value-0 | 1 | (4) | **PROVED** | BASE; PASCAL (1,0) (2,0) (3,0) (1,1) (2,1) (1,2); DESCENT (4,0) (3,1) (2,2) (1,3) |
| 118 | (4) | 7 | 3 | new-class | 2..q-2 | (4,1) | **PROVED** | BASE; PASCAL (1,0) (2,0) (3,0) (1,1) (2,1) (1,2); DESCENT (4,0) (3,1) (2,2) (1,3); ANTI (5,0) |
| 119 | (4) | 7 | 3 | raise | q-1 | (5) | **PROVED** | BASE; PASCAL (1,0) (2,0) (3,0) (1,1) (2,1) (1,2); DESCENT (4,0) (3,1) (2,2) (1,3); ANTI (5,0); RAISE (4,1) (3,2) (2,3) (1,4) |
| 120 | (5) | 7 | 2 | lower | 0 | (4) | **PROVED** | BASE; PASCAL (1,0) (2,0) (3,0) (4,0) (1,1) (2,1) (3,1) (1,2) (2,2) (1,3) |
| 121 | (5) | 7 | 2 | value-0 | 1 | (5) | **PROVED** | BASE; PASCAL (1,0) (2,0) (3,0) (4,0) (1,1) (2,1) (3,1) (1,2) (2,2) (1,3); DESCENT (5,0) (4,1) (3,2) (2,3) (1,4) |
| 122 | (5) | 7 | 2 | new-class | 2..q-2 | (5,1) | **PROVED** | BASE; PASCAL (1,0) (2,0) (3,0) (4,0) (1,1) (2,1) (3,1) (1,2) (2,2) (1,3); DESCENT (5,0) (4,1) (3,2) (2,3) (1,4); ANTI (6,0) |
| 123 | (5) | 7 | 2 | raise | q-1 | (6) | **PROVED** | BASE; PASCAL (1,0) (2,0) (3,0) (4,0) (1,1) (2,1) (3,1) (1,2) (2,2) (1,3); DESCENT (5,0) (4,1) (3,2) (2,3) (1,4); ANTI (6,0); RAISE (5,1) (4,2) (3,3) (2,4) (1,5) |
| 124 | (1,1) | 7 | 5 | lower | 0, 1 | (1) | **PROVED** | BASE; PASCAL (1,0) |
| 125 | (1,1) | 7 | 5 | value-0 | 2 | (1,1) | **PROVED** | BASE; PASCAL (1,0); DESCENT (2,0) |
| 126 | (1,1) | 7 | 5 | new-class | 3..q-3 | (1,1,1) | **PROVED** | BASE; PASCAL (1,0); DESCENT (2,0); ANTI (3,0) |
| 127 | (1,1) | 7 | 5 | raise | q-2, q-1 | (2,1) | **PROVED** | BASE; PASCAL (1,0); DESCENT (2,0); ANTI (3,0); RAISE (1,1) |
| 128 | (2,1) | 7 | 4 | lower | 0 | (1,1) | **PROVED** | BASE; PASCAL (1,0) (2,0) |
| 129 | (2,1) | 7 | 4 | lower | 1 | (2) | **PROVED** | BASE; PASCAL (1,0) (2,0); DESCENT (1,1) |
| 130 | (2,1) | 7 | 4 | value-0 | 2 | (2,1) | **PROVED** | BASE; PASCAL (1,0) (2,0); DESCENT (3,0) (1,1) |
| 131 | (2,1) | 7 | 4 | new-class | 3..q-3 | (2,1,1) | **PROVED** | BASE; PASCAL (1,0) (2,0); DESCENT (3,0) (1,1); ANTI (4,0) |
| 132 | (2,1) | 7 | 4 | raise | q-2 | (2,2) | **PROVED** | BASE; PASCAL (1,0) (2,0); DESCENT (3,0) (1,1); ANTI (4,0); RAISE (2,1) |
| 133 | (2,1) | 7 | 4 | raise | q-1 | (3,1) | **PROVED** | BASE; PASCAL (1,0) (2,0); DESCENT (3,0) (1,1); ANTI (4,0); RAISE (2,1) (1,2) |
| 134 | (2,2) | 7 | 3 | lower | 0, 1 | (2,1) | **PROVED** | BASE; PASCAL (1,0) (2,0) (3,0) (1,1) |
| 135 | (2,2) | 7 | 3 | value-0 | 2 | (2,2) | **PROVED** | BASE; PASCAL (1,0) (2,0) (3,0) (1,1); DESCENT (4,0) (2,1) |
| 136 | (2,2) | 7 | 3 | new-class | 3..q-3 | (2,2,1) | **PROVED** | BASE; PASCAL (1,0) (2,0) (3,0) (1,1); DESCENT (4,0) (2,1); ANTI (5,0) |
| 137 | (2,2) | 7 | 3 | raise | q-2, q-1 | (3,2) | **PROVED** | BASE; PASCAL (1,0) (2,0) (3,0) (1,1); DESCENT (4,0) (2,1); ANTI (5,0); RAISE (3,1) (1,2) |
| 138 | (3,1) | 7 | 3 | lower | 0 | (2,1) | **PROVED** | BASE; PASCAL (1,0) (2,0) (3,0) (1,1) |
| 139 | (3,1) | 7 | 3 | lower | 1 | (3) | **PROVED** | BASE; PASCAL (1,0) (2,0) (3,0) (1,1); DESCENT (2,1) (1,2) |
| 140 | (3,1) | 7 | 3 | value-0 | 2 | (3,1) | **PROVED** | BASE; PASCAL (1,0) (2,0) (3,0) (1,1); DESCENT (4,0) (2,1) (1,2) |
| 141 | (3,1) | 7 | 3 | new-class | 3..q-3 | (3,1,1) | **PROVED** | BASE; PASCAL (1,0) (2,0) (3,0) (1,1); DESCENT (4,0) (2,1) (1,2); ANTI (5,0) |
| 142 | (3,1) | 7 | 3 | raise | q-2 | (3,2) | **PROVED** | BASE; PASCAL (1,0) (2,0) (3,0) (1,1); DESCENT (4,0) (2,1) (1,2); ANTI (5,0); RAISE (3,1) |
| 143 | (3,1) | 7 | 3 | raise | q-1 | (4,1) | **PROVED** | BASE; PASCAL (1,0) (2,0) (3,0) (1,1); DESCENT (4,0) (2,1) (1,2); ANTI (5,0); RAISE (3,1) (2,2) (1,3) |
| 144 | (3,2) | 7 | 2 | lower | 0 | (2,2) | **PROVED** | BASE; PASCAL (1,0) (2,0) (3,0) (4,0) (1,1) (2,1) |
| 145 | (3,2) | 7 | 2 | lower | 1 | (3,1) | **PROVED** | BASE; PASCAL (1,0) (2,0) (3,0) (4,0) (1,1) (2,1); DESCENT (1,2) |
| 146 | (3,2) | 7 | 2 | value-0 | 2 | (3,2) | **PROVED** | BASE; PASCAL (1,0) (2,0) (3,0) (4,0) (1,1) (2,1); DESCENT (5,0) (3,1) (1,2) |
| 147 | (3,2) | 7 | 2 | new-class | 3..q-3 | (3,2,1) | **PROVED** | BASE; PASCAL (1,0) (2,0) (3,0) (4,0) (1,1) (2,1); DESCENT (5,0) (3,1) (1,2); ANTI (6,0) |
| 148 | (3,2) | 7 | 2 | raise | q-2 | (3,3) | **PROVED** | BASE; PASCAL (1,0) (2,0) (3,0) (4,0) (1,1) (2,1); DESCENT (5,0) (3,1) (1,2); ANTI (6,0); RAISE (4,1) (2,2) |
| 149 | (3,2) | 7 | 2 | raise | q-1 | (4,2) | **PROVED** | BASE; PASCAL (1,0) (2,0) (3,0) (4,0) (1,1) (2,1); DESCENT (5,0) (3,1) (1,2); ANTI (6,0); RAISE (4,1) (2,2) (1,3) |
| 150 | (4,1) | 7 | 2 | lower | 0 | (3,1) | **PROVED** | BASE; PASCAL (1,0) (2,0) (3,0) (4,0) (1,1) (2,1) (1,2) |
| 151 | (4,1) | 7 | 2 | lower | 1 | (4) | **PROVED** | BASE; PASCAL (1,0) (2,0) (3,0) (4,0) (1,1) (2,1) (1,2); DESCENT (3,1) (2,2) (1,3) |
| 152 | (4,1) | 7 | 2 | value-0 | 2 | (4,1) | **PROVED** | BASE; PASCAL (1,0) (2,0) (3,0) (4,0) (1,1) (2,1) (1,2); DESCENT (5,0) (3,1) (2,2) (1,3) |
| 153 | (4,1) | 7 | 2 | new-class | 3..q-3 | (4,1,1) | **PROVED** | BASE; PASCAL (1,0) (2,0) (3,0) (4,0) (1,1) (2,1) (1,2); DESCENT (5,0) (3,1) (2,2) (1,3); ANTI (6,0) |
| 154 | (4,1) | 7 | 2 | raise | q-2 | (4,2) | **PROVED** | BASE; PASCAL (1,0) (2,0) (3,0) (4,0) (1,1) (2,1) (1,2); DESCENT (5,0) (3,1) (2,2) (1,3); ANTI (6,0); RAISE (4,1) |
| 155 | (4,1) | 7 | 2 | raise | q-1 | (5,1) | **PROVED** | BASE; PASCAL (1,0) (2,0) (3,0) (4,0) (1,1) (2,1) (1,2); DESCENT (5,0) (3,1) (2,2) (1,3); ANTI (6,0); RAISE (4,1) (3,2) (2,3) (1,4) |
| 156 | (1,1,1) | 7 | 4 | lower | 0, 1, 2 | (1,1) | **PROVED** | BASE; PASCAL (1,0) (2,0) |
| 157 | (1,1,1) | 7 | 4 | value-0 | 3 | (1,1,1) | **PROVED** | BASE; PASCAL (1,0) (2,0); DESCENT (3,0) |
| 158 | (1,1,1) | 7 | 4 | new-class | q-5, q-4 | (1,1,1,1) | **PROVED** | BASE; PASCAL (1,0) (2,0); DESCENT (3,0); ANTI (4,0) |
| 159 | (1,1,1) | 7 | 4 | raise | q-3, q-2, q-1 | (2,1,1) | **PROVED** | BASE; PASCAL (1,0) (2,0); DESCENT (3,0); ANTI (4,0); RAISE (1,1) |
| 160 | (2,1,1) | 7 | 3 | lower | 0 | (1,1,1) | **PROVED** | BASE; PASCAL (1,0) (2,0) (3,0) |
| 161 | (2,1,1) | 7 | 3 | lower | 1, 2 | (2,1) | **PROVED** | BASE; PASCAL (1,0) (2,0) (3,0); DESCENT (1,1) |
| 162 | (2,1,1) | 7 | 3 | value-0 | 3 | (2,1,1) | **PROVED** | BASE; PASCAL (1,0) (2,0) (3,0); DESCENT (4,0) (1,1) |
| 163 | (2,1,1) | 7 | 3 | new-class | q-5, q-4 | (2,1,1,1) | **PROVED** | BASE; PASCAL (1,0) (2,0) (3,0); DESCENT (4,0) (1,1); ANTI (5,0) |
| 164 | (2,1,1) | 7 | 3 | raise | q-3, q-2 | (2,2,1) | **PROVED** | BASE; PASCAL (1,0) (2,0) (3,0); DESCENT (4,0) (1,1); ANTI (5,0); RAISE (2,1) |
| 165 | (2,1,1) | 7 | 3 | raise | q-1 | (3,1,1) | **PROVED** | BASE; PASCAL (1,0) (2,0) (3,0); DESCENT (4,0) (1,1); ANTI (5,0); RAISE (2,1) (1,2) |
| 166 | (2,2,1) | 7 | 2 | lower | 0, 1 | (2,1,1) | **PROVED** | BASE; PASCAL (1,0) (2,0) (3,0) (4,0) (1,1) |
| 167 | (2,2,1) | 7 | 2 | lower | 2 | (2,2) | **PROVED** | BASE; PASCAL (1,0) (2,0) (3,0) (4,0) (1,1); DESCENT (2,1) |
| 168 | (2,2,1) | 7 | 2 | value-0 | 3 | (2,2,1) | **PROVED** | BASE; PASCAL (1,0) (2,0) (3,0) (4,0) (1,1); DESCENT (5,0) (2,1) |
| 169 | (2,2,1) | 7 | 2 | new-class | q-5, q-4 | (2,2,1,1) | **PROVED** | BASE; PASCAL (1,0) (2,0) (3,0) (4,0) (1,1); DESCENT (5,0) (2,1); ANTI (6,0) |
| 170 | (2,2,1) | 7 | 2 | raise | q-3 | (2,2,2) | **PROVED** | BASE; PASCAL (1,0) (2,0) (3,0) (4,0) (1,1); DESCENT (5,0) (2,1); ANTI (6,0); RAISE (3,1) |
| 171 | (2,2,1) | 7 | 2 | raise | q-2, q-1 | (3,2,1) | **PROVED** | BASE; PASCAL (1,0) (2,0) (3,0) (4,0) (1,1); DESCENT (5,0) (2,1); ANTI (6,0); RAISE (3,1) (1,2) |
| 172 | (3,1,1) | 7 | 2 | lower | 0 | (2,1,1) | **PROVED** | BASE; PASCAL (1,0) (2,0) (3,0) (4,0) (1,1) |
| 173 | (3,1,1) | 7 | 2 | lower | 1, 2 | (3,1) | **PROVED** | BASE; PASCAL (1,0) (2,0) (3,0) (4,0) (1,1); DESCENT (2,1) (1,2) |
| 174 | (3,1,1) | 7 | 2 | value-0 | 3 | (3,1,1) | **PROVED** | BASE; PASCAL (1,0) (2,0) (3,0) (4,0) (1,1); DESCENT (5,0) (2,1) (1,2) |
| 175 | (3,1,1) | 7 | 2 | new-class | q-5, q-4 | (3,1,1,1) | **PROVED** | BASE; PASCAL (1,0) (2,0) (3,0) (4,0) (1,1); DESCENT (5,0) (2,1) (1,2); ANTI (6,0) |
| 176 | (3,1,1) | 7 | 2 | raise | q-3, q-2 | (3,2,1) | **PROVED** | BASE; PASCAL (1,0) (2,0) (3,0) (4,0) (1,1); DESCENT (5,0) (2,1) (1,2); ANTI (6,0); RAISE (3,1) |
| 177 | (3,1,1) | 7 | 2 | raise | q-1 | (4,1,1) | **PROVED** | BASE; PASCAL (1,0) (2,0) (3,0) (4,0) (1,1); DESCENT (5,0) (2,1) (1,2); ANTI (6,0); RAISE (3,1) (2,2) (1,3) |
| 178 | (1,1,1,1) | 7 | 3 | lower | 0..3 | (1,1,1) | **PROVED** | BASE; PASCAL (1,0) (2,0) (3,0) |
| 179 | (1,1,1,1) | 7 | 3 | value-0 | q-5 | (1,1,1,1) | **PROVED** | BASE; PASCAL (1,0) (2,0) (3,0); DESCENT (4,0) |
| 180 | (1,1,1,1) | 7 | 3 | raise | q-4..q-1 | (2,1,1,1) | **PROVED** | BASE; PASCAL (1,0) (2,0) (3,0); DESCENT (4,0); ANTI (5,0); RAISE (1,1) |
| 181 | (2,1,1,1) | 7 | 2 | lower | 0 | (1,1,1,1) | **PROVED** | BASE; PASCAL (1,0) (2,0) (3,0) (4,0) |
| 182 | (2,1,1,1) | 7 | 2 | lower | 1, 2, 3 | (2,1,1) | **PROVED** | BASE; PASCAL (1,0) (2,0) (3,0) (4,0); DESCENT (1,1) |
| 183 | (2,1,1,1) | 7 | 2 | value-0 | q-5 | (2,1,1,1) | **PROVED** | BASE; PASCAL (1,0) (2,0) (3,0) (4,0); DESCENT (5,0) (1,1) |
| 184 | (2,1,1,1) | 7 | 2 | raise | q-4, q-3, q-2 | (2,2,1,1) | **PROVED** | BASE; PASCAL (1,0) (2,0) (3,0) (4,0); DESCENT (5,0) (1,1); ANTI (6,0); RAISE (2,1) |
| 185 | (2,1,1,1) | 7 | 2 | raise | q-1 | (3,1,1,1) | **PROVED** | BASE; PASCAL (1,0) (2,0) (3,0) (4,0); DESCENT (5,0) (1,1); ANTI (6,0); RAISE (2,1) (1,2) |
| 186 | ∅ | 6 | 6 | value-0 | 0 | ∅ | **PROVED** | BASE; BASE only |
| 187 | ∅ | 6 | 6 | new-class | 1..q-1 | (1) | **PROVED** | BASE; ANTI (1,0) |
| 188 | (1) | 6 | 5 | lower | 0 | ∅ | **PROVED** | BASE; BASE only |
| 189 | (1) | 6 | 5 | value-0 | 1 | (1) | **PROVED** | BASE; DESCENT (1,0) |
| 190 | (1) | 6 | 5 | new-class | 2..q-2 | (1,1) | **PROVED** | BASE; DESCENT (1,0); ANTI (2,0) |
| 191 | (1) | 6 | 5 | raise | q-1 | (2) | **PROVED** | BASE; DESCENT (1,0); ANTI (2,0); RAISE (1,1) |
| 192 | (2) | 6 | 4 | lower | 0 | (1) | **PROVED** | BASE; PASCAL (1,0) |
| 193 | (2) | 6 | 4 | value-0 | 1 | (2) | **PROVED** | BASE; PASCAL (1,0); DESCENT (2,0) (1,1) |
| 194 | (2) | 6 | 4 | new-class | 2..q-2 | (2,1) | **PROVED** | BASE; PASCAL (1,0); DESCENT (2,0) (1,1); ANTI (3,0) |
| 195 | (2) | 6 | 4 | raise | q-1 | (3) | **PROVED** | BASE; PASCAL (1,0); DESCENT (2,0) (1,1); ANTI (3,0); RAISE (2,1) (1,2) |
| 196 | (3) | 6 | 3 | lower | 0 | (2) | **PROVED** | BASE; PASCAL (1,0) (2,0) (1,1) |
| 197 | (3) | 6 | 3 | value-0 | 1 | (3) | **PROVED** | BASE; PASCAL (1,0) (2,0) (1,1); DESCENT (3,0) (2,1) (1,2) |
| 198 | (3) | 6 | 3 | new-class | 2..q-2 | (3,1) | **PROVED** | BASE; PASCAL (1,0) (2,0) (1,1); DESCENT (3,0) (2,1) (1,2); ANTI (4,0) |
| 199 | (3) | 6 | 3 | raise | q-1 | (4) | **PROVED** | BASE; PASCAL (1,0) (2,0) (1,1); DESCENT (3,0) (2,1) (1,2); ANTI (4,0); RAISE (3,1) (2,2) (1,3) |
| 200 | (4) | 6 | 2 | lower | 0 | (3) | **PROVED** | BASE; PASCAL (1,0) (2,0) (3,0) (1,1) (2,1) (1,2) |
| 201 | (4) | 6 | 2 | value-0 | 1 | (4) | **PROVED** | BASE; PASCAL (1,0) (2,0) (3,0) (1,1) (2,1) (1,2); DESCENT (4,0) (3,1) (2,2) (1,3) |
| 202 | (4) | 6 | 2 | new-class | 2..q-2 | (4,1) | **PROVED** | BASE; PASCAL (1,0) (2,0) (3,0) (1,1) (2,1) (1,2); DESCENT (4,0) (3,1) (2,2) (1,3); ANTI (5,0) |
| 203 | (4) | 6 | 2 | raise | q-1 | (5) | **PROVED** | BASE; PASCAL (1,0) (2,0) (3,0) (1,1) (2,1) (1,2); DESCENT (4,0) (3,1) (2,2) (1,3); ANTI (5,0); RAISE (4,1) (3,2) (2,3) (1,4) |
| 204 | (5) | 6 | 1 | lower | 0 | (4) | **PROVED** | BASE; PASCAL (1,0) (2,0) (3,0) (4,0) (1,1) (2,1) (3,1) (1,2) (2,2) (1,3) |
| 205 | (5) | 6 | 1 | value-0 | 1 | (5) | **PROVED** | BASE; PASCAL (1,0) (2,0) (3,0) (4,0) (1,1) (2,1) (3,1) (1,2) (2,2) (1,3); DESCENT (5,0) (4,1) (3,2) (2,3) (1,4) |
| 206 | (5) | 6 | 1 | new-class | 2..q-2 | (5,1) [W=∅, K=(1)] | **PROVED** | BASE; PASCAL (1,0) (2,0) (3,0) (4,0) (1,1) (2,1) (3,1) (1,2) (2,2) (1,3); DESCENT (5,0) (4,1) (3,2) (2,3) (1,4); ANTI (6,0) |
| 207 | (5) | 6 | 1 | raise | q-1 | (6) [W=∅, K=(1)] | **PROVED** | BASE; PASCAL (1,0) (2,0) (3,0) (4,0) (1,1) (2,1) (3,1) (1,2) (2,2) (1,3); DESCENT (5,0) (4,1) (3,2) (2,3) (1,4); ANTI (6,0); RAISE (5,1) (4,2) (3,3) (2,4) (1,5) |
| 208 | (6) | 6 | 0 | lower | 0 | (5) | **PROVED** | BASE; PASCAL (1,0) (2,0) (3,0) (4,0) (5,0) (1,1) (2,1) (3,1) (4,1) (1,2) (2,2) (3,2) (1,3) (2,3) (1,4) |
| 209 | (6) | 6 | 0 | value-0 | 1 | (6) [W=∅, K=(1)] | **PROVED** | BASE; PASCAL (1,0) (2,0) (3,0) (4,0) (5,0) (1,1) (2,1) (3,1) (4,1) (1,2) (2,2) (3,2) (1,3) (2,3) (1,4); DESCENT (6,0) (5,1) (4,2) (3,3) (2,4) (1,5) |
| 210 | (6) | 6 | 0 | new-class | 2..q-2 | (6,1) [W=∅, K=(1)] | **PROVED** | BASE; PASCAL (1,0) (2,0) (3,0) (4,0) (5,0) (1,1) (2,1) (3,1) (4,1) (1,2) (2,2) (3,2) (1,3) (2,3) (1,4); DESCENT (6,0) (5,1) (4,2) (3,3) (2,4) (1,5); ANTI (7,0) |
| 211 | (6) | 6 | 0 | raise | q-1 | (7) [W=∅, K=(1)] | **PROVED** | BASE; PASCAL (1,0) (2,0) (3,0) (4,0) (5,0) (1,1) (2,1) (3,1) (4,1) (1,2) (2,2) (3,2) (1,3) (2,3) (1,4); DESCENT (6,0) (5,1) (4,2) (3,3) (2,4) (1,5); ANTI (7,0); RAISE (6,1) (5,2) (4,3) (3,4) (2,5) (1,6) |
| 212 | (1,1) | 6 | 4 | lower | 0, 1 | (1) | **PROVED** | BASE; PASCAL (1,0) |
| 213 | (1,1) | 6 | 4 | value-0 | 2 | (1,1) | **PROVED** | BASE; PASCAL (1,0); DESCENT (2,0) |
| 214 | (1,1) | 6 | 4 | new-class | 3..q-3 | (1,1,1) | **PROVED** | BASE; PASCAL (1,0); DESCENT (2,0); ANTI (3,0) |
| 215 | (1,1) | 6 | 4 | raise | q-2, q-1 | (2,1) | **PROVED** | BASE; PASCAL (1,0); DESCENT (2,0); ANTI (3,0); RAISE (1,1) |
| 216 | (2,1) | 6 | 3 | lower | 0 | (1,1) | **PROVED** | BASE; PASCAL (1,0) (2,0) |
| 217 | (2,1) | 6 | 3 | lower | 1 | (2) | **PROVED** | BASE; PASCAL (1,0) (2,0); DESCENT (1,1) |
| 218 | (2,1) | 6 | 3 | value-0 | 2 | (2,1) | **PROVED** | BASE; PASCAL (1,0) (2,0); DESCENT (3,0) (1,1) |
| 219 | (2,1) | 6 | 3 | new-class | 3..q-3 | (2,1,1) | **PROVED** | BASE; PASCAL (1,0) (2,0); DESCENT (3,0) (1,1); ANTI (4,0) |
| 220 | (2,1) | 6 | 3 | raise | q-2 | (2,2) | **PROVED** | BASE; PASCAL (1,0) (2,0); DESCENT (3,0) (1,1); ANTI (4,0); RAISE (2,1) |
| 221 | (2,1) | 6 | 3 | raise | q-1 | (3,1) | **PROVED** | BASE; PASCAL (1,0) (2,0); DESCENT (3,0) (1,1); ANTI (4,0); RAISE (2,1) (1,2) |
| 222 | (2,2) | 6 | 2 | lower | 0, 1 | (2,1) | **PROVED** | BASE; PASCAL (1,0) (2,0) (3,0) (1,1) |
| 223 | (2,2) | 6 | 2 | value-0 | 2 | (2,2) | **PROVED** | BASE; PASCAL (1,0) (2,0) (3,0) (1,1); DESCENT (4,0) (2,1) |
| 224 | (2,2) | 6 | 2 | new-class | 3..q-3 | (2,2,1) | **PROVED** | BASE; PASCAL (1,0) (2,0) (3,0) (1,1); DESCENT (4,0) (2,1); ANTI (5,0) |
| 225 | (2,2) | 6 | 2 | raise | q-2, q-1 | (3,2) | **PROVED** | BASE; PASCAL (1,0) (2,0) (3,0) (1,1); DESCENT (4,0) (2,1); ANTI (5,0); RAISE (3,1) (1,2) |
| 226 | (3,1) | 6 | 2 | lower | 0 | (2,1) | **PROVED** | BASE; PASCAL (1,0) (2,0) (3,0) (1,1) |
| 227 | (3,1) | 6 | 2 | lower | 1 | (3) | **PROVED** | BASE; PASCAL (1,0) (2,0) (3,0) (1,1); DESCENT (2,1) (1,2) |
| 228 | (3,1) | 6 | 2 | value-0 | 2 | (3,1) | **PROVED** | BASE; PASCAL (1,0) (2,0) (3,0) (1,1); DESCENT (4,0) (2,1) (1,2) |
| 229 | (3,1) | 6 | 2 | new-class | 3..q-3 | (3,1,1) | **PROVED** | BASE; PASCAL (1,0) (2,0) (3,0) (1,1); DESCENT (4,0) (2,1) (1,2); ANTI (5,0) |
| 230 | (3,1) | 6 | 2 | raise | q-2 | (3,2) | **PROVED** | BASE; PASCAL (1,0) (2,0) (3,0) (1,1); DESCENT (4,0) (2,1) (1,2); ANTI (5,0); RAISE (3,1) |
| 231 | (3,1) | 6 | 2 | raise | q-1 | (4,1) | **PROVED** | BASE; PASCAL (1,0) (2,0) (3,0) (1,1); DESCENT (4,0) (2,1) (1,2); ANTI (5,0); RAISE (3,1) (2,2) (1,3) |
| 232 | (3,2) | 6 | 1 | lower | 0 | (2,2) | **PROVED** | BASE; PASCAL (1,0) (2,0) (3,0) (4,0) (1,1) (2,1) |
| 233 | (3,2) | 6 | 1 | lower | 1 | (3,1) | **PROVED** | BASE; PASCAL (1,0) (2,0) (3,0) (4,0) (1,1) (2,1); DESCENT (1,2) |
| 234 | (3,2) | 6 | 1 | value-0 | 2 | (3,2) | **PROVED** | BASE; PASCAL (1,0) (2,0) (3,0) (4,0) (1,1) (2,1); DESCENT (5,0) (3,1) (1,2) |
| 235 | (3,2) | 6 | 1 | new-class | 3..q-3 | (3,2,1) [W=∅, K=(1)] | **PROVED** | BASE; PASCAL (1,0) (2,0) (3,0) (4,0) (1,1) (2,1); DESCENT (5,0) (3,1) (1,2); ANTI (6,0) |
| 236 | (3,2) | 6 | 1 | raise | q-2 | (3,3) [W=∅, K=(1)] | **PROVED** | BASE; PASCAL (1,0) (2,0) (3,0) (4,0) (1,1) (2,1); DESCENT (5,0) (3,1) (1,2); ANTI (6,0); RAISE (4,1) (2,2) |
| 237 | (3,2) | 6 | 1 | raise | q-1 | (4,2) [W=∅, K=(1)] | **PROVED** | BASE; PASCAL (1,0) (2,0) (3,0) (4,0) (1,1) (2,1); DESCENT (5,0) (3,1) (1,2); ANTI (6,0); RAISE (4,1) (2,2) (1,3) |
| 238 | (3,3) | 6 | 0 | lower | 0, 1 | (3,2) | **PROVED** | BASE; PASCAL (1,0) (2,0) (3,0) (4,0) (5,0) (1,1) (2,1) (3,1) (1,2) |
| 239 | (3,3) | 6 | 0 | value-0 | 2 | (3,3) [W=∅, K=(1)] | **PROVED** | BASE; PASCAL (1,0) (2,0) (3,0) (4,0) (5,0) (1,1) (2,1) (3,1) (1,2); DESCENT (6,0) (4,1) (2,2) |
| 240 | (3,3) | 6 | 0 | new-class | 3..q-3 | (3,3,1) [W=∅, K=(1)] | **PROVED** | BASE; PASCAL (1,0) (2,0) (3,0) (4,0) (5,0) (1,1) (2,1) (3,1) (1,2); DESCENT (6,0) (4,1) (2,2); ANTI (7,0) |
| 241 | (3,3) | 6 | 0 | raise | q-2, q-1 | (4,3) [W=∅, K=(1)] | **PROVED** | BASE; PASCAL (1,0) (2,0) (3,0) (4,0) (5,0) (1,1) (2,1) (3,1) (1,2); DESCENT (6,0) (4,1) (2,2); ANTI (7,0); RAISE (5,1) (3,2) (1,3) |
| 242 | (4,1) | 6 | 1 | lower | 0 | (3,1) | **PROVED** | BASE; PASCAL (1,0) (2,0) (3,0) (4,0) (1,1) (2,1) (1,2) |
| 243 | (4,1) | 6 | 1 | lower | 1 | (4) | **PROVED** | BASE; PASCAL (1,0) (2,0) (3,0) (4,0) (1,1) (2,1) (1,2); DESCENT (3,1) (2,2) (1,3) |
| 244 | (4,1) | 6 | 1 | value-0 | 2 | (4,1) | **PROVED** | BASE; PASCAL (1,0) (2,0) (3,0) (4,0) (1,1) (2,1) (1,2); DESCENT (5,0) (3,1) (2,2) (1,3) |
| 245 | (4,1) | 6 | 1 | new-class | 3..q-3 | (4,1,1) [W=∅, K=(1)] | **PROVED** | BASE; PASCAL (1,0) (2,0) (3,0) (4,0) (1,1) (2,1) (1,2); DESCENT (5,0) (3,1) (2,2) (1,3); ANTI (6,0) |
| 246 | (4,1) | 6 | 1 | raise | q-2 | (4,2) [W=∅, K=(1)] | **PROVED** | BASE; PASCAL (1,0) (2,0) (3,0) (4,0) (1,1) (2,1) (1,2); DESCENT (5,0) (3,1) (2,2) (1,3); ANTI (6,0); RAISE (4,1) |
| 247 | (4,1) | 6 | 1 | raise | q-1 | (5,1) [W=∅, K=(1)] | **PROVED** | BASE; PASCAL (1,0) (2,0) (3,0) (4,0) (1,1) (2,1) (1,2); DESCENT (5,0) (3,1) (2,2) (1,3); ANTI (6,0); RAISE (4,1) (3,2) (2,3) (1,4) |
| 248 | (4,2) | 6 | 0 | lower | 0 | (3,2) | **PROVED** | BASE; PASCAL (1,0) (2,0) (3,0) (4,0) (5,0) (1,1) (2,1) (3,1) (1,2) |
| 249 | (4,2) | 6 | 0 | lower | 1 | (4,1) | **PROVED** | BASE; PASCAL (1,0) (2,0) (3,0) (4,0) (5,0) (1,1) (2,1) (3,1) (1,2); DESCENT (2,2) (1,3) |
| 250 | (4,2) | 6 | 0 | value-0 | 2 | (4,2) [W=∅, K=(1)] | **PROVED** | BASE; PASCAL (1,0) (2,0) (3,0) (4,0) (5,0) (1,1) (2,1) (3,1) (1,2); DESCENT (6,0) (4,1) (2,2) (1,3) |
| 251 | (4,2) | 6 | 0 | new-class | 3..q-3 | (4,2,1) [W=∅, K=(1)] | **PROVED** | BASE; PASCAL (1,0) (2,0) (3,0) (4,0) (5,0) (1,1) (2,1) (3,1) (1,2); DESCENT (6,0) (4,1) (2,2) (1,3); ANTI (7,0) |
| 252 | (4,2) | 6 | 0 | raise | q-2 | (4,3) [W=∅, K=(1)] | **PROVED** | BASE; PASCAL (1,0) (2,0) (3,0) (4,0) (5,0) (1,1) (2,1) (3,1) (1,2); DESCENT (6,0) (4,1) (2,2) (1,3); ANTI (7,0); RAISE (5,1) (3,2) |
| 253 | (4,2) | 6 | 0 | raise | q-1 | (5,2) [W=∅, K=(1)] | **PROVED** | BASE; PASCAL (1,0) (2,0) (3,0) (4,0) (5,0) (1,1) (2,1) (3,1) (1,2); DESCENT (6,0) (4,1) (2,2) (1,3); ANTI (7,0); RAISE (5,1) (3,2) (2,3) (1,4) |
| 254 | (5,1) | 6 | 0 | lower | 0 | (4,1) | **PROVED** | BASE; PASCAL (1,0) (2,0) (3,0) (4,0) (5,0) (1,1) (2,1) (3,1) (1,2) (2,2) (1,3) |
| 255 | (5,1) | 6 | 0 | lower | 1 | (5) | **PROVED** | BASE; PASCAL (1,0) (2,0) (3,0) (4,0) (5,0) (1,1) (2,1) (3,1) (1,2) (2,2) (1,3); DESCENT (4,1) (3,2) (2,3) (1,4) |
| 256 | (5,1) | 6 | 0 | value-0 | 2 | (5,1) [W=∅, K=(1)] | **PROVED** | BASE; PASCAL (1,0) (2,0) (3,0) (4,0) (5,0) (1,1) (2,1) (3,1) (1,2) (2,2) (1,3); DESCENT (6,0) (4,1) (3,2) (2,3) (1,4) |
| 257 | (5,1) | 6 | 0 | new-class | 3..q-3 | (5,1,1) [W=∅, K=(1)] | **PROVED** | BASE; PASCAL (1,0) (2,0) (3,0) (4,0) (5,0) (1,1) (2,1) (3,1) (1,2) (2,2) (1,3); DESCENT (6,0) (4,1) (3,2) (2,3) (1,4); ANTI (7,0) |
| 258 | (5,1) | 6 | 0 | raise | q-2 | (5,2) [W=∅, K=(1)] | **PROVED** | BASE; PASCAL (1,0) (2,0) (3,0) (4,0) (5,0) (1,1) (2,1) (3,1) (1,2) (2,2) (1,3); DESCENT (6,0) (4,1) (3,2) (2,3) (1,4); ANTI (7,0); RAISE (5,1) |
| 259 | (5,1) | 6 | 0 | raise | q-1 | (6,1) [W=∅, K=(1)] | **PROVED** | BASE; PASCAL (1,0) (2,0) (3,0) (4,0) (5,0) (1,1) (2,1) (3,1) (1,2) (2,2) (1,3); DESCENT (6,0) (4,1) (3,2) (2,3) (1,4); ANTI (7,0); RAISE (5,1) (4,2) (3,3) (2,4) (1,5) |
| 260 | (1,1,1) | 6 | 3 | lower | 0, 1, 2 | (1,1) | **PROVED** | BASE; PASCAL (1,0) (2,0) |
| 261 | (1,1,1) | 6 | 3 | value-0 | 3 | (1,1,1) | **PROVED** | BASE; PASCAL (1,0) (2,0); DESCENT (3,0) |
| 262 | (1,1,1) | 6 | 3 | new-class | q-5, q-4 | (1,1,1,1) | **PROVED** | BASE; PASCAL (1,0) (2,0); DESCENT (3,0); ANTI (4,0) |
| 263 | (1,1,1) | 6 | 3 | raise | q-3, q-2, q-1 | (2,1,1) | **PROVED** | BASE; PASCAL (1,0) (2,0); DESCENT (3,0); ANTI (4,0); RAISE (1,1) |
| 264 | (2,1,1) | 6 | 2 | lower | 0 | (1,1,1) | **PROVED** | BASE; PASCAL (1,0) (2,0) (3,0) |
| 265 | (2,1,1) | 6 | 2 | lower | 1, 2 | (2,1) | **PROVED** | BASE; PASCAL (1,0) (2,0) (3,0); DESCENT (1,1) |
| 266 | (2,1,1) | 6 | 2 | value-0 | 3 | (2,1,1) | **PROVED** | BASE; PASCAL (1,0) (2,0) (3,0); DESCENT (4,0) (1,1) |
| 267 | (2,1,1) | 6 | 2 | new-class | q-5, q-4 | (2,1,1,1) | **PROVED** | BASE; PASCAL (1,0) (2,0) (3,0); DESCENT (4,0) (1,1); ANTI (5,0) |
| 268 | (2,1,1) | 6 | 2 | raise | q-3, q-2 | (2,2,1) | **PROVED** | BASE; PASCAL (1,0) (2,0) (3,0); DESCENT (4,0) (1,1); ANTI (5,0); RAISE (2,1) |
| 269 | (2,1,1) | 6 | 2 | raise | q-1 | (3,1,1) | **PROVED** | BASE; PASCAL (1,0) (2,0) (3,0); DESCENT (4,0) (1,1); ANTI (5,0); RAISE (2,1) (1,2) |
| 270 | (2,2,1) | 6 | 1 | lower | 0, 1 | (2,1,1) | **PROVED** | BASE; PASCAL (1,0) (2,0) (3,0) (4,0) (1,1) |
| 271 | (2,2,1) | 6 | 1 | lower | 2 | (2,2) | **PROVED** | BASE; PASCAL (1,0) (2,0) (3,0) (4,0) (1,1); DESCENT (2,1) |
| 272 | (2,2,1) | 6 | 1 | value-0 | 3 | (2,2,1) | **PROVED** | BASE; PASCAL (1,0) (2,0) (3,0) (4,0) (1,1); DESCENT (5,0) (2,1) |
| 273 | (2,2,1) | 6 | 1 | new-class | q-5, q-4 | (2,2,1,1) [W=∅, K=(1)] | **PROVED** | BASE; PASCAL (1,0) (2,0) (3,0) (4,0) (1,1); DESCENT (5,0) (2,1); ANTI (6,0) |
| 274 | (2,2,1) | 6 | 1 | raise | q-3 | (2,2,2) [W=∅, K=(1)] | **PROVED** | BASE; PASCAL (1,0) (2,0) (3,0) (4,0) (1,1); DESCENT (5,0) (2,1); ANTI (6,0); RAISE (3,1) |
| 275 | (2,2,1) | 6 | 1 | raise | q-2, q-1 | (3,2,1) [W=∅, K=(1)] | **PROVED** | BASE; PASCAL (1,0) (2,0) (3,0) (4,0) (1,1); DESCENT (5,0) (2,1); ANTI (6,0); RAISE (3,1) (1,2) |
| 276 | (2,2,2) | 6 | 0 | lower | 0, 1, 2 | (2,2,1) | **PROVED** | BASE; PASCAL (1,0) (2,0) (3,0) (4,0) (5,0) (1,1) (2,1) |
| 277 | (2,2,2) | 6 | 0 | value-0 | 3 | (2,2,2) [W=∅, K=(1)] | **PROVED** | BASE; PASCAL (1,0) (2,0) (3,0) (4,0) (5,0) (1,1) (2,1); DESCENT (6,0) (3,1) |
| 278 | (2,2,2) | 6 | 0 | new-class | q-5, q-4 | (2,2,2,1) [W=∅, K=(1)] | **PROVED** | BASE; PASCAL (1,0) (2,0) (3,0) (4,0) (5,0) (1,1) (2,1); DESCENT (6,0) (3,1); ANTI (7,0) |
| 279 | (2,2,2) | 6 | 0 | raise | q-3, q-2, q-1 | (3,2,2) [W=∅, K=(1)] | **PROVED** | BASE; PASCAL (1,0) (2,0) (3,0) (4,0) (5,0) (1,1) (2,1); DESCENT (6,0) (3,1); ANTI (7,0); RAISE (4,1) (1,2) |
| 280 | (3,1,1) | 6 | 1 | lower | 0 | (2,1,1) | **PROVED** | BASE; PASCAL (1,0) (2,0) (3,0) (4,0) (1,1) |
| 281 | (3,1,1) | 6 | 1 | lower | 1, 2 | (3,1) | **PROVED** | BASE; PASCAL (1,0) (2,0) (3,0) (4,0) (1,1); DESCENT (2,1) (1,2) |
| 282 | (3,1,1) | 6 | 1 | value-0 | 3 | (3,1,1) | **PROVED** | BASE; PASCAL (1,0) (2,0) (3,0) (4,0) (1,1); DESCENT (5,0) (2,1) (1,2) |
| 283 | (3,1,1) | 6 | 1 | new-class | q-5, q-4 | (3,1,1,1) [W=∅, K=(1)] | **PROVED** | BASE; PASCAL (1,0) (2,0) (3,0) (4,0) (1,1); DESCENT (5,0) (2,1) (1,2); ANTI (6,0) |
| 284 | (3,1,1) | 6 | 1 | raise | q-3, q-2 | (3,2,1) [W=∅, K=(1)] | **PROVED** | BASE; PASCAL (1,0) (2,0) (3,0) (4,0) (1,1); DESCENT (5,0) (2,1) (1,2); ANTI (6,0); RAISE (3,1) |
| 285 | (3,1,1) | 6 | 1 | raise | q-1 | (4,1,1) [W=∅, K=(1)] | **PROVED** | BASE; PASCAL (1,0) (2,0) (3,0) (4,0) (1,1); DESCENT (5,0) (2,1) (1,2); ANTI (6,0); RAISE (3,1) (2,2) (1,3) |
| 286 | (3,2,1) | 6 | 0 | lower | 0 | (2,2,1) | **PROVED** | BASE; PASCAL (1,0) (2,0) (3,0) (4,0) (5,0) (1,1) (2,1) |
| 287 | (3,2,1) | 6 | 0 | lower | 1 | (3,1,1) | **PROVED** | BASE; PASCAL (1,0) (2,0) (3,0) (4,0) (5,0) (1,1) (2,1); DESCENT (1,2) |
| 288 | (3,2,1) | 6 | 0 | lower | 2 | (3,2) | **PROVED** | BASE; PASCAL (1,0) (2,0) (3,0) (4,0) (5,0) (1,1) (2,1); DESCENT (3,1) (1,2) |
| 289 | (3,2,1) | 6 | 0 | value-0 | 3 | (3,2,1) [W=∅, K=(1)] | **PROVED** | BASE; PASCAL (1,0) (2,0) (3,0) (4,0) (5,0) (1,1) (2,1); DESCENT (6,0) (3,1) (1,2) |
| 290 | (3,2,1) | 6 | 0 | new-class | q-5, q-4 | (3,2,1,1) [W=∅, K=(1)] | **PROVED** | BASE; PASCAL (1,0) (2,0) (3,0) (4,0) (5,0) (1,1) (2,1); DESCENT (6,0) (3,1) (1,2); ANTI (7,0) |
| 291 | (3,2,1) | 6 | 0 | raise | q-3 | (3,2,2) [W=∅, K=(1)] | **PROVED** | BASE; PASCAL (1,0) (2,0) (3,0) (4,0) (5,0) (1,1) (2,1); DESCENT (6,0) (3,1) (1,2); ANTI (7,0); RAISE (4,1) |
| 292 | (3,2,1) | 6 | 0 | raise | q-2 | (3,3,1) [W=∅, K=(1)] | **PROVED** | BASE; PASCAL (1,0) (2,0) (3,0) (4,0) (5,0) (1,1) (2,1); DESCENT (6,0) (3,1) (1,2); ANTI (7,0); RAISE (4,1) (2,2) |
| 293 | (3,2,1) | 6 | 0 | raise | q-1 | (4,2,1) [W=∅, K=(1)] | **PROVED** | BASE; PASCAL (1,0) (2,0) (3,0) (4,0) (5,0) (1,1) (2,1); DESCENT (6,0) (3,1) (1,2); ANTI (7,0); RAISE (4,1) (2,2) (1,3) |
| 294 | (4,1,1) | 6 | 0 | lower | 0 | (3,1,1) | **PROVED** | BASE; PASCAL (1,0) (2,0) (3,0) (4,0) (5,0) (1,1) (2,1) (1,2) |
| 295 | (4,1,1) | 6 | 0 | lower | 1, 2 | (4,1) | **PROVED** | BASE; PASCAL (1,0) (2,0) (3,0) (4,0) (5,0) (1,1) (2,1) (1,2); DESCENT (3,1) (2,2) (1,3) |
| 296 | (4,1,1) | 6 | 0 | value-0 | 3 | (4,1,1) [W=∅, K=(1)] | **PROVED** | BASE; PASCAL (1,0) (2,0) (3,0) (4,0) (5,0) (1,1) (2,1) (1,2); DESCENT (6,0) (3,1) (2,2) (1,3) |
| 297 | (4,1,1) | 6 | 0 | new-class | q-5, q-4 | (4,1,1,1) [W=∅, K=(1)] | **PROVED** | BASE; PASCAL (1,0) (2,0) (3,0) (4,0) (5,0) (1,1) (2,1) (1,2); DESCENT (6,0) (3,1) (2,2) (1,3); ANTI (7,0) |
| 298 | (4,1,1) | 6 | 0 | raise | q-3, q-2 | (4,2,1) [W=∅, K=(1)] | **PROVED** | BASE; PASCAL (1,0) (2,0) (3,0) (4,0) (5,0) (1,1) (2,1) (1,2); DESCENT (6,0) (3,1) (2,2) (1,3); ANTI (7,0); RAISE (4,1) |
| 299 | (4,1,1) | 6 | 0 | raise | q-1 | (5,1,1) [W=∅, K=(1)] | **PROVED** | BASE; PASCAL (1,0) (2,0) (3,0) (4,0) (5,0) (1,1) (2,1) (1,2); DESCENT (6,0) (3,1) (2,2) (1,3); ANTI (7,0); RAISE (4,1) (3,2) (2,3) (1,4) |
| 300 | (1,1,1,1) | 6 | 2 | lower | 0..3 | (1,1,1) | **PROVED** | BASE; PASCAL (1,0) (2,0) (3,0) |
| 301 | (1,1,1,1) | 6 | 2 | value-0 | q-5 | (1,1,1,1) | **PROVED** | BASE; PASCAL (1,0) (2,0) (3,0); DESCENT (4,0) |
| 302 | (1,1,1,1) | 6 | 2 | raise | q-4..q-1 | (2,1,1,1) | **PROVED** | BASE; PASCAL (1,0) (2,0) (3,0); DESCENT (4,0); ANTI (5,0); RAISE (1,1) |
| 303 | (2,1,1,1) | 6 | 1 | lower | 0 | (1,1,1,1) | **PROVED** | BASE; PASCAL (1,0) (2,0) (3,0) (4,0) |
| 304 | (2,1,1,1) | 6 | 1 | lower | 1, 2, 3 | (2,1,1) | **PROVED** | BASE; PASCAL (1,0) (2,0) (3,0) (4,0); DESCENT (1,1) |
| 305 | (2,1,1,1) | 6 | 1 | value-0 | q-5 | (2,1,1,1) | **PROVED** | BASE; PASCAL (1,0) (2,0) (3,0) (4,0); DESCENT (5,0) (1,1) |
| 306 | (2,1,1,1) | 6 | 1 | raise | q-4, q-3, q-2 | (2,2,1,1) [W=∅, K=(1)] | **PROVED** | BASE; PASCAL (1,0) (2,0) (3,0) (4,0); DESCENT (5,0) (1,1); ANTI (6,0); RAISE (2,1) |
| 307 | (2,1,1,1) | 6 | 1 | raise | q-1 | (3,1,1,1) [W=∅, K=(1)] | **PROVED** | BASE; PASCAL (1,0) (2,0) (3,0) (4,0); DESCENT (5,0) (1,1); ANTI (6,0); RAISE (2,1) (1,2) |
| 308 | (2,2,1,1) | 6 | 0 | lower | 0, 1 | (2,1,1,1) | **PROVED** | BASE; PASCAL (1,0) (2,0) (3,0) (4,0) (5,0) (1,1) |
| 309 | (2,2,1,1) | 6 | 0 | lower | 2, 3 | (2,2,1) | **PROVED** | BASE; PASCAL (1,0) (2,0) (3,0) (4,0) (5,0) (1,1); DESCENT (2,1) |
| 310 | (2,2,1,1) | 6 | 0 | value-0 | q-5 | (2,2,1,1) [W=∅, K=(1)] | **PROVED** | BASE; PASCAL (1,0) (2,0) (3,0) (4,0) (5,0) (1,1); DESCENT (6,0) (2,1) |
| 311 | (2,2,1,1) | 6 | 0 | raise | q-4, q-3 | (2,2,2,1) [W=∅, K=(1)] | **PROVED** | BASE; PASCAL (1,0) (2,0) (3,0) (4,0) (5,0) (1,1); DESCENT (6,0) (2,1); ANTI (7,0); RAISE (3,1) |
| 312 | (2,2,1,1) | 6 | 0 | raise | q-2, q-1 | (3,2,1,1) [W=∅, K=(1)] | **PROVED** | BASE; PASCAL (1,0) (2,0) (3,0) (4,0) (5,0) (1,1); DESCENT (6,0) (2,1); ANTI (7,0); RAISE (3,1) (1,2) |
| 313 | (3,1,1,1) | 6 | 0 | lower | 0 | (2,1,1,1) | **PROVED** | BASE; PASCAL (1,0) (2,0) (3,0) (4,0) (5,0) (1,1) |
| 314 | (3,1,1,1) | 6 | 0 | lower | 1, 2, 3 | (3,1,1) | **PROVED** | BASE; PASCAL (1,0) (2,0) (3,0) (4,0) (5,0) (1,1); DESCENT (2,1) (1,2) |
| 315 | (3,1,1,1) | 6 | 0 | value-0 | q-5 | (3,1,1,1) [W=∅, K=(1)] | **PROVED** | BASE; PASCAL (1,0) (2,0) (3,0) (4,0) (5,0) (1,1); DESCENT (6,0) (2,1) (1,2) |
| 316 | (3,1,1,1) | 6 | 0 | raise | q-4, q-3, q-2 | (3,2,1,1) [W=∅, K=(1)] | **PROVED** | BASE; PASCAL (1,0) (2,0) (3,0) (4,0) (5,0) (1,1); DESCENT (6,0) (2,1) (1,2); ANTI (7,0); RAISE (3,1) |
| 317 | (3,1,1,1) | 6 | 0 | raise | q-1 | (4,1,1,1) [W=∅, K=(1)] | **PROVED** | BASE; PASCAL (1,0) (2,0) (3,0) (4,0) (5,0) (1,1); DESCENT (6,0) (2,1) (1,2); ANTI (7,0); RAISE (3,1) (2,2) (1,3) |
| 318 | ∅ | 5 | 5 | value-0 | 0 | ∅ | **PROVED** | BASE; BASE only |
| 319 | ∅ | 5 | 5 | new-class | 1..q-1 | (1) | **PROVED** | BASE; ANTI (1,0) |
| 320 | (1) | 5 | 4 | lower | 0 | ∅ | **PROVED** | BASE; BASE only |
| 321 | (1) | 5 | 4 | value-0 | 1 | (1) | **PROVED** | BASE; DESCENT (1,0) |
| 322 | (1) | 5 | 4 | new-class | 2..q-2 | (1,1) | **PROVED** | BASE; DESCENT (1,0); ANTI (2,0) |
| 323 | (1) | 5 | 4 | raise | q-1 | (2) | **PROVED** | BASE; DESCENT (1,0); ANTI (2,0); RAISE (1,1) |
| 324 | (2) | 5 | 3 | lower | 0 | (1) | **PROVED** | BASE; PASCAL (1,0) |
| 325 | (2) | 5 | 3 | value-0 | 1 | (2) | **PROVED** | BASE; PASCAL (1,0); DESCENT (2,0) (1,1) |
| 326 | (2) | 5 | 3 | new-class | 2..q-2 | (2,1) | **PROVED** | BASE; PASCAL (1,0); DESCENT (2,0) (1,1); ANTI (3,0) |
| 327 | (2) | 5 | 3 | raise | q-1 | (3) | **PROVED** | BASE; PASCAL (1,0); DESCENT (2,0) (1,1); ANTI (3,0); RAISE (2,1) (1,2) |
| 328 | (3) | 5 | 2 | lower | 0 | (2) | **PROVED** | BASE; PASCAL (1,0) (2,0) (1,1) |
| 329 | (3) | 5 | 2 | value-0 | 1 | (3) | **PROVED** | BASE; PASCAL (1,0) (2,0) (1,1); DESCENT (3,0) (2,1) (1,2) |
| 330 | (3) | 5 | 2 | new-class | 2..q-2 | (3,1) | **PROVED** | BASE; PASCAL (1,0) (2,0) (1,1); DESCENT (3,0) (2,1) (1,2); ANTI (4,0) |
| 331 | (3) | 5 | 2 | raise | q-1 | (4) | **PROVED** | BASE; PASCAL (1,0) (2,0) (1,1); DESCENT (3,0) (2,1) (1,2); ANTI (4,0); RAISE (3,1) (2,2) (1,3) |
| 332 | (4) | 5 | 1 | lower | 0 | (3) | **PROVED** | BASE; PASCAL (1,0) (2,0) (3,0) (1,1) (2,1) (1,2) |
| 333 | (4) | 5 | 1 | value-0 | 1 | (4) | **PROVED** | BASE; PASCAL (1,0) (2,0) (3,0) (1,1) (2,1) (1,2); DESCENT (4,0) (3,1) (2,2) (1,3) |
| 334 | (4) | 5 | 1 | new-class | 2..q-2 | (4,1) [W=∅, K=(1)] | **PROVED** | BASE; PASCAL (1,0) (2,0) (3,0) (1,1) (2,1) (1,2); DESCENT (4,0) (3,1) (2,2) (1,3); ANTI (5,0) |
| 335 | (4) | 5 | 1 | raise | q-1 | (5) [W=∅, K=(1)] | **PROVED** | BASE; PASCAL (1,0) (2,0) (3,0) (1,1) (2,1) (1,2); DESCENT (4,0) (3,1) (2,2) (1,3); ANTI (5,0); RAISE (4,1) (3,2) (2,3) (1,4) |
| 336 | (5) | 5 | 0 | lower | 0 | (4) | **PROVED** | BASE; PASCAL (1,0) (2,0) (3,0) (4,0) (1,1) (2,1) (3,1) (1,2) (2,2) (1,3) |
| 337 | (5) | 5 | 0 | value-0 | 1 | (5) [W=∅, K=(1)] | **PROVED** | BASE; PASCAL (1,0) (2,0) (3,0) (4,0) (1,1) (2,1) (3,1) (1,2) (2,2) (1,3); DESCENT (5,0) (4,1) (3,2) (2,3) (1,4) |
| 338 | (5) | 5 | 0 | new-class | 2..q-2 | (5,1) [W=∅, K=(1)] | **PROVED** | BASE; PASCAL (1,0) (2,0) (3,0) (4,0) (1,1) (2,1) (3,1) (1,2) (2,2) (1,3); DESCENT (5,0) (4,1) (3,2) (2,3) (1,4); ANTI (6,0) |
| 339 | (5) | 5 | 0 | raise | q-1 | (6) [W=∅, K=(1)] | **PROVED** | BASE; PASCAL (1,0) (2,0) (3,0) (4,0) (1,1) (2,1) (3,1) (1,2) (2,2) (1,3); DESCENT (5,0) (4,1) (3,2) (2,3) (1,4); ANTI (6,0); RAISE (5,1) (4,2) (3,3) (2,4) (1,5) |
| 340 | (1,1) | 5 | 3 | lower | 0, 1 | (1) | **PROVED** | BASE; PASCAL (1,0) |
| 341 | (1,1) | 5 | 3 | value-0 | 2 | (1,1) | **PROVED** | BASE; PASCAL (1,0); DESCENT (2,0) |
| 342 | (1,1) | 5 | 3 | new-class | 3..q-3 | (1,1,1) | **PROVED** | BASE; PASCAL (1,0); DESCENT (2,0); ANTI (3,0) |
| 343 | (1,1) | 5 | 3 | raise | q-2, q-1 | (2,1) | **PROVED** | BASE; PASCAL (1,0); DESCENT (2,0); ANTI (3,0); RAISE (1,1) |
| 344 | (2,1) | 5 | 2 | lower | 0 | (1,1) | **PROVED** | BASE; PASCAL (1,0) (2,0) |
| 345 | (2,1) | 5 | 2 | lower | 1 | (2) | **PROVED** | BASE; PASCAL (1,0) (2,0); DESCENT (1,1) |
| 346 | (2,1) | 5 | 2 | value-0 | 2 | (2,1) | **PROVED** | BASE; PASCAL (1,0) (2,0); DESCENT (3,0) (1,1) |
| 347 | (2,1) | 5 | 2 | new-class | 3..q-3 | (2,1,1) | **PROVED** | BASE; PASCAL (1,0) (2,0); DESCENT (3,0) (1,1); ANTI (4,0) |
| 348 | (2,1) | 5 | 2 | raise | q-2 | (2,2) | **PROVED** | BASE; PASCAL (1,0) (2,0); DESCENT (3,0) (1,1); ANTI (4,0); RAISE (2,1) |
| 349 | (2,1) | 5 | 2 | raise | q-1 | (3,1) | **PROVED** | BASE; PASCAL (1,0) (2,0); DESCENT (3,0) (1,1); ANTI (4,0); RAISE (2,1) (1,2) |
| 350 | (2,2) | 5 | 1 | lower | 0, 1 | (2,1) | **PROVED** | BASE; PASCAL (1,0) (2,0) (3,0) (1,1) |
| 351 | (2,2) | 5 | 1 | value-0 | 2 | (2,2) | **PROVED** | BASE; PASCAL (1,0) (2,0) (3,0) (1,1); DESCENT (4,0) (2,1) |
| 352 | (2,2) | 5 | 1 | new-class | 3..q-3 | (2,2,1) [W=∅, K=(1)] | **PROVED** | BASE; PASCAL (1,0) (2,0) (3,0) (1,1); DESCENT (4,0) (2,1); ANTI (5,0) |
| 353 | (2,2) | 5 | 1 | raise | q-2, q-1 | (3,2) [W=∅, K=(1)] | **PROVED** | BASE; PASCAL (1,0) (2,0) (3,0) (1,1); DESCENT (4,0) (2,1); ANTI (5,0); RAISE (3,1) (1,2) |
| 354 | (3,1) | 5 | 1 | lower | 0 | (2,1) | **PROVED** | BASE; PASCAL (1,0) (2,0) (3,0) (1,1) |
| 355 | (3,1) | 5 | 1 | lower | 1 | (3) | **PROVED** | BASE; PASCAL (1,0) (2,0) (3,0) (1,1); DESCENT (2,1) (1,2) |
| 356 | (3,1) | 5 | 1 | value-0 | 2 | (3,1) | **PROVED** | BASE; PASCAL (1,0) (2,0) (3,0) (1,1); DESCENT (4,0) (2,1) (1,2) |
| 357 | (3,1) | 5 | 1 | new-class | 3..q-3 | (3,1,1) [W=∅, K=(1)] | **PROVED** | BASE; PASCAL (1,0) (2,0) (3,0) (1,1); DESCENT (4,0) (2,1) (1,2); ANTI (5,0) |
| 358 | (3,1) | 5 | 1 | raise | q-2 | (3,2) [W=∅, K=(1)] | **PROVED** | BASE; PASCAL (1,0) (2,0) (3,0) (1,1); DESCENT (4,0) (2,1) (1,2); ANTI (5,0); RAISE (3,1) |
| 359 | (3,1) | 5 | 1 | raise | q-1 | (4,1) [W=∅, K=(1)] | **PROVED** | BASE; PASCAL (1,0) (2,0) (3,0) (1,1); DESCENT (4,0) (2,1) (1,2); ANTI (5,0); RAISE (3,1) (2,2) (1,3) |
| 360 | (3,2) | 5 | 0 | lower | 0 | (2,2) | **PROVED** | BASE; PASCAL (1,0) (2,0) (3,0) (4,0) (1,1) (2,1) |
| 361 | (3,2) | 5 | 0 | lower | 1 | (3,1) | **PROVED** | BASE; PASCAL (1,0) (2,0) (3,0) (4,0) (1,1) (2,1); DESCENT (1,2) |
| 362 | (3,2) | 5 | 0 | value-0 | 2 | (3,2) [W=∅, K=(1)] | **PROVED** | BASE; PASCAL (1,0) (2,0) (3,0) (4,0) (1,1) (2,1); DESCENT (5,0) (3,1) (1,2) |
| 363 | (3,2) | 5 | 0 | new-class | 3..q-3 | (3,2,1) [W=∅, K=(1)] | **PROVED** | BASE; PASCAL (1,0) (2,0) (3,0) (4,0) (1,1) (2,1); DESCENT (5,0) (3,1) (1,2); ANTI (6,0) |
| 364 | (3,2) | 5 | 0 | raise | q-2 | (3,3) [W=∅, K=(1)] | **PROVED** | BASE; PASCAL (1,0) (2,0) (3,0) (4,0) (1,1) (2,1); DESCENT (5,0) (3,1) (1,2); ANTI (6,0); RAISE (4,1) (2,2) |
| 365 | (3,2) | 5 | 0 | raise | q-1 | (4,2) [W=∅, K=(1)] | **PROVED** | BASE; PASCAL (1,0) (2,0) (3,0) (4,0) (1,1) (2,1); DESCENT (5,0) (3,1) (1,2); ANTI (6,0); RAISE (4,1) (2,2) (1,3) |
| 366 | (4,1) | 5 | 0 | lower | 0 | (3,1) | **PROVED** | BASE; PASCAL (1,0) (2,0) (3,0) (4,0) (1,1) (2,1) (1,2) |
| 367 | (4,1) | 5 | 0 | lower | 1 | (4) | **PROVED** | BASE; PASCAL (1,0) (2,0) (3,0) (4,0) (1,1) (2,1) (1,2); DESCENT (3,1) (2,2) (1,3) |
| 368 | (4,1) | 5 | 0 | value-0 | 2 | (4,1) [W=∅, K=(1)] | **PROVED** | BASE; PASCAL (1,0) (2,0) (3,0) (4,0) (1,1) (2,1) (1,2); DESCENT (5,0) (3,1) (2,2) (1,3) |
| 369 | (4,1) | 5 | 0 | new-class | 3..q-3 | (4,1,1) [W=∅, K=(1)] | **PROVED** | BASE; PASCAL (1,0) (2,0) (3,0) (4,0) (1,1) (2,1) (1,2); DESCENT (5,0) (3,1) (2,2) (1,3); ANTI (6,0) |
| 370 | (4,1) | 5 | 0 | raise | q-2 | (4,2) [W=∅, K=(1)] | **PROVED** | BASE; PASCAL (1,0) (2,0) (3,0) (4,0) (1,1) (2,1) (1,2); DESCENT (5,0) (3,1) (2,2) (1,3); ANTI (6,0); RAISE (4,1) |
| 371 | (4,1) | 5 | 0 | raise | q-1 | (5,1) [W=∅, K=(1)] | **PROVED** | BASE; PASCAL (1,0) (2,0) (3,0) (4,0) (1,1) (2,1) (1,2); DESCENT (5,0) (3,1) (2,2) (1,3); ANTI (6,0); RAISE (4,1) (3,2) (2,3) (1,4) |
| 372 | (1,1,1) | 5 | 2 | lower | 0, 1, 2 | (1,1) | **PROVED** | BASE; PASCAL (1,0) (2,0) |
| 373 | (1,1,1) | 5 | 2 | value-0 | 3 | (1,1,1) | **PROVED** | BASE; PASCAL (1,0) (2,0); DESCENT (3,0) |
| 374 | (1,1,1) | 5 | 2 | new-class | q-5, q-4 | (1,1,1,1) | **PROVED** | BASE; PASCAL (1,0) (2,0); DESCENT (3,0); ANTI (4,0) |
| 375 | (1,1,1) | 5 | 2 | raise | q-3, q-2, q-1 | (2,1,1) | **PROVED** | BASE; PASCAL (1,0) (2,0); DESCENT (3,0); ANTI (4,0); RAISE (1,1) |
| 376 | (2,1,1) | 5 | 1 | lower | 0 | (1,1,1) | **PROVED** | BASE; PASCAL (1,0) (2,0) (3,0) |
| 377 | (2,1,1) | 5 | 1 | lower | 1, 2 | (2,1) | **PROVED** | BASE; PASCAL (1,0) (2,0) (3,0); DESCENT (1,1) |
| 378 | (2,1,1) | 5 | 1 | value-0 | 3 | (2,1,1) | **PROVED** | BASE; PASCAL (1,0) (2,0) (3,0); DESCENT (4,0) (1,1) |
| 379 | (2,1,1) | 5 | 1 | new-class | q-5, q-4 | (2,1,1,1) [W=∅, K=(1)] | **PROVED** | BASE; PASCAL (1,0) (2,0) (3,0); DESCENT (4,0) (1,1); ANTI (5,0) |
| 380 | (2,1,1) | 5 | 1 | raise | q-3, q-2 | (2,2,1) [W=∅, K=(1)] | **PROVED** | BASE; PASCAL (1,0) (2,0) (3,0); DESCENT (4,0) (1,1); ANTI (5,0); RAISE (2,1) |
| 381 | (2,1,1) | 5 | 1 | raise | q-1 | (3,1,1) [W=∅, K=(1)] | **PROVED** | BASE; PASCAL (1,0) (2,0) (3,0); DESCENT (4,0) (1,1); ANTI (5,0); RAISE (2,1) (1,2) |
| 382 | (2,2,1) | 5 | 0 | lower | 0, 1 | (2,1,1) | **PROVED** | BASE; PASCAL (1,0) (2,0) (3,0) (4,0) (1,1) |
| 383 | (2,2,1) | 5 | 0 | lower | 2 | (2,2) | **PROVED** | BASE; PASCAL (1,0) (2,0) (3,0) (4,0) (1,1); DESCENT (2,1) |
| 384 | (2,2,1) | 5 | 0 | value-0 | 3 | (2,2,1) [W=∅, K=(1)] | **PROVED** | BASE; PASCAL (1,0) (2,0) (3,0) (4,0) (1,1); DESCENT (5,0) (2,1) |
| 385 | (2,2,1) | 5 | 0 | new-class | q-5, q-4 | (2,2,1,1) [W=∅, K=(1)] | **PROVED** | BASE; PASCAL (1,0) (2,0) (3,0) (4,0) (1,1); DESCENT (5,0) (2,1); ANTI (6,0) |
| 386 | (2,2,1) | 5 | 0 | raise | q-3 | (2,2,2) [W=∅, K=(1)] | **PROVED** | BASE; PASCAL (1,0) (2,0) (3,0) (4,0) (1,1); DESCENT (5,0) (2,1); ANTI (6,0); RAISE (3,1) |
| 387 | (2,2,1) | 5 | 0 | raise | q-2, q-1 | (3,2,1) [W=∅, K=(1)] | **PROVED** | BASE; PASCAL (1,0) (2,0) (3,0) (4,0) (1,1); DESCENT (5,0) (2,1); ANTI (6,0); RAISE (3,1) (1,2) |
| 388 | (3,1,1) | 5 | 0 | lower | 0 | (2,1,1) | **PROVED** | BASE; PASCAL (1,0) (2,0) (3,0) (4,0) (1,1) |
| 389 | (3,1,1) | 5 | 0 | lower | 1, 2 | (3,1) | **PROVED** | BASE; PASCAL (1,0) (2,0) (3,0) (4,0) (1,1); DESCENT (2,1) (1,2) |
| 390 | (3,1,1) | 5 | 0 | value-0 | 3 | (3,1,1) [W=∅, K=(1)] | **PROVED** | BASE; PASCAL (1,0) (2,0) (3,0) (4,0) (1,1); DESCENT (5,0) (2,1) (1,2) |
| 391 | (3,1,1) | 5 | 0 | new-class | q-5, q-4 | (3,1,1,1) [W=∅, K=(1)] | **PROVED** | BASE; PASCAL (1,0) (2,0) (3,0) (4,0) (1,1); DESCENT (5,0) (2,1) (1,2); ANTI (6,0) |
| 392 | (3,1,1) | 5 | 0 | raise | q-3, q-2 | (3,2,1) [W=∅, K=(1)] | **PROVED** | BASE; PASCAL (1,0) (2,0) (3,0) (4,0) (1,1); DESCENT (5,0) (2,1) (1,2); ANTI (6,0); RAISE (3,1) |
| 393 | (3,1,1) | 5 | 0 | raise | q-1 | (4,1,1) [W=∅, K=(1)] | **PROVED** | BASE; PASCAL (1,0) (2,0) (3,0) (4,0) (1,1); DESCENT (5,0) (2,1) (1,2); ANTI (6,0); RAISE (3,1) (2,2) (1,3) |
| 394 | (1,1,1,1) | 5 | 1 | lower | 0..3 | (1,1,1) | **PROVED** | BASE; PASCAL (1,0) (2,0) (3,0) |
| 395 | (1,1,1,1) | 5 | 1 | value-0 | q-5 | (1,1,1,1) | **PROVED** | BASE; PASCAL (1,0) (2,0) (3,0); DESCENT (4,0) |
| 396 | (1,1,1,1) | 5 | 1 | raise | q-4..q-1 | (2,1,1,1) [W=∅, K=(1)] | **PROVED** | BASE; PASCAL (1,0) (2,0) (3,0); DESCENT (4,0); ANTI (5,0); RAISE (1,1) |
| 397 | (2,1,1,1) | 5 | 0 | lower | 0 | (1,1,1,1) | **PROVED** | BASE; PASCAL (1,0) (2,0) (3,0) (4,0) |
| 398 | (2,1,1,1) | 5 | 0 | lower | 1, 2, 3 | (2,1,1) | **PROVED** | BASE; PASCAL (1,0) (2,0) (3,0) (4,0); DESCENT (1,1) |
| 399 | (2,1,1,1) | 5 | 0 | value-0 | q-5 | (2,1,1,1) [W=∅, K=(1)] | **PROVED** | BASE; PASCAL (1,0) (2,0) (3,0) (4,0); DESCENT (5,0) (1,1) |
| 400 | (2,1,1,1) | 5 | 0 | raise | q-4, q-3, q-2 | (2,2,1,1) [W=∅, K=(1)] | **PROVED** | BASE; PASCAL (1,0) (2,0) (3,0) (4,0); DESCENT (5,0) (1,1); ANTI (6,0); RAISE (2,1) |
| 401 | (2,1,1,1) | 5 | 0 | raise | q-1 | (3,1,1,1) [W=∅, K=(1)] | **PROVED** | BASE; PASCAL (1,0) (2,0) (3,0) (4,0); DESCENT (5,0) (1,1); ANTI (6,0); RAISE (2,1) (1,2) |
| 402 | ∅ | 4 | 4 | value-0 | 0 | ∅ | **PROVED** | BASE; BASE only |
| 403 | ∅ | 4 | 4 | new-class | 1..q-1 | (1) | **PROVED** | BASE; ANTI (1,0) |
| 404 | (1) | 4 | 3 | lower | 0 | ∅ | **PROVED** | BASE; BASE only |
| 405 | (1) | 4 | 3 | value-0 | 1 | (1) | **PROVED** | BASE; DESCENT (1,0) |
| 406 | (1) | 4 | 3 | new-class | 2..q-2 | (1,1) | **PROVED** | BASE; DESCENT (1,0); ANTI (2,0) |
| 407 | (1) | 4 | 3 | raise | q-1 | (2) | **PROVED** | BASE; DESCENT (1,0); ANTI (2,0); RAISE (1,1) |
| 408 | (2) | 4 | 2 | lower | 0 | (1) | **PROVED** | BASE; PASCAL (1,0) |
| 409 | (2) | 4 | 2 | value-0 | 1 | (2) | **PROVED** | BASE; PASCAL (1,0); DESCENT (2,0) (1,1) |
| 410 | (2) | 4 | 2 | new-class | 2..q-2 | (2,1) | **PROVED** | BASE; PASCAL (1,0); DESCENT (2,0) (1,1); ANTI (3,0) |
| 411 | (2) | 4 | 2 | raise | q-1 | (3) | **PROVED** | BASE; PASCAL (1,0); DESCENT (2,0) (1,1); ANTI (3,0); RAISE (2,1) (1,2) |
| 412 | (3) | 4 | 1 | lower | 0 | (2) | **PROVED** | BASE; PASCAL (1,0) (2,0) (1,1) |
| 413 | (3) | 4 | 1 | value-0 | 1 | (3) | **PROVED** | BASE; PASCAL (1,0) (2,0) (1,1); DESCENT (3,0) (2,1) (1,2) |
| 414 | (3) | 4 | 1 | new-class | 2..q-2 | (3,1) [W=∅, K=(1)] | **PROVED** | BASE; PASCAL (1,0) (2,0) (1,1); DESCENT (3,0) (2,1) (1,2); ANTI (4,0) |
| 415 | (3) | 4 | 1 | raise | q-1 | (4) [W=∅, K=(1)] | **PROVED** | BASE; PASCAL (1,0) (2,0) (1,1); DESCENT (3,0) (2,1) (1,2); ANTI (4,0); RAISE (3,1) (2,2) (1,3) |
| 416 | (4) | 4 | 0 | lower | 0 | (3) | **PROVED** | BASE; PASCAL (1,0) (2,0) (3,0) (1,1) (2,1) (1,2) |
| 417 | (4) | 4 | 0 | value-0 | 1 | (4) [W=∅, K=(1)] | **PROVED** | BASE; PASCAL (1,0) (2,0) (3,0) (1,1) (2,1) (1,2); DESCENT (4,0) (3,1) (2,2) (1,3) |
| 418 | (4) | 4 | 0 | new-class | 2..q-2 | (4,1) [W=∅, K=(1)] | **PROVED** | BASE; PASCAL (1,0) (2,0) (3,0) (1,1) (2,1) (1,2); DESCENT (4,0) (3,1) (2,2) (1,3); ANTI (5,0) |
| 419 | (4) | 4 | 0 | raise | q-1 | (5) [W=∅, K=(1)] | **PROVED** | BASE; PASCAL (1,0) (2,0) (3,0) (1,1) (2,1) (1,2); DESCENT (4,0) (3,1) (2,2) (1,3); ANTI (5,0); RAISE (4,1) (3,2) (2,3) (1,4) |
| 420 | (1,1) | 4 | 2 | lower | 0, 1 | (1) | **PROVED** | BASE; PASCAL (1,0) |
| 421 | (1,1) | 4 | 2 | value-0 | 2 | (1,1) | **PROVED** | BASE; PASCAL (1,0); DESCENT (2,0) |
| 422 | (1,1) | 4 | 2 | new-class | 3..q-3 | (1,1,1) | **PROVED** | BASE; PASCAL (1,0); DESCENT (2,0); ANTI (3,0) |
| 423 | (1,1) | 4 | 2 | raise | q-2, q-1 | (2,1) | **PROVED** | BASE; PASCAL (1,0); DESCENT (2,0); ANTI (3,0); RAISE (1,1) |
| 424 | (2,1) | 4 | 1 | lower | 0 | (1,1) | **PROVED** | BASE; PASCAL (1,0) (2,0) |
| 425 | (2,1) | 4 | 1 | lower | 1 | (2) | **PROVED** | BASE; PASCAL (1,0) (2,0); DESCENT (1,1) |
| 426 | (2,1) | 4 | 1 | value-0 | 2 | (2,1) | **PROVED** | BASE; PASCAL (1,0) (2,0); DESCENT (3,0) (1,1) |
| 427 | (2,1) | 4 | 1 | new-class | 3..q-3 | (2,1,1) [W=∅, K=(1)] | **PROVED** | BASE; PASCAL (1,0) (2,0); DESCENT (3,0) (1,1); ANTI (4,0) |
| 428 | (2,1) | 4 | 1 | raise | q-2 | (2,2) [W=∅, K=(1)] | **PROVED** | BASE; PASCAL (1,0) (2,0); DESCENT (3,0) (1,1); ANTI (4,0); RAISE (2,1) |
| 429 | (2,1) | 4 | 1 | raise | q-1 | (3,1) [W=∅, K=(1)] | **PROVED** | BASE; PASCAL (1,0) (2,0); DESCENT (3,0) (1,1); ANTI (4,0); RAISE (2,1) (1,2) |
| 430 | (2,2) | 4 | 0 | lower | 0, 1 | (2,1) | **PROVED** | BASE; PASCAL (1,0) (2,0) (3,0) (1,1) |
| 431 | (2,2) | 4 | 0 | value-0 | 2 | (2,2) [W=∅, K=(1)] | **PROVED** | BASE; PASCAL (1,0) (2,0) (3,0) (1,1); DESCENT (4,0) (2,1) |
| 432 | (2,2) | 4 | 0 | new-class | 3..q-3 | (2,2,1) [W=∅, K=(1)] | **PROVED** | BASE; PASCAL (1,0) (2,0) (3,0) (1,1); DESCENT (4,0) (2,1); ANTI (5,0) |
| 433 | (2,2) | 4 | 0 | raise | q-2, q-1 | (3,2) [W=∅, K=(1)] | **PROVED** | BASE; PASCAL (1,0) (2,0) (3,0) (1,1); DESCENT (4,0) (2,1); ANTI (5,0); RAISE (3,1) (1,2) |
| 434 | (3,1) | 4 | 0 | lower | 0 | (2,1) | **PROVED** | BASE; PASCAL (1,0) (2,0) (3,0) (1,1) |
| 435 | (3,1) | 4 | 0 | lower | 1 | (3) | **PROVED** | BASE; PASCAL (1,0) (2,0) (3,0) (1,1); DESCENT (2,1) (1,2) |
| 436 | (3,1) | 4 | 0 | value-0 | 2 | (3,1) [W=∅, K=(1)] | **PROVED** | BASE; PASCAL (1,0) (2,0) (3,0) (1,1); DESCENT (4,0) (2,1) (1,2) |
| 437 | (3,1) | 4 | 0 | new-class | 3..q-3 | (3,1,1) [W=∅, K=(1)] | **PROVED** | BASE; PASCAL (1,0) (2,0) (3,0) (1,1); DESCENT (4,0) (2,1) (1,2); ANTI (5,0) |
| 438 | (3,1) | 4 | 0 | raise | q-2 | (3,2) [W=∅, K=(1)] | **PROVED** | BASE; PASCAL (1,0) (2,0) (3,0) (1,1); DESCENT (4,0) (2,1) (1,2); ANTI (5,0); RAISE (3,1) |
| 439 | (3,1) | 4 | 0 | raise | q-1 | (4,1) [W=∅, K=(1)] | **PROVED** | BASE; PASCAL (1,0) (2,0) (3,0) (1,1); DESCENT (4,0) (2,1) (1,2); ANTI (5,0); RAISE (3,1) (2,2) (1,3) |
| 440 | (1,1,1) | 4 | 1 | lower | 0, 1, 2 | (1,1) | **PROVED** | BASE; PASCAL (1,0) (2,0) |
| 441 | (1,1,1) | 4 | 1 | value-0 | 3 | (1,1,1) | **PROVED** | BASE; PASCAL (1,0) (2,0); DESCENT (3,0) |
| 442 | (1,1,1) | 4 | 1 | new-class | q-5, q-4 | (1,1,1,1) [W=∅, K=(1)] | **PROVED** | BASE; PASCAL (1,0) (2,0); DESCENT (3,0); ANTI (4,0) |
| 443 | (1,1,1) | 4 | 1 | raise | q-3, q-2, q-1 | (2,1,1) [W=∅, K=(1)] | **PROVED** | BASE; PASCAL (1,0) (2,0); DESCENT (3,0); ANTI (4,0); RAISE (1,1) |
| 444 | (2,1,1) | 4 | 0 | lower | 0 | (1,1,1) | **PROVED** | BASE; PASCAL (1,0) (2,0) (3,0) |
| 445 | (2,1,1) | 4 | 0 | lower | 1, 2 | (2,1) | **PROVED** | BASE; PASCAL (1,0) (2,0) (3,0); DESCENT (1,1) |
| 446 | (2,1,1) | 4 | 0 | value-0 | 3 | (2,1,1) [W=∅, K=(1)] | **PROVED** | BASE; PASCAL (1,0) (2,0) (3,0); DESCENT (4,0) (1,1) |
| 447 | (2,1,1) | 4 | 0 | new-class | q-5, q-4 | (2,1,1,1) [W=∅, K=(1)] | **PROVED** | BASE; PASCAL (1,0) (2,0) (3,0); DESCENT (4,0) (1,1); ANTI (5,0) |
| 448 | (2,1,1) | 4 | 0 | raise | q-3, q-2 | (2,2,1) [W=∅, K=(1)] | **PROVED** | BASE; PASCAL (1,0) (2,0) (3,0); DESCENT (4,0) (1,1); ANTI (5,0); RAISE (2,1) |
| 449 | (2,1,1) | 4 | 0 | raise | q-1 | (3,1,1) [W=∅, K=(1)] | **PROVED** | BASE; PASCAL (1,0) (2,0) (3,0); DESCENT (4,0) (1,1); ANTI (5,0); RAISE (2,1) (1,2) |
| 450 | (1,1,1,1) | 4 | 0 | lower | 0..3 | (1,1,1) | **PROVED** | BASE; PASCAL (1,0) (2,0) (3,0) |
| 451 | (1,1,1,1) | 4 | 0 | value-0 | q-5 | (1,1,1,1) [W=∅, K=(1)] | **PROVED** | BASE; PASCAL (1,0) (2,0) (3,0); DESCENT (4,0) |
| 452 | (1,1,1,1) | 4 | 0 | raise | q-4..q-1 | (2,1,1,1) [W=∅, K=(1)] | **PROVED** | BASE; PASCAL (1,0) (2,0) (3,0); DESCENT (4,0); ANTI (5,0); RAISE (1,1) |
| 453 | ∅ | 3 | 3 | value-0 | 0 | ∅ | **PROVED** | BASE; BASE only |
| 454 | ∅ | 3 | 3 | new-class | 1..q-1 | (1) | **PROVED** | BASE; ANTI (1,0) |
| 455 | (1) | 3 | 2 | lower | 0 | ∅ | **PROVED** | BASE; BASE only |
| 456 | (1) | 3 | 2 | value-0 | 1 | (1) | **PROVED** | BASE; DESCENT (1,0) |
| 457 | (1) | 3 | 2 | new-class | 2..q-2 | (1,1) | **PROVED** | BASE; DESCENT (1,0); ANTI (2,0) |
| 458 | (1) | 3 | 2 | raise | q-1 | (2) | **PROVED** | BASE; DESCENT (1,0); ANTI (2,0); RAISE (1,1) |
| 459 | (2) | 3 | 1 | lower | 0 | (1) | **PROVED** | BASE; PASCAL (1,0) |
| 460 | (2) | 3 | 1 | value-0 | 1 | (2) | **PROVED** | BASE; PASCAL (1,0); DESCENT (2,0) (1,1) |
| 461 | (2) | 3 | 1 | new-class | 2..q-2 | (2,1) [W=∅, K=(1)] | **PROVED** | BASE; PASCAL (1,0); DESCENT (2,0) (1,1); ANTI (3,0) |
| 462 | (2) | 3 | 1 | raise | q-1 | (3) [W=∅, K=(1)] | **PROVED** | BASE; PASCAL (1,0); DESCENT (2,0) (1,1); ANTI (3,0); RAISE (2,1) (1,2) |
| 463 | (3) | 3 | 0 | lower | 0 | (2) | **PROVED** | BASE; PASCAL (1,0) (2,0) (1,1) |
| 464 | (3) | 3 | 0 | value-0 | 1 | (3) [W=∅, K=(1)] | **PROVED** | BASE; PASCAL (1,0) (2,0) (1,1); DESCENT (3,0) (2,1) (1,2) |
| 465 | (3) | 3 | 0 | new-class | 2..q-2 | (3,1) [W=∅, K=(1)] | **PROVED** | BASE; PASCAL (1,0) (2,0) (1,1); DESCENT (3,0) (2,1) (1,2); ANTI (4,0) |
| 466 | (3) | 3 | 0 | raise | q-1 | (4) [W=∅, K=(1)] | **PROVED** | BASE; PASCAL (1,0) (2,0) (1,1); DESCENT (3,0) (2,1) (1,2); ANTI (4,0); RAISE (3,1) (2,2) (1,3) |
| 467 | (1,1) | 3 | 1 | lower | 0, 1 | (1) | **PROVED** | BASE; PASCAL (1,0) |
| 468 | (1,1) | 3 | 1 | value-0 | 2 | (1,1) | **PROVED** | BASE; PASCAL (1,0); DESCENT (2,0) |
| 469 | (1,1) | 3 | 1 | new-class | 3..q-3 | (1,1,1) [W=∅, K=(1)] | **PROVED** | BASE; PASCAL (1,0); DESCENT (2,0); ANTI (3,0) |
| 470 | (1,1) | 3 | 1 | raise | q-2, q-1 | (2,1) [W=∅, K=(1)] | **PROVED** | BASE; PASCAL (1,0); DESCENT (2,0); ANTI (3,0); RAISE (1,1) |
| 471 | (2,1) | 3 | 0 | lower | 0 | (1,1) | **PROVED** | BASE; PASCAL (1,0) (2,0) |
| 472 | (2,1) | 3 | 0 | lower | 1 | (2) | **PROVED** | BASE; PASCAL (1,0) (2,0); DESCENT (1,1) |
| 473 | (2,1) | 3 | 0 | value-0 | 2 | (2,1) [W=∅, K=(1)] | **PROVED** | BASE; PASCAL (1,0) (2,0); DESCENT (3,0) (1,1) |
| 474 | (2,1) | 3 | 0 | new-class | 3..q-3 | (2,1,1) [W=∅, K=(1)] | **PROVED** | BASE; PASCAL (1,0) (2,0); DESCENT (3,0) (1,1); ANTI (4,0) |
| 475 | (2,1) | 3 | 0 | raise | q-2 | (2,2) [W=∅, K=(1)] | **PROVED** | BASE; PASCAL (1,0) (2,0); DESCENT (3,0) (1,1); ANTI (4,0); RAISE (2,1) |
| 476 | (2,1) | 3 | 0 | raise | q-1 | (3,1) [W=∅, K=(1)] | **PROVED** | BASE; PASCAL (1,0) (2,0); DESCENT (3,0) (1,1); ANTI (4,0); RAISE (2,1) (1,2) |
| 477 | (1,1,1) | 3 | 0 | lower | 0, 1, 2 | (1,1) | **PROVED** | BASE; PASCAL (1,0) (2,0) |
| 478 | (1,1,1) | 3 | 0 | value-0 | 3 | (1,1,1) [W=∅, K=(1)] | **PROVED** | BASE; PASCAL (1,0) (2,0); DESCENT (3,0) |
| 479 | (1,1,1) | 3 | 0 | new-class | q-5, q-4 | (1,1,1,1) [W=∅, K=(1)] | **PROVED** | BASE; PASCAL (1,0) (2,0); DESCENT (3,0); ANTI (4,0) |
| 480 | (1,1,1) | 3 | 0 | raise | q-3, q-2, q-1 | (2,1,1) [W=∅, K=(1)] | **PROVED** | BASE; PASCAL (1,0) (2,0); DESCENT (3,0); ANTI (4,0); RAISE (1,1) |
| 481 | ∅ | 2 | 2 | value-0 | 0 | ∅ | **PROVED** | BASE; BASE only |
| 482 | ∅ | 2 | 2 | new-class | 1..q-1 | (1) | **PROVED** | BASE; ANTI (1,0) |
| 483 | (1) | 2 | 1 | lower | 0 | ∅ | **PROVED** | BASE; BASE only |
| 484 | (1) | 2 | 1 | value-0 | 1 | (1) | **PROVED** | BASE; DESCENT (1,0) |
| 485 | (1) | 2 | 1 | new-class | 2..q-2 | (1,1) [W=∅, K=(1)] | **PROVED** | BASE; DESCENT (1,0); ANTI (2,0) |
| 486 | (1) | 2 | 1 | raise | q-1 | (2) [W=∅, K=(1)] | **PROVED** | BASE; DESCENT (1,0); ANTI (2,0); RAISE (1,1) |
| 487 | (2) | 2 | 0 | lower | 0 | (1) | **PROVED** | BASE; PASCAL (1,0) |
| 488 | (2) | 2 | 0 | value-0 | 1 | (2) [W=∅, K=(1)] | **PROVED** | BASE; PASCAL (1,0); DESCENT (2,0) (1,1) |
| 489 | (2) | 2 | 0 | new-class | 2..q-2 | (2,1) [W=∅, K=(1)] | **PROVED** | BASE; PASCAL (1,0); DESCENT (2,0) (1,1); ANTI (3,0) |
| 490 | (2) | 2 | 0 | raise | q-1 | (3) [W=∅, K=(1)] | **PROVED** | BASE; PASCAL (1,0); DESCENT (2,0) (1,1); ANTI (3,0); RAISE (2,1) (1,2) |
| 491 | (1,1) | 2 | 0 | lower | 0, 1 | (1) | **PROVED** | BASE; PASCAL (1,0) |
| 492 | (1,1) | 2 | 0 | value-0 | 2 | (1,1) [W=∅, K=(1)] | **PROVED** | BASE; PASCAL (1,0); DESCENT (2,0) |
| 493 | (1,1) | 2 | 0 | new-class | 3..q-3 | (1,1,1) [W=∅, K=(1)] | **PROVED** | BASE; PASCAL (1,0); DESCENT (2,0); ANTI (3,0) |
| 494 | (1,1) | 2 | 0 | raise | q-2, q-1 | (2,1) [W=∅, K=(1)] | **PROVED** | BASE; PASCAL (1,0); DESCENT (2,0); ANTI (3,0); RAISE (1,1) |
| 495 | ∅ | 1 | 1 | value-0 | 0 | ∅ | **PROVED** | BASE; BASE only |
| 496 | ∅ | 1 | 1 | new-class | 1..q-1 | (1) [W=∅, K=(1)] | **PROVED** | BASE; ANTI (1,0) |
| 497 | (1) | 1 | 0 | lower | 0 | ∅ | **PROVED** | BASE; BASE only |
| 498 | (1) | 1 | 0 | value-0 | 1 | (1) [W=∅, K=(1)] | **PROVED** | BASE; DESCENT (1,0) |
| 499 | (1) | 1 | 0 | new-class | 2..q-2 | (1,1) [W=∅, K=(1)] | **PROVED** | BASE; DESCENT (1,0); ANTI (2,0) |
| 500 | (1) | 1 | 0 | raise | q-1 | (2) [W=∅, K=(1)] | **PROVED** | BASE; DESCENT (1,0); ANTI (2,0); RAISE (1,1) |
## q = 27 : visited cells 120 (non-leaf parents f >= 2: 71); lines 532; PROVED 532; OPEN 0
## q = 81 : visited cells 120 (non-leaf parents f >= 2: 71); lines 532; PROVED 532; OPEN 0
## q = 243 : visited cells 120 (non-leaf parents f >= 2: 71); lines 532; PROVED 532; OPEN 0
VIGIA-FIN-OK exit=0 pico_kb=12464 t=78s
