| parent | n | f | type | rows (q = 27) | child | status | mechanism |
|---|---|---|---|---|---|---|---|
| (1,1,1,1) | 8 | 4 | new-class | 5..q-5 | (1,1,1,1,1) | **PROVED** | BASE; PASCAL (1,0) (2,0) (3,0); DESCENT (4,0); ANTI (5,0) |
| (1,1,1,1) | 7 | 3 | new-class | 5..q-5 | (1,1,1,1,1) | **PROVED** | BASE; PASCAL (1,0) (2,0) (3,0); DESCENT (4,0); ANTI (5,0) |
| (2,1,1,1) | 7 | 2 | new-class | 5..q-5 | (2,1,1,1,1) | **PROVED** | BASE; PASCAL (1,0) (2,0) (3,0) (4,0); DESCENT (5,0) (1,1); ANTI (6,0) |
| (1,1,1,1,1) | 7 | 2 | lower | 0..4 | (1,1,1,1) | **PROVED** | BASE; PASCAL (1,0) (2,0) (3,0) (4,0) |
| (1,1,1,1,1) | 7 | 2 | value-0 | 5 | (1,1,1,1,1) | **PROVED** | BASE; PASCAL (1,0) (2,0) (3,0) (4,0); DESCENT (5,0) |
| (1,1,1,1,1) | 7 | 2 | new-class | 6..q-6 | (1,1,1,1,1,1) | **PROVED** | BASE; PASCAL (1,0) (2,0) (3,0) (4,0); DESCENT (5,0); ANTI (6,0) |
| (1,1,1,1,1) | 7 | 2 | raise | q-5..q-1 | (2,1,1,1,1) | **PROVED** | BASE; PASCAL (1,0) (2,0) (3,0) (4,0); DESCENT (5,0); ANTI (6,0); RAISE (1,1) |
| (1,1,1,1) | 6 | 2 | new-class | 5..q-5 | (1,1,1,1,1) | **PROVED** | BASE; PASCAL (1,0) (2,0) (3,0); DESCENT (4,0); ANTI (5,0) |
| (2,1,1,1) | 6 | 1 | new-class | 5..q-5 | (2,1,1,1,1) [W=∅, K=(1)] | **PROVED** | BASE; PASCAL (1,0) (2,0) (3,0) (4,0); DESCENT (5,0) (1,1); ANTI (6,0) |
| (2,2,1,1) | 6 | 0 | new-class | 5..q-5 | (2,2,1,1,1) [W=∅, K=(1)] | **PROVED** | BASE; PASCAL (1,0) (2,0) (3,0) (4,0) (5,0) (1,1); DESCENT (6,0) (2,1); ANTI (7,0) |
| (3,1,1,1) | 6 | 0 | new-class | 5..q-5 | (3,1,1,1,1) [W=∅, K=(1)] | **PROVED** | BASE; PASCAL (1,0) (2,0) (3,0) (4,0) (5,0) (1,1); DESCENT (6,0) (2,1) (1,2); ANTI (7,0) |
| (1,1,1,1,1) | 6 | 1 | lower | 0..4 | (1,1,1,1) | **PROVED** | BASE; PASCAL (1,0) (2,0) (3,0) (4,0) |
| (1,1,1,1,1) | 6 | 1 | value-0 | 5 | (1,1,1,1,1) | **PROVED** | BASE; PASCAL (1,0) (2,0) (3,0) (4,0); DESCENT (5,0) |
| (1,1,1,1,1) | 6 | 1 | new-class | 6..q-6 | (1,1,1,1,1,1) [W=∅, K=(1)] | **PROVED** | BASE; PASCAL (1,0) (2,0) (3,0) (4,0); DESCENT (5,0); ANTI (6,0) |
| (1,1,1,1,1) | 6 | 1 | raise | q-5..q-1 | (2,1,1,1,1) [W=∅, K=(1)] | **PROVED** | BASE; PASCAL (1,0) (2,0) (3,0) (4,0); DESCENT (5,0); ANTI (6,0); RAISE (1,1) |
| (2,1,1,1,1) | 6 | 0 | lower | 0 | (1,1,1,1,1) | **PROVED** | BASE; PASCAL (1,0) (2,0) (3,0) (4,0) (5,0) |
| (2,1,1,1,1) | 6 | 0 | lower | 1..4 | (2,1,1,1) | **PROVED** | BASE; PASCAL (1,0) (2,0) (3,0) (4,0) (5,0); DESCENT (1,1) |
| (2,1,1,1,1) | 6 | 0 | value-0 | 5 | (2,1,1,1,1) [W=∅, K=(1)] | **PROVED** | BASE; PASCAL (1,0) (2,0) (3,0) (4,0) (5,0); DESCENT (6,0) (1,1) |
| (2,1,1,1,1) | 6 | 0 | new-class | 6..q-6 | (2,1,1,1,1,1) [W=∅, K=(1)] | **PROVED** | BASE; PASCAL (1,0) (2,0) (3,0) (4,0) (5,0); DESCENT (6,0) (1,1); ANTI (7,0) |
| (2,1,1,1,1) | 6 | 0 | raise | q-5..q-2 | (2,2,1,1,1) [W=∅, K=(1)] | **PROVED** | BASE; PASCAL (1,0) (2,0) (3,0) (4,0) (5,0); DESCENT (6,0) (1,1); ANTI (7,0); RAISE (2,1) |
| (2,1,1,1,1) | 6 | 0 | raise | q-1 | (3,1,1,1,1) [W=∅, K=(1)] | **PROVED** | BASE; PASCAL (1,0) (2,0) (3,0) (4,0) (5,0); DESCENT (6,0) (1,1); ANTI (7,0); RAISE (2,1) (1,2) |
| (1,1,1,1,1,1) | 6 | 0 | lower | 0..5 | (1,1,1,1,1) | **PROVED** | BASE; PASCAL (1,0) (2,0) (3,0) (4,0) (5,0) |
| (1,1,1,1,1,1) | 6 | 0 | value-0 | 6 | (1,1,1,1,1,1) [W=∅, K=(1)] | **PROVED** | BASE; PASCAL (1,0) (2,0) (3,0) (4,0) (5,0); DESCENT (6,0) |
| (1,1,1,1,1,1) | 6 | 0 | new-class | 7..q-7 | (1,1,1,1,1,1,1) [W=∅, K=(1)] | **PROVED** | BASE; PASCAL (1,0) (2,0) (3,0) (4,0) (5,0); DESCENT (6,0); ANTI (7,0) |
| (1,1,1,1,1,1) | 6 | 0 | raise | q-6..q-1 | (2,1,1,1,1,1) [W=∅, K=(1)] | **PROVED** | BASE; PASCAL (1,0) (2,0) (3,0) (4,0) (5,0); DESCENT (6,0); ANTI (7,0); RAISE (1,1) |
| (1,1,1,1) | 5 | 1 | new-class | 5..q-5 | (1,1,1,1,1) [W=∅, K=(1)] | **PROVED** | BASE; PASCAL (1,0) (2,0) (3,0); DESCENT (4,0); ANTI (5,0) |
| (2,1,1,1) | 5 | 0 | new-class | 5..q-5 | (2,1,1,1,1) [W=∅, K=(1)] | **PROVED** | BASE; PASCAL (1,0) (2,0) (3,0) (4,0); DESCENT (5,0) (1,1); ANTI (6,0) |
| (1,1,1,1,1) | 5 | 0 | lower | 0..4 | (1,1,1,1) | **PROVED** | BASE; PASCAL (1,0) (2,0) (3,0) (4,0) |
| (1,1,1,1,1) | 5 | 0 | value-0 | 5 | (1,1,1,1,1) [W=∅, K=(1)] | **PROVED** | BASE; PASCAL (1,0) (2,0) (3,0) (4,0); DESCENT (5,0) |
| (1,1,1,1,1) | 5 | 0 | new-class | 6..q-6 | (1,1,1,1,1,1) [W=∅, K=(1)] | **PROVED** | BASE; PASCAL (1,0) (2,0) (3,0) (4,0); DESCENT (5,0); ANTI (6,0) |
| (1,1,1,1,1) | 5 | 0 | raise | q-5..q-1 | (2,1,1,1,1) [W=∅, K=(1)] | **PROVED** | BASE; PASCAL (1,0) (2,0) (3,0) (4,0); DESCENT (5,0); ANTI (6,0); RAISE (1,1) |
| (1,1,1,1) | 4 | 0 | new-class | 5..q-5 | (1,1,1,1,1) [W=∅, K=(1)] | **PROVED** | BASE; PASCAL (1,0) (2,0) (3,0); DESCENT (4,0); ANTI (5,0) |
VIGIA-FIN-OK exit=0 pico_kb=12256 t=1s
