PEELT k=4 q=81 |Z_root|=2729174676480 Q=2729174676480 Z=Q nodes=49 KEY-failures=0 strict=0
m=9 |Z|=2729174676480  gens=[(4, ())]
m=8 |Z|=1216953854480  gens=[(3, ())]
m=8 |Z|=1201208957200  gens=[(3, (2,))]
m=8 |Z|=3987331600  gens=[(4, ())]
m=7 |Z|=307245998080  gens=[(2, ())]
m=7 |Z|=307194890800  gens=[(2, (2,))]
m=7 |Z|=295488432400  gens=[(2, (3,)), (3, ())]
m=7 |Z|=3987331600  gens=[(3, ())]
m=6 |Z|=45046219280  gens=[(1, ())]
m=6 |Z|=45046125200  gens=[(1, (2,))]
m=6 |Z|=45017109200  gens=[(1, (2, 2)), (2, ())]
m=6 |Z|=44995394000  gens=[(1, (3,)), (2, ())]
m=6 |Z|=41723138000  gens=[(1, (4,)), (2, ())]
m=6 |Z|=41701140800  gens=[(1, (4,)), (2, (2,))]
m=6 |Z|=1716251600  gens=[(2, ())]
m=6 |Z|=1694254400  gens=[(2, (2,))]
m=6 |Z|=7395200  gens=[(3, ())]
m=5 |Z|=3276800000  gens=[(0, ())]
m=5 |Z|=3276799920  gens=[(0, (2,))]
m=5 |Z|=3276768720  gens=[(0, (2, 2)), (1, ())]
m=5 |Z|=3276706320  gens=[(0, (3,)), (1, ())]
m=5 |Z|=3271901120  gens=[(0, (3, 2)), (1, (2,))]
m=5 |Z|=3264850320  gens=[(0, (4,)), (1, ())]
m=5 |Z|=3264787520  gens=[(0, (4,)), (1, (2,))]
m=5 |Z|=2913912720  gens=[(0, (5,)), (1, ())]
m=5 |Z|=2913849920  gens=[(0, (5,)), (1, (2,))]
m=5 |Z|=2899310720  gens=[(0, (5,)), (1, (3,)), (2, ())]
m=5 |Z|=387162000  gens=[(1, ())]
m=5 |Z|=387099200  gens=[(1, (2,))]
m=5 |Z|=372560000  gens=[(1, (3,)), (2, ())]
m=5 |Z|=7395200  gens=[(2, ())]
m=4 |Z|=40960000  gens=[(0, ())]
m=4 |Z|=40959920  gens=[(0, (2,))]
m=4 |Z|=40934960  gens=[(0, (2, 2)), (1, ())]
m=4 |Z|=40916240  gens=[(0, (3,)), (1, ())]
m=4 |Z|=38070800  gens=[(0, (4,)), (1, ())]
m=4 |Z|=38033040  gens=[(0, (4,)), (1, (2,))]
m=4 |Z|=2977040  gens=[(1, ())]
m=4 |Z|=2939280  gens=[(1, (2,))]
m=4 |Z|=18960  gens=[(2, ())]
m=3 |Z|=512000  gens=[(0, ())]
m=3 |Z|=511920  gens=[(0, (2,))]
m=3 |Z|=493200  gens=[(0, (3,)), (1, ())]
m=3 |Z|=18960  gens=[(1, ())]
m=2 |Z|=6400  gens=[(0, ())]
m=2 |Z|=6320  gens=[(0, (2,))]
m=2 |Z|=80  gens=[(1, ())]
m=1 |Z|=80  gens=[(0, ())]
VIGIA-FIN-OK exit=0 pico_kb=128 t=0s
