PEELT k=6 q=81 |Z_root|=2172294675210316800 Q=2172294675210316800 Z=Q nodes=189 KEY-failures=0 strict=0
m=13 |Z|=2172294675210316800  gens=[(6, ())]
m=12 |Z|=1004851692598934400  gens=[(5, ())]
m=12 |Z|=991619267465904000  gens=[(5, (2,))]
m=12 |Z|=2254150194172800  gens=[(6, ())]
m=11 |Z|=280769716197273600  gens=[(4, ())]
m=11 |Z|=280720970191939200  gens=[(4, (2,))]
m=11 |Z|=269791441258416000  gens=[(4, (3,)), (5, ())]
m=11 |Z|=2254150194172800  gens=[(5, ())]
m=10 |Z|=51675399628106880  gens=[(3, ())]
m=10 |Z|=51675282764004480  gens=[(3, (2,))]
m=10 |Z|=51640064851966080  gens=[(3, (2, 2)), (4, ())]
m=10 |Z|=51613823683121280  gens=[(3, (3,)), (4, ())]
m=10 |Z|=47727149775204480  gens=[(3, (4,)), (4, ())]
m=10 |Z|=47713738546010880  gens=[(3, (4,)), (4, (2,))]
m=10 |Z|=1027342899300480  gens=[(4, ())]
m=10 |Z|=1013931670106880  gens=[(4, (2,))]
m=10 |Z|=2729174676480  gens=[(5, ())]
m=9 |Z|=6355869086699520  gens=[(2, ())]
m=9 |Z|=6355868903502720  gens=[(2, (2,))]
m=9 |Z|=6355799151434880  gens=[(2, (2, 2)), (3, ())]
m=9 |Z|=6355660493293440  gens=[(2, (3,)), (3, ())]
m=9 |Z|=6345256601053440  gens=[(2, (3, 2)), (3, (2,))]
m=9 |Z|=6329836144867200  gens=[(2, (4,)), (3, ())]
m=9 |Z|=6329789216029440  gens=[(2, (4,)), (3, (2,))]
m=9 |Z|=5580029185584000  gens=[(2, (5,)), (3, ())]
m=9 |Z|=5579982256746240  gens=[(2, (5,)), (3, (2,))]
m=9 |Z|=5569347131066880  gens=[(2, (5,)), (3, (3,)), (4, ())]
m=9 |Z|=275975144188800  gens=[(3, ())]
m=9 |Z|=275928215351040  gens=[(3, (2,))]
m=9 |Z|=265293089671680  gens=[(3, (3,)), (4, ())]
m=9 |Z|=2729174676480  gens=[(4, ())]
m=8 |Z|=497390917786640  gens=[(1, ())]
m=8 |Z|=497390917611280  gens=[(1, (2,))]
m=8 |Z|=497390836541200  gens=[(1, (2, 2)), (2, ())]
m=8 |Z|=497390500030480  gens=[(1, (3,)), (2, ())]
m=8 |Z|=497375315200400  gens=[(1, (2, 2, 2)), (2, (2,))]
m=8 |Z|=497375180666000  gens=[(1, (3, 2)), (2, (2,))]
m=8 |Z|=497314496915600  gens=[(1, (3, 3)), (1, (4,)), (2, (2,))]
m=8 |Z|=497299461126160  gens=[(1, (4,)), (2, ())]
m=8 |Z|=497299359174800  gens=[(1, (4,)), (2, (2,))]
m=8 |Z|=495815595002000  gens=[(1, (4, 2)), (2, (2,))]
m=8 |Z|=495799650753680  gens=[(1, (3, 3)), (2, (2, 2)), (3, ())]
m=8 |Z|=495784513012880  gens=[(1, (4, 2)), (2, (2, 2)), (3, ())]
m=8 |Z|=492484597254160  gens=[(1, (5,)), (2, ())]
m=8 |Z|=492484495302800  gens=[(1, (5,)), (2, (2,))]
m=8 |Z|=492453413313680  gens=[(1, (5,)), (2, (2, 2)), (3, ())]
m=8 |Z|=492430202635280  gens=[(1, (5,)), (2, (3,)), (3, ())]
m=8 |Z|=413245694674960  gens=[(1, (6,)), (2, ())]
m=8 |Z|=413245592723600  gens=[(1, (6,)), (2, (2,))]
m=8 |Z|=413214510734480  gens=[(1, (6,)), (2, (2, 2)), (3, ())]
m=8 |Z|=413191300056080  gens=[(1, (6,)), (2, (3,)), (3, ())]
m=8 |Z|=409723761508880  gens=[(1, (6,)), (2, (4,)), (3, ())]
m=8 |Z|=409708016611600  gens=[(1, (6,)), (2, (4,)), (3, (2,))]
m=8 |Z|=46765770246160  gens=[(2, ())]
m=8 |Z|=46765668294800  gens=[(2, (2,))]
m=8 |Z|=46734586305680  gens=[(2, (2, 2)), (3, ())]
m=8 |Z|=46711375627280  gens=[(2, (3,)), (3, ())]
m=8 |Z|=43243837080080  gens=[(2, (4,)), (3, ())]
m=8 |Z|=43228092182800  gens=[(2, (4,)), (3, (2,))]
m=8 |Z|=1216953854480  gens=[(3, ())]
m=8 |Z|=1201208957200  gens=[(3, (2,))]
m=8 |Z|=3987331600  gens=[(4, ())]
m=7 |Z|=20971520000000  gens=[(0, ())]
m=7 |Z|=20971519999920  gens=[(0, (2,))]
m=7 |Z|=20971519956240  gens=[(0, (2, 2)), (1, ())]
m=7 |Z|=20971519606800  gens=[(0, (3,)), (1, ())]
m=7 |Z|=20971509734560  gens=[(0, (2, 2, 2)), (1, (2,))]
m=7 |Z|=20971509516160  gens=[(0, (3, 2)), (1, (2,))]
m=7 |Z|=20971426524160  gens=[(0, (3, 3)), (0, (4,)), (1, (2,))]
m=7 |Z|=20971376860560  gens=[(0, (4,)), (1, ())]
m=7 |Z|=20971376728960  gens=[(0, (4,)), (1, (2,))]
m=7 |Z|=20970180726880  gens=[(0, (3, 2, 2)), (1, (2, 2)), (2, ())]
m=7 |Z|=20970148447360  gens=[(0, (4, 2)), (1, (2,))]
m=7 |Z|=20970147530080  gens=[(0, (3, 3)), (1, (2, 2)), (2, ())]
m=7 |Z|=20970097734880  gens=[(0, (4, 2)), (1, (2, 2)), (2, ())]
m=7 |Z|=20962626926080  gens=[(0, (4, 3)), (0, (5,)), (1, (3,)), (2, ())]
m=7 |Z|=20959094044560  gens=[(0, (5,)), (1, ())]
m=7 |Z|=20959093912960  gens=[(0, (5,)), (1, (2,))]
m=7 |Z|=20959043200480  gens=[(0, (5,)), (1, (2, 2)), (2, ())]
m=7 |Z|=20958942081280  gens=[(0, (5,)), (1, (3,)), (2, ())]
m=7 |Z|=20874291770080  gens=[(0, (4, 3)), (1, (2, 2)), (2, ())]
m=7 |Z|=20874190650880  gens=[(0, (4, 3)), (1, (3,)), (2, ())]
m=7 |Z|=20870657637760  gens=[(0, (5, 2)), (1, (2,))]
m=7 |Z|=20870606925280  gens=[(0, (5, 2)), (1, (2, 2)), (2, ())]
m=7 |Z|=20866520878000  gens=[(0, (4, 3)), (1, (3, 2)), (2, (2,))]
m=7 |Z|=20862887140480  gens=[(0, (5, 2)), (1, (3, 2)), (2, ())]
m=7 |Z|=20862836033200  gens=[(0, (5, 2)), (1, (3, 2)), (2, (2,))]
m=7 |Z|=20605348943760  gens=[(0, (6,)), (1, ())]
m=7 |Z|=20605348812160  gens=[(0, (6,)), (1, (2,))]
m=7 |Z|=20605298099680  gens=[(0, (6,)), (1, (2, 2)), (2, ())]
m=7 |Z|=20605196980480  gens=[(0, (6,)), (1, (3,)), (2, ())]
m=7 |Z|=20597578314880  gens=[(0, (6,)), (1, (3, 2)), (2, ())]
m=7 |Z|=20597527207600  gens=[(0, (6,)), (1, (3, 2)), (2, (2,))]
m=7 |Z|=20586175214080  gens=[(0, (6,)), (1, (4,)), (2, ())]
m=7 |Z|=20586124106800  gens=[(0, (6,)), (1, (4,)), (2, (2,))]
m=7 |Z|=16891025385360  gens=[(0, (7,)), (1, ())]
m=7 |Z|=16891025253760  gens=[(0, (7,)), (1, (2,))]
m=7 |Z|=16890974541280  gens=[(0, (7,)), (1, (2, 2)), (2, ())]
m=7 |Z|=16890873422080  gens=[(0, (7,)), (1, (3,)), (2, ())]
m=7 |Z|=16883254756480  gens=[(0, (7,)), (1, (3, 2)), (2, ())]
m=7 |Z|=16883203649200  gens=[(0, (7,)), (1, (3, 2)), (2, (2,))]
m=7 |Z|=16871851655680  gens=[(0, (7,)), (1, (4,)), (2, ())]
m=7 |Z|=16871800548400  gens=[(0, (7,)), (1, (4,)), (2, (2,))]
m=7 |Z|=16314211809280  gens=[(0, (7,)), (1, (5,)), (2, ())]
m=7 |Z|=16314160702000  gens=[(0, (7,)), (1, (5,)), (2, (2,))]
m=7 |Z|=16302454243600  gens=[(0, (7,)), (1, (5,)), (2, (3,)), (3, ())]
m=7 |Z|=4863691958160  gens=[(1, ())]
m=7 |Z|=4863691826560  gens=[(1, (2,))]
m=7 |Z|=4863641114080  gens=[(1, (2, 2)), (2, ())]
m=7 |Z|=4863539994880  gens=[(1, (3,)), (2, ())]
m=7 |Z|=4855921329280  gens=[(1, (3, 2)), (2, ())]
m=7 |Z|=4855870222000  gens=[(1, (3, 2)), (2, (2,))]
m=7 |Z|=4844518228480  gens=[(1, (4,)), (2, ())]
m=7 |Z|=4844467121200  gens=[(1, (4,)), (2, (2,))]
m=7 |Z|=4286878382080  gens=[(1, (5,)), (2, ())]
m=7 |Z|=4286827274800  gens=[(1, (5,)), (2, (2,))]
m=7 |Z|=4275120816400  gens=[(1, (5,)), (2, (3,)), (3, ())]
m=7 |Z|=307245998080  gens=[(2, ())]
m=7 |Z|=307194890800  gens=[(2, (2,))]
m=7 |Z|=295488432400  gens=[(2, (3,)), (3, ())]
m=7 |Z|=3987331600  gens=[(3, ())]
m=6 |Z|=262144000000  gens=[(0, ())]
m=6 |Z|=262143999920  gens=[(0, (2,))]
m=6 |Z|=262143962480  gens=[(0, (2, 2)), (1, ())]
m=6 |Z|=262143806480  gens=[(0, (3,)), (1, ())]
m=6 |Z|=262136692880  gens=[(0, (3, 2)), (1, ())]
m=6 |Z|=262136661200  gens=[(0, (2, 2, 2)), (1, (2,))]
m=6 |Z|=262136598800  gens=[(0, (3, 2)), (1, (2,))]
m=6 |Z|=262108238480  gens=[(0, (3, 3)), (0, (4,)), (1, ())]
m=6 |Z|=262108144400  gens=[(0, (3, 3)), (0, (4,)), (1, (2,))]
m=6 |Z|=262101124880  gens=[(0, (4,)), (1, ())]
m=6 |Z|=262101030800  gens=[(0, (4,)), (1, (2,))]
m=6 |Z|=261406269200  gens=[(0, (3, 3)), (1, (2,))]
m=6 |Z|=261399249680  gens=[(0, (4, 2)), (1, ())]
m=6 |Z|=261399155600  gens=[(0, (4, 2)), (1, (2,))]
m=6 |Z|=261377253200  gens=[(0, (3, 3)), (1, (2, 2)), (2, ())]
m=6 |Z|=261370139600  gens=[(0, (4, 2)), (1, (2, 2)), (2, ())]
m=6 |Z|=259820030480  gens=[(0, (5,)), (1, ())]
m=6 |Z|=259819936400  gens=[(0, (5,)), (1, (2,))]
m=6 |Z|=259790920400  gens=[(0, (5,)), (1, (2, 2)), (2, ())]
m=6 |Z|=259769205200  gens=[(0, (5,)), (1, (3,)), (2, ())]
m=6 |Z|=221918769680  gens=[(0, (6,)), (1, ())]
m=6 |Z|=221918675600  gens=[(0, (6,)), (1, (2,))]
m=6 |Z|=221889659600  gens=[(0, (6,)), (1, (2, 2)), (2, ())]
m=6 |Z|=221867944400  gens=[(0, (6,)), (1, (3,)), (2, ())]
m=6 |Z|=218595688400  gens=[(0, (6,)), (1, (4,)), (2, ())]
m=6 |Z|=218573691200  gens=[(0, (6,)), (1, (4,)), (2, (2,))]
m=6 |Z|=45046219280  gens=[(1, ())]
m=6 |Z|=45046125200  gens=[(1, (2,))]
m=6 |Z|=45017109200  gens=[(1, (2, 2)), (2, ())]
m=6 |Z|=44995394000  gens=[(1, (3,)), (2, ())]
m=6 |Z|=41723138000  gens=[(1, (4,)), (2, ())]
m=6 |Z|=41701140800  gens=[(1, (4,)), (2, (2,))]
m=6 |Z|=1716251600  gens=[(2, ())]
m=6 |Z|=1694254400  gens=[(2, (2,))]
m=6 |Z|=7395200  gens=[(3, ())]
m=5 |Z|=3276800000  gens=[(0, ())]
m=5 |Z|=3276799920  gens=[(0, (2,))]
m=5 |Z|=3276768720  gens=[(0, (2, 2)), (1, ())]
m=5 |Z|=3276706320  gens=[(0, (3,)), (1, ())]
m=5 |Z|=3271963920  gens=[(0, (3, 2)), (1, ())]
m=5 |Z|=3271901120  gens=[(0, (3, 2)), (1, (2,))]
m=5 |Z|=3264850320  gens=[(0, (4,)), (1, ())]
m=5 |Z|=3264787520  gens=[(0, (4,)), (1, (2,))]
m=5 |Z|=2913912720  gens=[(0, (5,)), (1, ())]
m=5 |Z|=2913849920  gens=[(0, (5,)), (1, (2,))]
m=5 |Z|=2899310720  gens=[(0, (5,)), (1, (3,)), (2, ())]
m=5 |Z|=387162000  gens=[(1, ())]
m=5 |Z|=387099200  gens=[(1, (2,))]
m=5 |Z|=372560000  gens=[(1, (3,)), (2, ())]
m=5 |Z|=7395200  gens=[(2, ())]
m=4 |Z|=40960000  gens=[(0, ())]
m=4 |Z|=40959920  gens=[(0, (2,))]
m=4 |Z|=40934960  gens=[(0, (2, 2)), (1, ())]
m=4 |Z|=40916240  gens=[(0, (3,)), (1, ())]
m=4 |Z|=38070800  gens=[(0, (4,)), (1, ())]
m=4 |Z|=38033040  gens=[(0, (4,)), (1, (2,))]
m=4 |Z|=2977040  gens=[(1, ())]
m=4 |Z|=2939280  gens=[(1, (2,))]
m=4 |Z|=18960  gens=[(2, ())]
m=3 |Z|=512000  gens=[(0, ())]
m=3 |Z|=511920  gens=[(0, (2,))]
m=3 |Z|=493200  gens=[(0, (3,)), (1, ())]
m=3 |Z|=18960  gens=[(1, ())]
m=2 |Z|=6400  gens=[(0, ())]
m=2 |Z|=6320  gens=[(0, (2,))]
m=2 |Z|=80  gens=[(1, ())]
m=1 |Z|=80  gens=[(0, ())]
VIGIA-FIN-OK exit=0 pico_kb=17904 t=1s
