(k,q)=(2,9)  colength R'_2 = 6 ; L' = 24 ; L'+fam = 21 ; fam subset R'_2: true ; R'_2 subset L'+fam: false
   mingens of R'_2 beyond L'+fam, degrees: Tally{2 => 1}
                                                 3 => 1
      2           2
     x  + x x  + x
      1    1 2    2
      3
     x
      2
(k,q)=(2,27)  colength R'_2 = 6 ; L' = 78 ; L'+fam = 75 ; fam subset R'_2: true ; R'_2 subset L'+fam: false
   mingens of R'_2 beyond L'+fam, degrees: Tally{2 => 1}
                                                 3 => 1
      2           2
     x  + x x  + x
      1    1 2    2
      3
     x
      2
(k,q)=(3,9)  colength R'_2 = 380 ; L' = 855 ; L'+fam = 690 ; fam subset R'_2: true ; R'_2 subset L'+fam: false
   mingens of R'_2 beyond L'+fam, degrees: Tally{4 => 1 }
                                                 5 => 1
                                                 10 => 1
      2 2        2    2 2      3      3    2                   2          2        2      3      2 2        2    2 2        2        2    2 2      3      3      3
     x x  + x x x  + x x  + x x  + x x  + x x x  + x x x x  + x x x  - x x x  - x x x  + x x  + x x  + x x x  + x x  - x x x  - x x x  - x x  + x x  + x x  + x x
      1 3    1 2 3    2 3    1 3    2 3    1 3 4    1 2 3 4    2 3 4    1 3 4    2 3 4    3 4    1 4    1 2 4    2 4    1 3 4    2 3 4    3 4    1 4    2 4    3 4
      2 3        3    2 3        3        3    2 3      4      4      4
     x x  + x x x  + x x  + x x x  + x x x  + x x  + x x  + x x  + x x
      1 4    1 2 4    2 4    1 3 4    2 3 4    3 4    1 4    2 4    3 4
EXIT 0 after 1s
