  node m=7 |Z|=190120 P=[(3, ())]
  node m=6 |Z|=86600 P=[(2, ()), (2, (2,)), (3, ())]
  node m=6 |Z|=72800 P=[(2, (2,)), (3, ())]
  node m=6 |Z|=5120 P=[(3, ())]
  node m=5 |Z|=23400 P=[(1, ()), (1, (2,)), (1, (3,)), (2, ())]
  node m=5 |Z|=22880 P=[(1, (2,)), (1, (3,)), (2, ())]
  node m=5 |Z|=14720 P=[(1, (3,)), (2, ())]
  node m=5 |Z|=5120 P=[(2, ())]
  node m=4 |Z|=4096 P=[(0, ()), (0, (2,)), (0, (2, 2)), (0, (3,)), (0, (4,)), (1, ()), (1, (2,)), (2, ())]
  node m=4 |Z|=4088 P=[(0, (2,)), (0, (2, 2)), (0, (3,)), (0, (4,)), (1, ()), (1, (2,)), (2, ())]
  node m=4 |Z|=3752 P=[(0, (3,)), (0, (4,)), (1, ()), (1, (2,)), (2, ())]
  node m=4 |Z|=2600 P=[(0, (4,)), (1, ()), (1, (2,)), (2, ())]
  node m=4 |Z|=2216 P=[(1, ()), (1, (2,)), (2, ())]
  node m=4 |Z|=3896 P=[(0, (2, 2)), (0, (3,)), (0, (4,)), (1, ()), (1, (2,)), (2, ())]
  node m=4 |Z|=1896 P=[(1, (2,)), (2, ())]
  node m=4 |Z|=2280 P=[(0, (4,)), (1, (2,)), (2, ())]
  node m=4 |Z|=168 P=[(2, ())]
  node m=3 |Z|=512 P=[(0, ()), (0, (2,)), (0, (3,)), (1, ())]
  node m=3 |Z|=504 P=[(0, (2,)), (0, (3,)), (1, ())]
  node m=3 |Z|=360 P=[(0, (3,)), (1, ())]
  node m=3 |Z|=168 P=[(1, ())]
  node m=2 |Z|=64 P=[(0, ()), (0, (2,)), (1, ())]
  node m=2 |Z|=56 P=[(0, (2,)), (1, ())]
  node m=2 |Z|=8 P=[(1, ())]
  node m=1 |Z|=8 P=[(0, ())]
  node m=0 |Z|=1 P=[(0, ())]
PEEL k=3 q=9 |Gamma'|=190120 nodes=26 KEY-failures=0 strict-inclusions=0
VIGIA-FIN-OK exit=0 pico_kb=5184 t=0s
