=== (1,1) n=3 : colength 6
      k=1 (a,b,c)={1, 0, 0} : r in {0, 1}
      k=1 (a,b,c)={0, 1, 0} : r in {0, 1}
      k=1 (a,b,c)={0, 0, 1} : r in {0, 1}
      k=1 (a,b,c)={2, 0, 0} : r in {0, 1}
      k=1 (a,b,c)={1, 1, 0} : r in {0, 1}
      k=1 (a,b,c)={1, 0, 1} : r in {0, 1}
      k=1 (a,b,c)={0, 1, 1} : r in {0, 1}
      k=1 (a,b,c)={0, 0, 2} : r in {0, 1}
      k=2 (a,b,c)={1, 0, 0} : r in {0, 1, 2}
      k=2 (a,b,c)={0, 1, 0} : r in {0, 1, 2}
      k=2 (a,b,c)={0, 0, 1} : r in {0, 1, 2}
      k=2 (a,b,c)={0, 2, 0} : r in {0, 1, 2}
      k=2 (a,b,c)={1, 1, 0} : r in {0, 1, 2}
      k=2 (a,b,c)={0, 1, 1} : r in {0, 1, 2}
      k=3 (a,b,c)={0, 0, 0} : r in {1, 2, 3}
      k=3 (a,b,c)={0, 1, 0} : r in {0, 1, 2, 3}
      k=3 (a,b,c)={0, 2, 0} : r in {0, 1, 2, 3}
=== (1,1) n=4 : colength 84
      k=1 (a,b,c)={2, 0, 0} : r in {0, 1}
      k=1 (a,b,c)={1, 1, 0} : r in {0, 1}
      k=1 (a,b,c)={1, 0, 1} : r in {0, 1}
      k=1 (a,b,c)={0, 1, 1} : r in {0, 1}
      k=1 (a,b,c)={0, 0, 2} : r in {0, 1}
      k=2 (a,b,c)={1, 0, 0} : r in {2}
      k=2 (a,b,c)={2, 0, 0} : r in {0, 1, 2}
      k=2 (a,b,c)={0, 2, 0} : r in {0, 1, 2}
      k=2 (a,b,c)={1, 1, 0} : r in {0, 1, 2}
      k=2 (a,b,c)={1, 0, 1} : r in {0, 1, 2}
      k=2 (a,b,c)={0, 1, 1} : r in {0, 1, 2}
      k=2 (a,b,c)={0, 0, 2} : r in {0, 1, 2}
      k=3 (a,b,c)={1, 0, 0} : r in {1, 2, 3}
      k=3 (a,b,c)={0, 1, 0} : r in {2, 3}
      k=3 (a,b,c)={0, 0, 1} : r in {2, 3}
      k=3 (a,b,c)={0, 2, 0} : r in {0, 1, 2, 3}
      k=3 (a,b,c)={1, 1, 0} : r in {0, 1, 2, 3}
      k=3 (a,b,c)={0, 1, 1} : r in {0, 1, 2, 3}
      k=4 (a,b,c)={0, 0, 0} : r in {1, 3, 4}
      k=4 (a,b,c)={0, 1, 0} : r in {1, 2, 3, 4}
      k=4 (a,b,c)={0, 2, 0} : r in {0, 1, 2, 3, 4}
=== (1,1) n=5 : colength 380
      k=1 (a,b,c)={2, 0, 0} : r in {0, 1}
      k=1 (a,b,c)={1, 1, 0} : r in {0, 1}
      k=1 (a,b,c)={1, 0, 1} : r in {0, 1}
      k=1 (a,b,c)={0, 1, 1} : r in {0, 1}
      k=1 (a,b,c)={0, 0, 2} : r in {0, 1}
      k=2 (a,b,c)={2, 0, 0} : r in {0, 1, 2}
      k=2 (a,b,c)={0, 2, 0} : r in {0, 1, 2}
      k=2 (a,b,c)={1, 1, 0} : r in {0, 1, 2}
      k=2 (a,b,c)={1, 0, 1} : r in {0, 1, 2}
      k=2 (a,b,c)={0, 1, 1} : r in {0, 1, 2}
      k=2 (a,b,c)={0, 0, 2} : r in {0, 1, 2}
      k=3 (a,b,c)={1, 0, 0} : r in {3}
      k=3 (a,b,c)={2, 0, 0} : r in {0, 1, 2, 3}
      k=3 (a,b,c)={0, 2, 0} : r in {0, 1, 2, 3}
      k=3 (a,b,c)={1, 1, 0} : r in {0, 1, 2, 3}
      k=3 (a,b,c)={1, 0, 1} : r in {0, 1, 2, 3}
      k=3 (a,b,c)={0, 1, 1} : r in {0, 1, 2, 3}
      k=3 (a,b,c)={0, 0, 2} : r in {0, 1, 2, 3}
      k=4 (a,b,c)={1, 0, 0} : r in {1, 2, 3, 4}
      k=4 (a,b,c)={0, 1, 0} : r in {3, 4}
      k=4 (a,b,c)={0, 0, 1} : r in {2, 3, 4}
      k=4 (a,b,c)={0, 2, 0} : r in {0, 1, 2, 3, 4}
      k=4 (a,b,c)={1, 1, 0} : r in {0, 1, 2, 3, 4}
      k=4 (a,b,c)={0, 1, 1} : r in {0, 1, 2, 3, 4}
      k=5 (a,b,c)={0, 0, 0} : r in {1, 3, 4, 5}
      k=5 (a,b,c)={0, 1, 0} : r in {1, 2, 3, 4, 5}
      k=5 (a,b,c)={0, 2, 0} : r in {0, 1, 2, 3, 4, 5}
=== (1,1,1) n=4 : colength 24
      k=1 (a,b,c)={1, 0, 0} : r in {0, 1}
      k=1 (a,b,c)={0, 1, 0} : r in {0, 1}
      k=1 (a,b,c)={0, 0, 1} : r in {0, 1}
      k=1 (a,b,c)={2, 0, 0} : r in {0, 1}
      k=1 (a,b,c)={1, 1, 0} : r in {0, 1}
      k=1 (a,b,c)={1, 0, 1} : r in {0, 1}
      k=1 (a,b,c)={0, 1, 1} : r in {0, 1}
      k=1 (a,b,c)={0, 0, 2} : r in {0, 1}
      k=2 (a,b,c)={1, 0, 0} : r in {0, 1, 2}
      k=2 (a,b,c)={0, 1, 0} : r in {0, 1, 2}
      k=2 (a,b,c)={0, 0, 1} : r in {0, 1, 2}
      k=2 (a,b,c)={2, 0, 0} : r in {0, 1, 2}
      k=2 (a,b,c)={0, 2, 0} : r in {0, 1, 2}
      k=2 (a,b,c)={1, 1, 0} : r in {0, 1, 2}
      k=2 (a,b,c)={1, 0, 1} : r in {0, 1, 2}
      k=2 (a,b,c)={0, 1, 1} : r in {0, 1, 2}
      k=2 (a,b,c)={0, 0, 2} : r in {0, 1, 2}
      k=3 (a,b,c)={1, 0, 0} : r in {0, 1, 2, 3}
      k=3 (a,b,c)={0, 1, 0} : r in {0, 1, 2, 3}
      k=3 (a,b,c)={0, 0, 1} : r in {0, 1, 2, 3}
      k=3 (a,b,c)={0, 2, 0} : r in {0, 1, 2, 3}
      k=3 (a,b,c)={1, 1, 0} : r in {0, 1, 2, 3}
      k=3 (a,b,c)={0, 1, 1} : r in {0, 1, 2, 3}
      k=4 (a,b,c)={0, 0, 0} : r in {1, 2, 3, 4}
      k=4 (a,b,c)={0, 1, 0} : r in {0, 1, 2, 3, 4}
      k=4 (a,b,c)={0, 2, 0} : r in {0, 1, 2, 3, 4}
=== (1,1,1) n=5 : colength 360
      k=1 (a,b,c)={2, 0, 0} : r in {0, 1}
      k=1 (a,b,c)={1, 1, 0} : r in {0, 1}
      k=1 (a,b,c)={1, 0, 1} : r in {0, 1}
      k=1 (a,b,c)={0, 1, 1} : r in {0, 1}
      k=1 (a,b,c)={0, 0, 2} : r in {0, 1}
      k=2 (a,b,c)={2, 0, 0} : r in {0, 1, 2}
      k=2 (a,b,c)={0, 2, 0} : r in {0, 1, 2}
      k=2 (a,b,c)={1, 1, 0} : r in {0, 1, 2}
      k=2 (a,b,c)={1, 0, 1} : r in {0, 1, 2}
      k=2 (a,b,c)={0, 1, 1} : r in {0, 1, 2}
      k=2 (a,b,c)={0, 0, 2} : r in {0, 1, 2}
      k=3 (a,b,c)={1, 0, 0} : r in {3}
      k=3 (a,b,c)={2, 0, 0} : r in {0, 1, 2, 3}
      k=3 (a,b,c)={0, 2, 0} : r in {0, 1, 2, 3}
      k=3 (a,b,c)={1, 1, 0} : r in {0, 1, 2, 3}
      k=3 (a,b,c)={1, 0, 1} : r in {0, 1, 2, 3}
      k=3 (a,b,c)={0, 1, 1} : r in {0, 1, 2, 3}
      k=3 (a,b,c)={0, 0, 2} : r in {0, 1, 2, 3}
      k=4 (a,b,c)={1, 0, 0} : r in {1, 2, 3, 4}
      k=4 (a,b,c)={0, 1, 0} : r in {3, 4}
      k=4 (a,b,c)={0, 0, 1} : r in {2, 3, 4}
      k=4 (a,b,c)={0, 2, 0} : r in {0, 1, 2, 3, 4}
      k=4 (a,b,c)={1, 1, 0} : r in {0, 1, 2, 3, 4}
      k=4 (a,b,c)={0, 1, 1} : r in {0, 1, 2, 3, 4}
      k=5 (a,b,c)={0, 0, 0} : r in {1, 3, 4, 5}
      k=5 (a,b,c)={0, 1, 0} : r in {1, 2, 3, 4, 5}
      k=5 (a,b,c)={0, 2, 0} : r in {0, 1, 2, 3, 4, 5}
=== (2,1) n=4 : colength 12
      k=1 (a,b,c)={1, 0, 0} : r in {0, 1}
      k=1 (a,b,c)={0, 1, 0} : r in {0, 1}
      k=1 (a,b,c)={0, 0, 1} : r in {0, 1}
      k=1 (a,b,c)={2, 0, 0} : r in {0, 1}
      k=1 (a,b,c)={1, 1, 0} : r in {0, 1}
      k=1 (a,b,c)={1, 0, 1} : r in {0, 1}
      k=1 (a,b,c)={0, 1, 1} : r in {0, 1}
      k=1 (a,b,c)={0, 0, 2} : r in {0, 1}
      k=2 (a,b,c)={1, 0, 0} : r in {0, 1, 2}
      k=2 (a,b,c)={0, 1, 0} : r in {0, 1, 2}
      k=2 (a,b,c)={0, 0, 1} : r in {0, 1, 2}
      k=2 (a,b,c)={2, 0, 0} : r in {0, 1, 2}
      k=2 (a,b,c)={0, 2, 0} : r in {0, 1, 2}
      k=2 (a,b,c)={1, 1, 0} : r in {0, 1, 2}
      k=2 (a,b,c)={1, 0, 1} : r in {0, 1, 2}
      k=2 (a,b,c)={0, 1, 1} : r in {0, 1, 2}
      k=2 (a,b,c)={0, 0, 2} : r in {0, 1, 2}
      k=3 (a,b,c)={0, 0, 0} : r in {3}
      k=3 (a,b,c)={1, 0, 0} : r in {0, 1, 2, 3}
      k=3 (a,b,c)={0, 1, 0} : r in {0, 1, 2, 3}
      k=3 (a,b,c)={0, 0, 1} : r in {0, 1, 2, 3}
      k=3 (a,b,c)={0, 2, 0} : r in {0, 1, 2, 3}
      k=3 (a,b,c)={1, 1, 0} : r in {0, 1, 2, 3}
      k=3 (a,b,c)={0, 1, 1} : r in {0, 1, 2, 3}
      k=4 (a,b,c)={0, 0, 0} : r in {1, 2, 3, 4}
      k=4 (a,b,c)={0, 1, 0} : r in {0, 1, 2, 3, 4}
      k=4 (a,b,c)={0, 2, 0} : r in {0, 1, 2, 3, 4}
=== (2,1) n=5 : colength 200
      k=1 (a,b,c)={2, 0, 0} : r in {0, 1}
      k=1 (a,b,c)={1, 1, 0} : r in {0, 1}
      k=1 (a,b,c)={1, 0, 1} : r in {0, 1}
      k=1 (a,b,c)={0, 1, 1} : r in {0, 1}
      k=1 (a,b,c)={0, 0, 2} : r in {0, 1}
      k=2 (a,b,c)={1, 0, 0} : r in {2}
      k=2 (a,b,c)={2, 0, 0} : r in {0, 1, 2}
      k=2 (a,b,c)={0, 2, 0} : r in {0, 1, 2}
      k=2 (a,b,c)={1, 1, 0} : r in {0, 1, 2}
      k=2 (a,b,c)={1, 0, 1} : r in {0, 1, 2}
      k=2 (a,b,c)={0, 1, 1} : r in {0, 1, 2}
      k=2 (a,b,c)={0, 0, 2} : r in {0, 1, 2}
      k=3 (a,b,c)={1, 0, 0} : r in {2, 3}
      k=3 (a,b,c)={0, 1, 0} : r in {3}
      k=3 (a,b,c)={0, 0, 1} : r in {3}
      k=3 (a,b,c)={2, 0, 0} : r in {0, 1, 2, 3}
      k=3 (a,b,c)={0, 2, 0} : r in {0, 1, 2, 3}
      k=3 (a,b,c)={1, 1, 0} : r in {0, 1, 2, 3}
      k=3 (a,b,c)={1, 0, 1} : r in {0, 1, 2, 3}
      k=3 (a,b,c)={0, 1, 1} : r in {0, 1, 2, 3}
      k=3 (a,b,c)={0, 0, 2} : r in {0, 1, 2, 3}
      k=4 (a,b,c)={0, 0, 0} : r in {4}
      k=4 (a,b,c)={1, 0, 0} : r in {1, 2, 3, 4}
      k=4 (a,b,c)={0, 1, 0} : r in {2, 3, 4}
      k=4 (a,b,c)={0, 0, 1} : r in {2, 3, 4}
      k=4 (a,b,c)={0, 2, 0} : r in {0, 1, 2, 3, 4}
      k=4 (a,b,c)={1, 1, 0} : r in {0, 1, 2, 3, 4}
      k=4 (a,b,c)={0, 1, 1} : r in {0, 1, 2, 3, 4}
      k=5 (a,b,c)={0, 0, 0} : r in {1, 3, 4, 5}
      k=5 (a,b,c)={0, 1, 0} : r in {1, 2, 3, 4, 5}
      k=5 (a,b,c)={0, 2, 0} : r in {0, 1, 2, 3, 4, 5}
=== (2,1,1) n=5 : colength 60
      k=1 (a,b,c)={1, 0, 0} : r in {0, 1}
      k=1 (a,b,c)={0, 1, 0} : r in {0, 1}
      k=1 (a,b,c)={0, 0, 1} : r in {0, 1}
      k=1 (a,b,c)={2, 0, 0} : r in {0, 1}
      k=1 (a,b,c)={1, 1, 0} : r in {0, 1}
      k=1 (a,b,c)={1, 0, 1} : r in {0, 1}
      k=1 (a,b,c)={0, 1, 1} : r in {0, 1}
      k=1 (a,b,c)={0, 0, 2} : r in {0, 1}
      k=2 (a,b,c)={1, 0, 0} : r in {0, 1, 2}
      k=2 (a,b,c)={0, 1, 0} : r in {0, 1, 2}
      k=2 (a,b,c)={0, 0, 1} : r in {0, 1, 2}
      k=2 (a,b,c)={2, 0, 0} : r in {0, 1, 2}
      k=2 (a,b,c)={0, 2, 0} : r in {0, 1, 2}
      k=2 (a,b,c)={1, 1, 0} : r in {0, 1, 2}
      k=2 (a,b,c)={1, 0, 1} : r in {0, 1, 2}
      k=2 (a,b,c)={0, 1, 1} : r in {0, 1, 2}
      k=2 (a,b,c)={0, 0, 2} : r in {0, 1, 2}
      k=3 (a,b,c)={1, 0, 0} : r in {0, 1, 2, 3}
      k=3 (a,b,c)={0, 1, 0} : r in {0, 1, 2, 3}
      k=3 (a,b,c)={0, 0, 1} : r in {0, 1, 2, 3}
      k=3 (a,b,c)={2, 0, 0} : r in {0, 1, 2, 3}
      k=3 (a,b,c)={0, 2, 0} : r in {0, 1, 2, 3}
      k=3 (a,b,c)={1, 1, 0} : r in {0, 1, 2, 3}
      k=3 (a,b,c)={1, 0, 1} : r in {0, 1, 2, 3}
      k=3 (a,b,c)={0, 1, 1} : r in {0, 1, 2, 3}
      k=3 (a,b,c)={0, 0, 2} : r in {0, 1, 2, 3}
      k=4 (a,b,c)={0, 0, 0} : r in {4}
      k=4 (a,b,c)={1, 0, 0} : r in {0, 1, 2, 3, 4}
      k=4 (a,b,c)={0, 1, 0} : r in {0, 1, 2, 3, 4}
      k=4 (a,b,c)={0, 0, 1} : r in {0, 1, 2, 3, 4}
      k=4 (a,b,c)={0, 2, 0} : r in {0, 1, 2, 3, 4}
      k=4 (a,b,c)={1, 1, 0} : r in {0, 1, 2, 3, 4}
      k=4 (a,b,c)={0, 1, 1} : r in {0, 1, 2, 3, 4}
      k=5 (a,b,c)={0, 0, 0} : r in {1, 2, 3, 4, 5}
      k=5 (a,b,c)={0, 1, 0} : r in {0, 1, 2, 3, 4, 5}
      k=5 (a,b,c)={0, 2, 0} : r in {0, 1, 2, 3, 4, 5}
=== (2,2) n=4 : colength 6
      k=1 (a,b,c)={1, 0, 0} : r in {0, 1}
      k=1 (a,b,c)={0, 1, 0} : r in {0, 1}
      k=1 (a,b,c)={0, 0, 1} : r in {0, 1}
      k=1 (a,b,c)={2, 0, 0} : r in {0, 1}
      k=1 (a,b,c)={1, 1, 0} : r in {0, 1}
      k=1 (a,b,c)={1, 0, 1} : r in {0, 1}
      k=1 (a,b,c)={0, 1, 1} : r in {0, 1}
      k=1 (a,b,c)={0, 0, 2} : r in {0, 1}
      k=2 (a,b,c)={1, 0, 0} : r in {0, 1, 2}
      k=2 (a,b,c)={0, 1, 0} : r in {0, 1, 2}
      k=2 (a,b,c)={0, 0, 1} : r in {0, 1, 2}
      k=2 (a,b,c)={2, 0, 0} : r in {0, 1, 2}
      k=2 (a,b,c)={0, 2, 0} : r in {0, 1, 2}
      k=2 (a,b,c)={1, 1, 0} : r in {0, 1, 2}
      k=2 (a,b,c)={1, 0, 1} : r in {0, 1, 2}
      k=2 (a,b,c)={0, 1, 1} : r in {0, 1, 2}
      k=2 (a,b,c)={0, 0, 2} : r in {0, 1, 2}
      k=3 (a,b,c)={0, 0, 0} : r in {2, 3}
      k=3 (a,b,c)={1, 0, 0} : r in {0, 1, 2, 3}
      k=3 (a,b,c)={0, 1, 0} : r in {0, 1, 2, 3}
      k=3 (a,b,c)={0, 0, 1} : r in {0, 1, 2, 3}
      k=3 (a,b,c)={0, 2, 0} : r in {0, 1, 2, 3}
      k=3 (a,b,c)={1, 1, 0} : r in {0, 1, 2, 3}
      k=3 (a,b,c)={0, 1, 1} : r in {0, 1, 2, 3}
      k=4 (a,b,c)={0, 0, 0} : r in {1, 2, 3, 4}
      k=4 (a,b,c)={0, 1, 0} : r in {0, 1, 2, 3, 4}
      k=4 (a,b,c)={0, 2, 0} : r in {0, 1, 2, 3, 4}
=== (2,2) n=5 : colength 30
      k=1 (a,b,c)={1, 0, 0} : r in {0, 1}
      k=1 (a,b,c)={0, 1, 0} : r in {0, 1}
      k=1 (a,b,c)={0, 0, 1} : r in {0, 1}
      k=1 (a,b,c)={2, 0, 0} : r in {0, 1}
      k=1 (a,b,c)={1, 1, 0} : r in {0, 1}
      k=1 (a,b,c)={1, 0, 1} : r in {0, 1}
      k=1 (a,b,c)={0, 1, 1} : r in {0, 1}
      k=1 (a,b,c)={0, 0, 2} : r in {0, 1}
      k=2 (a,b,c)={1, 0, 0} : r in {0, 1, 2}
      k=2 (a,b,c)={0, 1, 0} : r in {0, 1, 2}
      k=2 (a,b,c)={0, 0, 1} : r in {0, 1, 2}
      k=2 (a,b,c)={2, 0, 0} : r in {0, 1, 2}
      k=2 (a,b,c)={0, 2, 0} : r in {0, 1, 2}
      k=2 (a,b,c)={1, 1, 0} : r in {0, 1, 2}
      k=2 (a,b,c)={1, 0, 1} : r in {0, 1, 2}
      k=2 (a,b,c)={0, 1, 1} : r in {0, 1, 2}
      k=2 (a,b,c)={0, 0, 2} : r in {0, 1, 2}
      k=3 (a,b,c)={1, 0, 0} : r in {0, 1, 2, 3}
      k=3 (a,b,c)={0, 1, 0} : r in {0, 1, 2, 3}
      k=3 (a,b,c)={0, 0, 1} : r in {0, 1, 2, 3}
      k=3 (a,b,c)={2, 0, 0} : r in {0, 1, 2, 3}
      k=3 (a,b,c)={0, 2, 0} : r in {0, 1, 2, 3}
      k=3 (a,b,c)={1, 1, 0} : r in {0, 1, 2, 3}
      k=3 (a,b,c)={1, 0, 1} : r in {0, 1, 2, 3}
      k=3 (a,b,c)={0, 1, 1} : r in {0, 1, 2, 3}
      k=3 (a,b,c)={0, 0, 2} : r in {0, 1, 2, 3}
      k=4 (a,b,c)={0, 0, 0} : r in {3, 4}
      k=4 (a,b,c)={1, 0, 0} : r in {0, 1, 2, 3, 4}
      k=4 (a,b,c)={0, 1, 0} : r in {0, 1, 2, 3, 4}
      k=4 (a,b,c)={0, 0, 1} : r in {0, 1, 2, 3, 4}
      k=4 (a,b,c)={0, 2, 0} : r in {0, 1, 2, 3, 4}
      k=4 (a,b,c)={1, 1, 0} : r in {0, 1, 2, 3, 4}
      k=4 (a,b,c)={0, 1, 1} : r in {0, 1, 2, 3, 4}
      k=5 (a,b,c)={0, 0, 0} : r in {1, 2, 3, 4, 5}
      k=5 (a,b,c)={0, 1, 0} : r in {0, 1, 2, 3, 4, 5}
      k=5 (a,b,c)={0, 2, 0} : r in {0, 1, 2, 3, 4, 5}
=== (3,2) n=5 : colength 10
      k=1 (a,b,c)={1, 0, 0} : r in {0, 1}
      k=1 (a,b,c)={0, 1, 0} : r in {0, 1}
      k=1 (a,b,c)={0, 0, 1} : r in {0, 1}
      k=1 (a,b,c)={2, 0, 0} : r in {0, 1}
      k=1 (a,b,c)={1, 1, 0} : r in {0, 1}
      k=1 (a,b,c)={1, 0, 1} : r in {0, 1}
      k=1 (a,b,c)={0, 1, 1} : r in {0, 1}
      k=1 (a,b,c)={0, 0, 2} : r in {0, 1}
      k=2 (a,b,c)={1, 0, 0} : r in {0, 1, 2}
      k=2 (a,b,c)={0, 1, 0} : r in {0, 1, 2}
      k=2 (a,b,c)={0, 0, 1} : r in {0, 1, 2}
      k=2 (a,b,c)={2, 0, 0} : r in {0, 1, 2}
      k=2 (a,b,c)={0, 2, 0} : r in {0, 1, 2}
      k=2 (a,b,c)={1, 1, 0} : r in {0, 1, 2}
      k=2 (a,b,c)={1, 0, 1} : r in {0, 1, 2}
      k=2 (a,b,c)={0, 1, 1} : r in {0, 1, 2}
      k=2 (a,b,c)={0, 0, 2} : r in {0, 1, 2}
      k=3 (a,b,c)={0, 0, 0} : r in {3}
      k=3 (a,b,c)={1, 0, 0} : r in {0, 1, 2, 3}
      k=3 (a,b,c)={0, 1, 0} : r in {0, 1, 2, 3}
      k=3 (a,b,c)={0, 0, 1} : r in {0, 1, 2, 3}
      k=3 (a,b,c)={2, 0, 0} : r in {0, 1, 2, 3}
      k=3 (a,b,c)={0, 2, 0} : r in {0, 1, 2, 3}
      k=3 (a,b,c)={1, 1, 0} : r in {0, 1, 2, 3}
      k=3 (a,b,c)={1, 0, 1} : r in {0, 1, 2, 3}
      k=3 (a,b,c)={0, 1, 1} : r in {0, 1, 2, 3}
      k=3 (a,b,c)={0, 0, 2} : r in {0, 1, 2, 3}
      k=4 (a,b,c)={0, 0, 0} : r in {2, 3, 4}
      k=4 (a,b,c)={1, 0, 0} : r in {0, 1, 2, 3, 4}
      k=4 (a,b,c)={0, 1, 0} : r in {0, 1, 2, 3, 4}
      k=4 (a,b,c)={0, 0, 1} : r in {0, 1, 2, 3, 4}
      k=4 (a,b,c)={0, 2, 0} : r in {0, 1, 2, 3, 4}
      k=4 (a,b,c)={1, 1, 0} : r in {0, 1, 2, 3, 4}
      k=4 (a,b,c)={0, 1, 1} : r in {0, 1, 2, 3, 4}
      k=5 (a,b,c)={0, 0, 0} : r in {1, 2, 3, 4, 5}
      k=5 (a,b,c)={0, 1, 0} : r in {0, 1, 2, 3, 4, 5}
      k=5 (a,b,c)={0, 2, 0} : r in {0, 1, 2, 3, 4, 5}
=== (3,1) n=5 : colength 20
      k=1 (a,b,c)={1, 0, 0} : r in {0, 1}
      k=1 (a,b,c)={0, 1, 0} : r in {0, 1}
      k=1 (a,b,c)={0, 0, 1} : r in {0, 1}
      k=1 (a,b,c)={2, 0, 0} : r in {0, 1}
      k=1 (a,b,c)={1, 1, 0} : r in {0, 1}
      k=1 (a,b,c)={1, 0, 1} : r in {0, 1}
      k=1 (a,b,c)={0, 1, 1} : r in {0, 1}
      k=1 (a,b,c)={0, 0, 2} : r in {0, 1}
      k=2 (a,b,c)={1, 0, 0} : r in {0, 1, 2}
      k=2 (a,b,c)={0, 1, 0} : r in {0, 1, 2}
      k=2 (a,b,c)={0, 0, 1} : r in {0, 1, 2}
      k=2 (a,b,c)={2, 0, 0} : r in {0, 1, 2}
      k=2 (a,b,c)={0, 2, 0} : r in {0, 1, 2}
      k=2 (a,b,c)={1, 1, 0} : r in {0, 1, 2}
      k=2 (a,b,c)={1, 0, 1} : r in {0, 1, 2}
      k=2 (a,b,c)={0, 1, 1} : r in {0, 1, 2}
      k=2 (a,b,c)={0, 0, 2} : r in {0, 1, 2}
      k=3 (a,b,c)={0, 0, 0} : r in {3}
      k=3 (a,b,c)={1, 0, 0} : r in {0, 1, 2, 3}
      k=3 (a,b,c)={0, 1, 0} : r in {0, 1, 2, 3}
      k=3 (a,b,c)={0, 0, 1} : r in {0, 1, 2, 3}
      k=3 (a,b,c)={2, 0, 0} : r in {0, 1, 2, 3}
      k=3 (a,b,c)={0, 2, 0} : r in {0, 1, 2, 3}
      k=3 (a,b,c)={1, 1, 0} : r in {0, 1, 2, 3}
      k=3 (a,b,c)={1, 0, 1} : r in {0, 1, 2, 3}
      k=3 (a,b,c)={0, 1, 1} : r in {0, 1, 2, 3}
      k=3 (a,b,c)={0, 0, 2} : r in {0, 1, 2, 3}
      k=4 (a,b,c)={0, 0, 0} : r in {3, 4}
      k=4 (a,b,c)={1, 0, 0} : r in {0, 1, 2, 3, 4}
      k=4 (a,b,c)={0, 1, 0} : r in {0, 1, 2, 3, 4}
      k=4 (a,b,c)={0, 0, 1} : r in {0, 1, 2, 3, 4}
      k=4 (a,b,c)={0, 2, 0} : r in {0, 1, 2, 3, 4}
      k=4 (a,b,c)={1, 1, 0} : r in {0, 1, 2, 3, 4}
      k=4 (a,b,c)={0, 1, 1} : r in {0, 1, 2, 3, 4}
      k=5 (a,b,c)={0, 0, 0} : r in {1, 2, 3, 4, 5}
      k=5 (a,b,c)={0, 1, 0} : r in {0, 1, 2, 3, 4, 5}
      k=5 (a,b,c)={0, 2, 0} : r in {0, 1, 2, 3, 4, 5}
=== (4,1) n=5 : colength 5
      k=1 (a,b,c)={1, 0, 0} : r in {0, 1}
      k=1 (a,b,c)={0, 1, 0} : r in {0, 1}
      k=1 (a,b,c)={0, 0, 1} : r in {0, 1}
      k=1 (a,b,c)={2, 0, 0} : r in {0, 1}
      k=1 (a,b,c)={1, 1, 0} : r in {0, 1}
      k=1 (a,b,c)={1, 0, 1} : r in {0, 1}
      k=1 (a,b,c)={0, 1, 1} : r in {0, 1}
      k=1 (a,b,c)={0, 0, 2} : r in {0, 1}
      k=2 (a,b,c)={0, 0, 0} : r in {2}
      k=2 (a,b,c)={1, 0, 0} : r in {0, 1, 2}
      k=2 (a,b,c)={0, 1, 0} : r in {0, 1, 2}
      k=2 (a,b,c)={0, 0, 1} : r in {0, 1, 2}
      k=2 (a,b,c)={2, 0, 0} : r in {0, 1, 2}
      k=2 (a,b,c)={0, 2, 0} : r in {0, 1, 2}
      k=2 (a,b,c)={1, 1, 0} : r in {0, 1, 2}
      k=2 (a,b,c)={1, 0, 1} : r in {0, 1, 2}
      k=2 (a,b,c)={0, 1, 1} : r in {0, 1, 2}
      k=2 (a,b,c)={0, 0, 2} : r in {0, 1, 2}
      k=3 (a,b,c)={0, 0, 0} : r in {2, 3}
      k=3 (a,b,c)={1, 0, 0} : r in {0, 1, 2, 3}
      k=3 (a,b,c)={0, 1, 0} : r in {0, 1, 2, 3}
      k=3 (a,b,c)={0, 0, 1} : r in {0, 1, 2, 3}
      k=3 (a,b,c)={2, 0, 0} : r in {0, 1, 2, 3}
      k=3 (a,b,c)={0, 2, 0} : r in {0, 1, 2, 3}
      k=3 (a,b,c)={1, 1, 0} : r in {0, 1, 2, 3}
      k=3 (a,b,c)={1, 0, 1} : r in {0, 1, 2, 3}
      k=3 (a,b,c)={0, 1, 1} : r in {0, 1, 2, 3}
      k=3 (a,b,c)={0, 0, 2} : r in {0, 1, 2, 3}
      k=4 (a,b,c)={0, 0, 0} : r in {2, 3, 4}
      k=4 (a,b,c)={1, 0, 0} : r in {0, 1, 2, 3, 4}
      k=4 (a,b,c)={0, 1, 0} : r in {0, 1, 2, 3, 4}
      k=4 (a,b,c)={0, 0, 1} : r in {0, 1, 2, 3, 4}
      k=4 (a,b,c)={0, 2, 0} : r in {0, 1, 2, 3, 4}
      k=4 (a,b,c)={1, 1, 0} : r in {0, 1, 2, 3, 4}
      k=4 (a,b,c)={0, 1, 1} : r in {0, 1, 2, 3, 4}
      k=5 (a,b,c)={0, 0, 0} : r in {1, 2, 3, 4, 5}
      k=5 (a,b,c)={0, 1, 0} : r in {0, 1, 2, 3, 4, 5}
      k=5 (a,b,c)={0, 2, 0} : r in {0, 1, 2, 3, 4, 5}
=== (1) n=5 : colength 855
      k=1 (a,b,c)={2, 0, 0} : r in {1}
      k=2 (a,b,c)={2, 0, 0} : r in {1, 2}
      k=2 (a,b,c)={1, 1, 0} : r in {2}
      k=2 (a,b,c)={1, 0, 1} : r in {2}
      k=3 (a,b,c)={1, 0, 0} : r in {3}
      k=3 (a,b,c)={2, 0, 0} : r in {1, 2, 3}
      k=3 (a,b,c)={0, 2, 0} : r in {3}
      k=3 (a,b,c)={1, 1, 0} : r in {2, 3}
      k=3 (a,b,c)={1, 0, 1} : r in {2, 3}
      k=3 (a,b,c)={0, 1, 1} : r in {3}
      k=3 (a,b,c)={0, 0, 2} : r in {3}
      k=4 (a,b,c)={1, 0, 0} : r in {1, 3, 4}
      k=4 (a,b,c)={0, 1, 0} : r in {4}
      k=4 (a,b,c)={0, 0, 1} : r in {4}
      k=4 (a,b,c)={0, 2, 0} : r in {2, 3, 4}
      k=4 (a,b,c)={1, 1, 0} : r in {1, 2, 3, 4}
      k=4 (a,b,c)={0, 1, 1} : r in {2, 3, 4}
      k=5 (a,b,c)={0, 0, 0} : r in {1, 3, 5}
      k=5 (a,b,c)={0, 1, 0} : r in {1, 3, 4, 5}
      k=5 (a,b,c)={0, 2, 0} : r in {1, 2, 3, 4, 5}
=== (2) n=5 : colength 210
      k=1 (a,b,c)={2, 0, 0} : r in {0, 1}
      k=1 (a,b,c)={1, 1, 0} : r in {0, 1}
      k=1 (a,b,c)={1, 0, 1} : r in {0, 1}
      k=1 (a,b,c)={0, 1, 1} : r in {0, 1}
      k=1 (a,b,c)={0, 0, 2} : r in {0, 1}
      k=2 (a,b,c)={1, 0, 0} : r in {2}
      k=2 (a,b,c)={2, 0, 0} : r in {0, 1, 2}
      k=2 (a,b,c)={0, 2, 0} : r in {0, 1, 2}
      k=2 (a,b,c)={1, 1, 0} : r in {0, 1, 2}
      k=2 (a,b,c)={1, 0, 1} : r in {0, 1, 2}
      k=2 (a,b,c)={0, 1, 1} : r in {0, 1, 2}
      k=2 (a,b,c)={0, 0, 2} : r in {0, 1, 2}
      k=3 (a,b,c)={1, 0, 0} : r in {2, 3}
      k=3 (a,b,c)={0, 1, 0} : r in {3}
      k=3 (a,b,c)={0, 0, 1} : r in {3}
      k=3 (a,b,c)={2, 0, 0} : r in {0, 1, 2, 3}
      k=3 (a,b,c)={0, 2, 0} : r in {0, 1, 2, 3}
      k=3 (a,b,c)={1, 1, 0} : r in {0, 1, 2, 3}
      k=3 (a,b,c)={1, 0, 1} : r in {0, 1, 2, 3}
      k=3 (a,b,c)={0, 1, 1} : r in {0, 1, 2, 3}
      k=3 (a,b,c)={0, 0, 2} : r in {0, 1, 2, 3}
      k=4 (a,b,c)={0, 0, 0} : r in {4}
      k=4 (a,b,c)={1, 0, 0} : r in {1, 2, 3, 4}
      k=4 (a,b,c)={0, 1, 0} : r in {3, 4}
      k=4 (a,b,c)={0, 0, 1} : r in {2, 3, 4}
      k=4 (a,b,c)={0, 2, 0} : r in {0, 1, 2, 3, 4}
      k=4 (a,b,c)={1, 1, 0} : r in {0, 1, 2, 3, 4}
      k=4 (a,b,c)={0, 1, 1} : r in {0, 1, 2, 3, 4}
      k=5 (a,b,c)={0, 0, 0} : r in {1, 3, 4, 5}
      k=5 (a,b,c)={0, 1, 0} : r in {1, 2, 3, 4, 5}
      k=5 (a,b,c)={0, 2, 0} : r in {0, 1, 2, 3, 4, 5}
=== (3) n=5 : colength 75
      k=1 (a,b,c)={1, 0, 0} : r in {1}
      k=1 (a,b,c)={2, 0, 0} : r in {0, 1}
      k=1 (a,b,c)={1, 1, 0} : r in {0, 1}
      k=1 (a,b,c)={1, 0, 1} : r in {0, 1}
      k=1 (a,b,c)={0, 1, 1} : r in {0, 1}
      k=1 (a,b,c)={0, 0, 2} : r in {0, 1}
      k=2 (a,b,c)={1, 0, 0} : r in {1, 2}
      k=2 (a,b,c)={0, 1, 0} : r in {2}
      k=2 (a,b,c)={0, 0, 1} : r in {2}
      k=2 (a,b,c)={2, 0, 0} : r in {0, 1, 2}
      k=2 (a,b,c)={0, 2, 0} : r in {0, 1, 2}
      k=2 (a,b,c)={1, 1, 0} : r in {0, 1, 2}
      k=2 (a,b,c)={1, 0, 1} : r in {0, 1, 2}
      k=2 (a,b,c)={0, 1, 1} : r in {0, 1, 2}
      k=2 (a,b,c)={0, 0, 2} : r in {0, 1, 2}
      k=3 (a,b,c)={0, 0, 0} : r in {3}
      k=3 (a,b,c)={1, 0, 0} : r in {1, 2, 3}
      k=3 (a,b,c)={0, 1, 0} : r in {2, 3}
      k=3 (a,b,c)={0, 0, 1} : r in {2, 3}
      k=3 (a,b,c)={2, 0, 0} : r in {0, 1, 2, 3}
      k=3 (a,b,c)={0, 2, 0} : r in {0, 1, 2, 3}
      k=3 (a,b,c)={1, 1, 0} : r in {0, 1, 2, 3}
      k=3 (a,b,c)={1, 0, 1} : r in {0, 1, 2, 3}
      k=3 (a,b,c)={0, 1, 1} : r in {0, 1, 2, 3}
      k=3 (a,b,c)={0, 0, 2} : r in {0, 1, 2, 3}
      k=4 (a,b,c)={0, 0, 0} : r in {3, 4}
      k=4 (a,b,c)={1, 0, 0} : r in {1, 2, 3, 4}
      k=4 (a,b,c)={0, 1, 0} : r in {2, 3, 4}
      k=4 (a,b,c)={0, 0, 1} : r in {2, 3, 4}
      k=4 (a,b,c)={0, 2, 0} : r in {0, 1, 2, 3, 4}
      k=4 (a,b,c)={1, 1, 0} : r in {0, 1, 2, 3, 4}
      k=4 (a,b,c)={0, 1, 1} : r in {0, 1, 2, 3, 4}
      k=5 (a,b,c)={0, 0, 0} : r in {1, 3, 4, 5}
      k=5 (a,b,c)={0, 1, 0} : r in {1, 2, 3, 4, 5}
      k=5 (a,b,c)={0, 2, 0} : r in {0, 1, 2, 3, 4, 5}
=== (1) n=4 : colength 88
      k=1 (a,b,c)={2, 0, 0} : r in {0, 1}
      k=1 (a,b,c)={1, 1, 0} : r in {0, 1}
      k=1 (a,b,c)={1, 0, 1} : r in {0, 1}
      k=1 (a,b,c)={0, 1, 1} : r in {0, 1}
      k=1 (a,b,c)={0, 0, 2} : r in {0, 1}
      k=2 (a,b,c)={1, 0, 0} : r in {2}
      k=2 (a,b,c)={2, 0, 0} : r in {0, 1, 2}
      k=2 (a,b,c)={0, 2, 0} : r in {0, 1, 2}
      k=2 (a,b,c)={1, 1, 0} : r in {0, 1, 2}
      k=2 (a,b,c)={1, 0, 1} : r in {0, 1, 2}
      k=2 (a,b,c)={0, 1, 1} : r in {0, 1, 2}
      k=2 (a,b,c)={0, 0, 2} : r in {0, 1, 2}
      k=3 (a,b,c)={1, 0, 0} : r in {1, 2, 3}
      k=3 (a,b,c)={0, 1, 0} : r in {3}
      k=3 (a,b,c)={0, 0, 1} : r in {2, 3}
      k=3 (a,b,c)={0, 2, 0} : r in {0, 1, 2, 3}
      k=3 (a,b,c)={1, 1, 0} : r in {0, 1, 2, 3}
      k=3 (a,b,c)={0, 1, 1} : r in {0, 1, 2, 3}
      k=4 (a,b,c)={0, 0, 0} : r in {1, 3, 4}
      k=4 (a,b,c)={0, 1, 0} : r in {1, 2, 3, 4}
      k=4 (a,b,c)={0, 2, 0} : r in {0, 1, 2, 3, 4}
=== (2) n=4 : colength 46
      k=1 (a,b,c)={1, 0, 0} : r in {1}
      k=1 (a,b,c)={2, 0, 0} : r in {0, 1}
      k=1 (a,b,c)={1, 1, 0} : r in {0, 1}
      k=1 (a,b,c)={1, 0, 1} : r in {0, 1}
      k=1 (a,b,c)={0, 1, 1} : r in {0, 1}
      k=1 (a,b,c)={0, 0, 2} : r in {0, 1}
      k=2 (a,b,c)={1, 0, 0} : r in {1, 2}
      k=2 (a,b,c)={0, 1, 0} : r in {2}
      k=2 (a,b,c)={0, 0, 1} : r in {2}
      k=2 (a,b,c)={2, 0, 0} : r in {0, 1, 2}
      k=2 (a,b,c)={0, 2, 0} : r in {0, 1, 2}
      k=2 (a,b,c)={1, 1, 0} : r in {0, 1, 2}
      k=2 (a,b,c)={1, 0, 1} : r in {0, 1, 2}
      k=2 (a,b,c)={0, 1, 1} : r in {0, 1, 2}
      k=2 (a,b,c)={0, 0, 2} : r in {0, 1, 2}
      k=3 (a,b,c)={0, 0, 0} : r in {3}
      k=3 (a,b,c)={1, 0, 0} : r in {1, 2, 3}
      k=3 (a,b,c)={0, 1, 0} : r in {2, 3}
      k=3 (a,b,c)={0, 0, 1} : r in {2, 3}
      k=3 (a,b,c)={0, 2, 0} : r in {0, 1, 2, 3}
      k=3 (a,b,c)={1, 1, 0} : r in {0, 1, 2, 3}
      k=3 (a,b,c)={0, 1, 1} : r in {0, 1, 2, 3}
      k=4 (a,b,c)={0, 0, 0} : r in {1, 3, 4}
      k=4 (a,b,c)={0, 1, 0} : r in {1, 2, 3, 4}
      k=4 (a,b,c)={0, 2, 0} : r in {0, 1, 2, 3, 4}
FIN-OK
EXIT 0 after 10s
