q=9 parent {1, 1} n+1=3 -> child {1} n=2 : child in pi(K_parent)? true (0 missing gens)
q=9 parent {1, 1} n+1=4 -> child {1} n=3 : child in pi(K_parent)? true (0 missing gens)
q=9 parent {1, 1} n+1=5 -> child {1} n=4 : child in pi(K_parent)? true (0 missing gens)
q=9 parent {1, 1} n+1=6 -> child {1} n=5 : child in pi(K_parent)? true (0 missing gens)
q=9 parent {2, 1} n+1=4 -> child {1, 1} n=3 : child in pi(K_parent)? true (0 missing gens)
q=9 parent {2, 1} n+1=5 -> child {1, 1} n=4 : child in pi(K_parent)? true (0 missing gens)
q=9 parent {2, 1} n+1=6 -> child {1, 1} n=5 : child in pi(K_parent)? true (0 missing gens)
q=9 parent {3, 1} n+1=5 -> child {2, 1} n=4 : child in pi(K_parent)? true (0 missing gens)
q=9 parent {3, 1} n+1=6 -> child {2, 1} n=5 : child in pi(K_parent)? true (0 missing gens)
q=9 parent {2, 2} n+1=5 -> child {2, 1} n=4 : child in pi(K_parent)? true (0 missing gens)
q=9 parent {2, 2} n+1=6 -> child {2, 1} n=5 : child in pi(K_parent)? true (0 missing gens)
q=9 parent {1, 1, 1} n+1=4 -> child {1, 1} n=3 : child in pi(K_parent)? true (0 missing gens)
q=9 parent {1, 1, 1} n+1=5 -> child {1, 1} n=4 : child in pi(K_parent)? true (0 missing gens)
q=9 parent {1, 1, 1} n+1=6 -> child {1, 1} n=5 : child in pi(K_parent)? true (0 missing gens)
q=9 parent {2, 1, 1} n+1=5 -> child {1, 1, 1} n=4 : child in pi(K_parent)? true (0 missing gens)
q=9 parent {2, 1, 1} n+1=6 -> child {1, 1, 1} n=5 : child in pi(K_parent)? true (0 missing gens)
q=9 parent {1, 1, 1, 1} n+1=5 -> child {1, 1, 1} n=4 : child in pi(K_parent)? true (0 missing gens)
q=9 parent {1, 1, 1, 1} n+1=6 -> child {1, 1, 1} n=5 : child in pi(K_parent)? true (0 missing gens)
q=9 parent {3, 2} n+1=6 -> child {2, 2} n=5 : child in pi(K_parent)? true (0 missing gens)
q=9 parent {2, 2, 1} n+1=6 -> child {2, 1, 1} n=5 : child in pi(K_parent)? true (0 missing gens)
q=9 parent {3, 1, 1} n+1=6 -> child {2, 1, 1} n=5 : child in pi(K_parent)? true (0 missing gens)
q=9 parent {4, 1} n+1=6 -> child {3, 1} n=5 : child in pi(K_parent)? true (0 missing gens)
q=27 parent {1, 1} n+1=5 -> child {1} n=4 : child in pi(K_parent)? true (0 missing gens)
q=27 parent {2, 1} n+1=5 -> child {1, 1} n=4 : child in pi(K_parent)? true (0 missing gens)
q=27 parent {1, 1, 1} n+1=5 -> child {1, 1} n=4 : child in pi(K_parent)? true (0 missing gens)
q=27 parent {2, 2} n+1=5 -> child {2, 1} n=4 : child in pi(K_parent)? true (0 missing gens)
FIN-OK
EXIT 0 after 2s
