=== q=9 parent (1^1) n+1=5 e-factors<=0 : 16 unknowns, solvable? true [.004694s]
  greedy-minimal support 14
    A_0 += -1 * a^1 b^8 e{}
    A_0 += 1 * a^2 b^7 e{}
    A_0 += -1 * a^3 b^6 e{}
    A_0 += 1 * a^4 b^5 e{}
    A_0 += -1 * a^5 b^4 e{}
    A_0 += 1 * a^6 b^3 e{}
    A_0 += -1 * a^7 b^2 e{}
    A_0 += 1 * a^8 b^1 e{}
    A_1 += -1 * a^1 b^6 e{}
    A_1 += 1 * a^2 b^5 e{}
    A_1 += -1 * a^3 b^4 e{}
    A_1 += 1 * a^4 b^3 e{}
    A_1 += -1 * a^5 b^2 e{}
    A_1 += 1 * a^6 b^1 e{}
=== q=9 parent (1^1) n+1=6 e-factors<=0 : 23 unknowns, solvable? true [.015031s]
  greedy-minimal support 14
    A_0 += -1 * a^2 b^8 e{}
    A_0 += 1 * a^3 b^7 e{}
    A_0 += -1 * a^4 b^6 e{}
    A_0 += 1 * a^5 b^5 e{}
    A_0 += -1 * a^6 b^4 e{}
    A_0 += 1 * a^7 b^3 e{}
    A_0 += -1 * a^8 b^2 e{}
    A_1 += 1 * a^1 b^7 e{}
    A_1 += -1 * a^2 b^6 e{}
    A_1 += 1 * a^3 b^5 e{}
    A_1 += -1 * a^4 b^4 e{}
    A_1 += 1 * a^5 b^3 e{}
    A_1 += -1 * a^6 b^2 e{}
    A_1 += 1 * a^7 b^1 e{}
=== q=9 parent (1^2) n+1=5 e-factors<=0 : 16 unknowns, solvable? true [.003332s]
  greedy-minimal support 0
=== q=9 parent (1^2) n+1=6 e-factors<=0 : 22 unknowns, solvable? true [.01122s]
  greedy-minimal support 14
    A_0 += -1 * a^1 b^8 e{}
    A_0 += 1 * a^2 b^7 e{}
    A_0 += -1 * a^3 b^6 e{}
    A_0 += 1 * a^4 b^5 e{}
    A_0 += -1 * a^5 b^4 e{}
    A_0 += 1 * a^6 b^3 e{}
    A_0 += -1 * a^7 b^2 e{}
    A_0 += 1 * a^8 b^1 e{}
    A_1 += -1 * a^1 b^6 e{}
    A_1 += 1 * a^2 b^5 e{}
    A_1 += -1 * a^3 b^4 e{}
    A_1 += 1 * a^4 b^3 e{}
    A_1 += -1 * a^5 b^2 e{}
    A_1 += 1 * a^6 b^1 e{}
=== q=9 parent (1^3) n+1=6 e-factors<=0 : 21 unknowns, solvable? true [.011002s]
  greedy-minimal support 0
=== q=9 parent (1^2) n+1=5 e-factors<=1 : 60 unknowns, solvable? true [.009695s]
  greedy-minimal support 0
=== q=9 parent (1^2) n+1=6 e-factors<=1 : 97 unknowns, solvable? true [.076085s]
  greedy-minimal support 14
    A_0 += -1 * a^1 b^8 e{0}
    A_0 += 1 * a^2 b^7 e{0}
    A_0 += -1 * a^3 b^6 e{0}
    A_0 += 1 * a^4 b^5 e{0}
    A_0 += -1 * a^5 b^4 e{0}
    A_0 += 1 * a^6 b^3 e{0}
    A_0 += -1 * a^7 b^2 e{0}
    A_0 += 1 * a^8 b^1 e{0}
    A_1 += -1 * a^1 b^6 e{0}
    A_1 += 1 * a^2 b^5 e{0}
    A_1 += -1 * a^3 b^4 e{0}
    A_1 += 1 * a^4 b^3 e{0}
    A_1 += -1 * a^5 b^2 e{0}
    A_1 += 1 * a^6 b^1 e{0}
=== q=9 parent (1^3) n+1=6 e-factors<=1 : 81 unknowns, solvable? true [.027387s]
  greedy-minimal support 0
FIN-OK
EXIT 0 after 1s
