q=9 (1^2) n+1=5 c=1 : T == scalar comb of X_pp' mod box+e_{>=c+2}? true
    1 * X_(0,1)
    -1 * X_(0,2)
    -1 * X_(0,3)
    1 * X_(1,0)
    -1 * X_(1,2)
    -1 * X_(1,3)
   (Sh) Sh - X'_{12} in B: true
q=9 (1^2) n+1=6 c=2 : T == scalar comb of X_pp' mod box+e_{>=c+2}? true
    1 * X_(0,1)
    -1 * X_(0,2)
    -1 * X_(0,3)
    -1 * X_(0,4)
    -1 * X_(1,0)
    1 * X_(1,2)
    1 * X_(1,3)
    1 * X_(1,4)
   (Sh) Sh - X'_{12} in B: true
q=9 (1^2) n+1=7 c=3 : T == scalar comb of X_pp' mod box+e_{>=c+2}? true
    1 * X_(0,1)
    -1 * X_(0,2)
    -1 * X_(0,3)
    -1 * X_(0,4)
    -1 * X_(0,5)
    1 * X_(1,0)
    -1 * X_(1,2)
    -1 * X_(1,3)
    -1 * X_(1,4)
    -1 * X_(1,5)
   (Sh) Sh - X'_{12} in B: true
q=9 (1^3) n+1=6 c=1 : T == scalar comb of X_pp' mod box+e_{>=c+2}? false
   (Sh) Sh - X'_{12} in B: true
q=9 (1^3) n+1=7 c=2 : T == scalar comb of X_pp' mod box+e_{>=c+2}? false
   (Sh) Sh - X'_{12} in B: true
q=9 (1^4) n+1=7 c=1 : T == scalar comb of X_pp' mod box+e_{>=c+2}? true
    1 * X_(0,2)
    1 * X_(0,3)
    1 * X_(0,4)
    1 * X_(0,5)
    1 * X_(1,2)
    1 * X_(1,3)
    1 * X_(1,4)
    1 * X_(1,5)
   (Sh) Sh - X'_{12} in B: true
q=27 (1^2) n+1=5 c=1 : T == scalar comb of X_pp' mod box+e_{>=c+2}? true
    1 * X_(0,1)
    -1 * X_(0,2)
    -1 * X_(0,3)
    1 * X_(1,0)
    -1 * X_(1,2)
    -1 * X_(1,3)
   (Sh) Sh - X'_{12} in B: true
q=27 (1^2) n+1=6 c=2 : T == scalar comb of X_pp' mod box+e_{>=c+2}? true
    1 * X_(0,1)
    -1 * X_(0,2)
    -1 * X_(0,3)
    -1 * X_(0,4)
    -1 * X_(1,0)
    1 * X_(1,2)
    1 * X_(1,3)
    1 * X_(1,4)
   (Sh) Sh - X'_{12} in B: true
q=27 (1^3) n+1=6 c=1 : T == scalar comb of X_pp' mod box+e_{>=c+2}? false
   (Sh) Sh - X'_{12} in B: true
FIN-OK
EXIT 0 after 1s
