=== q=9 parent (1^3) n+1=7 e-factors<=0 : 22 unknowns, solvable? true [.075097s]
  greedy-minimal support 16
    A_0 += -1 * a^1 b^8 e{}
    A_0 += 1 * a^2 b^7 e{}
    A_0 += -1 * a^3 b^6 e{}
    A_0 += 1 * a^4 b^5 e{}
    A_0 += -1 * a^5 b^4 e{}
    A_0 += 1 * a^6 b^3 e{}
    A_0 += -1 * a^7 b^2 e{}
    A_0 += 1 * a^8 b^1 e{}
    A_1 += 1 * a^0 b^7 e{}
    A_1 += -1 * a^1 b^6 e{}
    A_1 += 1 * a^2 b^5 e{}
    A_1 += -1 * a^3 b^4 e{}
    A_1 += 1 * a^4 b^3 e{}
    A_1 += -1 * a^5 b^2 e{}
    A_1 += 1 * a^6 b^1 e{}
    A_1 += -1 * a^7 b^0 e{}
=== q=27 parent (1^3) n+1=6 e-factors<=0 : 75 unknowns, solvable? true [5.51346s]
  greedy-minimal support 0
=== q=9 parent (1^3) n+1=7 e-factors<=1 : 103 unknowns, solvable? true [.146618s]
  greedy-minimal support 16
    A_0 += -1 * a^1 b^8 e{0}
    A_0 += 1 * a^2 b^7 e{0}
    A_0 += -1 * a^3 b^6 e{0}
    A_0 += 1 * a^4 b^5 e{0}
    A_0 += -1 * a^5 b^4 e{0}
    A_0 += 1 * a^6 b^3 e{0}
    A_0 += -1 * a^7 b^2 e{0}
    A_0 += 1 * a^8 b^1 e{0}
    A_1 += 1 * a^0 b^7 e{0}
    A_1 += -1 * a^1 b^6 e{0}
    A_1 += 1 * a^2 b^5 e{0}
    A_1 += -1 * a^3 b^4 e{0}
    A_1 += 1 * a^4 b^3 e{0}
    A_1 += -1 * a^5 b^2 e{0}
    A_1 += 1 * a^6 b^1 e{0}
    A_1 += -1 * a^7 b^0 e{0}
=== q=27 parent (1^3) n+1=6 e-factors<=1 : 405 unknowns, solvable? true [23.2144s]
  greedy-minimal support 0
FIN-OK
EXIT 0 after 30s
