LAW q=9 mu=(1,) n=1  vdim=1  |W|=1  EQUAL  (0.0s)
LAW q=9 mu=(2,) n=2  vdim=1  |W|=1  EQUAL  (0.0s)
LAW q=9 mu=(1,) n=2  vdim=2  |W|=2  EQUAL  (0.0s)
LAW q=9 mu=(1, 1) n=2  vdim=2  |W|=2  EQUAL  (0.0s)
LAW q=9 mu=(3,) n=3  vdim=1  |W|=1  EQUAL  (0.0s)
LAW q=9 mu=(2,) n=3  vdim=3  |W|=3  EQUAL  (0.0s)
LAW q=9 mu=(2, 1) n=3  vdim=3  |W|=3  EQUAL  (0.0s)
LAW q=9 mu=(1,) n=3  vdim=24  |W|=24  EQUAL  (0.0s)
LAW q=9 mu=(1, 1) n=3  vdim=6  |W|=6  EQUAL  (0.0s)
LAW q=9 mu=(1, 1, 1) n=3  vdim=6  |W|=6  EQUAL  (0.0s)
LAW q=9 mu=(4,) n=4  vdim=1  |W|=1  EQUAL  (0.0s)
LAW q=9 mu=(3,) n=4  vdim=4  |W|=4  EQUAL  (0.0s)
LAW q=9 mu=(3, 1) n=4  vdim=4  |W|=4  EQUAL  (0.0s)
LAW q=9 mu=(2,) n=4  vdim=46  |W|=46  EQUAL  (0.0s)
LAW q=9 mu=(2, 2) n=4  vdim=6  |W|=6  EQUAL  (0.0s)
LAW q=9 mu=(2, 1) n=4  vdim=12  |W|=12  EQUAL  (0.0s)
LAW q=9 mu=(2, 1, 1) n=4  vdim=12  |W|=12  EQUAL  (0.0s)
LAW q=9 mu=(1,) n=4  vdim=88  |W|=88  EQUAL  (0.0s)
LAW q=9 mu=(1, 1) n=4  vdim=84  |W|=84  EQUAL  (0.0s)
LAW q=9 mu=(1, 1, 1) n=4  vdim=24  |W|=24  EQUAL  (0.0s)
LAW q=9 mu=(1, 1, 1, 1) n=4  vdim=24  |W|=24  EQUAL  (0.0s)
LAW q=9 mu=(5,) n=5  vdim=1  |W|=1  EQUAL  (0.0s)
LAW q=9 mu=(4,) n=5  vdim=5  |W|=5  EQUAL  (0.0s)
LAW q=9 mu=(4, 1) n=5  vdim=5  |W|=5  EQUAL  (0.0s)
LAW q=9 mu=(3,) n=5  vdim=75  |W|=75  EQUAL  (0.0s)
LAW q=9 mu=(3, 2) n=5  vdim=10  |W|=10  EQUAL  (0.0s)
LAW q=9 mu=(3, 1) n=5  vdim=20  |W|=20  EQUAL  (0.0s)
LAW q=9 mu=(3, 1, 1) n=5  vdim=20  |W|=20  EQUAL  (0.0s)
LAW q=9 mu=(2,) n=5  vdim=210  |W|=210  EQUAL  (0.0s)
LAW q=9 mu=(2, 2) n=5  vdim=30  |W|=30  EQUAL  (0.0s)
LAW q=9 mu=(2, 2, 1) n=5  vdim=30  |W|=30  EQUAL  (0.0s)
LAW q=9 mu=(2, 1) n=5  vdim=200  |W|=200  EQUAL  (0.0s)
LAW q=9 mu=(2, 1, 1) n=5  vdim=60  |W|=60  EQUAL  (0.0s)
LAW q=9 mu=(2, 1, 1, 1) n=5  vdim=60  |W|=60  EQUAL  (0.0s)
LAW q=9 mu=(1,) n=5  vdim=855  |W|=855  EQUAL  (0.0s)
LAW q=9 mu=(1, 1) n=5  vdim=380  |W|=380  EQUAL  (0.0s)
LAW q=9 mu=(1, 1, 1) n=5  vdim=360  |W|=360  EQUAL  (0.0s)
LAW q=9 mu=(1, 1, 1, 1) n=5  vdim=120  |W|=120  EQUAL  (0.0s)
LAW q=9 mu=(6,) n=6  vdim=1  |W|=1  EQUAL  (0.1s)
LAW q=9 mu=(5,) n=6  vdim=6  |W|=6  EQUAL  (0.1s)
LAW q=9 mu=(5, 1) n=6  vdim=6  |W|=6  EQUAL  (0.1s)
LAW q=9 mu=(4,) n=6  vdim=111  |W|=111  EQUAL  (0.1s)
LAW q=9 mu=(4, 2) n=6  vdim=15  |W|=15  EQUAL  (0.1s)
LAW q=9 mu=(4, 1) n=6  vdim=30  |W|=30  EQUAL  (0.1s)
LAW q=9 mu=(4, 1, 1) n=6  vdim=30  |W|=30  EQUAL  (0.1s)
LAW q=9 mu=(3,) n=6  vdim=410  |W|=410  EQUAL  (0.1s)
LAW q=9 mu=(3, 3) n=6  vdim=20  |W|=20  EQUAL  (0.1s)
LAW q=9 mu=(3, 2) n=6  vdim=60  |W|=60  EQUAL  (0.1s)
LAW q=9 mu=(3, 2, 1) n=6  vdim=60  |W|=60  EQUAL  (0.1s)
LAW q=9 mu=(3, 1) n=6  vdim=390  |W|=390  EQUAL  (0.1s)
LAW q=9 mu=(3, 1, 1) n=6  vdim=120  |W|=120  EQUAL  (0.1s)
LAW q=9 mu=(3, 1, 1, 1) n=6  vdim=120  |W|=120  EQUAL  (0.1s)
LAW q=9 mu=(2,) n=6  vdim=2340  |W|=2340  EQUAL  (0.1s)
LAW q=9 mu=(2, 2) n=6  vdim=570  |W|=570  EQUAL  (0.1s)
LAW q=9 mu=(2, 2, 2) n=6  vdim=90  |W|=90  EQUAL  (0.1s)
LAW q=9 mu=(2, 2, 1) n=6  vdim=180  |W|=180  EQUAL  (0.1s)
LAW q=9 mu=(2, 2, 1, 1) n=6  vdim=180  |W|=180  EQUAL  (0.1s)
LAW q=9 mu=(2, 1) n=6  vdim=1080  |W|=1080  EQUAL  (0.1s)
LAW q=9 mu=(2, 1, 1) n=6  vdim=1020  |W|=1020  EQUAL  (0.1s)
LAW q=9 mu=(2, 1, 1, 1) n=6  vdim=360  |W|=360  EQUAL  (0.1s)
LAW q=9 mu=(1,) n=6  vdim=4266  |W|=4266  EQUAL  (0.1s)
LAW q=9 mu=(1, 1) n=6  vdim=3930  |W|=3930  EQUAL  (0.1s)
LAW q=9 mu=(1, 1, 1) n=6  vdim=1920  |W|=1920  EQUAL  (0.1s)
LAW q=9 mu=(1, 1, 1, 1) n=6  vdim=1800  |W|=1800  EQUAL  (0.1s)
CELLS 64  BAD 0
VIGIA-FIN-OK exit=0 pico_kb=18912 t=4s
