LAW q=27 mu=(1,) n=1  vdim=1  |W|=1  EQUAL  (0.0s)
LAW q=27 mu=(2,) n=2  vdim=1  |W|=1  EQUAL  (0.0s)
LAW q=27 mu=(1,) n=2  vdim=2  |W|=2  EQUAL  (0.0s)
LAW q=27 mu=(1, 1) n=2  vdim=2  |W|=2  EQUAL  (0.0s)
LAW q=27 mu=(3,) n=3  vdim=1  |W|=1  EQUAL  (0.0s)
LAW q=27 mu=(2,) n=3  vdim=3  |W|=3  EQUAL  (0.0s)
LAW q=27 mu=(2, 1) n=3  vdim=3  |W|=3  EQUAL  (0.0s)
LAW q=27 mu=(1,) n=3  vdim=78  |W|=78  EQUAL  (0.0s)
LAW q=27 mu=(1, 1) n=3  vdim=6  |W|=6  EQUAL  (0.0s)
LAW q=27 mu=(1, 1, 1) n=3  vdim=6  |W|=6  EQUAL  (0.0s)
LAW q=27 mu=(4,) n=4  vdim=1  |W|=1  EQUAL  (0.0s)
LAW q=27 mu=(3,) n=4  vdim=4  |W|=4  EQUAL  (0.0s)
LAW q=27 mu=(3, 1) n=4  vdim=4  |W|=4  EQUAL  (0.0s)
LAW q=27 mu=(2,) n=4  vdim=154  |W|=154  EQUAL  (0.0s)
LAW q=27 mu=(2, 2) n=4  vdim=6  |W|=6  EQUAL  (0.0s)
LAW q=27 mu=(2, 1) n=4  vdim=12  |W|=12  EQUAL  (0.0s)
LAW q=27 mu=(2, 1, 1) n=4  vdim=12  |W|=12  EQUAL  (0.0s)
LAW q=27 mu=(1,) n=4  vdim=304  |W|=304  EQUAL  (0.0s)
LAW q=27 mu=(1, 1) n=4  vdim=300  |W|=300  EQUAL  (0.0s)
LAW q=27 mu=(1, 1, 1) n=4  vdim=24  |W|=24  EQUAL  (0.0s)
LAW q=27 mu=(1, 1, 1, 1) n=4  vdim=24  |W|=24  EQUAL  (0.0s)
LAW q=27 mu=(5,) n=5  vdim=1  |W|=1  EQUAL  (0.0s)
LAW q=27 mu=(4,) n=5  vdim=5  |W|=5  EQUAL  (0.0s)
LAW q=27 mu=(4, 1) n=5  vdim=5  |W|=5  EQUAL  (0.0s)
LAW q=27 mu=(3,) n=5  vdim=255  |W|=255  EQUAL  (0.0s)
LAW q=27 mu=(3, 2) n=5  vdim=10  |W|=10  EQUAL  (0.1s)
LAW q=27 mu=(3, 1) n=5  vdim=20  |W|=20  EQUAL  (0.1s)
LAW q=27 mu=(3, 1, 1) n=5  vdim=20  |W|=20  EQUAL  (0.1s)
LAW q=27 mu=(2,) n=5  vdim=750  |W|=750  EQUAL  (0.1s)
LAW q=27 mu=(2, 2) n=5  vdim=30  |W|=30  EQUAL  (0.1s)
LAW q=27 mu=(2, 2, 1) n=5  vdim=30  |W|=30  EQUAL  (0.1s)
LAW q=27 mu=(2, 1) n=5  vdim=740  |W|=740  EQUAL  (0.1s)
LAW q=27 mu=(2, 1, 1) n=5  vdim=60  |W|=60  EQUAL  (0.1s)
LAW q=27 mu=(2, 1, 1, 1) n=5  vdim=60  |W|=60  EQUAL  (0.1s)
LAW q=27 mu=(1,) n=5  vdim=9765  |W|=9765  EQUAL  (0.1s)
LAW q=27 mu=(1, 1) n=5  vdim=1460  |W|=1460  EQUAL  (0.1s)
LAW q=27 mu=(1, 1, 1) n=5  vdim=1440  |W|=1440  EQUAL  (0.1s)
LAW q=27 mu=(1, 1, 1, 1) n=5  vdim=120  |W|=120  EQUAL  (0.1s)
LAW q=27 mu=(1, 1, 1, 1, 1) n=5  vdim=120  |W|=120  EQUAL  (0.1s)
CELLS 39  BAD 0
VIGIA-FIN-OK exit=0 pico_kb=18288 t=2s
