LAW q=9 mu=(7,) n=7  vdim=1  |W|=1  EQUAL  (0.3s)
LAW q=9 mu=(6,) n=7  vdim=7  |W|=7  EQUAL  (0.4s)
LAW q=9 mu=(6, 1) n=7  vdim=7  |W|=7  EQUAL  (0.4s)
LAW q=9 mu=(5,) n=7  vdim=154  |W|=154  EQUAL  (0.4s)
LAW q=9 mu=(5, 2) n=7  vdim=21  |W|=21  EQUAL  (0.5s)
LAW q=9 mu=(5, 1) n=7  vdim=42  |W|=42  EQUAL  (0.8s)
LAW q=9 mu=(5, 1, 1) n=7  vdim=42  |W|=42  EQUAL  (0.8s)
LAW q=9 mu=(4,) n=7  vdim=707  |W|=707  EQUAL  (1.8s)
LAW q=9 mu=(4, 3) n=7  vdim=35  |W|=35  EQUAL  (0.5s)
LAW q=9 mu=(4, 2) n=7  vdim=105  |W|=105  EQUAL  (0.8s)
LAW q=9 mu=(4, 2, 1) n=7  vdim=105  |W|=105  EQUAL  (0.9s)
LAW q=9 mu=(4, 1) n=7  vdim=672  |W|=672  EQUAL  (1.8s)
LAW q=9 mu=(4, 1, 1) n=7  vdim=210  |W|=210  EQUAL  (1.1s)
LAW q=9 mu=(4, 1, 1, 1) n=7  vdim=210  |W|=210  EQUAL  (1.1s)
LAW q=9 mu=(3, 3) n=7  vdim=140  |W|=140  EQUAL  (0.8s)
LAW q=9 mu=(3, 3, 1) n=7  vdim=140  |W|=140  EQUAL  (0.9s)
LAW q=9 mu=(3, 2) n=7  vdim=1295  |W|=1295  EQUAL  (3.9s)
LAW q=9 mu=(3, 2, 2) n=7  vdim=210  |W|=210  EQUAL  (0.8s)
LAW q=9 mu=(3, 2, 1) n=7  vdim=420  |W|=420  EQUAL  (1.2s)
LAW q=9 mu=(3, 2, 1, 1) n=7  vdim=420  |W|=420  EQUAL  (1.2s)
LAW q=9 mu=(3, 1) n=7  vdim=2450  |W|=2450  EQUAL  (3.0s)
LAW q=9 mu=(3, 1, 1) n=7  vdim=2310  |W|=2310  EQUAL  (2.8s)
LAW q=9 mu=(3, 1, 1, 1) n=7  vdim=840  |W|=840  EQUAL  (1.2s)
LAW q=9 mu=(2, 2) n=7  vdim=3570  |W|=3570  EQUAL  (5.3s)
LAW q=9 mu=(2, 2, 2) n=7  vdim=630  |W|=630  EQUAL  (1.3s)
LAW q=9 mu=(2, 2, 2, 1) n=7  vdim=630  |W|=630  EQUAL  (1.1s)
LAW q=9 mu=(2, 2, 1) n=7  vdim=3360  |W|=3360  EQUAL  (4.6s)
LAW q=9 mu=(2, 2, 1, 1) n=7  vdim=1260  |W|=1260  EQUAL  (1.2s)
LAW q=9 mu=(2, 1, 1) n=7  vdim=6300  |W|=6300  EQUAL  (5.3s)
LAW q=9 mu=(2, 1, 1, 1) n=7  vdim=5880  |W|=5880  EQUAL  (4.7s)
LAW q=9 mu=(1, 1, 1, 1) n=7  vdim=10920  |W|=10920  EQUAL  (4.0s)
CELLS 31  BAD 0
VIGIA-FIN-OK exit=0 pico_kb=22192 t=56s
