ROWS q=9 parent=(1,) n+1=1  rows checked 9, generators NOT in their row: 0  (0.0s)
ROWS q=9 parent=(2,) n+1=2  rows checked 9, generators NOT in their row: 0  (0.0s)
ROWS q=9 parent=(1,) n+1=2  rows checked 9, generators NOT in their row: 0  (0.0s)
ROWS q=9 parent=(1, 1) n+1=2  rows checked 9, generators NOT in their row: 0  (0.0s)
ROWS q=9 parent=(3,) n+1=3  rows checked 9, generators NOT in their row: 0  (0.0s)
ROWS q=9 parent=(2,) n+1=3  rows checked 9, generators NOT in their row: 0  (0.0s)
ROWS q=9 parent=(2, 1) n+1=3  rows checked 9, generators NOT in their row: 0  (0.0s)
ROWS q=9 parent=(1,) n+1=3  rows checked 9, generators NOT in their row: 0  (0.0s)
ROWS q=9 parent=(1, 1) n+1=3  rows checked 9, generators NOT in their row: 0  (0.0s)
ROWS q=9 parent=(1, 1, 1) n+1=3  rows checked 9, generators NOT in their row: 0  (0.0s)
ROWS q=9 parent=(4,) n+1=4  rows checked 9, generators NOT in their row: 0  (0.0s)
ROWS q=9 parent=(3,) n+1=4  rows checked 9, generators NOT in their row: 0  (0.0s)
ROWS q=9 parent=(3, 1) n+1=4  rows checked 9, generators NOT in their row: 0  (0.0s)
ROWS q=9 parent=(2,) n+1=4  rows checked 9, generators NOT in their row: 0  (0.0s)
ROWS q=9 parent=(2, 2) n+1=4  rows checked 9, generators NOT in their row: 0  (0.0s)
ROWS q=9 parent=(2, 1) n+1=4  rows checked 9, generators NOT in their row: 0  (0.0s)
ROWS q=9 parent=(2, 1, 1) n+1=4  rows checked 9, generators NOT in their row: 0  (0.0s)
ROWS q=9 parent=(1,) n+1=4  rows checked 9, generators NOT in their row: 0  (0.0s)
ROWS q=9 parent=(1, 1) n+1=4  rows checked 9, generators NOT in their row: 0  (0.0s)
ROWS q=9 parent=(1, 1, 1) n+1=4  rows checked 9, generators NOT in their row: 0  (0.0s)
ROWS q=9 parent=(1, 1, 1, 1) n+1=4  rows checked 9, generators NOT in their row: 0  (0.0s)
ROWS q=9 parent=(5,) n+1=5  rows checked 9, generators NOT in their row: 0  (0.0s)
ROWS q=9 parent=(4,) n+1=5  rows checked 9, generators NOT in their row: 0  (0.1s)
ROWS q=9 parent=(4, 1) n+1=5  rows checked 9, generators NOT in their row: 0  (0.1s)
ROWS q=9 parent=(3,) n+1=5  rows checked 9, generators NOT in their row: 0  (0.1s)
ROWS q=9 parent=(3, 2) n+1=5  rows checked 9, generators NOT in their row: 0  (0.1s)
ROWS q=9 parent=(3, 1) n+1=5  rows checked 9, generators NOT in their row: 0  (0.1s)
ROWS q=9 parent=(3, 1, 1) n+1=5  rows checked 9, generators NOT in their row: 0  (0.1s)
ROWS q=9 parent=(2,) n+1=5  rows checked 9, generators NOT in their row: 0  (0.1s)
ROWS q=9 parent=(2, 2) n+1=5  rows checked 9, generators NOT in their row: 0  (0.1s)
ROWS q=9 parent=(2, 2, 1) n+1=5  rows checked 9, generators NOT in their row: 0  (0.1s)
ROWS q=9 parent=(2, 1) n+1=5  rows checked 9, generators NOT in their row: 0  (0.1s)
ROWS q=9 parent=(2, 1, 1) n+1=5  rows checked 9, generators NOT in their row: 0  (0.1s)
ROWS q=9 parent=(2, 1, 1, 1) n+1=5  rows checked 9, generators NOT in their row: 0  (0.1s)
ROWS q=9 parent=(1,) n+1=5  rows checked 9, generators NOT in their row: 0  (0.0s)
ROWS q=9 parent=(1, 1) n+1=5  rows checked 9, generators NOT in their row: 0  (0.0s)
ROWS q=9 parent=(1, 1, 1) n+1=5  rows checked 9, generators NOT in their row: 0  (0.0s)
ROWS q=9 parent=(1, 1, 1, 1) n+1=5  rows checked 9, generators NOT in their row: 0  (0.0s)
ROWS q=9 parent=(6,) n+1=6  rows checked 9, generators NOT in their row: 0  (0.1s)
ROWS q=9 parent=(5,) n+1=6  rows checked 9, generators NOT in their row: 0  (0.2s)
ROWS q=9 parent=(5, 1) n+1=6  rows checked 9, generators NOT in their row: 0  (0.2s)
ROWS q=9 parent=(4,) n+1=6  rows checked 9, generators NOT in their row: 0  (0.3s)
ROWS q=9 parent=(4, 2) n+1=6  rows checked 9, generators NOT in their row: 0  (0.3s)
ROWS q=9 parent=(4, 1) n+1=6  rows checked 9, generators NOT in their row: 0  (0.4s)
ROWS q=9 parent=(4, 1, 1) n+1=6  rows checked 9, generators NOT in their row: 0  (0.4s)
ROWS q=9 parent=(3,) n+1=6  rows checked 9, generators NOT in their row: 0  (0.6s)
ROWS q=9 parent=(3, 3) n+1=6  rows checked 9, generators NOT in their row: 0  (0.3s)
ROWS q=9 parent=(3, 2) n+1=6  rows checked 9, generators NOT in their row: 0  (0.5s)
ROWS q=9 parent=(3, 2, 1) n+1=6  rows checked 9, generators NOT in their row: 0  (0.4s)
ROWS q=9 parent=(3, 1) n+1=6  rows checked 9, generators NOT in their row: 0  (0.6s)
ROWS q=9 parent=(3, 1, 1) n+1=6  rows checked 9, generators NOT in their row: 0  (0.5s)
ROWS q=9 parent=(3, 1, 1, 1) n+1=6  rows checked 9, generators NOT in their row: 0  (0.5s)
ROWS q=9 parent=(2,) n+1=6  rows checked 9, generators NOT in their row: 0  (0.6s)
ROWS q=9 parent=(2, 2) n+1=6  rows checked 9, generators NOT in their row: 0  (0.8s)
ROWS q=9 parent=(2, 2, 2) n+1=6  rows checked 9, generators NOT in their row: 0  (0.4s)
ROWS q=9 parent=(2, 2, 1) n+1=6  rows checked 9, generators NOT in their row: 0  (0.5s)
ROWS q=9 parent=(2, 2, 1, 1) n+1=6  rows checked 9, generators NOT in their row: 0  (0.5s)
ROWS q=9 parent=(2, 1) n+1=6  rows checked 9, generators NOT in their row: 0  (0.9s)
ROWS q=9 parent=(2, 1, 1) n+1=6  rows checked 9, generators NOT in their row: 0  (0.8s)
ROWS q=9 parent=(2, 1, 1, 1) n+1=6  rows checked 9, generators NOT in their row: 0  (0.4s)
ROWS q=9 parent=(1,) n+1=6  rows checked 9, generators NOT in their row: 0  (0.6s)
ROWS q=9 parent=(1, 1) n+1=6  rows checked 9, generators NOT in their row: 0  (0.7s)
ROWS q=9 parent=(1, 1, 1) n+1=6  rows checked 9, generators NOT in their row: 0  (0.7s)
ROWS q=9 parent=(1, 1, 1, 1) n+1=6  rows checked 9, generators NOT in their row: 0  (0.7s)
CELLS 64  BAD 0
VIGIA-FIN-OK exit=0 pico_kb=20832 t=16s
