ROWS q=27 parent=(1,) n+1=1  rows checked 27, generators NOT in their row: 0  (0.0s)
ROWS q=27 parent=(2,) n+1=2  rows checked 27, generators NOT in their row: 0  (0.0s)
ROWS q=27 parent=(1,) n+1=2  rows checked 27, generators NOT in their row: 0  (0.0s)
ROWS q=27 parent=(1, 1) n+1=2  rows checked 27, generators NOT in their row: 0  (0.0s)
ROWS q=27 parent=(3,) n+1=3  rows checked 27, generators NOT in their row: 0  (0.0s)
ROWS q=27 parent=(2,) n+1=3  rows checked 27, generators NOT in their row: 0  (0.0s)
ROWS q=27 parent=(2, 1) n+1=3  rows checked 27, generators NOT in their row: 0  (0.0s)
ROWS q=27 parent=(1,) n+1=3  rows checked 27, generators NOT in their row: 0  (0.0s)
ROWS q=27 parent=(1, 1) n+1=3  rows checked 27, generators NOT in their row: 0  (0.0s)
ROWS q=27 parent=(1, 1, 1) n+1=3  rows checked 27, generators NOT in their row: 0  (0.0s)
ROWS q=27 parent=(4,) n+1=4  rows checked 27, generators NOT in their row: 0  (0.0s)
ROWS q=27 parent=(3,) n+1=4  rows checked 27, generators NOT in their row: 0  (0.1s)
ROWS q=27 parent=(3, 1) n+1=4  rows checked 27, generators NOT in their row: 0  (0.1s)
ROWS q=27 parent=(2,) n+1=4  rows checked 27, generators NOT in their row: 0  (0.1s)
ROWS q=27 parent=(2, 2) n+1=4  rows checked 27, generators NOT in their row: 0  (0.1s)
ROWS q=27 parent=(2, 1) n+1=4  rows checked 27, generators NOT in their row: 0  (0.1s)
ROWS q=27 parent=(2, 1, 1) n+1=4  rows checked 27, generators NOT in their row: 0  (0.1s)
ROWS q=27 parent=(1,) n+1=4  rows checked 27, generators NOT in their row: 0  (0.1s)
ROWS q=27 parent=(1, 1) n+1=4  rows checked 27, generators NOT in their row: 0  (0.1s)
ROWS q=27 parent=(1, 1, 1) n+1=4  rows checked 27, generators NOT in their row: 0  (0.1s)
ROWS q=27 parent=(1, 1, 1, 1) n+1=4  rows checked 27, generators NOT in their row: 0  (0.1s)
ROWS q=27 parent=(5,) n+1=5  rows checked 27, generators NOT in their row: 0  (0.1s)
ROWS q=27 parent=(4,) n+1=5  rows checked 27, generators NOT in their row: 0  (0.8s)
ROWS q=27 parent=(4, 1) n+1=5  rows checked 27, generators NOT in their row: 0  (0.8s)
ROWS q=27 parent=(3,) n+1=5  rows checked 27, generators NOT in their row: 0  (0.9s)
ROWS q=27 parent=(3, 2) n+1=5  rows checked 27, generators NOT in their row: 0  (0.9s)
ROWS q=27 parent=(3, 1) n+1=5  rows checked 27, generators NOT in their row: 0  (1.7s)
ROWS q=27 parent=(3, 1, 1) n+1=5  rows checked 27, generators NOT in their row: 0  (1.6s)
ROWS q=27 parent=(2,) n+1=5  rows checked 27, generators NOT in their row: 0  (2.1s)
ROWS q=27 parent=(2, 2) n+1=5  rows checked 27, generators NOT in their row: 0  (1.6s)
ROWS q=27 parent=(2, 2, 1) n+1=5  rows checked 27, generators NOT in their row: 0  (1.5s)
ROWS q=27 parent=(2, 1) n+1=5  rows checked 27, generators NOT in their row: 0  (2.1s)
ROWS q=27 parent=(2, 1, 1) n+1=5  rows checked 27, generators NOT in their row: 0  (1.6s)
ROWS q=27 parent=(2, 1, 1, 1) n+1=5  rows checked 27, generators NOT in their row: 0  (1.5s)
ROWS q=27 parent=(1,) n+1=5  rows checked 27, generators NOT in their row: 0  (1.4s)
ROWS q=27 parent=(1, 1) n+1=5  rows checked 27, generators NOT in their row: 0  (1.9s)
ROWS q=27 parent=(1, 1, 1) n+1=5  rows checked 27, generators NOT in their row: 0  (1.8s)
ROWS q=27 parent=(1, 1, 1, 1) n+1=5  rows checked 27, generators NOT in their row: 0  (1.1s)
ROWS q=27 parent=(1, 1, 1, 1, 1) n+1=5  rows checked 27, generators NOT in their row: 0  (1.2s)
CELLS 39  BAD 0
VIGIA-FIN-OK exit=0 pico_kb=20720 t=26s
