(2,3) each candidate in N+K0? {true, true, true, true, true, true}
(2,3) N+K0 == K0 + (candidates)? true
  check syzygy: g3*P3+g5*P5 in box? true
  check image: g3*e1+g5*e3 - t in K0? true
  g3 = -x_0^2*x_1-x_0*x_1^2-x_1^3-x_0^2*x_2-x_1^2*x_2-x_0*x_2^2-x_1*x_2^2-x_2^3-x_0^2*x_3-x_1^2*x_3+x_2^2*x_3-x_0*x_3^2-x_1*x_3^2-x_3^3
  g5 = x_0+x_1-x_2
(2,9) each candidate in N+K0? {true, true, true, true, true, true}
(2,9) N+K0 == K0 + (candidates)? true
  check syzygy: g3*P3+g5*P5 in box? true
  check image: g3*e1+g5*e3 - t in K0? true
  g3 = -x_2^8*x_3+x_2^7*x_3^2-x_2^6*x_3^3+x_2^5*x_3^4-x_2^4*x_3^5+x_2^3*x_3^6-x_2^2*x_3^7+x_2*x_3^8
  g5 = x_2^7-x_2^6*x_3+x_2^5*x_3^2-x_2^4*x_3^3+x_2^3*x_3^4-x_2^2*x_3^5+x_2*x_3^6-x_3^7
(2,27) each candidate in N+K0? {true, true, true, true, true, true}
(2,27) N+K0 == K0 + (candidates)? true
  check syzygy: g3*P3+g5*P5 in box? true
  check image: g3*e1+g5*e3 - t in K0? true
  g3 = -x_2^26*x_3+x_2^25*x_3^2-x_2^24*x_3^3+x_2^23*x_3^4-x_2^22*x_3^5+x_2^21*x_3^6-x_2^20*x_3^7+x_2^19*x_3^8-x_2^18*x_3^9+x_2^17*x_3^10-x_2^16*x_3^11+x_2^15*x_3^12-x_2^14*x_3^13+x_2^13*x_3^14-x_2^12*x_3^15+x_2^11*x_3^16-x_2^10*x_3^17+x_2^9*x_3^18-x_2^8*x_3^19+x_2^7*x_3^20-x_2^6*x_3^21+x_2^5*x_3^22-x_2^4*x_3^23+x_2^3*x_3^24-x_2^2*x_3^25+x_2*x_3^26
  g5 = x_2^25-x_2^24*x_3+x_2^23*x_3^2-x_2^22*x_3^3+x_2^21*x_3^4-x_2^20*x_3^5+x_2^19*x_3^6-x_2^18*x_3^7+x_2^17*x_3^8-x_2^16*x_3^9+x_2^15*x_3^10-x_2^14*x_3^11+x_2^13*x_3^12-x_2^12*x_3^13+x_2^11*x_3^14-x_2^10*x_3^15+x_2^9*x_3^16-x_2^8*x_3^17+x_2^7*x_3^18-x_2^6*x_3^19+x_2^5*x_3^20-x_2^4*x_3^21+x_2^3*x_3^22-x_2^2*x_3^23+x_2*x_3^24-x_3^25
(3,3) N mod K0: #gens 36 degrees {6, 6, 6, 6, 6, 6, 6, 6, 6, 6, 6, 6, 6, 6, 6, 6, 6, 6, 6, 6, 6, 6, 6, 6, 6, 6, 6, 6, 6, 6, 6, 6, 6, 6, 6, 6}
(3,3) each x_A(x_l^{q-1}-x_m^{q-1}) in N+K0? {true, true, true, true, true, true, true, true, true, true, true, true, true, true, true}
(3,3) N+K0 == K0 + (candidates)? false
(3,3) rows via lemma E: {141, 126, 90}
FIN-OK
