BLOCKS k=1 m=6 p=3 (q=3, r'=2): 8 colourings, 8 compatible; sum of the dimensions=61  |Gamma|=61  equal=True; colourings whose dimension differs from the predicted product: 0
    |C_1|=0 |C_-1|=4 colour of the index 0: -1:  (measured, predicted) = [(19, 19)]
    |C_1|=2 |C_-1|=2 colour of the index 0: 1:  (measured, predicted) = [(6, 6)]
    |C_1|=2 |C_-1|=2 colour of the index 0: -1:  (measured, predicted) = [(6, 6)]
    |C_1|=4 |C_-1|=0 colour of the index 0: 1:  (measured, predicted) = [(6, 6)]
BLOCKS k=2 m=6 p=3 (q=3, r'=2): 32 colourings, 32 compatible; sum of the dimensions=1001  |Gamma|=1001  equal=True; colourings whose dimension differs from the predicted product: 0
    |C_1|=0 |C_-1|=6 colour of the index 0: -1:  (measured, predicted) = [(141, 141)]
    |C_1|=2 |C_-1|=4 colour of the index 0: 1:  (measured, predicted) = [(38, 38)]
    |C_1|=2 |C_-1|=4 colour of the index 0: -1:  (measured, predicted) = [(38, 38)]
    |C_1|=4 |C_-1|=2 colour of the index 0: 1:  (measured, predicted) = [(18, 18)]
    |C_1|=4 |C_-1|=2 colour of the index 0: -1:  (measured, predicted) = [(18, 18)]
    |C_1|=6 |C_-1|=0 colour of the index 0: 1:  (measured, predicted) = [(20, 20)]
BLOCKS k=1 m=10 p=5 (q=5, r'=2): 8 colourings, 8 compatible; sum of the dimensions=217  |Gamma|=217  equal=True; colourings whose dimension differs from the predicted product: 0
    |C_1|=0 |C_-1|=4 colour of the index 0: -1:  (measured, predicted) = [(61, 61)]
    |C_1|=2 |C_-1|=2 colour of the index 0: 1:  (measured, predicted) = [(20, 20)]
    |C_1|=2 |C_-1|=2 colour of the index 0: -1:  (measured, predicted) = [(20, 20)]
    |C_1|=4 |C_-1|=0 colour of the index 0: 1:  (measured, predicted) = [(36, 36)]
BLOCKS k=2 m=10 p=5 (q=5, r'=2): 32 colourings, 32 compatible; sum of the dimensions=7761  |Gamma|=7761  equal=True; colourings whose dimension differs from the predicted product: 0
    |C_1|=0 |C_-1|=6 colour of the index 0: -1:  (measured, predicted) = [(1001, 1001)]
    |C_1|=2 |C_-1|=4 colour of the index 0: 1:  (measured, predicted) = [(244, 244)]
    |C_1|=2 |C_-1|=4 colour of the index 0: -1:  (measured, predicted) = [(244, 244)]
    |C_1|=4 |C_-1|=2 colour of the index 0: 1:  (measured, predicted) = [(180, 180)]
    |C_1|=4 |C_-1|=2 colour of the index 0: -1:  (measured, predicted) = [(180, 180)]
    |C_1|=6 |C_-1|=0 colour of the index 0: 1:  (measured, predicted) = [(400, 400)]
BLOCKS k=1 m=20 p=5 (q=5, r'=4): 64 colourings, 38 compatible; sum of the dimensions=1027  |Gamma|=1027  equal=True; colourings whose dimension differs from the predicted product: 0
    |C_1|=0 |C_-1|=0 colour of the index 0: other:  (measured, predicted) = [(0, 0), (45, 45)]
    |C_1|=0 |C_-1|=2 colour of the index 0: -1:  (measured, predicted) = [(25, 25)]
    |C_1|=0 |C_-1|=2 colour of the index 0: other:  (measured, predicted) = [(25, 25)]
    |C_1|=0 |C_-1|=4 colour of the index 0: -1:  (measured, predicted) = [(61, 61)]
    |C_1|=1 |C_-1|=1 colour of the index 0: 1:  (measured, predicted) = [(0, 0)]
    |C_1|=1 |C_-1|=1 colour of the index 0: -1:  (measured, predicted) = [(0, 0)]
    |C_1|=1 |C_-1|=1 colour of the index 0: other:  (measured, predicted) = [(0, 0)]
    |C_1|=2 |C_-1|=0 colour of the index 0: 1:  (measured, predicted) = [(20, 20)]
    |C_1|=2 |C_-1|=0 colour of the index 0: other:  (measured, predicted) = [(20, 20)]
    |C_1|=2 |C_-1|=2 colour of the index 0: 1:  (measured, predicted) = [(20, 20)]
    |C_1|=2 |C_-1|=2 colour of the index 0: -1:  (measured, predicted) = [(20, 20)]
    |C_1|=4 |C_-1|=0 colour of the index 0: 1:  (measured, predicted) = [(36, 36)]
BLOCKS k=1 m=14 p=7 (q=7, r'=2): 8 colourings, 8 compatible; sum of the dimensions=469  |Gamma|=469  equal=True; colourings whose dimension differs from the predicted product: 0
    |C_1|=0 |C_-1|=4 colour of the index 0: -1:  (measured, predicted) = [(127, 127)]
    |C_1|=2 |C_-1|=2 colour of the index 0: 1:  (measured, predicted) = [(42, 42)]
    |C_1|=2 |C_-1|=2 colour of the index 0: -1:  (measured, predicted) = [(42, 42)]
    |C_1|=4 |C_-1|=0 colour of the index 0: 1:  (measured, predicted) = [(90, 90)]
BLOCKS k=3 m=6 p=3 (q=3, r'=2): 128 colourings, 128 compatible; sum of the dimensions=18733  |Gamma|=18733  equal=True; colourings whose dimension differs from the predicted product: 0
    |C_1|=0 |C_-1|=8 colour of the index 0: -1:  (measured, predicted) = [(1107, 1107)]
    |C_1|=2 |C_-1|=6 colour of the index 0: 1:  (measured, predicted) = [(282, 282)]
    |C_1|=2 |C_-1|=6 colour of the index 0: -1:  (measured, predicted) = [(282, 282)]
    |C_1|=4 |C_-1|=4 colour of the index 0: 1:  (measured, predicted) = [(114, 114)]
    |C_1|=4 |C_-1|=4 colour of the index 0: -1:  (measured, predicted) = [(114, 114)]
    |C_1|=6 |C_-1|=2 colour of the index 0: 1:  (measured, predicted) = [(60, 60)]
    |C_1|=6 |C_-1|=2 colour of the index 0: -1:  (measured, predicted) = [(60, 60)]
    |C_1|=8 |C_-1|=0 colour of the index 0: 1:  (measured, predicted) = [(70, 70)]
VIGIA-FIN-OK exit=0 pico_kb=1242384 t=40s
