shapes self-test OK
SLICE TREE k=1 r=3 p=2: root dim=19 |Z|=19 N_r=19
node m=3 Lambda={(1) ()*}  |Z|=19 dim=19 OK  mingens(deg:number)={2: 3}
node m=2 Lambda={()}  |Z|=3 dim=3 OK  mingens(deg:number)={2: 1}
node m=1 Lambda={(1) ()*}  |Z|=3 dim=3 OK  mingens(deg:number)={0: 1}
node m=0 Lambda={()}  |Z|=1 dim=1 OK  mingens(deg:number)={0: 1}
node m=2 Lambda={() (1)*}  |Z|=7 dim=7 OK  mingens(deg:number)={1: 1, 2: 1}
node m=1 Lambda={()*}  |Z|=1 dim=1 OK  mingens(deg:number)={2: 1}
node m=2 Lambda={() (2) (1)*}  |Z|=9 dim=9 OK  mingens(deg:number)={0: 1}
SUMMARY k=1 r=3 p=2: nodes=7  slices whose dimension differs from the layer count: 0  same-Lambda-different-ideal: 0
SLICE TREE k=1 r=3 p=3: root dim=19 |Z|=19 N_r=19
node m=3 Lambda={(1) ()*}  |Z|=19 dim=19 OK  mingens(deg:number)={2: 3}
node m=2 Lambda={()}  |Z|=3 dim=3 OK  mingens(deg:number)={2: 1}
node m=1 Lambda={(1) ()*}  |Z|=3 dim=3 OK  mingens(deg:number)={0: 1}
node m=0 Lambda={()}  |Z|=1 dim=1 OK  mingens(deg:number)={0: 1}
node m=2 Lambda={() (1)*}  |Z|=7 dim=7 OK  mingens(deg:number)={1: 1, 2: 1}
node m=1 Lambda={()*}  |Z|=1 dim=1 OK  mingens(deg:number)={2: 1}
node m=2 Lambda={() (2) (1)*}  |Z|=9 dim=9 OK  mingens(deg:number)={0: 1}
SUMMARY k=1 r=3 p=3: nodes=7  slices whose dimension differs from the layer count: 0  same-Lambda-different-ideal: 0
SLICE TREE k=1 r=3 p=101: root dim=19 |Z|=19 N_r=19
node m=3 Lambda={(1) ()*}  |Z|=19 dim=19 OK  mingens(deg:number)={2: 3}
node m=2 Lambda={()}  |Z|=3 dim=3 OK  mingens(deg:number)={2: 1}
node m=1 Lambda={(1) ()*}  |Z|=3 dim=3 OK  mingens(deg:number)={0: 1}
node m=0 Lambda={()}  |Z|=1 dim=1 OK  mingens(deg:number)={0: 1}
node m=2 Lambda={() (1)*}  |Z|=7 dim=7 OK  mingens(deg:number)={1: 1, 2: 1}
node m=1 Lambda={()*}  |Z|=1 dim=1 OK  mingens(deg:number)={2: 1}
node m=2 Lambda={() (2) (1)*}  |Z|=9 dim=9 OK  mingens(deg:number)={0: 1}
SUMMARY k=1 r=3 p=101: nodes=7  slices whose dimension differs from the layer count: 0  same-Lambda-different-ideal: 0
SLICE TREE k=2 r=3 p=2: root dim=141 |Z|=141 N_r=141
node m=5 Lambda={(1) ()*}  |Z|=141 dim=141 OK  mingens(deg:number)={4: 15}
node m=4 Lambda={()}  |Z|=19 dim=19 OK  mingens(deg:number)={4: 3}
node m=3 Lambda={(1) ()*}  |Z|=19 dim=19 OK  mingens(deg:number)={2: 3}
node m=2 Lambda={()}  |Z|=3 dim=3 OK  mingens(deg:number)={2: 1}
node m=1 Lambda={(1) ()*}  |Z|=3 dim=3 OK  mingens(deg:number)={0: 1}
node m=0 Lambda={()}  |Z|=1 dim=1 OK  mingens(deg:number)={0: 1}
node m=2 Lambda={() (1)*}  |Z|=7 dim=7 OK  mingens(deg:number)={1: 1, 2: 1}
node m=1 Lambda={()*}  |Z|=1 dim=1 OK  mingens(deg:number)={2: 1}
node m=2 Lambda={() (2) (1)*}  |Z|=9 dim=9 OK  mingens(deg:number)={0: 1}
node m=4 Lambda={() (1)*}  |Z|=51 dim=51 OK  mingens(deg:number)={3: 6, 4: 1}
node m=3 Lambda={()*}  |Z|=7 dim=7 OK  mingens(deg:number)={3: 1, 4: 1}
node m=3 Lambda={(1) ()* (2)*}  |Z|=25 dim=25 OK  mingens(deg:number)={1: 2, 2: 1}
node m=4 Lambda={() (2) (1)*}  |Z|=71 dim=71 OK  mingens(deg:number)={2: 6}
node m=3 Lambda={(1) ()* (3) (2)*}  |Z|=27 dim=27 OK  mingens(deg:number)={0: 1}
SUMMARY k=2 r=3 p=2: nodes=14  slices whose dimension differs from the layer count: 0  same-Lambda-different-ideal: 0
SLICE TREE k=2 r=3 p=3: root dim=141 |Z|=141 N_r=141
node m=5 Lambda={(1) ()*}  |Z|=141 dim=141 OK  mingens(deg:number)={4: 15}
node m=4 Lambda={()}  |Z|=19 dim=19 OK  mingens(deg:number)={4: 3}
node m=3 Lambda={(1) ()*}  |Z|=19 dim=19 OK  mingens(deg:number)={2: 3}
node m=2 Lambda={()}  |Z|=3 dim=3 OK  mingens(deg:number)={2: 1}
node m=1 Lambda={(1) ()*}  |Z|=3 dim=3 OK  mingens(deg:number)={0: 1}
node m=0 Lambda={()}  |Z|=1 dim=1 OK  mingens(deg:number)={0: 1}
node m=2 Lambda={() (1)*}  |Z|=7 dim=7 OK  mingens(deg:number)={1: 1, 2: 1}
node m=1 Lambda={()*}  |Z|=1 dim=1 OK  mingens(deg:number)={2: 1}
node m=2 Lambda={() (2) (1)*}  |Z|=9 dim=9 OK  mingens(deg:number)={0: 1}
node m=4 Lambda={() (1)*}  |Z|=51 dim=51 OK  mingens(deg:number)={3: 6, 4: 1}
node m=3 Lambda={()*}  |Z|=7 dim=7 OK  mingens(deg:number)={3: 1, 4: 1}
node m=3 Lambda={(1) ()* (2)*}  |Z|=25 dim=25 OK  mingens(deg:number)={1: 2, 2: 1}
node m=4 Lambda={() (2) (1)*}  |Z|=71 dim=71 OK  mingens(deg:number)={2: 6}
node m=3 Lambda={(1) ()* (3) (2)*}  |Z|=27 dim=27 OK  mingens(deg:number)={0: 1}
SUMMARY k=2 r=3 p=3: nodes=14  slices whose dimension differs from the layer count: 0  same-Lambda-different-ideal: 0
SLICE TREE k=2 r=3 p=101: root dim=141 |Z|=141 N_r=141
node m=5 Lambda={(1) ()*}  |Z|=141 dim=141 OK  mingens(deg:number)={4: 15}
node m=4 Lambda={()}  |Z|=19 dim=19 OK  mingens(deg:number)={4: 3}
node m=3 Lambda={(1) ()*}  |Z|=19 dim=19 OK  mingens(deg:number)={2: 3}
node m=2 Lambda={()}  |Z|=3 dim=3 OK  mingens(deg:number)={2: 1}
node m=1 Lambda={(1) ()*}  |Z|=3 dim=3 OK  mingens(deg:number)={0: 1}
node m=0 Lambda={()}  |Z|=1 dim=1 OK  mingens(deg:number)={0: 1}
node m=2 Lambda={() (1)*}  |Z|=7 dim=7 OK  mingens(deg:number)={1: 1, 2: 1}
node m=1 Lambda={()*}  |Z|=1 dim=1 OK  mingens(deg:number)={2: 1}
node m=2 Lambda={() (2) (1)*}  |Z|=9 dim=9 OK  mingens(deg:number)={0: 1}
node m=4 Lambda={() (1)*}  |Z|=51 dim=51 OK  mingens(deg:number)={3: 6, 4: 1}
node m=3 Lambda={()*}  |Z|=7 dim=7 OK  mingens(deg:number)={3: 1, 4: 1}
node m=3 Lambda={(1) ()* (2)*}  |Z|=25 dim=25 OK  mingens(deg:number)={1: 2, 2: 1}
node m=4 Lambda={() (2) (1)*}  |Z|=71 dim=71 OK  mingens(deg:number)={2: 6}
node m=3 Lambda={(1) ()* (3) (2)*}  |Z|=27 dim=27 OK  mingens(deg:number)={0: 1}
SUMMARY k=2 r=3 p=101: nodes=14  slices whose dimension differs from the layer count: 0  same-Lambda-different-ideal: 0
VIGIA-FIN-OK exit=0 pico_kb=9088 t=0s
