node m=5 Lambda={(1) ()*}: lowest degree 8, 15 element(s)
      (57 terms)
      (83 terms)
      (50 terms)
      +y3^4y5^4 -y2y3^4y5^3 +y2^2y3^4y5^2 -y2^3y3^4y5 +y2^4y3^4 -y1y3^3y5^4 +y1y2y3^3y5^3 -y1y2^2y3^3y5^2 +y1y2^3y3^3y5 -y1y2^4y3^3 +y1^2y3^2y5^4 -y1^2y2y3^2y5^3 +y1^2y2^2y3^2y5^2 -y1^2y2^3y3^2y5 +y1^2y2^4y3^2 -y1^3y3y5^4 +y1^3y2y3y5^3 -y1^3y2^2y3y5^2 +y1^3y2^3y3y5 -y1^3y2^4y3 +y1^4y5^4 -y1^4y2y5^3 +y1^4y2^2y5^2 -y1^4y2^3y5 +y1^4y2^4
      (50 terms)
      +y3^4y4^4 -y2y3^4y4^3 +y2^2y3^4y4^2 -y2^3y3^4y4 +y2^4y3^4 -y1y3^3y4^4 +y1y2y3^3y4^3 -y1y2^2y3^3y4^2 +y1y2^3y3^3y4 -y1y2^4y3^3 +y1^2y3^2y4^4 -y1^2y2y3^2y4^3 +y1^2y2^2y3^2y4^2 -y1^2y2^3y3^2y4 +y1^2y2^4y3^2 -y1^3y3y4^4 +y1^3y2y3y4^3 -y1^3y2^2y3y4^2 +y1^3y2^3y3y4 -y1^3y2^4y3 +y1^4y4^4 -y1^4y2y4^3 +y1^4y2^2y4^2 -y1^4y2^3y4 +y1^4y2^4
      (50 terms)
      (83 terms)
node m=4 Lambda={()}: lowest degree 8, 3 element(s)
      +y4^4y5^4 -y3y4^4y5^3 +y3^2y4^4y5^2 -y3^3y4^4y5 +y3^4y4^4 -y2y4^3y5^4 +y2y3y4^3y5^3 -y2y3^2y4^3y5^2 +y2y3^3y4^3y5 -y2y3^4y4^3 +y2^2y4^2y5^4 -y2^2y3y4^2y5^3 +y2^2y3^2y4^2y5^2 -y2^2y3^3y4^2y5 +y2^2y3^4y4^2 -y2^3y4y5^4 +y2^3y3y4y5^3 -y2^3y3^2y4y5^2 +y2^3y3^3y4y5 -y2^3y3^4y4 +y2^4y5^4 -y2^4y3y5^3 +y2^4y3^2y5^2 -y2^4y3^3y5 +y2^4y3^4
      (53 terms)
      +y3^4y5^4 -y3^4y4y5^3 +y3^4y4^2y5^2 -y3^4y4^3y5 +y3^4y4^4 -y2y3^3y5^4 +y2y3^3y4y5^3 -y2y3^3y4^2y5^2 +y2y3^3y4^3y5 -y2y3^3y4^4 +y2^2y3^2y5^4 -y2^2y3^2y4y5^3 +y2^2y3^2y4^2y5^2 -y2^2y3^2y4^3y5 +y2^2y3^2y4^4 -y2^3y3y5^4 +y2^3y3y4y5^3 -y2^3y3y4^2y5^2 +y2^3y3y4^3y5 -y2^3y3y4^4 +y2^4y5^4 -y2^4y4y5^3 +y2^4y4^2y5^2 -y2^4y4^3y5 +y2^4y4^4
node m=3 Lambda={(1) ()*}: lowest degree 4, 3 element(s)
      +y5^4 -y3y5^3 +y3^2y5^2 -y3^3y5 +y3^4
      +y4y5^3 -y4^2y5^2 +y4^3y5 -y3y5^3 -y3y4^3 +y3^2y5^2 +y3^2y4^2 -y3^3y5 -y3^3y4 +2y3^4
      +y4^4 -y3y4^3 +y3^2y4^2 -y3^3y4 +y3^4
node m=2 Lambda={()}: lowest degree 4, 1 element(s)
      +y5^4 -y4y5^3 +y4^2y5^2 -y4^3y5 +y4^4
node m=1 Lambda={(1) ()*}: lowest degree 0, 1 element(s)
      +1
node m=2 Lambda={() (1,1) (1)*}: lowest degree 1, 1 element(s)
      +y5 -y4
node m=1 Lambda={()*}: lowest degree 4, 1 element(s)
      +y5^4
node m=2 Lambda={() (1,1) (2) (1)*}: lowest degree 0, 1 element(s)
      +1
node m=4 Lambda={() (1,1) (1)*}: lowest degree 5, 6 element(s)
      +y4y5^4 -y3y4y5^3 +y3^2y4y5^2 -y3^3y4y5 +y3^4y4 -y2y5^4 +y2y3y5^3 -y2y3^2y5^2 +y2y3^3y5 -y2y3^4
      +y4^4y5 -y3y4^4 -y2y4^3y5 +y2y3y4^3 +y2^2y4^2y5 -y2^2y3y4^2 -y2^3y4y5 +y2^3y3y4 +y2^4y5 -y2^4y3
      +y3y5^4 -y3y4y5^3 +y3^2y4y5^2 -y3^3y4y5 +y3^4y4 -y2y5^4 +y2y4y5^3 -y2y3^2y5^2 +y2y3^3y5 -y2y3^4 -y2^2y4y5^2 +y2^2y3y5^2 +y2^3y4y5 -y2^3y3y5 -y2^4y4 +y2^4y3
      +y3y4^2y5^2 -y3^2y4y5^2 -y3^2y4^2y5 +2y3^3y4y5 -2y3^4y4 -y2y4^2y5^2 +y2y3^2y5^2 +y2y3^2y4^2 -2y2y3^3y5 +2y2y3^4 +y2^2y4y5^2 +y2^2y4^2y5 -y2^2y3y5^2 -y2^2y3y4^2 +y2^2y3^2y5 -y2^2y3^2y4 -2y2^3y4y5 +2y2^3y3y4 +2y2^4y5 -2y2^4y3
      +y3y4^3y5 -y3y4^4 -y3^2y4^2y5 +y3^3y4y5 -y3^4y4 -y2y4^3y5 +y2y4^4 +y2y3^2y4^2 -y2y3^3y5 +y2y3^4 +y2^2y4^2y5 -y2^2y3y4^2 +y2^2y3^2y5 -y2^2y3^2y4 -y2^3y4y5 -y2^3y3y5 +2y2^3y3y4 +2y2^4y5 -y2^4y4 -y2^4y3
      +y3^4y5 -y3^4y4 -y2y3^3y5 +y2y3^3y4 +y2^2y3^2y5 -y2^2y3^2y4 -y2^3y3y5 +y2^3y3y4 +y2^4y5 -y2^4y4
node m=3 Lambda={()*}: lowest degree 7, 1 element(s)
      +y4^3y5^4 -y4^4y5^3 -y3y4^2y5^4 +y3y4^4y5^2 +y3^2y4y5^4 -y3^2y4^4y5 -y3^3y5^4 +y3^3y4^4 +y3^4y5^3 -y3^4y4y5^2 +y3^4y4^2y5 -y3^4y4^3
node m=2 Lambda={() (1)*}: lowest degree 3, 1 element(s)
      +y5^3 -y4y5^2 +y4^2y5 -y4^3
node m=3 Lambda={(1) ()* (1,1)*}: lowest degree 3, 1 element(s)
      +y4y5^2 -y4^2y5 -y3y5^2 +y3y4^2 +y3^2y5 -y3^2y4
node m=3 Lambda={(1) ()* (2,1) (1,1)* (2)*}: lowest degree 1, 2 element(s)
      +y5 -y3
      +y4 -y3
node m=4 Lambda={() (1,1) (2) (1)*}: lowest degree 4, 6 element(s)
      +y5^4 -y2y5^3 +y2^2y5^2 -y2^3y5 +y2^4
      +y4y5^3 -y4^2y5^2 +y4^3y5 -y2y5^3 -y2y4^3 +y2^2y5^2 +y2^2y4^2 -y2^3y5 -y2^3y4 +2y2^4
      +y4^4 -y2y4^3 +y2^2y4^2 -y2^3y4 +y2^4
      +y3y5^3 -y3^2y5^2 +y3^3y5 -y2y5^3 -y2y3^3 +y2^2y5^2 +y2^2y3^2 -y2^3y5 -y2^3y3 +2y2^4
      +y3y4^3 -y3^2y4^2 +y3^3y4 -y2y4^3 -y2y3^3 +y2^2y4^2 +y2^2y3^2 -y2^3y4 -y2^3y3 +2y2^4
      +y3^4 -y2y3^3 +y2^2y3^2 -y2^3y3 +y2^4
node m=3 Lambda={(1) ()* (2,1) (3) (1,1)* (2)*}: lowest degree 0, 1 element(s)
      +1
node m=5 Lambda={(1) ()*}: lowest degree 4, 15 element(s)
      +y4^2y5^2 -y2y3^2y4 -y2^2y3y5 +3y2^2y3^2 -y1y4y5^2 -y1y4^2y5 +y1y3^2y4 +y1y2y3y5 +y1y2y3y4 -2y1y2y3^2 +y1y2^2y5 -2y1y2^2y3 +y1^2y5^2 +2y1^2y4y5 +y1^2y4^2 -y1^2y3y5 -2y1^2y3y4 +y1^2y3^2 -2y1^2y2y5 -y1^2y2y4 +2y1^2y2y3 +y1^2y2^2
      +y3y4y5^2 -2y2y3^2y4 -2y2^2y3y5 +y2^2y3y4 +4y2^2y3^2 -y1y4y5^2 -y1y3y5^2 -y1y3y4y5 +2y1y3^2y4 +2y1y2y3y5 +y1y2y3y4 -2y1y2y3^2 +2y1y2^2y5 -y1y2^2y4 -3y1y2^2y3 +2y1^2y5^2 +2y1^2y4y5 -2y1^2y3y4 -4y1^2y2y5 +2y1^2y2y3 +2y1^2y2^2
      +y3y4^2y5 -2y2y3^2y4 -y2^2y3y5 +4y2^2y3^2 -y1y4^2y5 -y1y3y4y5 -y1y3y4^2 +2y1y3^2y4 +y1y2y3y5 +2y1y2y3y4 -2y1y2y3^2 +y1y2^2y5 -3y1y2^2y3 +2y1^2y4y5 +2y1^2y4^2 -2y1^2y3y4 -2y1^2y2y5 -2y1^2y2y4 +2y1^2y2y3 +2y1^2y2^2
      +y3^2y5^2 -y2y3^2y4 -y2^2y3y5 +y2^2y3y4 +y2^2y3^2 -y1y3y5^2 -y1y3^2y5 +y1y3^2y4 +y1y2y3y5 +y1y2^2y5 -y1y2^2y4 -y1y2^2y3 +y1^2y5^2 +y1^2y3y5 -y1^2y3y4 -2y1^2y2y5 +y1^2y2y4 +y1^2y2^2
      +y3^2y4y5 -2y2y3^2y4 -y2^2y3y5 +y2^2y3y4 +2y2^2y3^2 -y1y3y4y5 -y1y3^2y5 +y1y3^2y4 +y1y2y3y5 +y1y2y3y4 +y1y2^2y5 -y1y2^2y4 -2y1y2^2y3 +y1^2y4y5 +y1^2y3y5 -y1^2y3y4 -2y1^2y2y5 +2y1^2y2^2
      +y3^2y4^2 -y2y3^2y4 +y2^2y3^2 -y1y3y4^2 +y1y2y3y4 -y1y2^2y3 +y1^2y4^2 -y1^2y2y4 +y1^2y2^2
      +y2y4y5^2 -y2y3^2y4 -2y2^2y3y5 +4y2^2y3^2 -y1y4y5^2 +y1y3^2y4 -y1y2y5^2 -y1y2y4y5 +2y1y2y3y5 +y1y2y3y4 -3y1y2y3^2 +2y1y2^2y5 -2y1y2^2y3 +2y1^2y5^2 +2y1^2y4y5 -2y1^2y3y5 -2y1^2y3y4 +2y1^2y3^2 -2y1^2y2y5 +2y1^2y2y3
      +y2y4^2y5 -y2y3^2y4 -y2^2y3y5 -y2^2y3y4 +4y2^2y3^2 -y1y4^2y5 +y1y3^2y4 -y1y2y4y5 -y1y2y4^2 +y1y2y3y5 +2y1y2y3y4 -3y1y2y3^2 +y1y2^2y5 +y1y2^2y4 -2y1y2^2y3 +2y1^2y4y5 +2y1^2y4^2 -y1^2y3y5 -3y1^2y3y4 +2y1^2y3^2 -y1^2y2y5 -y1^2y2y4 +2y1^2y2y3
node m=4 Lambda={()}: lowest degree 4, 3 element(s)
      +y4^2y5^2 -y3y4^2y5 +y3^2y4^2 -y2y4y5^2 +y2y3y4y5 -y2y3^2y4 +y2^2y5^2 -y2^2y3y5 +y2^2y3^2
      +y3y4y5^2 -y3y4^2y5 -y3^2y4y5 +2y3^2y4^2 -y2y4y5^2 +y2y4^2y5 -y2y3y5^2 +y2y3y4y5 -y2y3y4^2 +y2y3^2y5 -y2y3^2y4 +2y2^2y5^2 -y2^2y4y5 -y2^2y3y5 +y2^2y3y4
      +y3^2y5^2 -y3^2y4y5 +y3^2y4^2 -y2y3y5^2 +y2y3y4y5 -y2y3y4^2 +y2^2y5^2 -y2^2y4y5 +y2^2y4^2
node m=3 Lambda={(1) ()*}: lowest degree 2, 3 element(s)
      +y5^2 -y3y5 +y3^2
      +y4y5 -y3y5 -y3y4 +2y3^2
      +y4^2 -y3y4 +y3^2
node m=2 Lambda={()}: lowest degree 2, 1 element(s)
      +y5^2 -y4y5 +y4^2
node m=1 Lambda={(1) ()*}: lowest degree 0, 1 element(s)
      +1
node m=2 Lambda={() (1)*}: lowest degree 1, 1 element(s)
      +y5 -y4
node m=1 Lambda={()*}: lowest degree 2, 1 element(s)
      +y5^2
node m=2 Lambda={() (2) (1)*}: lowest degree 0, 1 element(s)
      +1
node m=4 Lambda={() (1)*}: lowest degree 3, 6 element(s)
      +y4y5^2 -y3^2y4 -y2y5^2 -y2y4y5 +y2y3y4 +y2y3^2 +2y2^2y5 -2y2^2y3
      +y4^2y5 -y3^2y4 -y2y4y5 -y2y4^2 +y2y3y4 +y2y3^2 +y2^2y5 +y2^2y4 -2y2^2y3
      +y3y5^2 -y3^2y4 -y2y5^2 -y2y3y5 +y2y3y4 +y2y3^2 +2y2^2y5 -y2^2y4 -y2^2y3
      +y3y4y5 -2y3^2y4 -y2y4y5 -y2y3y5 +y2y3y4 +2y2y3^2 +2y2^2y5 -2y2^2y3
      +y3y4^2 -y3^2y4 -y2y4^2 +y2y3^2 +y2^2y4 -y2^2y3
      +y3^2y5 -y3^2y4 -y2y3y5 +y2y3y4 +y2^2y5 -y2^2y4
node m=3 Lambda={()*}: lowest degree 3, 1 element(s)
      +y4y5^2 -y4^2y5 -y3y5^2 +y3y4^2 +y3^2y5 -y3^2y4
node m=3 Lambda={(1) ()* (2)*}: lowest degree 1, 2 element(s)
      +y5 -y3
      +y4 -y3
node m=4 Lambda={() (2) (1)*}: lowest degree 2, 6 element(s)
      +y5^2 -y2y5 +y2^2
      +y4y5 -y2y5 -y2y4 +2y2^2
      +y4^2 -y2y4 +y2^2
      +y3y5 -y2y5 -y2y3 +2y2^2
      +y3y4 -y2y4 -y2y3 +2y2^2
      +y3^2 -y2y3 +y2^2
node m=3 Lambda={(1) ()* (3) (2)*}: lowest degree 0, 1 element(s)
      +1
VIGIA-FIN-OK exit=0 pico_kb=30336 t=0s
