m=0 J=0: dim I=1 |Z|=1 OK
m=1 J=0: dim I=1 |Z|=1 OK  W_2>=I(m-1,1): True
m=1 J=1: dim I=3 |Z|=3 OK  W_2>=I(m-1,2): True  W_1>=I(m-1,1): True  W_0>=I(m-1,0): True
m=2 J=0: dim I=3 |Z|=3 OK  W_2>=I(m-1,1): True
m=2 J=1: dim I=7 |Z|=7 OK  W_2>=I(m-1,2): True  W_1>=I(m-1,1): True  W_0>=I(m-1,0): True
m=2 J=2: dim I=9 |Z|=9 OK  W_2>=I(m-1,3): True  W_1>=I(m-1,2): True  W_0>=I(m-1,1): True
m=3 J=0: dim I=7 |Z|=7 OK  W_2>=I(m-1,1): True
m=3 J=1: dim I=19 |Z|=19 OK  W_2>=I(m-1,2): True  W_1>=I(m-1,1): True  W_0>=I(m-1,0): True
m=3 J=2: dim I=25 |Z|=25 OK  W_2>=I(m-1,3): True  W_1>=I(m-1,2): True  W_0>=I(m-1,1): True
m=3 J=3: dim I=27 |Z|=27 OK  W_2>=I(m-1,4): True  W_1>=I(m-1,3): True  W_0>=I(m-1,2): True
m=4 J=0: dim I=19 |Z|=19 OK  W_2>=I(m-1,1): True
m=4 J=1: dim I=51 |Z|=51 OK  W_2>=I(m-1,2): True  W_1>=I(m-1,1): True  W_0>=I(m-1,0): True
m=4 J=2: dim I=71 |Z|=71 OK  W_2>=I(m-1,3): True  W_1>=I(m-1,2): True  W_0>=I(m-1,1): True
m=4 J=3: dim I=79 |Z|=79 OK  W_2>=I(m-1,4): True  W_1>=I(m-1,3): True  W_0>=I(m-1,2): True
m=4 J=4: dim I=81 |Z|=81 OK  W_2>=I(m-1,5): True  W_1>=I(m-1,4): True  W_0>=I(m-1,3): True
m=5 J=0: dim I=51 |Z|=51 OK  W_2>=I(m-1,1): True
m=5 J=1: dim I=141 |Z|=141 OK  W_2>=I(m-1,2): True  W_1>=I(m-1,1): True  W_0>=I(m-1,0): True
m=5 J=2: dim I=201 |Z|=201 OK  W_2>=I(m-1,3): True  W_1>=I(m-1,2): True  W_0>=I(m-1,1): True
m=5 J=3: dim I=231 |Z|=231 OK  W_2>=I(m-1,4): True  W_1>=I(m-1,3): True  W_0>=I(m-1,2): True
m=5 J=4: dim I=241 |Z|=241 OK  W_2>=I(m-1,5): True  W_1>=I(m-1,4): True  W_0>=I(m-1,3): True
m=5 J=5: dim I=243 |Z|=243 OK  W_2>=I(m-1,6): True  W_1>=I(m-1,5): True  W_0>=I(m-1,4): True
m=6 J=0: dim I=141 |Z|=141 OK  W_2>=I(m-1,1): True
m=6 J=1: dim I=393 |Z|=393 OK  W_2>=I(m-1,2): True  W_1>=I(m-1,1): True  W_0>=I(m-1,0): True
m=6 J=2: dim I=573 |Z|=573 OK  W_2>=I(m-1,3): True  W_1>=I(m-1,2): True  W_0>=I(m-1,1): True
m=6 J=3: dim I=673 |Z|=673 OK  W_2>=I(m-1,4): True  W_1>=I(m-1,3): True  W_0>=I(m-1,2): True
m=6 J=4: dim I=715 |Z|=715 OK  W_2>=I(m-1,5): True  W_1>=I(m-1,4): True  W_0>=I(m-1,3): True
m=6 J=5: dim I=727 |Z|=727 OK  W_2>=I(m-1,6): True  W_1>=I(m-1,5): True  W_0>=I(m-1,4): True
m=6 J=6: dim I=729 |Z|=729 OK  W_2>=I(m-1,7): True  W_1>=I(m-1,6): True  W_0>=I(m-1,5): True
m=7 J=0: dim I=393 |Z|=393 OK  W_2>=I(m-1,1): True
m=7 J=1: dim I=1107 |Z|=1107 OK  W_2>=I(m-1,2): True  W_1>=I(m-1,1): True  W_0>=I(m-1,0): True
m=7 J=2: dim I=1639 |Z|=1639 OK  W_2>=I(m-1,3): True  W_1>=I(m-1,2): True  W_0>=I(m-1,1): True
m=7 J=3: dim I=1961 |Z|=1961 OK  W_2>=I(m-1,4): True  W_1>=I(m-1,3): True  W_0>=I(m-1,2): True
m=7 J=4: dim I=2115 |Z|=2115 OK  W_2>=I(m-1,5): True  W_1>=I(m-1,4): True  W_0>=I(m-1,3): True
m=7 J=5: dim I=2171 |Z|=2171 OK  W_2>=I(m-1,6): True  W_1>=I(m-1,5): True  W_0>=I(m-1,4): True
m=7 J=6: dim I=2185 |Z|=2185 OK  W_2>=I(m-1,7): True  W_1>=I(m-1,6): True  W_0>=I(m-1,5): True
m=7 J=7: dim I=2187 |Z|=2187 OK  W_2>=I(m-1,8): True  W_1>=I(m-1,7): True  W_0>=I(m-1,6): True
T3 GATE p=2: 36 ideals; dimension != |Z| in 0; slice containments that fail: 0
m=0 J=0: dim I=1 |Z|=1 OK
m=1 J=0: dim I=1 |Z|=1 OK  W_2>=I(m-1,1): True
m=1 J=1: dim I=3 |Z|=3 OK  W_2>=I(m-1,2): True  W_1>=I(m-1,1): True  W_0>=I(m-1,0): True
m=2 J=0: dim I=3 |Z|=3 OK  W_2>=I(m-1,1): True
m=2 J=1: dim I=7 |Z|=7 OK  W_2>=I(m-1,2): True  W_1>=I(m-1,1): True  W_0>=I(m-1,0): True
m=2 J=2: dim I=9 |Z|=9 OK  W_2>=I(m-1,3): True  W_1>=I(m-1,2): True  W_0>=I(m-1,1): True
m=3 J=0: dim I=7 |Z|=7 OK  W_2>=I(m-1,1): True
m=3 J=1: dim I=19 |Z|=19 OK  W_2>=I(m-1,2): True  W_1>=I(m-1,1): True  W_0>=I(m-1,0): True
m=3 J=2: dim I=25 |Z|=25 OK  W_2>=I(m-1,3): True  W_1>=I(m-1,2): True  W_0>=I(m-1,1): True
m=3 J=3: dim I=27 |Z|=27 OK  W_2>=I(m-1,4): True  W_1>=I(m-1,3): True  W_0>=I(m-1,2): True
m=4 J=0: dim I=19 |Z|=19 OK  W_2>=I(m-1,1): True
m=4 J=1: dim I=51 |Z|=51 OK  W_2>=I(m-1,2): True  W_1>=I(m-1,1): True  W_0>=I(m-1,0): True
m=4 J=2: dim I=71 |Z|=71 OK  W_2>=I(m-1,3): True  W_1>=I(m-1,2): True  W_0>=I(m-1,1): True
m=4 J=3: dim I=79 |Z|=79 OK  W_2>=I(m-1,4): True  W_1>=I(m-1,3): True  W_0>=I(m-1,2): True
m=4 J=4: dim I=81 |Z|=81 OK  W_2>=I(m-1,5): True  W_1>=I(m-1,4): True  W_0>=I(m-1,3): True
m=5 J=0: dim I=51 |Z|=51 OK  W_2>=I(m-1,1): True
m=5 J=1: dim I=141 |Z|=141 OK  W_2>=I(m-1,2): True  W_1>=I(m-1,1): True  W_0>=I(m-1,0): True
m=5 J=2: dim I=201 |Z|=201 OK  W_2>=I(m-1,3): True  W_1>=I(m-1,2): True  W_0>=I(m-1,1): True
m=5 J=3: dim I=231 |Z|=231 OK  W_2>=I(m-1,4): True  W_1>=I(m-1,3): True  W_0>=I(m-1,2): True
m=5 J=4: dim I=241 |Z|=241 OK  W_2>=I(m-1,5): True  W_1>=I(m-1,4): True  W_0>=I(m-1,3): True
m=5 J=5: dim I=243 |Z|=243 OK  W_2>=I(m-1,6): True  W_1>=I(m-1,5): True  W_0>=I(m-1,4): True
m=6 J=0: dim I=141 |Z|=141 OK  W_2>=I(m-1,1): True
m=6 J=1: dim I=393 |Z|=393 OK  W_2>=I(m-1,2): True  W_1>=I(m-1,1): True  W_0>=I(m-1,0): True
m=6 J=2: dim I=573 |Z|=573 OK  W_2>=I(m-1,3): True  W_1>=I(m-1,2): True  W_0>=I(m-1,1): True
m=6 J=3: dim I=673 |Z|=673 OK  W_2>=I(m-1,4): True  W_1>=I(m-1,3): True  W_0>=I(m-1,2): True
m=6 J=4: dim I=715 |Z|=715 OK  W_2>=I(m-1,5): True  W_1>=I(m-1,4): True  W_0>=I(m-1,3): True
m=6 J=5: dim I=727 |Z|=727 OK  W_2>=I(m-1,6): True  W_1>=I(m-1,5): True  W_0>=I(m-1,4): True
m=6 J=6: dim I=729 |Z|=729 OK  W_2>=I(m-1,7): True  W_1>=I(m-1,6): True  W_0>=I(m-1,5): True
m=7 J=0: dim I=393 |Z|=393 OK  W_2>=I(m-1,1): True
m=7 J=1: dim I=1107 |Z|=1107 OK  W_2>=I(m-1,2): True  W_1>=I(m-1,1): True  W_0>=I(m-1,0): True
m=7 J=2: dim I=1639 |Z|=1639 OK  W_2>=I(m-1,3): True  W_1>=I(m-1,2): True  W_0>=I(m-1,1): True
m=7 J=3: dim I=1961 |Z|=1961 OK  W_2>=I(m-1,4): True  W_1>=I(m-1,3): True  W_0>=I(m-1,2): True
m=7 J=4: dim I=2115 |Z|=2115 OK  W_2>=I(m-1,5): True  W_1>=I(m-1,4): True  W_0>=I(m-1,3): True
m=7 J=5: dim I=2171 |Z|=2171 OK  W_2>=I(m-1,6): True  W_1>=I(m-1,5): True  W_0>=I(m-1,4): True
m=7 J=6: dim I=2185 |Z|=2185 OK  W_2>=I(m-1,7): True  W_1>=I(m-1,6): True  W_0>=I(m-1,5): True
m=7 J=7: dim I=2187 |Z|=2187 OK  W_2>=I(m-1,8): True  W_1>=I(m-1,7): True  W_0>=I(m-1,6): True
T3 GATE p=3: 36 ideals; dimension != |Z| in 0; slice containments that fail: 0
   CONTROL (y_a^2 + y_a y_b + y_b^2 instead of D), p=3: cells (m, J, dim, |Z|) that differ: [(2, 1, 6, 7), (3, 0, 10, 7), (3, 1, 18, 19), (3, 2, 24, 25), (4, 0, 21, 19), (4, 1, 48, 51), (4, 2, 69, 71), (4, 3, 78, 79)] ... 13 in all
m=0 J=0: dim I=1 |Z|=1 OK
m=1 J=0: dim I=1 |Z|=1 OK  W_2>=I(m-1,1): True
m=1 J=1: dim I=3 |Z|=3 OK  W_2>=I(m-1,2): True  W_1>=I(m-1,1): True  W_0>=I(m-1,0): True
m=2 J=0: dim I=3 |Z|=3 OK  W_2>=I(m-1,1): True
m=2 J=1: dim I=7 |Z|=7 OK  W_2>=I(m-1,2): True  W_1>=I(m-1,1): True  W_0>=I(m-1,0): True
m=2 J=2: dim I=9 |Z|=9 OK  W_2>=I(m-1,3): True  W_1>=I(m-1,2): True  W_0>=I(m-1,1): True
m=3 J=0: dim I=7 |Z|=7 OK  W_2>=I(m-1,1): True
m=3 J=1: dim I=19 |Z|=19 OK  W_2>=I(m-1,2): True  W_1>=I(m-1,1): True  W_0>=I(m-1,0): True
m=3 J=2: dim I=25 |Z|=25 OK  W_2>=I(m-1,3): True  W_1>=I(m-1,2): True  W_0>=I(m-1,1): True
m=3 J=3: dim I=27 |Z|=27 OK  W_2>=I(m-1,4): True  W_1>=I(m-1,3): True  W_0>=I(m-1,2): True
m=4 J=0: dim I=19 |Z|=19 OK  W_2>=I(m-1,1): True
m=4 J=1: dim I=51 |Z|=51 OK  W_2>=I(m-1,2): True  W_1>=I(m-1,1): True  W_0>=I(m-1,0): True
m=4 J=2: dim I=71 |Z|=71 OK  W_2>=I(m-1,3): True  W_1>=I(m-1,2): True  W_0>=I(m-1,1): True
m=4 J=3: dim I=79 |Z|=79 OK  W_2>=I(m-1,4): True  W_1>=I(m-1,3): True  W_0>=I(m-1,2): True
m=4 J=4: dim I=81 |Z|=81 OK  W_2>=I(m-1,5): True  W_1>=I(m-1,4): True  W_0>=I(m-1,3): True
m=5 J=0: dim I=51 |Z|=51 OK  W_2>=I(m-1,1): True
m=5 J=1: dim I=141 |Z|=141 OK  W_2>=I(m-1,2): True  W_1>=I(m-1,1): True  W_0>=I(m-1,0): True
m=5 J=2: dim I=201 |Z|=201 OK  W_2>=I(m-1,3): True  W_1>=I(m-1,2): True  W_0>=I(m-1,1): True
m=5 J=3: dim I=231 |Z|=231 OK  W_2>=I(m-1,4): True  W_1>=I(m-1,3): True  W_0>=I(m-1,2): True
m=5 J=4: dim I=241 |Z|=241 OK  W_2>=I(m-1,5): True  W_1>=I(m-1,4): True  W_0>=I(m-1,3): True
m=5 J=5: dim I=243 |Z|=243 OK  W_2>=I(m-1,6): True  W_1>=I(m-1,5): True  W_0>=I(m-1,4): True
m=6 J=0: dim I=141 |Z|=141 OK  W_2>=I(m-1,1): True
m=6 J=1: dim I=393 |Z|=393 OK  W_2>=I(m-1,2): True  W_1>=I(m-1,1): True  W_0>=I(m-1,0): True
m=6 J=2: dim I=573 |Z|=573 OK  W_2>=I(m-1,3): True  W_1>=I(m-1,2): True  W_0>=I(m-1,1): True
m=6 J=3: dim I=673 |Z|=673 OK  W_2>=I(m-1,4): True  W_1>=I(m-1,3): True  W_0>=I(m-1,2): True
m=6 J=4: dim I=715 |Z|=715 OK  W_2>=I(m-1,5): True  W_1>=I(m-1,4): True  W_0>=I(m-1,3): True
m=6 J=5: dim I=727 |Z|=727 OK  W_2>=I(m-1,6): True  W_1>=I(m-1,5): True  W_0>=I(m-1,4): True
m=6 J=6: dim I=729 |Z|=729 OK  W_2>=I(m-1,7): True  W_1>=I(m-1,6): True  W_0>=I(m-1,5): True
T3 GATE p=101: 28 ideals; dimension != |Z| in 0; slice containments that fail: 0
   CONTROL (y_a^2 + y_a y_b + y_b^2 instead of D), p=101: cells (m, J, dim, |Z|) that differ: [(3, 0, 10, 7), (4, 0, 21, 19), (4, 1, 55, 51), (4, 2, 72, 71), (5, 0, 86, 51), (5, 1, 151, 141), (5, 2, 206, 201), (5, 3, 232, 231)] ... 8 in all
VIGIA-FIN-OK exit=0 pico_kb=33472 t=94s
