r=3 l=0 t=1 p=2: n=3, Pf nonzero True, in the ideal True; control (|S| = l+3): in the smaller ideal True
r=3 l=0 t=1 p=3: n=3, Pf nonzero True, in the ideal True; control (|S| = l+3): in the smaller ideal True
r=3 l=0 t=2 p=2: n=5, Pf nonzero False, in the ideal True
r=3 l=0 t=2 p=3: n=5, Pf nonzero False, in the ideal True
r=5 l=0 t=1 p=2: n=3, Pf nonzero True, in the ideal True; control (|S| = l+3): in the smaller ideal True
r=5 l=0 t=1 p=5: n=3, Pf nonzero True, in the ideal True; control (|S| = l+3): in the smaller ideal True
r=5 l=0 t=1 p=101: n=3, Pf nonzero True, in the ideal True; control (|S| = l+3): in the smaller ideal True
r=5 l=1 t=1 p=2: n=4, Pf nonzero True, in the ideal True; control (|S| = l+3): in the smaller ideal True
r=5 l=1 t=1 p=3: n=4, Pf nonzero True, in the ideal True; control (|S| = l+3): in the smaller ideal True
r=5 l=1 t=1 p=101: n=4, Pf nonzero True, in the ideal True; control (|S| = l+3): in the smaller ideal True
r=5 l=0 t=2 p=2: n=5, Pf nonzero True, in the ideal True; control (|S| = l+3): in the smaller ideal True
r=5 l=0 t=2 p=5: n=5, Pf nonzero True, in the ideal True; control (|S| = l+3): in the smaller ideal True
r=5 l=2 t=1 p=2: n=5, Pf nonzero False, in the ideal True
r=5 l=2 t=1 p=5: n=5, Pf nonzero False, in the ideal True
r=7 l=0 t=1 p=2: n=3, Pf nonzero True, in the ideal True; control (|S| = l+3): in the smaller ideal True
r=7 l=0 t=1 p=7: n=3, Pf nonzero True, in the ideal True; control (|S| = l+3): in the smaller ideal True
r=7 l=1 t=1 p=2: n=4, Pf nonzero True, in the ideal True; control (|S| = l+3): in the smaller ideal True
r=7 l=1 t=1 p=7: n=4, Pf nonzero True, in the ideal True; control (|S| = l+3): in the smaller ideal True
r=9 l=0 t=1 p=2: n=3, Pf nonzero True, in the ideal True; control (|S| = l+3): in the smaller ideal True
r=9 l=0 t=1 p=3: n=3, Pf nonzero True, in the ideal True; control (|S| = l+3): in the smaller ideal True
r=9 l=1 t=1 p=2: n=4, Pf nonzero True, in the ideal True; control (|S| = l+3): in the smaller ideal True
Lemma 5.1: 21 hold, 0 fail; control fired in 0 of 17
FIN-OK
VIGIA-FIN-OK exit=0 pico_kb=190096 t=4s
