r=3 n=2 s=0 E=() case=a: identity OK; Pf non-zero: True; non-divisible dets: 0; controls (True, None)
r=3 n=2 s=1 E=(1,) case=b: identity OK; Pf non-zero: True; non-divisible dets: 0; controls (True, None)
r=3 n=3 s=0 E=() case=b: identity OK; Pf non-zero: True; non-divisible dets: 0; controls (True, True)
r=3 n=3 s=1 E=(0,) case=a: identity OK; Pf non-zero: False; non-divisible dets: 0; controls (None, None)
r=3 n=3 s=1 E=(1,) case=a: identity OK; Pf non-zero: False; non-divisible dets: 0; controls (None, None)
r=3 n=4 s=0 E=() case=a: identity OK; Pf non-zero: False; non-divisible dets: 0; controls (None, None)
r=3 n=4 s=1 E=(0,) case=b: identity OK; Pf non-zero: False; non-divisible dets: 0; controls (None, None)
r=3 n=4 s=2 E=(0, 1) case=a: identity OK; Pf non-zero: False; non-divisible dets: 0; controls (None, None)
r=3 n=4 s=2 E=(0, 2) case=a: identity OK; Pf non-zero: False; non-divisible dets: 0; controls (None, None)
r=3 n=5 s=0 E=() case=b: identity OK; Pf non-zero: False; non-divisible dets: 0; controls (None, None)
r=3 n=5 s=1 E=(0,) case=a: identity OK; Pf non-zero: False; non-divisible dets: 0; controls (None, None)
r=3 n=5 s=1 E=(0,) case=a: identity OK; Pf non-zero: False; non-divisible dets: 0; controls (None, None)
r=5 n=2 s=0 E=() case=a: identity OK; Pf non-zero: True; non-divisible dets: 0; controls (True, None)
r=5 n=2 s=1 E=(1,) case=b: identity OK; Pf non-zero: True; non-divisible dets: 0; controls (True, None)
r=5 n=3 s=0 E=() case=b: identity OK; Pf non-zero: True; non-divisible dets: 0; controls (True, True)
r=5 n=3 s=1 E=(0,) case=a: identity OK; Pf non-zero: True; non-divisible dets: 0; controls (True, None)
r=5 n=3 s=1 E=(1,) case=a: identity OK; Pf non-zero: True; non-divisible dets: 0; controls (True, None)
r=5 n=4 s=0 E=() case=a: identity OK; Pf non-zero: True; non-divisible dets: 0; controls (True, True)
r=5 n=4 s=1 E=(0,) case=b: identity OK; Pf non-zero: True; non-divisible dets: 0; controls (True, True)
r=5 n=4 s=2 E=(0, 1) case=a: identity OK; Pf non-zero: False; non-divisible dets: 0; controls (None, None)
r=5 n=4 s=2 E=(2, 3) case=a: identity OK; Pf non-zero: False; non-divisible dets: 0; controls (None, None)
r=5 n=5 s=0 E=() case=b: identity OK; Pf non-zero: True; non-divisible dets: 0; controls (True, True)
r=5 n=5 s=1 E=(0,) case=a: identity OK; Pf non-zero: False; non-divisible dets: 0; controls (None, None)
r=5 n=5 s=1 E=(4,) case=a: identity OK; Pf non-zero: True; non-divisible dets: 0; controls (True, True)
r=7 n=2 s=0 E=() case=a: identity OK; Pf non-zero: True; non-divisible dets: 0; controls (True, None)
r=7 n=2 s=1 E=(5,) case=b: identity OK; Pf non-zero: True; non-divisible dets: 0; controls (True, None)
r=7 n=3 s=0 E=() case=b: identity OK; Pf non-zero: True; non-divisible dets: 0; controls (True, True)
r=7 n=3 s=1 E=(0,) case=a: identity OK; Pf non-zero: True; non-divisible dets: 0; controls (True, None)
r=7 n=3 s=1 E=(5,) case=a: identity OK; Pf non-zero: True; non-divisible dets: 0; controls (True, None)
r=7 n=4 s=0 E=() case=a: identity OK; Pf non-zero: True; non-divisible dets: 0; controls (True, True)
r=7 n=4 s=1 E=(4,) case=b: identity OK; Pf non-zero: True; non-divisible dets: 0; controls (True, True)
r=7 n=4 s=2 E=(0, 1) case=a: identity OK; Pf non-zero: True; non-divisible dets: 0; controls (True, None)
r=7 n=4 s=2 E=(0, 4) case=a: identity OK; Pf non-zero: True; non-divisible dets: 0; controls (True, None)

cells 33; identity holds in 33; non-zero left side in 21; non-exact Vandermonde divisions: 0
control 1 (wrong power of zeta) fired 21/21; control 2 (one S dropped) fired 9/9
VIGIA-FIN-OK exit=0 pico_kb=56160 t=8s
