CELL r=3 m=1 h=1 primes=[2, 3, 101]
 shapes of level m: (1) ()*
 shapes with no point: none
 interlaced pairs: 3 (incl. empty); pairs of down-sets not interlaced: 1
 (G2) Lemma 2.3/2.4 on 3 interlaced pairs: chain failures 0, layers not interlaced 0, fibre mismatches 0
 (G2-control) non-interlaced pairs of down-sets: 1 of 1 break the chain, 0 of 1 have a non-interlaced layer
 pattern products per shape (up to sign): (1):1 ()*:1  [0.0s]
 non-homogeneous products: 0
 p=2 (G1) Theorem 6.1 on 3 interlaced pairs: dim<|Z|: 0   dim=|Z|: 3   dim>|Z|: 0   [0.0s]
 p=2 (G3) Prop 6.1: containments tested 6, FAILURES 0; slices with dim W != |Z_{Lambda_i}|: 0
 p=2 (G3-control) shifted slice r-2-i: 1 of 3 containments fail
 p=2 (G4-control) non-interlaced pairs of down-sets with dim != |Z|: 1 of 1 (of which dim<|Z|: 0)  e.g. {(1)} dim=3 |Z|=2
 p=2 (G5) root k=0: dim (D_J) = 3, dim V_root = 3, N_r(2k+2) = 3, V_root=(D_J): True, Hilbert [1, 1, 1]
 p=3 (G1) Theorem 6.1 on 3 interlaced pairs: dim<|Z|: 0   dim=|Z|: 3   dim>|Z|: 0   [0.0s]
 p=3 (G3) Prop 6.1: containments tested 6, FAILURES 0; slices with dim W != |Z_{Lambda_i}|: 0
 p=3 (G3-control) shifted slice r-2-i: 1 of 3 containments fail
 p=3 (G4-control) non-interlaced pairs of down-sets with dim != |Z|: 1 of 1 (of which dim<|Z|: 0)  e.g. {(1)} dim=3 |Z|=2
 p=3 (G5) root k=0: dim (D_J) = 3, dim V_root = 3, N_r(2k+2) = 3, V_root=(D_J): True, Hilbert [1, 1, 1]
 p=101 (G1) Theorem 6.1 on 3 interlaced pairs: dim<|Z|: 0   dim=|Z|: 3   dim>|Z|: 0   [0.0s]
 p=101 (G3) Prop 6.1: containments tested 6, FAILURES 0; slices with dim W != |Z_{Lambda_i}|: 0
 p=101 (G3-control) shifted slice r-2-i: 1 of 3 containments fail
 p=101 (G4-control) non-interlaced pairs of down-sets with dim != |Z|: 1 of 1 (of which dim<|Z|: 0)  e.g. {(1)} dim=3 |Z|=2
 p=101 (G5) root k=0: dim (D_J) = 3, dim V_root = 3, N_r(2k+2) = 3, V_root=(D_J): True, Hilbert [1, 1, 1]
TIME 0.0s
CELL r=3 m=2 h=1 primes=[2, 3, 101]
 shapes of level m: () (2) (1)*
 shapes with no point: none
 interlaced pairs: 4 (incl. empty); pairs of down-sets not interlaced: 2
 (G2) Lemma 2.3/2.4 on 4 interlaced pairs: chain failures 0, layers not interlaced 0, fibre mismatches 0
 (G2-control) non-interlaced pairs of down-sets: 2 of 2 break the chain, 1 of 2 have a non-interlaced layer
 pattern products per shape (up to sign): ():1 (2):1 (1)*:1  [0.0s]
 non-homogeneous products: 0
 p=2 (G1) Theorem 6.1 on 4 interlaced pairs: dim<|Z|: 0   dim=|Z|: 4   dim>|Z|: 0   [0.0s]
 p=2 (G3) Prop 6.1: containments tested 9, FAILURES 0; slices with dim W != |Z_{Lambda_i}|: 0
 p=2 (G3-control) shifted slice r-2-i: 2 of 5 containments fail
 p=2 (G4-control) non-interlaced pairs of down-sets with dim != |Z|: 2 of 2 (of which dim<|Z|: 0)  e.g. {() (2)} dim=9 |Z|=5
 p=3 (G1) Theorem 6.1 on 4 interlaced pairs: dim<|Z|: 0   dim=|Z|: 4   dim>|Z|: 0   [0.0s]
 p=3 (G3) Prop 6.1: containments tested 9, FAILURES 0; slices with dim W != |Z_{Lambda_i}|: 0
 p=3 (G3-control) shifted slice r-2-i: 2 of 5 containments fail
 p=3 (G4-control) non-interlaced pairs of down-sets with dim != |Z|: 2 of 2 (of which dim<|Z|: 0)  e.g. {() (2)} dim=9 |Z|=5
 p=101 (G1) Theorem 6.1 on 4 interlaced pairs: dim<|Z|: 0   dim=|Z|: 4   dim>|Z|: 0   [0.0s]
 p=101 (G3) Prop 6.1: containments tested 9, FAILURES 0; slices with dim W != |Z_{Lambda_i}|: 0
 p=101 (G3-control) shifted slice r-2-i: 2 of 5 containments fail
 p=101 (G4-control) non-interlaced pairs of down-sets with dim != |Z|: 2 of 2 (of which dim<|Z|: 0)  e.g. {() (2)} dim=9 |Z|=5
TIME 0.0s
CELL r=3 m=3 h=1 primes=[2, 3, 101]
 shapes of level m: (1) (3) ()* (2)*
 shapes with no point: none
 interlaced pairs: 5 (incl. empty); pairs of down-sets not interlaced: 4
 (G2) Lemma 2.3/2.4 on 5 interlaced pairs: chain failures 0, layers not interlaced 0, fibre mismatches 0
 (G2-control) non-interlaced pairs of down-sets: 4 of 4 break the chain, 2 of 4 have a non-interlaced layer
 pattern products per shape (up to sign): (1):3 (3):1 ()*:4 (2)*:3  [0.0s]
 non-homogeneous products: 0
 p=2 (G1) Theorem 6.1 on 5 interlaced pairs: dim<|Z|: 0   dim=|Z|: 5   dim>|Z|: 0   [0.0s]
 p=2 (G3) Prop 6.1: containments tested 12, FAILURES 0; slices with dim W != |Z_{Lambda_i}|: 0
 p=2 (G3-control) shifted slice r-2-i: 4 of 7 containments fail
 p=2 (G4-control) non-interlaced pairs of down-sets with dim != |Z|: 4 of 4 (of which dim<|Z|: 0)  e.g. {(1)} dim=19 |Z|=12
 p=2 (G5) root k=1: dim (D_J) = 19, dim V_root = 19, N_r(2k+2) = 19, V_root=(D_J): True, Hilbert [3, 6, 6, 3, 1]
 p=2 (G5-control) one matching removed: dims [15]
 p=3 (G1) Theorem 6.1 on 5 interlaced pairs: dim<|Z|: 0   dim=|Z|: 5   dim>|Z|: 0   [0.0s]
 p=3 (G3) Prop 6.1: containments tested 12, FAILURES 0; slices with dim W != |Z_{Lambda_i}|: 0
 p=3 (G3-control) shifted slice r-2-i: 4 of 7 containments fail
 p=3 (G4-control) non-interlaced pairs of down-sets with dim != |Z|: 4 of 4 (of which dim<|Z|: 0)  e.g. {(1)} dim=19 |Z|=12
 p=3 (G5) root k=1: dim (D_J) = 19, dim V_root = 19, N_r(2k+2) = 19, V_root=(D_J): True, Hilbert [3, 6, 6, 3, 1]
 p=3 (G5-control) one matching removed: dims [15]
 p=101 (G1) Theorem 6.1 on 5 interlaced pairs: dim<|Z|: 0   dim=|Z|: 5   dim>|Z|: 0   [0.0s]
 p=101 (G3) Prop 6.1: containments tested 12, FAILURES 0; slices with dim W != |Z_{Lambda_i}|: 0
 p=101 (G3-control) shifted slice r-2-i: 4 of 7 containments fail
 p=101 (G4-control) non-interlaced pairs of down-sets with dim != |Z|: 4 of 4 (of which dim<|Z|: 0)  e.g. {(1)} dim=19 |Z|=12
 p=101 (G5) root k=1: dim (D_J) = 19, dim V_root = 19, N_r(2k+2) = 19, V_root=(D_J): True, Hilbert [3, 6, 6, 3, 1]
 p=101 (G5-control) one matching removed: dims [15]
TIME 0.0s
CELL r=3 m=4 h=1 primes=[2, 3, 101]
 shapes of level m: () (2) (4) (1)* (3)*
 shapes with no point: none
 interlaced pairs: 6 (incl. empty); pairs of down-sets not interlaced: 6
 (G2) Lemma 2.3/2.4 on 6 interlaced pairs: chain failures 0, layers not interlaced 0, fibre mismatches 0
 (G2-control) non-interlaced pairs of down-sets: 6 of 6 break the chain, 3 of 6 have a non-interlaced layer
 pattern products per shape (up to sign): ():3 (2):6 (4):1 (1)*:6 (3)*:6  [0.0s]
 non-homogeneous products: 0
 p=2 (G1) Theorem 6.1 on 6 interlaced pairs: dim<|Z|: 0   dim=|Z|: 6   dim>|Z|: 0   [0.0s]
 p=2 (G3) Prop 6.1: containments tested 15, FAILURES 0; slices with dim W != |Z_{Lambda_i}|: 0
 p=2 (G3-control) shifted slice r-2-i: 6 of 9 containments fail
 p=2 (G4-control) non-interlaced pairs of down-sets with dim != |Z|: 6 of 6 (of which dim<|Z|: 0)  e.g. {() (2)} dim=71 |Z|=39
 p=3 (G1) Theorem 6.1 on 6 interlaced pairs: dim<|Z|: 0   dim=|Z|: 6   dim>|Z|: 0   [0.0s]
 p=3 (G3) Prop 6.1: containments tested 15, FAILURES 0; slices with dim W != |Z_{Lambda_i}|: 0
 p=3 (G3-control) shifted slice r-2-i: 6 of 9 containments fail
 p=3 (G4-control) non-interlaced pairs of down-sets with dim != |Z|: 6 of 6 (of which dim<|Z|: 0)  e.g. {() (2)} dim=71 |Z|=39
 p=101 (G1) Theorem 6.1 on 6 interlaced pairs: dim<|Z|: 0   dim=|Z|: 6   dim>|Z|: 0   [0.0s]
 p=101 (G3) Prop 6.1: containments tested 15, FAILURES 0; slices with dim W != |Z_{Lambda_i}|: 0
 p=101 (G3-control) shifted slice r-2-i: 6 of 9 containments fail
 p=101 (G4-control) non-interlaced pairs of down-sets with dim != |Z|: 6 of 6 (of which dim<|Z|: 0)  e.g. {() (2)} dim=71 |Z|=39
TIME 0.0s
CELL r=3 m=5 h=1 primes=[2, 3, 101]
 shapes of level m: (1) (3) (5) ()* (2)* (4)*
 shapes with no point: none
 interlaced pairs: 7 (incl. empty); pairs of down-sets not interlaced: 9
 (G2) Lemma 2.3/2.4 on 7 interlaced pairs: chain failures 0, layers not interlaced 0, fibre mismatches 0
 (G2-control) non-interlaced pairs of down-sets: 9 of 9 break the chain, 5 of 9 have a non-interlaced layer
 pattern products per shape (up to sign): (1):15 (3):10 (5):1 ()*:25 (2)*:30 (4)*:10  [0.0s]
 non-homogeneous products: 0
 p=2 (G1) Theorem 6.1 on 7 interlaced pairs: dim<|Z|: 0   dim=|Z|: 7   dim>|Z|: 0   [0.0s]
 p=2 (G3) Prop 6.1: containments tested 18, FAILURES 0; slices with dim W != |Z_{Lambda_i}|: 0
 p=2 (G3-control) shifted slice r-2-i: 8 of 11 containments fail
 p=2 (G4-control) non-interlaced pairs of down-sets with dim != |Z|: 9 of 9 (of which dim<|Z|: 0)  e.g. {(1)} dim=141 |Z|=90
 p=2 (G5) root k=2: dim (D_J) = 141, dim V_root = 141, N_r(2k+2) = 141, V_root=(D_J): True, Hilbert [15, 36, 40, 29, 15, 5, 1]
 p=2 (G5-control) one matching removed: dims [140]
 p=3 (G1) Theorem 6.1 on 7 interlaced pairs: dim<|Z|: 0   dim=|Z|: 7   dim>|Z|: 0   [0.0s]
 p=3 (G3) Prop 6.1: containments tested 18, FAILURES 0; slices with dim W != |Z_{Lambda_i}|: 0
 p=3 (G3-control) shifted slice r-2-i: 8 of 11 containments fail
 p=3 (G4-control) non-interlaced pairs of down-sets with dim != |Z|: 9 of 9 (of which dim<|Z|: 0)  e.g. {(1)} dim=141 |Z|=90
 p=3 (G5) root k=2: dim (D_J) = 141, dim V_root = 141, N_r(2k+2) = 141, V_root=(D_J): True, Hilbert [15, 36, 40, 29, 15, 5, 1]
 p=3 (G5-control) one matching removed: dims [140]
 p=101 (G1) Theorem 6.1 on 7 interlaced pairs: dim<|Z|: 0   dim=|Z|: 7   dim>|Z|: 0   [0.0s]
 p=101 (G3) Prop 6.1: containments tested 18, FAILURES 0; slices with dim W != |Z_{Lambda_i}|: 0
 p=101 (G3-control) shifted slice r-2-i: 8 of 11 containments fail
 p=101 (G4-control) non-interlaced pairs of down-sets with dim != |Z|: 9 of 9 (of which dim<|Z|: 0)  e.g. {(1)} dim=141 |Z|=90
 p=101 (G5) root k=2: dim (D_J) = 141, dim V_root = 141, N_r(2k+2) = 141, V_root=(D_J): True, Hilbert [15, 36, 40, 29, 15, 5, 1]
 p=101 (G5-control) one matching removed: dims [140]
TIME 0.5s
VIGIA-FIN-OK exit=0 pico_kb=20224 t=1s
