CELL r=5 m=1 h=2 primes=[2, 3, 5, 101]
 shapes of level m: (1) ()*
 shapes with no point: none
 interlaced pairs: 3 (incl. empty); pairs of down-sets not interlaced: 1
 (G2) Lemma 2.3/2.4 on 3 interlaced pairs: chain failures 0, layers not interlaced 0, fibre mismatches 0
 (G2-control) non-interlaced pairs of down-sets: 1 of 1 break the chain, 0 of 1 have a non-interlaced layer
 pattern products per shape (up to sign): (1):1 ()*:1  [0.0s]
 non-homogeneous products: 0
 p=2 (G1) Theorem 6.1 on 3 interlaced pairs: dim<|Z|: 0   dim=|Z|: 3   dim>|Z|: 0   [0.0s]
 p=2 (G3) Prop 6.1: containments tested 10, FAILURES 0; slices with dim W != |Z_{Lambda_i}|: 0
 p=2 (G3-control) shifted slice r-2-i: 1 of 5 containments fail
 p=2 (G4-control) non-interlaced pairs of down-sets with dim != |Z|: 1 of 1 (of which dim<|Z|: 0)  e.g. {(1)} dim=5 |Z|=4
 p=2 (G5) root k=0: dim (D_J) = 5, dim V_root = 5, N_r(2k+2) = 5, V_root=(D_J): True, Hilbert [1, 1, 1, 1, 1]
 p=3 (G1) Theorem 6.1 on 3 interlaced pairs: dim<|Z|: 0   dim=|Z|: 3   dim>|Z|: 0   [0.0s]
 p=3 (G3) Prop 6.1: containments tested 10, FAILURES 0; slices with dim W != |Z_{Lambda_i}|: 0
 p=3 (G3-control) shifted slice r-2-i: 1 of 5 containments fail
 p=3 (G4-control) non-interlaced pairs of down-sets with dim != |Z|: 1 of 1 (of which dim<|Z|: 0)  e.g. {(1)} dim=5 |Z|=4
 p=3 (G5) root k=0: dim (D_J) = 5, dim V_root = 5, N_r(2k+2) = 5, V_root=(D_J): True, Hilbert [1, 1, 1, 1, 1]
 p=5 (G1) Theorem 6.1 on 3 interlaced pairs: dim<|Z|: 0   dim=|Z|: 3   dim>|Z|: 0   [0.0s]
 p=5 (G3) Prop 6.1: containments tested 10, FAILURES 0; slices with dim W != |Z_{Lambda_i}|: 0
 p=5 (G3-control) shifted slice r-2-i: 1 of 5 containments fail
 p=5 (G4-control) non-interlaced pairs of down-sets with dim != |Z|: 1 of 1 (of which dim<|Z|: 0)  e.g. {(1)} dim=5 |Z|=4
 p=5 (G5) root k=0: dim (D_J) = 5, dim V_root = 5, N_r(2k+2) = 5, V_root=(D_J): True, Hilbert [1, 1, 1, 1, 1]
 p=101 (G1) Theorem 6.1 on 3 interlaced pairs: dim<|Z|: 0   dim=|Z|: 3   dim>|Z|: 0   [0.0s]
 p=101 (G3) Prop 6.1: containments tested 10, FAILURES 0; slices with dim W != |Z_{Lambda_i}|: 0
 p=101 (G3-control) shifted slice r-2-i: 1 of 5 containments fail
 p=101 (G4-control) non-interlaced pairs of down-sets with dim != |Z|: 1 of 1 (of which dim<|Z|: 0)  e.g. {(1)} dim=5 |Z|=4
 p=101 (G5) root k=0: dim (D_J) = 5, dim V_root = 5, N_r(2k+2) = 5, V_root=(D_J): True, Hilbert [1, 1, 1, 1, 1]
TIME 0.0s
CELL r=5 m=2 h=2 primes=[2, 3, 5, 101]
 shapes of level m: () (2) (1,1) (1)*
 shapes with no point: none
 interlaced pairs: 5 (incl. empty); pairs of down-sets not interlaced: 3
 (G2) Lemma 2.3/2.4 on 5 interlaced pairs: chain failures 0, layers not interlaced 0, fibre mismatches 0
 (G2-control) non-interlaced pairs of down-sets: 3 of 3 break the chain, 2 of 3 have a non-interlaced layer
 pattern products per shape (up to sign): ():1 (2):1 (1,1):1 (1)*:1  [0.0s]
 non-homogeneous products: 0
 p=2 (G1) Theorem 6.1 on 5 interlaced pairs: dim<|Z|: 0   dim=|Z|: 5   dim>|Z|: 0   [0.0s]
 p=2 (G3) Prop 6.1: containments tested 20, FAILURES 0; slices with dim W != |Z_{Lambda_i}|: 0
 p=2 (G3-control) shifted slice r-2-i: 3 of 13 containments fail
 p=2 (G4-control) non-interlaced pairs of down-sets with dim != |Z|: 3 of 3 (of which dim<|Z|: 0)  e.g. {() (1,1)} dim=21 |Z|=13
 p=3 (G1) Theorem 6.1 on 5 interlaced pairs: dim<|Z|: 0   dim=|Z|: 5   dim>|Z|: 0   [0.0s]
 p=3 (G3) Prop 6.1: containments tested 20, FAILURES 0; slices with dim W != |Z_{Lambda_i}|: 0
 p=3 (G3-control) shifted slice r-2-i: 3 of 13 containments fail
 p=3 (G4-control) non-interlaced pairs of down-sets with dim != |Z|: 3 of 3 (of which dim<|Z|: 0)  e.g. {() (1,1)} dim=21 |Z|=13
 p=5 (G1) Theorem 6.1 on 5 interlaced pairs: dim<|Z|: 0   dim=|Z|: 5   dim>|Z|: 0   [0.0s]
 p=5 (G3) Prop 6.1: containments tested 20, FAILURES 0; slices with dim W != |Z_{Lambda_i}|: 0
 p=5 (G3-control) shifted slice r-2-i: 3 of 13 containments fail
 p=5 (G4-control) non-interlaced pairs of down-sets with dim != |Z|: 3 of 3 (of which dim<|Z|: 0)  e.g. {() (1,1)} dim=21 |Z|=13
 p=101 (G1) Theorem 6.1 on 5 interlaced pairs: dim<|Z|: 0   dim=|Z|: 5   dim>|Z|: 0   [0.0s]
 p=101 (G3) Prop 6.1: containments tested 20, FAILURES 0; slices with dim W != |Z_{Lambda_i}|: 0
 p=101 (G3-control) shifted slice r-2-i: 3 of 13 containments fail
 p=101 (G4-control) non-interlaced pairs of down-sets with dim != |Z|: 3 of 3 (of which dim<|Z|: 0)  e.g. {() (1,1)} dim=21 |Z|=13
TIME 0.0s
CELL r=5 m=3 h=2 primes=[2, 3, 5, 101]
 shapes of level m: (1) (3) (2,1) ()* (2)* (1,1)*
 shapes with no point: none
 interlaced pairs: 7 (incl. empty); pairs of down-sets not interlaced: 9
 (G2) Lemma 2.3/2.4 on 7 interlaced pairs: chain failures 0, layers not interlaced 0, fibre mismatches 0
 (G2-control) non-interlaced pairs of down-sets: 9 of 9 break the chain, 9 of 9 have a non-interlaced layer
 pattern products per shape (up to sign): (1):3 (3):1 (2,1):3 ()*:4 (2)*:3 (1,1)*:1  [0.0s]
 non-homogeneous products: 0
 p=2 (G1) Theorem 6.1 on 7 interlaced pairs: dim<|Z|: 0   dim=|Z|: 7   dim>|Z|: 0   [0.0s]
 p=2 (G3) Prop 6.1: containments tested 30, FAILURES 0; slices with dim W != |Z_{Lambda_i}|: 0
 p=2 (G3-control) shifted slice r-2-i: 9 of 21 containments fail
 p=2 (G4-control) non-interlaced pairs of down-sets with dim != |Z|: 9 of 9 (of which dim<|Z|: 0)  e.g. {(1)} dim=61 |Z|=48
 p=2 (G5) root k=1: dim (D_J) = 61, dim V_root = 61, N_r(2k+2) = 61, V_root=(D_J): True, Hilbert [3, 6, 9, 12, 12, 9, 6, 3, 1]
 p=2 (G5-control) one matching removed: dims [45]
 p=3 (G1) Theorem 6.1 on 7 interlaced pairs: dim<|Z|: 0   dim=|Z|: 7   dim>|Z|: 0   [0.0s]
 p=3 (G3) Prop 6.1: containments tested 30, FAILURES 0; slices with dim W != |Z_{Lambda_i}|: 0
 p=3 (G3-control) shifted slice r-2-i: 9 of 21 containments fail
 p=3 (G4-control) non-interlaced pairs of down-sets with dim != |Z|: 9 of 9 (of which dim<|Z|: 0)  e.g. {(1)} dim=61 |Z|=48
 p=3 (G5) root k=1: dim (D_J) = 61, dim V_root = 61, N_r(2k+2) = 61, V_root=(D_J): True, Hilbert [3, 6, 9, 12, 12, 9, 6, 3, 1]
 p=3 (G5-control) one matching removed: dims [45]
 p=5 (G1) Theorem 6.1 on 7 interlaced pairs: dim<|Z|: 0   dim=|Z|: 7   dim>|Z|: 0   [0.0s]
 p=5 (G3) Prop 6.1: containments tested 30, FAILURES 0; slices with dim W != |Z_{Lambda_i}|: 0
 p=5 (G3-control) shifted slice r-2-i: 9 of 21 containments fail
 p=5 (G4-control) non-interlaced pairs of down-sets with dim != |Z|: 9 of 9 (of which dim<|Z|: 0)  e.g. {(1)} dim=61 |Z|=48
 p=5 (G5) root k=1: dim (D_J) = 61, dim V_root = 61, N_r(2k+2) = 61, V_root=(D_J): True, Hilbert [3, 6, 9, 12, 12, 9, 6, 3, 1]
 p=5 (G5-control) one matching removed: dims [45]
 p=101 (G1) Theorem 6.1 on 7 interlaced pairs: dim<|Z|: 0   dim=|Z|: 7   dim>|Z|: 0   [0.0s]
 p=101 (G3) Prop 6.1: containments tested 30, FAILURES 0; slices with dim W != |Z_{Lambda_i}|: 0
 p=101 (G3-control) shifted slice r-2-i: 9 of 21 containments fail
 p=101 (G4-control) non-interlaced pairs of down-sets with dim != |Z|: 9 of 9 (of which dim<|Z|: 0)  e.g. {(1)} dim=61 |Z|=48
 p=101 (G5) root k=1: dim (D_J) = 61, dim V_root = 61, N_r(2k+2) = 61, V_root=(D_J): True, Hilbert [3, 6, 9, 12, 12, 9, 6, 3, 1]
 p=101 (G5-control) one matching removed: dims [45]
TIME 0.1s
CELL r=5 m=4 h=2 primes=[2, 3, 5, 101]
 shapes of level m: () (2) (1,1) (4) (3,1) (2,2) (1)* (3)* (2,1)*
 shapes with no point: none
 interlaced pairs: 11 (incl. empty); pairs of down-sets not interlaced: 17
 (G2) Lemma 2.3/2.4 on 11 interlaced pairs: chain failures 0, layers not interlaced 0, fibre mismatches 0
 (G2-control) non-interlaced pairs of down-sets: 17 of 17 break the chain, 17 of 17 have a non-interlaced layer
 pattern products per shape (up to sign): ():3 (2):6 (1,1):6 (4):1 (3,1):6 (2,2):3 (1)*:7 (3)*:6 (2,1)*:4  [0.0s]
 non-homogeneous products: 0
 p=2 (G1) Theorem 6.1 on 11 interlaced pairs: dim<|Z|: 0   dim=|Z|: 11   dim>|Z|: 0   [0.2s]
 p=2 (G3) Prop 6.1: containments tested 50, FAILURES 0; slices with dim W != |Z_{Lambda_i}|: 0
 p=2 (G3-control) shifted slice r-2-i: 19 of 37 containments fail
 p=2 (G4-control) non-interlaced pairs of down-sets with dim != |Z|: 17 of 17 (of which dim<|Z|: 0)  e.g. {() (1,1)} dim=365 |Z|=205
 p=3 (G1) Theorem 6.1 on 11 interlaced pairs: dim<|Z|: 0   dim=|Z|: 11   dim>|Z|: 0   [0.2s]
 p=3 (G3) Prop 6.1: containments tested 50, FAILURES 0; slices with dim W != |Z_{Lambda_i}|: 0
 p=3 (G3-control) shifted slice r-2-i: 19 of 37 containments fail
 p=3 (G4-control) non-interlaced pairs of down-sets with dim != |Z|: 17 of 17 (of which dim<|Z|: 0)  e.g. {() (1,1)} dim=365 |Z|=205
 p=5 (G1) Theorem 6.1 on 11 interlaced pairs: dim<|Z|: 0   dim=|Z|: 11   dim>|Z|: 0   [0.2s]
 p=5 (G3) Prop 6.1: containments tested 50, FAILURES 0; slices with dim W != |Z_{Lambda_i}|: 0
 p=5 (G3-control) shifted slice r-2-i: 19 of 37 containments fail
 p=5 (G4-control) non-interlaced pairs of down-sets with dim != |Z|: 17 of 17 (of which dim<|Z|: 0)  e.g. {() (1,1)} dim=365 |Z|=205
 p=101 (G1) Theorem 6.1 on 11 interlaced pairs: dim<|Z|: 0   dim=|Z|: 11   dim>|Z|: 0   [0.2s]
 p=101 (G3) Prop 6.1: containments tested 50, FAILURES 0; slices with dim W != |Z_{Lambda_i}|: 0
 p=101 (G3-control) shifted slice r-2-i: 19 of 37 containments fail
 p=101 (G4-control) non-interlaced pairs of down-sets with dim != |Z|: 17 of 17 (of which dim<|Z|: 0)  e.g. {() (1,1)} dim=365 |Z|=205
TIME 2.0s
VIGIA-FIN-OK exit=0 pico_kb=19904 t=2s
