CELL r=7 m=1 h=3 primes=[2, 3, 7, 101]
 shapes of level m: (1) ()*
 shapes with no point: none
 interlaced pairs: 3 (incl. empty); pairs of down-sets not interlaced: 1
 (G2) Lemma 2.3/2.4 on 3 interlaced pairs: chain failures 0, layers not interlaced 0, fibre mismatches 0
 (G2-control) non-interlaced pairs of down-sets: 1 of 1 break the chain, 0 of 1 have a non-interlaced layer
 pattern products per shape (up to sign): (1):1 ()*:1  [0.0s]
 non-homogeneous products: 0
 p=2 (G1) Theorem 6.1 on 3 interlaced pairs: dim<|Z|: 0   dim=|Z|: 3   dim>|Z|: 0   [0.0s]
 p=2 (G3) Prop 6.1: containments tested 14, FAILURES 0; slices with dim W != |Z_{Lambda_i}|: 0
 p=2 (G3-control) shifted slice r-2-i: 1 of 7 containments fail
 p=2 (G4-control) non-interlaced pairs of down-sets with dim != |Z|: 1 of 1 (of which dim<|Z|: 0)  e.g. {(1)} dim=7 |Z|=6
 p=2 (G5) root k=0: dim (D_J) = 7, dim V_root = 7, N_r(2k+2) = 7, V_root=(D_J): True, Hilbert [1, 1, 1, 1, 1, 1, 1]
 p=3 (G1) Theorem 6.1 on 3 interlaced pairs: dim<|Z|: 0   dim=|Z|: 3   dim>|Z|: 0   [0.0s]
 p=3 (G3) Prop 6.1: containments tested 14, FAILURES 0; slices with dim W != |Z_{Lambda_i}|: 0
 p=3 (G3-control) shifted slice r-2-i: 1 of 7 containments fail
 p=3 (G4-control) non-interlaced pairs of down-sets with dim != |Z|: 1 of 1 (of which dim<|Z|: 0)  e.g. {(1)} dim=7 |Z|=6
 p=3 (G5) root k=0: dim (D_J) = 7, dim V_root = 7, N_r(2k+2) = 7, V_root=(D_J): True, Hilbert [1, 1, 1, 1, 1, 1, 1]
 p=7 (G1) Theorem 6.1 on 3 interlaced pairs: dim<|Z|: 0   dim=|Z|: 3   dim>|Z|: 0   [0.0s]
 p=7 (G3) Prop 6.1: containments tested 14, FAILURES 0; slices with dim W != |Z_{Lambda_i}|: 0
 p=7 (G3-control) shifted slice r-2-i: 1 of 7 containments fail
 p=7 (G4-control) non-interlaced pairs of down-sets with dim != |Z|: 1 of 1 (of which dim<|Z|: 0)  e.g. {(1)} dim=7 |Z|=6
 p=7 (G5) root k=0: dim (D_J) = 7, dim V_root = 7, N_r(2k+2) = 7, V_root=(D_J): True, Hilbert [1, 1, 1, 1, 1, 1, 1]
 p=101 (G1) Theorem 6.1 on 3 interlaced pairs: dim<|Z|: 0   dim=|Z|: 3   dim>|Z|: 0   [0.0s]
 p=101 (G3) Prop 6.1: containments tested 14, FAILURES 0; slices with dim W != |Z_{Lambda_i}|: 0
 p=101 (G3-control) shifted slice r-2-i: 1 of 7 containments fail
 p=101 (G4-control) non-interlaced pairs of down-sets with dim != |Z|: 1 of 1 (of which dim<|Z|: 0)  e.g. {(1)} dim=7 |Z|=6
 p=101 (G5) root k=0: dim (D_J) = 7, dim V_root = 7, N_r(2k+2) = 7, V_root=(D_J): True, Hilbert [1, 1, 1, 1, 1, 1, 1]
TIME 0.0s
CELL r=7 m=2 h=3 primes=[2, 3, 7, 101]
 shapes of level m: () (2) (1,1) (1)*
 shapes with no point: none
 interlaced pairs: 5 (incl. empty); pairs of down-sets not interlaced: 3
 (G2) Lemma 2.3/2.4 on 5 interlaced pairs: chain failures 0, layers not interlaced 0, fibre mismatches 0
 (G2-control) non-interlaced pairs of down-sets: 3 of 3 break the chain, 2 of 3 have a non-interlaced layer
 pattern products per shape (up to sign): ():1 (2):1 (1,1):1 (1)*:1  [0.0s]
 non-homogeneous products: 0
 p=2 (G1) Theorem 6.1 on 5 interlaced pairs: dim<|Z|: 0   dim=|Z|: 5   dim>|Z|: 0   [0.0s]
 p=2 (G3) Prop 6.1: containments tested 28, FAILURES 0; slices with dim W != |Z_{Lambda_i}|: 0
 p=2 (G3-control) shifted slice r-2-i: 3 of 19 containments fail
 p=2 (G4-control) non-interlaced pairs of down-sets with dim != |Z|: 3 of 3 (of which dim<|Z|: 0)  e.g. {() (1,1)} dim=43 |Z|=31
 p=3 (G1) Theorem 6.1 on 5 interlaced pairs: dim<|Z|: 0   dim=|Z|: 5   dim>|Z|: 0   [0.0s]
 p=3 (G3) Prop 6.1: containments tested 28, FAILURES 0; slices with dim W != |Z_{Lambda_i}|: 0
 p=3 (G3-control) shifted slice r-2-i: 3 of 19 containments fail
 p=3 (G4-control) non-interlaced pairs of down-sets with dim != |Z|: 3 of 3 (of which dim<|Z|: 0)  e.g. {() (1,1)} dim=43 |Z|=31
 p=7 (G1) Theorem 6.1 on 5 interlaced pairs: dim<|Z|: 0   dim=|Z|: 5   dim>|Z|: 0   [0.0s]
 p=7 (G3) Prop 6.1: containments tested 28, FAILURES 0; slices with dim W != |Z_{Lambda_i}|: 0
 p=7 (G3-control) shifted slice r-2-i: 3 of 19 containments fail
 p=7 (G4-control) non-interlaced pairs of down-sets with dim != |Z|: 3 of 3 (of which dim<|Z|: 0)  e.g. {() (1,1)} dim=43 |Z|=31
 p=101 (G1) Theorem 6.1 on 5 interlaced pairs: dim<|Z|: 0   dim=|Z|: 5   dim>|Z|: 0   [0.0s]
 p=101 (G3) Prop 6.1: containments tested 28, FAILURES 0; slices with dim W != |Z_{Lambda_i}|: 0
 p=101 (G3-control) shifted slice r-2-i: 3 of 19 containments fail
 p=101 (G4-control) non-interlaced pairs of down-sets with dim != |Z|: 3 of 3 (of which dim<|Z|: 0)  e.g. {() (1,1)} dim=43 |Z|=31
TIME 0.0s
CELL r=7 m=3 h=3 primes=[2, 3, 7, 101]
 shapes of level m: (1) (3) (2,1) (1,1,1) ()* (2)* (1,1)*
 shapes with no point: none
 interlaced pairs: 9 (incl. empty); pairs of down-sets not interlaced: 11
 (G2) Lemma 2.3/2.4 on 9 interlaced pairs: chain failures 0, layers not interlaced 0, fibre mismatches 0
 (G2-control) non-interlaced pairs of down-sets: 11 of 11 break the chain, 11 of 11 have a non-interlaced layer
 pattern products per shape (up to sign): (1):3 (3):1 (2,1):3 (1,1,1):1 ()*:4 (2)*:3 (1,1)*:1  [0.0s]
 non-homogeneous products: 0
 p=2 (G1) Theorem 6.1 on 9 interlaced pairs: dim<|Z|: 0   dim=|Z|: 9   dim>|Z|: 0   [0.0s]
 p=2 (G3) Prop 6.1: containments tested 56, FAILURES 0; slices with dim W != |Z_{Lambda_i}|: 0
 p=2 (G3-control) shifted slice r-2-i: 14 of 43 containments fail
 p=2 (G4-control) non-interlaced pairs of down-sets with dim != |Z|: 11 of 11 (of which dim<|Z|: 0)  e.g. {(1)} dim=127 |Z|=108
 p=2 (G5) root k=1: dim (D_J) = 127, dim V_root = 127, N_r(2k+2) = 127, V_root=(D_J): True, Hilbert [3, 6, 9, 12, 15, 18, 18, 15, 12, 9, 6, 3, 1]
 p=2 (G5-control) one matching removed: dims [91]
 p=3 (G1) Theorem 6.1 on 9 interlaced pairs: dim<|Z|: 0   dim=|Z|: 9   dim>|Z|: 0   [0.0s]
 p=3 (G3) Prop 6.1: containments tested 56, FAILURES 0; slices with dim W != |Z_{Lambda_i}|: 0
 p=3 (G3-control) shifted slice r-2-i: 14 of 43 containments fail
 p=3 (G4-control) non-interlaced pairs of down-sets with dim != |Z|: 11 of 11 (of which dim<|Z|: 0)  e.g. {(1)} dim=127 |Z|=108
 p=3 (G5) root k=1: dim (D_J) = 127, dim V_root = 127, N_r(2k+2) = 127, V_root=(D_J): True, Hilbert [3, 6, 9, 12, 15, 18, 18, 15, 12, 9, 6, 3, 1]
 p=3 (G5-control) one matching removed: dims [91]
 p=7 (G1) Theorem 6.1 on 9 interlaced pairs: dim<|Z|: 0   dim=|Z|: 9   dim>|Z|: 0   [0.0s]
 p=7 (G3) Prop 6.1: containments tested 56, FAILURES 0; slices with dim W != |Z_{Lambda_i}|: 0
 p=7 (G3-control) shifted slice r-2-i: 14 of 43 containments fail
 p=7 (G4-control) non-interlaced pairs of down-sets with dim != |Z|: 11 of 11 (of which dim<|Z|: 0)  e.g. {(1)} dim=127 |Z|=108
 p=7 (G5) root k=1: dim (D_J) = 127, dim V_root = 127, N_r(2k+2) = 127, V_root=(D_J): True, Hilbert [3, 6, 9, 12, 15, 18, 18, 15, 12, 9, 6, 3, 1]
 p=7 (G5-control) one matching removed: dims [91]
 p=101 (G1) Theorem 6.1 on 9 interlaced pairs: dim<|Z|: 0   dim=|Z|: 9   dim>|Z|: 0   [0.0s]
 p=101 (G3) Prop 6.1: containments tested 56, FAILURES 0; slices with dim W != |Z_{Lambda_i}|: 0
 p=101 (G3-control) shifted slice r-2-i: 14 of 43 containments fail
 p=101 (G4-control) non-interlaced pairs of down-sets with dim != |Z|: 11 of 11 (of which dim<|Z|: 0)  e.g. {(1)} dim=127 |Z|=108
 p=101 (G5) root k=1: dim (D_J) = 127, dim V_root = 127, N_r(2k+2) = 127, V_root=(D_J): True, Hilbert [3, 6, 9, 12, 15, 18, 18, 15, 12, 9, 6, 3, 1]
 p=101 (G5-control) one matching removed: dims [91]
TIME 0.4s
VIGIA-FIN-OK exit=0 pico_kb=19872 t=0s
