CELL r=3 m=6 h=1 primes=[2, 3, 101]
 shapes of level m: () (2) (4) (6) (1)* (3)* (5)*
 shapes with no point: none
 interlaced pairs: 8 (incl. empty); pairs of down-sets not interlaced: 12
 (G2) Lemma 2.3/2.4 on 8 interlaced pairs: chain failures 0, layers not interlaced 0, fibre mismatches 0
 (G2-control) non-interlaced pairs of down-sets: 12 of 12 break the chain, 7 of 12 have a non-interlaced layer
 pattern products per shape (up to sign): ():15 (2):45 (4):15 (6):1 (1)*:45 (3)*:90 (5)*:15  [0.0s]
 non-homogeneous products: 0
 p=2 (G1) Theorem 6.1 on 8 interlaced pairs: dim<|Z|: 0   dim=|Z|: 8   dim>|Z|: 0   [0.4s]
 p=2 (G3) Prop 6.1: containments tested 21, FAILURES 0; slices with dim W != |Z_{Lambda_i}|: 0
 p=2 (G3-control) shifted slice r-2-i: 10 of 13 containments fail
 p=2 (G4-control) non-interlaced pairs of down-sets with dim != |Z|: 12 of 12 (of which dim<|Z|: 0)  e.g. {() (2)} dim=573 |Z|=321
 p=3 (G1) Theorem 6.1 on 8 interlaced pairs: dim<|Z|: 0   dim=|Z|: 8   dim>|Z|: 0   [0.4s]
 p=3 (G3) Prop 6.1: containments tested 21, FAILURES 0; slices with dim W != |Z_{Lambda_i}|: 0
 p=3 (G3-control) shifted slice r-2-i: 10 of 13 containments fail
 p=3 (G4-control) non-interlaced pairs of down-sets with dim != |Z|: 12 of 12 (of which dim<|Z|: 0)  e.g. {() (2)} dim=573 |Z|=321
 p=101 (G1) Theorem 6.1 on 8 interlaced pairs: dim<|Z|: 0   dim=|Z|: 8   dim>|Z|: 0   [0.4s]
 p=101 (G3) Prop 6.1: containments tested 21, FAILURES 0; slices with dim W != |Z_{Lambda_i}|: 0
 p=101 (G3-control) shifted slice r-2-i: 10 of 13 containments fail
 p=101 (G4-control) non-interlaced pairs of down-sets with dim != |Z|: 12 of 12 (of which dim<|Z|: 0)  e.g. {() (2)} dim=573 |Z|=321
TIME 2.6s
VIGIA-FIN-OK exit=0 pico_kb=24480 t=2s
