CELL r=5 m=5 h=2 primes=[2, 5, 101]
 shapes of level m: (1) (3) (2,1) (5) (4,1) (3,2) ()* (2)* (1,1)* (4)* (3,1)* (2,2)*
 shapes with no point: none
 interlaced pairs: 15 (incl. empty); pairs of down-sets not interlaced: 34
 (G2) Lemma 2.3/2.4 on 15 interlaced pairs: chain failures 0, layers not interlaced 0, fibre mismatches 0
 (G2-control) non-interlaced pairs of down-sets: 34 of 34 break the chain, 34 of 34 have a non-interlaced layer
 pattern products per shape (up to sign): (1):15 (3):10 (2,1):30 (5):1 (4,1):10 (3,2):15 ()*:26 (2)*:35 (1,1)*:10 (4)*:10 (3,1)*:10 (2,2)*:10  [0.0s]
 non-homogeneous products: 0
 p=2 (G1) Theorem 6.1 on 15 interlaced pairs: dim<|Z|: 0   dim=|Z|: 15   dim>|Z|: 0   [7.2s]
 p=2 (G3) Prop 6.1: containments tested 70, FAILURES 0; slices with dim W != |Z_{Lambda_i}|: 0
 p=2 (G3-control) shifted slice r-2-i: 33 of 53 containments fail
 p=2 (G4-control) non-interlaced pairs of down-sets with dim != |Z|: 34 of 34 (of which dim<|Z|: 0)  e.g. {(1)} dim=1001 |Z|=780
 p=2 (G5) root k=2: dim (D_J) = 1001, dim V_root = 1001, N_r(2k+2) = 1001, V_root=(D_J): True, Hilbert [15, 45, 90, 140, 170, 171, 145, 105, 65, 34, 15, 5, 1]
 p=2 (G5-control) one matching removed: dims [976]
 p=5 (G1) Theorem 6.1 on 15 interlaced pairs: dim<|Z|: 0   dim=|Z|: 15   dim>|Z|: 0   [7.7s]
 p=5 (G3) Prop 6.1: containments tested 70, FAILURES 0; slices with dim W != |Z_{Lambda_i}|: 0
 p=5 (G3-control) shifted slice r-2-i: 33 of 53 containments fail
 p=5 (G4-control) non-interlaced pairs of down-sets with dim != |Z|: 34 of 34 (of which dim<|Z|: 0)  e.g. {(1)} dim=1001 |Z|=780
 p=5 (G5) root k=2: dim (D_J) = 1001, dim V_root = 1001, N_r(2k+2) = 1001, V_root=(D_J): True, Hilbert [15, 45, 90, 140, 170, 171, 145, 105, 65, 34, 15, 5, 1]
 p=5 (G5-control) one matching removed: dims [976]
 p=101 (G1) Theorem 6.1 on 15 interlaced pairs: dim<|Z|: 0   dim=|Z|: 15   dim>|Z|: 0   [8.0s]
 p=101 (G3) Prop 6.1: containments tested 70, FAILURES 0; slices with dim W != |Z_{Lambda_i}|: 0
 p=101 (G3-control) shifted slice r-2-i: 33 of 53 containments fail
 p=101 (G4-control) non-interlaced pairs of down-sets with dim != |Z|: 34 of 34 (of which dim<|Z|: 0)  e.g. {(1)} dim=1001 |Z|=780
 p=101 (G5) root k=2: dim (D_J) = 1001, dim V_root = 1001, N_r(2k+2) = 1001, V_root=(D_J): True, Hilbert [15, 45, 90, 140, 170, 171, 145, 105, 65, 34, 15, 5, 1]
 p=101 (G5-control) one matching removed: dims [976]
TIME 81.7s
CELL r=3 m=7 h=1 primes=[2, 3]
 shapes of level m: (1) (3) (5) (7) ()* (2)* (4)* (6)*
 shapes with no point: none
 interlaced pairs: 9 (incl. empty); pairs of down-sets not interlaced: 16
 (G2) Lemma 2.3/2.4 on 9 interlaced pairs: chain failures 0, layers not interlaced 0, fibre mismatches 0
 (G2-control) non-interlaced pairs of down-sets: 16 of 16 break the chain, 10 of 16 have a non-interlaced layer
 pattern products per shape (up to sign): (1):105 (3):105 (5):21 (7):1 ()*:210 (2)*:315 (4)*:210 (6)*:21  [0.1s]
 non-homogeneous products: 0
 p=2 (G1) Theorem 6.1 on 9 interlaced pairs: dim<|Z|: 0   dim=|Z|: 9   dim>|Z|: 0   [3.9s]
 p=2 (G3) Prop 6.1: containments tested 24, FAILURES 0; slices with dim W != |Z_{Lambda_i}|: 0
 p=2 (G3-control) shifted slice r-2-i: 12 of 15 containments fail
 p=2 (G4-control) non-interlaced pairs of down-sets with dim != |Z|: 16 of 16 (of which dim<|Z|: 0)  e.g. {(1)} dim=1107 |Z|=714
 p=2 (G5) root k=3: dim (D_J) = 1107, dim V_root = 1107, N_r(2k+2) = 1107, V_root=(D_J): True, Hilbert [91, 232, 280, 238, 154, 76, 28, 7, 1]
 p=3 (G1) Theorem 6.1 on 9 interlaced pairs: dim<|Z|: 0   dim=|Z|: 9   dim>|Z|: 0   [4.2s]
 p=3 (G3) Prop 6.1: containments tested 24, FAILURES 0; slices with dim W != |Z_{Lambda_i}|: 0
 p=3 (G3-control) shifted slice r-2-i: 12 of 15 containments fail
 p=3 (G4-control) non-interlaced pairs of down-sets with dim != |Z|: 16 of 16 (of which dim<|Z|: 0)  e.g. {(1)} dim=1107 |Z|=714
 p=3 (G5) root k=3: dim (D_J) = 1107, dim V_root = 1107, N_r(2k+2) = 1107, V_root=(D_J): True, Hilbert [91, 232, 280, 238, 154, 76, 28, 7, 1]
TIME 35.0s
VIGIA-FIN-OK exit=0 pico_kb=157248 t=117s
