r=3 h=1
 (l,t)=(0,1) n=3: Pf has 6 terms, degree 3; dictionary (F7)=(5.1) up to a global sign: True
   p=2 (M1) Pf_{E_l}(M) in U_l(M): True | control wrong borders [1] in U: None | control U without the S={0} generators: False  [3 gens, 0.0s]
   p=3 (M1) Pf_{E_l}(M) in U_l(M): True | control wrong borders [1] in U: None | control U without the S={0} generators: False  [3 gens, 0.0s]
   p=5 (M1) Pf_{E_l}(M) in U_l(M): True | control wrong borders [1] in U: None | control U without the S={0} generators: False  [3 gens, 0.0s]
   p=7 (M1) Pf_{E_l}(M) in U_l(M): True | control wrong borders [1] in U: None | control U without the S={0} generators: False  [3 gens, 0.0s]
   p=101 (M1) Pf_{E_l}(M) in U_l(M): True | control wrong borders [1] in U: None | control U without the S={0} generators: False  [3 gens, 0.0s]
 (l,t)=(1,1) n=4: Pf has 0 terms, degree None; dictionary (F7)=(5.1) up to a global sign: True; l+t>h, (M3) Pf == 0: True
 (M4) gamma_2(J_{h-1}) = - sum_j J_{h-1-j}^J_{h-1+j} over Z: True   (and with the wrong sign: True)
 (5.4) omega_{r-2} = B: True ; omega_{r-1+i} = b^i D mod box for odd i: True
r=5 h=2
 (l,t)=(0,1) n=3: Pf has 12 terms, degree 7; dictionary (F7)=(5.1) up to a global sign: True
   p=2 (M1) Pf_{E_l}(M) in U_l(M): True | control wrong borders [3] in U: True | control U without the S={0} generators: False  [3 gens, 0.0s]
   p=3 (M1) Pf_{E_l}(M) in U_l(M): True | control wrong borders [3] in U: True | control U without the S={0} generators: False  [3 gens, 0.0s]
   p=5 (M1) Pf_{E_l}(M) in U_l(M): True | control wrong borders [3] in U: True | control U without the S={0} generators: False  [3 gens, 0.0s]
   p=7 (M1) Pf_{E_l}(M) in U_l(M): True | control wrong borders [3] in U: True | control U without the S={0} generators: False  [3 gens, 0.0s]
   p=101 (M1) Pf_{E_l}(M) in U_l(M): True | control wrong borders [3] in U: True | control U without the S={0} generators: False  [3 gens, 0.0s]
 (l,t)=(1,1) n=4: Pf has 24 terms, degree 6; dictionary (F7)=(5.1) up to a global sign: True
   p=2 (M1) Pf_{E_l}(M) in U_l(M): True | control wrong borders [] in U: True | control U without the S={0,1} generators: False  [6 gens, 0.0s]
   p=3 (M1) Pf_{E_l}(M) in U_l(M): True | control wrong borders [] in U: True | control U without the S={0,1} generators: False  [6 gens, 0.0s]
   p=5 (M1) Pf_{E_l}(M) in U_l(M): True | control wrong borders [] in U: True | control U without the S={0,1} generators: False  [6 gens, 0.0s]
   p=7 (M1) Pf_{E_l}(M) in U_l(M): True | control wrong borders [] in U: True | control U without the S={0,1} generators: False  [6 gens, 0.0s]
   p=101 (M1) Pf_{E_l}(M) in U_l(M): True | control wrong borders [] in U: True | control U without the S={0,1} generators: False  [6 gens, 0.0s]
 (l,t)=(0,2) n=5: Pf has 120 terms, degree 10; dictionary (F7)=(5.1) up to a global sign: True
   p=2 (M1) Pf_{E_l}(M) in U_l(M): True | control wrong borders [3] in U: None | control U without the S={0} generators: False  [15 gens, 0.1s]
   p=3 (M1) Pf_{E_l}(M) in U_l(M): True | control wrong borders [3] in U: None | control U without the S={0} generators: False  [15 gens, 0.1s]
   p=5 (M1) Pf_{E_l}(M) in U_l(M): True | control wrong borders [3] in U: None | control U without the S={0} generators: False  [15 gens, 0.2s]
   p=7 (M1) Pf_{E_l}(M) in U_l(M): True | control wrong borders [3] in U: None | control U without the S={0} generators: False  [15 gens, 0.3s]
   p=101 (M1) Pf_{E_l}(M) in U_l(M): True | control wrong borders [3] in U: None | control U without the S={0} generators: False  [15 gens, 0.4s]
 (l,t)=(2,1) n=5: Pf has 0 terms, degree None; dictionary (F7)=(5.1) up to a global sign: True; l+t>h, (M3) Pf == 0: True
 (l,t)=(1,2) n=6: Pf has 0 terms, degree None; dictionary (F7)=(5.1) up to a global sign: True; l+t>h, (M3) Pf == 0: True
 (M4) gamma_2(J_{h-1}) = - sum_j J_{h-1-j}^J_{h-1+j} over Z: True   (and with the wrong sign: False)
 (5.4) omega_{r-2} = B: True ; omega_{r-1+i} = b^i D mod box for odd i: True
r=9 h=4
 (l,t)=(0,1) n=3: Pf has 24 terms, degree 15; dictionary (F7)=(5.1) up to a global sign: True
   p=2 (M1) Pf_{E_l}(M) in U_l(M): True | control wrong borders [7] in U: True | control U without the S={0} generators: False  [3 gens, 0.0s]
   p=3 (M1) Pf_{E_l}(M) in U_l(M): True | control wrong borders [7] in U: True | control U without the S={0} generators: False  [3 gens, 0.0s]
   p=5 (M1) Pf_{E_l}(M) in U_l(M): True | control wrong borders [7] in U: True | control U without the S={0} generators: False  [3 gens, 0.0s]
   p=7 (M1) Pf_{E_l}(M) in U_l(M): True | control wrong borders [7] in U: True | control U without the S={0} generators: False  [3 gens, 0.0s]
   p=101 (M1) Pf_{E_l}(M) in U_l(M): True | control wrong borders [7] in U: True | control U without the S={0} generators: False  [3 gens, 0.1s]
 (l,t)=(1,1) n=4: Pf has 144 terms, degree 14; dictionary (F7)=(5.1) up to a global sign: True
   p=2 (M1) Pf_{E_l}(M) in U_l(M): True | control wrong borders [] in U: True | control U without the S={0,1} generators: False  [6 gens, 0.3s]
   p=3 (M1) Pf_{E_l}(M) in U_l(M): True | control wrong borders [] in U: True | control U without the S={0,1} generators: False  [6 gens, 0.5s]
   p=5 (M1) Pf_{E_l}(M) in U_l(M): True | control wrong borders [] in U: True | control U without the S={0,1} generators: False  [6 gens, 0.8s]
   p=7 (M1) Pf_{E_l}(M) in U_l(M): True | control wrong borders [] in U: True | control U without the S={0,1} generators: False  [6 gens, 1.1s]
   p=101 (M1) Pf_{E_l}(M) in U_l(M): True | control wrong borders [] in U: True | control U without the S={0,1} generators: False  [6 gens, 1.4s]
 (M4) gamma_2(J_{h-1}) = - sum_j J_{h-1-j}^J_{h-1+j} over Z: True   (and with the wrong sign: False)
 (5.4) omega_{r-2} = B: True ; omega_{r-1+i} = b^i D mod box for odd i: True
r=7 h=3
 (l,t)=(0,1) n=3: Pf has 18 terms, degree 11; dictionary (F7)=(5.1) up to a global sign: True
   p=2 (M1) Pf_{E_l}(M) in U_l(M): True | control wrong borders [5] in U: True | control U without the S={0} generators: False  [3 gens, 0.0s]
   p=3 (M1) Pf_{E_l}(M) in U_l(M): True | control wrong borders [5] in U: True | control U without the S={0} generators: False  [3 gens, 0.0s]
   p=5 (M1) Pf_{E_l}(M) in U_l(M): True | control wrong borders [5] in U: True | control U without the S={0} generators: False  [3 gens, 0.0s]
   p=7 (M1) Pf_{E_l}(M) in U_l(M): True | control wrong borders [5] in U: True | control U without the S={0} generators: False  [3 gens, 0.0s]
   p=101 (M1) Pf_{E_l}(M) in U_l(M): True | control wrong borders [5] in U: True | control U without the S={0} generators: False  [3 gens, 0.0s]
 (l,t)=(1,1) n=4: Pf has 72 terms, degree 10; dictionary (F7)=(5.1) up to a global sign: True
   p=2 (M1) Pf_{E_l}(M) in U_l(M): True | control wrong borders [] in U: True | control U without the S={0,1} generators: False  [6 gens, 0.0s]
   p=3 (M1) Pf_{E_l}(M) in U_l(M): True | control wrong borders [] in U: True | control U without the S={0,1} generators: False  [6 gens, 0.1s]
   p=5 (M1) Pf_{E_l}(M) in U_l(M): True | control wrong borders [] in U: True | control U without the S={0,1} generators: False  [6 gens, 0.1s]
   p=7 (M1) Pf_{E_l}(M) in U_l(M): True | control wrong borders [] in U: True | control U without the S={0,1} generators: False  [6 gens, 0.2s]
   p=101 (M1) Pf_{E_l}(M) in U_l(M): True | control wrong borders [] in U: True | control U without the S={0,1} generators: False  [6 gens, 0.2s]
 (l,t)=(2,1) n=5: Pf has 120 terms, degree 10; dictionary (F7)=(5.1) up to a global sign: True
   p=2 (M1) Pf_{E_l}(M) in U_l(M): True | control wrong borders [1] in U: True | control U without the S={0,1,2} generators: False  [10 gens, 0.1s]
   p=3 (M1) Pf_{E_l}(M) in U_l(M): True | control wrong borders [1] in U: True | control U without the S={0,1,2} generators: False  [10 gens, 0.3s]
   p=5 (M1) Pf_{E_l}(M) in U_l(M): True | control wrong borders [1] in U: True | control U without the S={0,1,2} generators: False  [10 gens, 0.4s]
   p=7 (M1) Pf_{E_l}(M) in U_l(M): True | control wrong borders [1] in U: True | control U without the S={0,1,2} generators: False  [10 gens, 0.5s]
   p=101 (M1) Pf_{E_l}(M) in U_l(M): True | control wrong borders [1] in U: True | control U without the S={0,1,2} generators: False  [10 gens, 0.7s]
 (l,t)=(3,1) n=6: Pf has 0 terms, degree None; dictionary (F7)=(5.1) up to a global sign: True; l+t>h, (M3) Pf == 0: True
 (l,t)=(0,2) n=5: Pf has 360 terms, degree 16; dictionary (F7)=(5.1) up to a global sign: True
   p=2 (M1) Pf_{E_l}(M) in U_l(M): True | control wrong borders [5] in U: True | control U without the S={0} generators: False  [15 gens, 1.3s]
   p=3 (M1) Pf_{E_l}(M) in U_l(M): True | control wrong borders [5] in U: True | control U without the S={0} generators: False  [15 gens, 2.7s]
   p=5 (M1) Pf_{E_l}(M) in U_l(M): True | control wrong borders [5] in U: True | control U without the S={0} generators: False  [15 gens, 4.1s]
   p=7 (M1) Pf_{E_l}(M) in U_l(M): True | control wrong borders [5] in U: True | control U without the S={0} generators: False  [15 gens, 5.5s]
   p=101 (M1) Pf_{E_l}(M) in U_l(M): True | control wrong borders [5] in U: True | control U without the S={0} generators: False  [15 gens, 6.9s]
 (M4) gamma_2(J_{h-1}) = - sum_j J_{h-1-j}^J_{h-1+j} over Z: True   (and with the wrong sign: False)
 (5.4) omega_{r-2} = B: True ; omega_{r-1+i} = b^i D mod box for odd i: True
VIGIA-FIN-OK exit=0 pico_kb=128896 t=10s
