3 4 (0,) gr I(W): [1, 3, 6, 6, 3] rank statistic: [1, 3, 6, 6, 3] OK
3 4 (1,) gr I(W): [1, 3, 6, 6] rank statistic: [1, 3, 6, 6] OK
3 5 (1,) gr I(W): [1, 4, 10, 15, 15] rank statistic: [1, 4, 10, 15, 15] OK
3 5 (2,) gr I(W): [1, 4, 10, 15] rank statistic: [1, 4, 10, 15] OK
3 6 (2,) gr I(W): [1, 5, 15, 29, 40] rank statistic: [1, 5, 15, 29, 40] OK
3 6 (3,) gr I(W): [1, 5, 15, 29] rank statistic: [1, 5, 15, 29] OK
5 3 (1, 0) gr I(W): [1, 2, 3, 3, 3] rank statistic: [1, 2, 3, 3, 3] OK
5 4 (0, 0) gr I(W): [1, 3, 6, 9, 12, 12, 9, 6, 3] rank statistic: [1, 3, 6, 9, 12, 12, 9, 6, 3] OK
5 4 (1, 0) gr I(W): [1, 3, 6, 9, 11, 9, 1] rank statistic: [1, 3, 6, 9, 11, 9, 1] OK
5 4 (1, 1) gr I(W): [1, 3, 6, 9, 11, 6] rank statistic: [1, 3, 6, 9, 11, 6] OK
5 4 (2, 0) gr I(W): [1, 3, 6, 6, 6] rank statistic: [1, 3, 6, 6, 6] OK
5 4 (2, 1) gr I(W): [1, 3, 5, 3] rank statistic: [1, 3, 5, 3] OK
5 5 (1, 1) gr I(W): [1, 4, 10, 19, 30, 37, 29, 10] rank statistic: [1, 4, 10, 19, 30, 37, 29, 10] OK
5 5 (2, 0) gr I(W): [1, 4, 10, 19, 26, 26, 4] rank statistic: [1, 4, 10, 19, 26, 26, 4] OK
5 5 (3, 0) gr I(W): [1, 4, 10, 10, 10] rank statistic: [1, 4, 10, 10, 10] OK
7 4 (1, 0, 0) gr I(W): [1, 3, 6, 9, 11, 12, 12, 9, 1] rank statistic: [1, 3, 6, 9, 11, 12, 12, 9, 1] OK
7 4 (1, 1, 0) gr I(W): [1, 3, 6, 9, 11, 12, 12, 6] rank statistic: [1, 3, 6, 9, 11, 12, 12, 6] OK
7 4 (2, 1, 0) gr I(W): [1, 3, 5, 3] rank statistic: [1, 3, 5, 3] OK
direct casilla check 18 of 18
VIGIA-FIN-OK exit=0 pico_kb=10448 t=0s
