p=3 q=2 n=6 total=20 HF={1, 5, 9, 5}
p=5 q=2 n=6 total=20 HF={1, 5, 9, 5}
p=7 q=2 n=6 total=20 HF={1, 5, 9, 5}
p=2 q=2 n=6 total=32 HF={1, 5, 10, 10, 5, 1}
p=3 q=2 n=8 total=70 HF={1, 7, 20, 28, 14}
p=5 q=2 n=8 total=70 HF={1, 7, 20, 28, 14}
p=7 q=2 n=8 total=70 HF={1, 7, 20, 28, 14}
p=2 q=2 n=8 total=128 HF={1, 7, 21, 35, 35, 21, 7, 1}
p=3 q=4 n=4 total=36 HF={1, 3, 6, 9, 8, 6, 3}
p=5 q=4 n=4 total=36 HF={1, 3, 6, 9, 8, 6, 3}
p=7 q=4 n=4 total=36 HF={1, 3, 6, 9, 8, 6, 3}
p=2 q=4 n=4 total=40 HF={1, 3, 6, 9, 9, 7, 4, 1}
p=3 q=4 n=6 total=400 HF={1, 5, 15, 34, 59, 81, 85, 66, 40, 14}
p=5 q=4 n=6 total=400 HF={1, 5, 15, 34, 59, 81, 85, 66, 40, 14}
p=7 q=4 n=6 total=400 HF={1, 5, 15, 34, 59, 81, 85, 66, 40, 14}
p=2 q=4 n=6 total=544 HF={1, 5, 15, 34, 60, 86, 101, 96, 74, 45, 20, 6, 1}
p=3 q=6 n=4 total=90 HF={1, 3, 6, 9, 12, 15, 14, 12, 9, 6, 3}
p=5 q=6 n=4 total=90 HF={1, 3, 6, 9, 12, 15, 14, 12, 9, 6, 3}
p=7 q=6 n=4 total=90 HF={1, 3, 6, 9, 12, 15, 14, 12, 9, 6, 3}
p=2 q=6 n=4 total=96 HF={1, 3, 6, 9, 12, 15, 15, 13, 10, 7, 4, 1}
p=3 q=4 n=3 total=9 HF={1, 2, 3, 3}
p=5 q=4 n=3 total=9 HF={1, 2, 3, 3}
p=7 q=4 n=3 total=9 HF={1, 2, 3, 3}
p=2 q=4 n=3 total=10 HF={1, 2, 3, 3, 1}
p=3 q=2 n=5 total=10 HF={1, 4, 5}
p=5 q=2 n=5 total=10 HF={1, 4, 5}
p=7 q=2 n=5 total=10 HF={1, 4, 5}
p=2 q=2 n=5 total=16 HF={1, 4, 6, 4, 1}
p=3 q=8 n=4 total=168 HF={1, 3, 6, 9, 12, 15, 18, 21, 20, 18, 15, 12, 9, 6, 3}
p=5 q=8 n=4 total=168 HF={1, 3, 6, 9, 12, 15, 18, 21, 20, 18, 15, 12, 9, 6, 3}
p=7 q=8 n=4 total=168 HF={1, 3, 6, 9, 12, 15, 18, 21, 20, 18, 15, 12, 9, 6, 3}
p=2 q=8 n=4 total=176 HF={1, 3, 6, 9, 12, 15, 18, 21, 21, 19, 16, 13, 10, 7, 4, 1}
VIGIA-FIN-OK exit=0 pico_kb=81552 t=0s
