 m  k | direct Gamma | Remark4.4 CT | DS poly | Lean-transcribed Qall | m^(2k+1) | agree
 3  1 |            6 |            6 |       6 |                     6 |       27 | True
 4  1 |           19 |           19 |      19 |                    19 |       64 | True
 5  1 |           36 |           36 |      36 |                    36 |      125 | True
 6  1 |           61 |           61 |      61 |                    61 |      216 | True
 4  2 |          141 |          141 |     141 |                   141 |     1024 | True
 7  1 |           90 |           90 |      90 |                    90 |      343 | True
 8  1 |          127 |          127 |     127 |                   127 |      512 | True
 9  1 |          168 |          168 |     168 |                   168 |      729 | True
 1  0 |            0 |         None |    None |                     0 |        1 | True
 2  0 |            1 |            1 |    None |                     1 |        2 | True
 3  0 |            2 |            2 |    None |                     2 |        3 | True
 4  0 |            3 |            3 |    None |                     3 |        4 | True
 5  0 |            4 |            4 |    None |                     4 |        5 | True
 6  0 |            5 |            5 |    None |                     5 |        6 | True
 7  0 |            6 |            6 |    None |                     6 |        7 | True
 8  0 |            7 |            7 |    None |                     7 |        8 | True
 9  0 |            8 |            8 |    None |                     8 |        9 | True
 1  1 |            0 |         None |    None |                     0 |        1 | True
 1  2 |            0 |         None |    None |                     0 |        1 | True
 2  1 |            1 |            1 |    None |                     1 |        8 | True
 2  2 |            1 |            1 |    None |                     1 |       32 | True
 2  3 |            1 |            1 |    None |                     1 |      128 | True
 3  2 |           20 |           20 |      20 |                    20 |      243 | True
 5  2 |          400 |          400 |     400 |                   400 |     3125 | True
 6  2 |         1001 |         1001 |    1001 |                  1001 |     7776 | True
 3  3 |           70 |           70 |      70 |                    70 |     2187 | True
 4  3 |         1107 |         1107 |    1107 |                  1107 |    16384 | True
10  1 |          217 |          217 |     217 |                   217 |     1000 | True
12  1 |          331 |          331 |     331 |                   331 |     1728 | True
11  1 |          270 |          270 |     270 |                   270 |     1331 | True
disagreements: 0
paper §9.1 table: cells 30 mismatches 0
VIGIA-MATADO-TIEMPO pico_kb=11728 t=601s
