../../checks/L5_kernelcheck.lean:3:4: error(lean.invalidDottedIdent): Invalid dotted identifier notation: The expected type of `.thmInfo`
  ConstantInfo
is not of the form `C ...` or `... → C ...` where C is a constant
../../checks/L5_kernelcheck.lean:32:0: error: unexpected identifier; expected command
../../checks/L5_kernelcheck.lean:218:5: error: `gsDecl` has already been declared
../../checks/L5_kernelcheck.lean:249:0: error: unexpected identifier; expected command
../../checks/L5_kernelcheck.lean:374:4: error: `gsDecl` has already been declared
../../checks/L5_kernelcheck.lean:437:1: error: unexpected token 'def'; expected term
../../checks/L5_kernelcheck.lean:468:1: error: unexpected token 'def'; expected term
../../checks/L5_kernelcheck.lean:468:5: error: `gsDecl` has already been declared
../../checks/L5_kernelcheck.lean:499:5: error: `gsDecl` has already been declared
../../checks/L5_kernelcheck.lean:530:0: error: unexpected identifier; expected command
../../checks/L5_kernelcheck.lean:561:5: error: `gsDecl` has already been declared
../../checks/L5_kernelcheck.lean:592:0: error: unexpected identifier; expected command
../../checks/L5_kernelcheck.lean:964:5: error: `gsDecl` has already been declared
../../checks/L5_kernelcheck.lean:995:0: error: unexpected identifier; expected command
../../checks/L5_kernelcheck.lean:1119:5: error: `gsDecl` has already been declared
../../checks/L5_kernelcheck.lean:1150:0: error: expected token
../../checks/L5_kernelcheck.lean:1181:5: error: `gsDecl` has already been declared
../../checks/L5_kernelcheck.lean:1212:0: error: unexpected identifier; expected command
../../checks/L5_kernelcheck.lean:1367:5: error: `gsDecl` has already been declared
../../checks/L5_kernelcheck.lean:1398:0: error: unexpected identifier; expected command
../../checks/L5_kernelcheck.lean:1553:5: error: `gsDecl` has already been declared
../../checks/L5_kernelcheck.lean:1584:0: error: unexpected token '('; expected command
../../checks/L5_kernelcheck.lean:1584:5: error: `gsDecl` has already been declared
../../checks/L5_kernelcheck.lean:1615:0: error: unexpected identifier; expected command
../../checks/L5_kernelcheck.lean:1739:5: error: `gsDecl` has already been declared
../../checks/L5_kernelcheck.lean:1770:0: error: unexpected identifier; expected command
../../checks/L5_kernelcheck.lean:1956:5: error: `gsDecl` has already been declared
../../checks/L5_kernelcheck.lean:1987:5: error: `gsDecl` has already been declared
../../checks/L5_kernelcheck.lean:2018:0: error: unexpected identifier; expected command
../../checks/L5_kernelcheck.lean:2235:5: error: `gsDecl` has already been declared
../../checks/L5_kernelcheck.lean:2266:0: error: unexpected identifier; expected command
../../checks/L5_kernelcheck.lean:2421:5: error: `gsDecl` has already been declared
../../checks/L5_kernelcheck.lean:2452:0: error: unexpected token ')'; expected command
../../checks/L5_kernelcheck.lean:2452:5: error: `gsDecl` has already been declared
../../checks/L5_kernelcheck.lean:2483:0: error: unexpected token ','; expected command
../../checks/L5_kernelcheck.lean:2483:5: error: `gsDecl` has already been declared
../../checks/L5_kernelcheck.lean:2514:5: error: `gsDecl` has already been declared
../../checks/L5_kernelcheck.lean:2545:0: error: unexpected token; expected command
../../checks/L5_kernelcheck.lean:2545:5: error: `gsDecl` has already been declared
../../checks/L5_kernelcheck.lean:2576:5: error: `gsDecl` has already been declared
../../checks/L5_kernelcheck.lean:2607:0: error: unexpected identifier; expected command
../../checks/L5_kernelcheck.lean:2700:5: error: `gsDecl` has already been declared
../../checks/L5_kernelcheck.lean:2731:0: error: unexpected token; expected command
../../checks/L5_kernelcheck.lean:2731:5: error: `gsDecl` has already been declared
../../checks/L5_kernelcheck.lean:2762:0: error: unexpected token; expected command
../../checks/L5_kernelcheck.lean:2762:5: error: `gsDecl` has already been declared
../../checks/L5_kernelcheck.lean:2793:0: error: unexpected token; expected command
../../checks/L5_kernelcheck.lean:2793:5: error: `gsDecl` has already been declared
../../checks/L5_kernelcheck.lean:2824:0: error: unexpected token; expected command
../../checks/L5_kernelcheck.lean:2824:5: error: `gsDecl` has already been declared
../../checks/L5_kernelcheck.lean:2855:0: error: unexpected token '.'; expected command
../../checks/L5_kernelcheck.lean:2855:5: error: `gsDecl` has already been declared
../../checks/L5_kernelcheck.lean:2918:1: error: unexpected token 'def'; expected term
../../checks/L5_kernelcheck.lean:2949:1: error: unexpected token 'def'; expected term
../../checks/L5_kernelcheck.lean:2949:5: error: `gsDecl` has already been declared
../../checks/L5_kernelcheck.lean:2980:5: error: `gsDecl` has already been declared
../../checks/L5_kernelcheck.lean:3011:0: error: unexpected identifier; expected command
../../checks/L5_kernelcheck.lean:3104:5: error: `gsDecl` has already been declared
../../checks/L5_kernelcheck.lean:3135:0: error: unexpected identifier; expected command
../../checks/L5_kernelcheck.lean:3259:5: error: `gsDecl` has already been declared
../../checks/L5_kernelcheck.lean:3290:0: error: unexpected identifier; expected command
../../checks/L5_kernelcheck.lean:3538:5: error: `gsDecl` has already been declared
../../checks/L5_kernelcheck.lean:3569:0: error: unexpected identifier; expected command
../../checks/L5_kernelcheck.lean:3786:5: error: `gsDecl` has already been declared
../../checks/L5_kernelcheck.lean:3817:5: error: `gsDecl` has already been declared
../../checks/L5_kernelcheck.lean:3848:5: error: `gsDecl` has already been declared
../../checks/L5_kernelcheck.lean:3879:0: error: unexpected identifier; expected command
../../checks/L5_kernelcheck.lean:4003:5: error: `gsDecl` has already been declared
../../checks/L5_kernelcheck.lean:4034:0: error: unexpected identifier; expected command
../../checks/L5_kernelcheck.lean:4127:5: error: `gsDecl` has already been declared
../../checks/L5_kernelcheck.lean:4158:0: error: unexpected identifier; expected command
../../checks/L5_kernelcheck.lean:4282:5: error: `gsDecl` has already been declared
../../checks/L5_kernelcheck.lean:4313:0: error: unexpected token '.'; expected command
../../checks/L5_kernelcheck.lean:4313:5: error: `gsDecl` has already been declared
../../checks/L5_kernelcheck.lean:4344:0: error: unexpected token '.'; expected command
../../checks/L5_kernelcheck.lean:4375:1: error: unexpected token 'def'; expected term
../../checks/L5_kernelcheck.lean:4375:5: error: `gsDecl` has already been declared
../../checks/L5_kernelcheck.lean:4406:0: error: unexpected token '.'; expected command
../../checks/L5_kernelcheck.lean:4406:5: error: `gsDecl` has already been declared
../../checks/L5_kernelcheck.lean:4437:0: error: unexpected token '.'; expected command
../../checks/L5_kernelcheck.lean:4468:1: error: unexpected token 'def'; expected term
../../checks/L5_kernelcheck.lean:4468:5: error: `gsDecl` has already been declared
../../checks/L5_kernelcheck.lean:4499:0: error: unexpected identifier; expected command
../../checks/L5_kernelcheck.lean:4685:5: error: `gsDecl` has already been declared
../../checks/L5_kernelcheck.lean:4716:0: error: unexpected identifier; expected command
../../checks/L5_kernelcheck.lean:4747:5: error: `gsDecl` has already been declared
../../checks/L5_kernelcheck.lean:4778:0: error: unexpected identifier; expected command
../../checks/L5_kernelcheck.lean:5150:5: error: `gsDecl` has already been declared
../../checks/L5_kernelcheck.lean:5181:0: error: unexpected identifier; expected command
../../checks/L5_kernelcheck.lean:5305:5: error: `gsDecl` has already been declared
../../checks/L5_kernelcheck.lean:5336:5: error: `gsDecl` has already been declared
../../checks/L5_kernelcheck.lean:5367:5: error: `gsDecl` has already been declared
../../checks/L5_kernelcheck.lean:5398:0: error: unexpected token '('; expected command
../../checks/L5_kernelcheck.lean:5398:5: error: `gsDecl` has already been declared
../../checks/L5_kernelcheck.lean:5429:0: error: unexpected identifier; expected command
../../checks/L5_kernelcheck.lean:5584:5: error: `gsDecl` has already been declared
../../checks/L5_kernelcheck.lean:5615:0: error: unexpected identifier; expected command
../../checks/L5_kernelcheck.lean:5770:5: error: `gsDecl` has already been declared
../../checks/L5_kernelcheck.lean:5801:0: error: unexpected identifier; expected command
../../checks/L5_kernelcheck.lean:5863:5: error: `gsDecl` has already been declared
../../checks/L5_kernelcheck.lean:5926:1: error: maximum number of errors (100; from option `maxErrors`) reached, exiting
VIGIA-FIN-OK exit=1 pico_kb=1011280 t=1s
