=== RUN ===
command: python3 downset_bip_cells.py --cell 1 1 3 --crosscheck
cwd: /Users/rafa/Desktop/LECTORES_EN_FRIO/FABLE_5/checks/scripts
date: Fri Sep 25 13:35:57 CEST 2026
exit status: 0
wall time (/usr/bin/time -l, real): 0.07 s
peak memory (maximum resident set size): 23658496 bytes = 22 MB
=== PREDICTION (written before the run) ===
prediction command: python3 downset_bip_cells.py --cell 1 1 3 --crosscheck --predict
cell (alpha, beta, q) = (1, 1, 3), p = 3, q = p^1, F = F_3, Omega = {0..2}
date: 2026-09-25 13:35:57
BPar_q(alpha,beta): 2 elements: ()|() (1)|(1)
strict order relations (product of weak dominance orders): 1
number of down-sets: 3
shape histogram over all 9 points: ()|():3 (1)|(1):6
set of shapes == BPar_q(alpha,beta)? True
ring dimension q^(alpha+beta) = 9, degrees 0..4, n_d = [1, 2, 3, 2, 1]
tight patterns per element (count, degree of product): ()|():1,2 (1)|(1):1,0

down-sets (index: elements | |Z_Lambda| | dim V_Lambda):
  # 0: {} | |Z| = 0 | predicted dim = 0 (equality measured by the paper; Thm 7.6 says >=) | est 0.0 s
  # 1: {()|()} | |Z| = 3 | predicted dim = 3 (equality measured by the paper; Thm 7.6 says >=) | est 0.0 s
  # 2: {()|() (1)|(1)} | |Z| = 9 | predicted dim = 9 (equality measured by the paper; Thm 7.6 says >=) | est 0.0 s

ESTIMATE: matmul 9.50e+00 flops + elimination 2.85e+01 ops -> ~0 s (rates 5.0e+09, 2.0e+08 per s), plus overhead ~3 down-sets x ~0.5 s; memory ~60 MB (3 float32 n_max^2 blocks, n_max = 3, ring tables, up to 2 dense generators, baseline)
=== OUTPUT ===
cell (alpha, beta, q) = (1, 1, 3), p = 3, q = p^1, F = F_3, Omega = {0..2}
date: 2026-09-25 13:35:57
BPar_q(alpha,beta): 2 elements: ()|() (1)|(1)
strict order relations (product of weak dominance orders): 1
number of down-sets: 3
shape histogram over all 9 points: ()|():3 (1)|(1):6
set of shapes == BPar_q(alpha,beta)? True
ring dimension q^(alpha+beta) = 9, degrees 0..4, n_d = [1, 2, 3, 2, 1]
tight patterns per element (count, degree of product): ()|():1,2 (1)|(1):1,0

down-sets (index: elements | |Z_Lambda| | dim V_Lambda):
  # 0: {} | |Z| = 0 | dim = 0 | OK(=) | gens 0 (of 0 patterns) | per-degree [0, 0, 0, 0, 0] | 0.0s
  # 1: {()|()} | |Z| = 3 | dim = 3 | OK(=) | gens 1 (of 1 patterns) | per-degree [0, 0, 1, 1, 1] | 0.0s | crosscheck rank_mod_p(full matrix) = 3 agree
  # 2: {()|() (1)|(1)} | |Z| = 9 | dim = 9 | OK(=) | gens (contains 1) | per-degree [1, 2, 3, 2, 1] | 0.0s

SUMMARY cell=(1,1,3) #down-sets=3 #dim<|Z|=0 #dim>|Z|=0 #equal=3  total 0.0s
ROOT I^bal_1 at q=3: dim = 3, |Z_{(0,0)}| = 3, N_bal by direct count = 3, paper's closed form = 3
=== /usr/bin/time -l (raw) ===
        0.07 real         0.05 user         0.01 sys
            23658496  maximum resident set size
                   0  average shared memory size
                   0  average unshared data size
                   0  average unshared stack size
                2655  page reclaims
                  20  page faults
                   0  swaps
                   0  block input operations
                   0  block output operations
                   0  messages sent
                   0  messages received
                   0  signals received
                   3  voluntary context switches
                  27  involuntary context switches
           596182939  instructions retired
           218931118  cycles elapsed
            17056032  peak memory footprint
