=== RUN ===
command: python3 downset_bip_roots.py --ph 1 11
cwd: /Users/rafa/Desktop/LECTORES_EN_FRIO/FABLE_5/checks/scripts
date: Fri Sep 25 14:00:51 CEST 2026
exit status: 0
wall time (/usr/bin/time -l, real): 0.07 s
peak memory (maximum resident set size): 23986176 bytes = 22 MB
=== PREDICTION (written before the run) ===
prediction command: python3 downset_bip_roots.py --ph 1 11 --predict
I^ph_1 at q = 11 (p = 11), ring R_{[2],[1]} of dimension 1331, date 2026-09-25 14:00:51
degrees 0..30, n_d = [1, 3, 6, 10, 15, 21, 28, 36, 45, 55, 66, 75, 82, 87, 90, 91, 90, 87, 82, 75, 66, 55, 45, 36, 28, 21, 15, 10, 6, 3, 1]
N_ph(1,11) by direct enumeration of 1331 points = 231   [0.0s]; N_bal(2,11) direct = 231
PREDICTION: dim_F I^ph_1 = 231 (Thm C says >= 231; Cor 7.8 says =)
ESTIMATE: 2 generators of degree 10; matmul 2.10e+06 flops + elimination 6.30e+06 ops -> raw model ~0 s, calibrated ~0 s (x0.10) (+ enumeration of 1331 points, + char-0 sympy ranks if --char0); memory ~0 MB (per-degree peak of row block + basis) + 0 MB tables/generators + 60 MB baseline
=== OUTPUT ===
I^ph_1 at q = 11 (p = 11), ring R_{[2],[1]} of dimension 1331, date 2026-09-25 14:00:51
degrees 0..30, n_d = [1, 3, 6, 10, 15, 21, 28, 36, 45, 55, 66, 75, 82, 87, 90, 91, 90, 87, 82, 75, 66, 55, 45, 36, 28, 21, 15, 10, 6, 3, 1]
N_ph(1,11) by direct enumeration of 1331 points = 231   [0.0s]; N_bal(2,11) direct = 231
2 generators, built in 0.0s; degrees [10]
dim_{F_11} I^ph_1 = 231   (per degree: [0, 0, 0, 0, 0, 0, 0, 0, 0, 0, 2, 4, 6, 8, 10, 12, 14, 16, 18, 20, 21, 19, 17, 15, 13, 11, 9, 7, 5, 3, 1])   [0.0s]
RESULT I^ph_1 q=11: dim = 231, N = 231 -> dim = N (Theorem C holds with equality here, as Cor. 7.8 claims)
total 0.0s
=== /usr/bin/time -l (raw) ===
        0.07 real         0.05 user         0.01 sys
            23986176  maximum resident set size
                   0  average shared memory size
                   0  average unshared data size
                   0  average unshared stack size
                2677  page reclaims
                  18  page faults
                   0  swaps
                   0  block input operations
                   0  block output operations
                   0  messages sent
                   0  messages received
                   0  signals received
                   0  voluntary context switches
                  35  involuntary context switches
           742867029  instructions retired
           241811950  cycles elapsed
            17498424  peak memory footprint
