=== RUN ===
command: python3 downset_bip_cells.py --cell 5 3 3
cwd: /Users/rafa/Desktop/LECTORES_EN_FRIO/FABLE_5/checks/scripts
date: Fri Sep 25 13:37:55 CEST 2026
exit status: 0
wall time (/usr/bin/time -l, real): 9.17 s
peak memory (maximum resident set size): 268206080 bytes = 255 MB
=== PREDICTION (written before the run) ===
prediction command: python3 downset_bip_cells.py --cell 5 3 3 --predict
cell (alpha, beta, q) = (5, 3, 3), p = 3, q = p^1, F = F_3, Omega = {0..2}
date: 2026-09-25 13:37:46
BPar_q(alpha,beta): 12 elements: (2)|() (1,1)|() (3)|(1) (2,1)|(1) (4)|(2) (4)|(1,1) (3,1)|(2) (2,2)|(2) (5)|(3) (5)|(2,1) (4,1)|(3) (3,2)|(3)
strict order relations (product of weak dominance orders): 59
number of down-sets: 20
shape histogram over all 6561 points: (1,1)|():1710 (2)|():1233 (2,1)|(1):1710 (2,2)|(2):270 (3)|(1):888 (3,1)|(2):390 (3,2)|(3):60 (4)|(1,1):108 (4)|(2):138 (4,1)|(3):30 (5)|(2,1):18 (5)|(3):6
set of shapes == BPar_q(alpha,beta)? True
ring dimension q^(alpha+beta) = 6561, degrees 0..16, n_d = [1, 8, 36, 112, 266, 504, 784, 1016, 1107, 1016, 784, 504, 266, 112, 36, 8, 1]
tight patterns per element (count, degree of product): (2)|():60,6 (1,1)|():60,7 (3)|(1):60,4 (2,1)|(1):180,5 (4)|(2):15,2 (4)|(1,1):15,3 (3,1)|(2):90,3 (2,2)|(2):45,4 (5)|(3):1,0 (5)|(2,1):3,1 (4,1)|(3):10,1 (3,2)|(3):15,2

down-sets (index: elements | |Z_Lambda| | dim V_Lambda):
  # 0: {} | |Z| = 0 | predicted dim = 0 (equality measured by the paper; Thm 7.6 says >=) | est 0.0 s
  # 1: {(1,1)|()} | |Z| = 1710 | predicted dim = 1710 (equality measured by the paper; Thm 7.6 says >=) | est 4.2 s
  # 2: {(2)|() (1,1)|()} | |Z| = 2943 | predicted dim = 2943 (equality measured by the paper; Thm 7.6 says >=) | est 5.5 s
  # 3: {(2)|() (1,1)|() (2,1)|(1)} | |Z| = 4653 | predicted dim = 4653 (equality measured by the paper; Thm 7.6 says >=) | est 6.6 s
  # 4: {(2)|() (1,1)|() (3)|(1) (2,1)|(1)} | |Z| = 5541 | predicted dim = 5541 (equality measured by the paper; Thm 7.6 says >=) | est 6.7 s
  # 5: {(2)|() (1,1)|() (3)|(1) (2,1)|(1) (4)|(1,1)} | |Z| = 5649 | predicted dim = 5649 (equality measured by the paper; Thm 7.6 says >=) | est 6.8 s
  # 6: {(2)|() (1,1)|() (2,1)|(1) (2,2)|(2)} | |Z| = 4923 | predicted dim = 4923 (equality measured by the paper; Thm 7.6 says >=) | est 6.7 s
  # 7: {(2)|() (1,1)|() (3)|(1) (2,1)|(1) (2,2)|(2)} | |Z| = 5811 | predicted dim = 5811 (equality measured by the paper; Thm 7.6 says >=) | est 6.7 s
  # 8: {(2)|() (1,1)|() (3)|(1) (2,1)|(1) (4)|(1,1) (2,2)|(2)} | |Z| = 5919 | predicted dim = 5919 (equality measured by the paper; Thm 7.6 says >=) | est 6.8 s
  # 9: {(2)|() (1,1)|() (3)|(1) (2,1)|(1) (3,1)|(2) (2,2)|(2)} | |Z| = 6201 | predicted dim = 6201 (equality measured by the paper; Thm 7.6 says >=) | est 6.8 s
  #10: {(2)|() (1,1)|() (3)|(1) (2,1)|(1) (4)|(1,1) (3,1)|(2) (2,2)|(2)} | |Z| = 6309 | predicted dim = 6309 (equality measured by the paper; Thm 7.6 says >=) | est 6.8 s
  #11: {(2)|() (1,1)|() (3)|(1) (2,1)|(1) (4)|(2) (4)|(1,1) (3,1)|(2) (2,2)|(2)} | |Z| = 6447 | predicted dim = 6447 (equality measured by the paper; Thm 7.6 says >=) | est 6.8 s
  #12: {(2)|() (1,1)|() (3)|(1) (2,1)|(1) (4)|(2) (4)|(1,1) (3,1)|(2) (2,2)|(2) (5)|(2,1)} | |Z| = 6465 | predicted dim = 6465 (equality measured by the paper; Thm 7.6 says >=) | est 6.8 s
  #13: {(2)|() (1,1)|() (3)|(1) (2,1)|(1) (3,1)|(2) (2,2)|(2) (3,2)|(3)} | |Z| = 6261 | predicted dim = 6261 (equality measured by the paper; Thm 7.6 says >=) | est 6.8 s
  #14: {(2)|() (1,1)|() (3)|(1) (2,1)|(1) (4)|(1,1) (3,1)|(2) (2,2)|(2) (3,2)|(3)} | |Z| = 6369 | predicted dim = 6369 (equality measured by the paper; Thm 7.6 says >=) | est 6.8 s
  #15: {(2)|() (1,1)|() (3)|(1) (2,1)|(1) (4)|(2) (4)|(1,1) (3,1)|(2) (2,2)|(2) (3,2)|(3)} | |Z| = 6507 | predicted dim = 6507 (equality measured by the paper; Thm 7.6 says >=) | est 6.8 s
  #16: {(2)|() (1,1)|() (3)|(1) (2,1)|(1) (4)|(2) (4)|(1,1) (3,1)|(2) (2,2)|(2) (5)|(2,1) (3,2)|(3)} | |Z| = 6525 | predicted dim = 6525 (equality measured by the paper; Thm 7.6 says >=) | est 6.8 s
  #17: {(2)|() (1,1)|() (3)|(1) (2,1)|(1) (4)|(2) (4)|(1,1) (3,1)|(2) (2,2)|(2) (4,1)|(3) (3,2)|(3)} | |Z| = 6537 | predicted dim = 6537 (equality measured by the paper; Thm 7.6 says >=) | est 6.8 s
  #18: {(2)|() (1,1)|() (3)|(1) (2,1)|(1) (4)|(2) (4)|(1,1) (3,1)|(2) (2,2)|(2) (5)|(2,1) (4,1)|(3) (3,2)|(3)} | |Z| = 6555 | predicted dim = 6555 (equality measured by the paper; Thm 7.6 says >=) | est 6.8 s
  #19: {(2)|() (1,1)|() (3)|(1) (2,1)|(1) (4)|(2) (4)|(1,1) (3,1)|(2) (2,2)|(2) (5)|(3) (5)|(2,1) (4,1)|(3) (3,2)|(3)} | |Z| = 6561 | predicted dim = 6561 (equality measured by the paper; Thm 7.6 says >=) | est 0.0 s

ESTIMATE: matmul 1.51e+11 flops + elimination 1.75e+10 ops -> ~118 s (rates 5.0e+09, 2.0e+08 per s), plus overhead ~20 down-sets x ~0.5 s; memory ~105 MB (3 float32 n_max^2 blocks, n_max = 1107, ring tables, up to 554 dense generators, baseline)
=== OUTPUT ===
cell (alpha, beta, q) = (5, 3, 3), p = 3, q = p^1, F = F_3, Omega = {0..2}
date: 2026-09-25 13:37:46
BPar_q(alpha,beta): 12 elements: (2)|() (1,1)|() (3)|(1) (2,1)|(1) (4)|(2) (4)|(1,1) (3,1)|(2) (2,2)|(2) (5)|(3) (5)|(2,1) (4,1)|(3) (3,2)|(3)
strict order relations (product of weak dominance orders): 59
number of down-sets: 20
shape histogram over all 6561 points: (1,1)|():1710 (2)|():1233 (2,1)|(1):1710 (2,2)|(2):270 (3)|(1):888 (3,1)|(2):390 (3,2)|(3):60 (4)|(1,1):108 (4)|(2):138 (4,1)|(3):30 (5)|(2,1):18 (5)|(3):6
set of shapes == BPar_q(alpha,beta)? True
ring dimension q^(alpha+beta) = 6561, degrees 0..16, n_d = [1, 8, 36, 112, 266, 504, 784, 1016, 1107, 1016, 784, 504, 266, 112, 36, 8, 1]
tight patterns per element (count, degree of product): (2)|():60,6 (1,1)|():60,7 (3)|(1):60,4 (2,1)|(1):180,5 (4)|(2):15,2 (4)|(1,1):15,3 (3,1)|(2):90,3 (2,2)|(2):45,4 (5)|(3):1,0 (5)|(2,1):3,1 (4,1)|(3):10,1 (3,2)|(3):15,2

down-sets (index: elements | |Z_Lambda| | dim V_Lambda):
  # 0: {} | |Z| = 0 | dim = 0 | OK(=) | gens 0 (of 0 patterns) | per-degree [0, 0, 0, 0, 0, 0, 0, 0, 0, 0, 0, 0, 0, 0, 0, 0, 0] | 0.0s
  # 1: {(1,1)|()} | |Z| = 1710 | dim = 1710 | OK(=) | gens 60 (of 60 patterns) | per-degree [0, 0, 0, 0, 0, 0, 0, 47, 178, 340, 419, 357, 222, 103, 35, 8, 1] | 0.3s
  # 2: {(2)|() (1,1)|()} | |Z| = 2943 | dim = 2943 | OK(=) | gens 120 (of 120 patterns) | per-degree [0, 0, 0, 0, 0, 0, 56, 232, 485, 660, 637, 460, 257, 111, 36, 8, 1] | 0.4s
  # 3: {(2)|() (1,1)|() (2,1)|(1)} | |Z| = 4653 | dim = 4653 | OK(=) | gens 300 (of 300 patterns) | per-degree [0, 0, 0, 0, 0, 75, 313, 664, 937, 964, 774, 503, 266, 112, 36, 8, 1] | 0.7s
  # 4: {(2)|() (1,1)|() (3)|(1) (2,1)|(1)} | |Z| = 5541 | dim = 5541 | OK(=) | gens 360 (of 360 patterns) | per-degree [0, 0, 0, 0, 54, 242, 566, 897, 1065, 1007, 783, 504, 266, 112, 36, 8, 1] | 0.7s
  # 5: {(2)|() (1,1)|() (3)|(1) (2,1)|(1) (4)|(1,1)} | |Z| = 5649 | dim = 5649 | OK(=) | gens 375 (of 375 patterns) | per-degree [0, 0, 0, 11, 82, 277, 591, 905, 1066, 1007, 783, 504, 266, 112, 36, 8, 1] | 0.7s
  # 6: {(2)|() (1,1)|() (2,1)|(1) (2,2)|(2)} | |Z| = 4923 | dim = 4923 | OK(=) | gens 345 (of 345 patterns) | per-degree [0, 0, 0, 0, 20, 133, 395, 733, 969, 972, 775, 503, 266, 112, 36, 8, 1] | 0.7s
  # 7: {(2)|() (1,1)|() (3)|(1) (2,1)|(1) (2,2)|(2)} | |Z| = 5811 | dim = 5811 | OK(=) | gens 405 (of 405 patterns) | per-degree [0, 0, 0, 0, 74, 300, 648, 966, 1097, 1015, 784, 504, 266, 112, 36, 8, 1] | 0.7s
  # 8: {(2)|() (1,1)|() (3)|(1) (2,1)|(1) (4)|(1,1) (2,2)|(2)} | |Z| = 5919 | dim = 5919 | OK(=) | gens 420 (of 420 patterns) | per-degree [0, 0, 0, 11, 102, 335, 673, 974, 1098, 1015, 784, 504, 266, 112, 36, 8, 1] | 0.7s
  # 9: {(2)|() (1,1)|() (3)|(1) (2,1)|(1) (3,1)|(2) (2,2)|(2)} | |Z| = 6201 | dim = 6201 | OK(=) | gens 495 (of 495 patterns) | per-degree [0, 0, 0, 33, 164, 421, 744, 1006, 1106, 1016, 784, 504, 266, 112, 36, 8, 1] | 0.6s
  #10: {(2)|() (1,1)|() (3)|(1) (2,1)|(1) (4)|(1,1) (3,1)|(2) (2,2)|(2)} | |Z| = 6309 | dim = 6309 | OK(=) | gens 510 (of 510 patterns) | per-degree [0, 0, 0, 44, 192, 456, 769, 1014, 1107, 1016, 784, 504, 266, 112, 36, 8, 1] | 0.5s
  #11: {(2)|() (1,1)|() (3)|(1) (2,1)|(1) (4)|(2) (4)|(1,1) (3,1)|(2) (2,2)|(2)} | |Z| = 6447 | dim = 6447 | OK(=) | gens 525 (of 525 patterns) | per-degree [0, 0, 15, 81, 237, 487, 778, 1015, 1107, 1016, 784, 504, 266, 112, 36, 8, 1] | 0.5s
  #12: {(2)|() (1,1)|() (3)|(1) (2,1)|(1) (4)|(2) (4)|(1,1) (3,1)|(2) (2,2)|(2) (5)|(2,1)} | |Z| = 6465 | dim = 6465 | OK(=) | gens 528 (of 528 patterns) | per-degree [0, 2, 20, 87, 241, 488, 778, 1015, 1107, 1016, 784, 504, 266, 112, 36, 8, 1] | 0.4s
  #13: {(2)|() (1,1)|() (3)|(1) (2,1)|(1) (3,1)|(2) (2,2)|(2) (3,2)|(3)} | |Z| = 6261 | dim = 6261 | OK(=) | gens 510 (of 510 patterns) | per-degree [0, 0, 5, 47, 183, 436, 750, 1007, 1106, 1016, 784, 504, 266, 112, 36, 8, 1] | 0.6s
  #14: {(2)|() (1,1)|() (3)|(1) (2,1)|(1) (4)|(1,1) (3,1)|(2) (2,2)|(2) (3,2)|(3)} | |Z| = 6369 | dim = 6369 | OK(=) | gens 525 (of 525 patterns) | per-degree [0, 0, 5, 58, 211, 471, 775, 1015, 1107, 1016, 784, 504, 266, 112, 36, 8, 1] | 0.5s
  #15: {(2)|() (1,1)|() (3)|(1) (2,1)|(1) (4)|(2) (4)|(1,1) (3,1)|(2) (2,2)|(2) (3,2)|(3)} | |Z| = 6507 | dim = 6507 | OK(=) | gens 540 (of 540 patterns) | per-degree [0, 0, 20, 95, 256, 502, 784, 1016, 1107, 1016, 784, 504, 266, 112, 36, 8, 1] | 0.3s
  #16: {(2)|() (1,1)|() (3)|(1) (2,1)|(1) (4)|(2) (4)|(1,1) (3,1)|(2) (2,2)|(2) (5)|(2,1) (3,2)|(3)} | |Z| = 6525 | dim = 6525 | OK(=) | gens 543 (of 543 patterns) | per-degree [0, 2, 25, 101, 260, 503, 784, 1016, 1107, 1016, 784, 504, 266, 112, 36, 8, 1] | 0.3s
  #17: {(2)|() (1,1)|() (3)|(1) (2,1)|(1) (4)|(2) (4)|(1,1) (3,1)|(2) (2,2)|(2) (4,1)|(3) (3,2)|(3)} | |Z| = 6537 | dim = 6537 | OK(=) | gens 550 (of 550 patterns) | per-degree [0, 4, 29, 105, 262, 503, 784, 1016, 1107, 1016, 784, 504, 266, 112, 36, 8, 1] | 0.3s
  #18: {(2)|() (1,1)|() (3)|(1) (2,1)|(1) (4)|(2) (4)|(1,1) (3,1)|(2) (2,2)|(2) (5)|(2,1) (4,1)|(3) (3,2)|(3)} | |Z| = 6555 | dim = 6555 | OK(=) | gens 553 (of 553 patterns) | per-degree [0, 6, 34, 111, 266, 504, 784, 1016, 1107, 1016, 784, 504, 266, 112, 36, 8, 1] | 0.2s
  #19: {(2)|() (1,1)|() (3)|(1) (2,1)|(1) (4)|(2) (4)|(1,1) (3,1)|(2) (2,2)|(2) (5)|(3) (5)|(2,1) (4,1)|(3) (3,2)|(3)} | |Z| = 6561 | dim = 6561 | OK(=) | gens (contains 1) | per-degree [1, 8, 36, 112, 266, 504, 784, 1016, 1107, 1016, 784, 504, 266, 112, 36, 8, 1] | 0.0s

SUMMARY cell=(5,3,3) #down-sets=20 #computed=20 #dim<|Z|=0 #dim>|Z|=0 #equal=20  total 9.1s
=== /usr/bin/time -l (raw) ===
        9.17 real         9.04 user         0.12 sys
           268206080  maximum resident set size
                   0  average shared memory size
                   0  average unshared data size
                   0  average unshared stack size
               26472  page reclaims
                  18  page faults
                   0  swaps
                   0  block input operations
                   0  block output operations
                   0  messages sent
                   0  messages received
                   0  signals received
                   1  voluntary context switches
                 652  involuntary context switches
        147399419244  instructions retired
         29815251083  cycles elapsed
           272777792  peak memory footprint
