=== RUN ===
command: python3 downset_bip_cells.py --cell 4 2 3
cwd: /Users/rafa/Desktop/LECTORES_EN_FRIO/FABLE_5/checks/scripts
date: Fri Sep 25 13:36:30 CEST 2026
exit status: 0
wall time (/usr/bin/time -l, real): 0.16 s
peak memory (maximum resident set size): 26705920 bytes = 25 MB
=== PREDICTION (written before the run) ===
prediction command: python3 downset_bip_cells.py --cell 4 2 3 --predict
cell (alpha, beta, q) = (4, 2, 3), p = 3, q = p^1, F = F_3, Omega = {0..2}
date: 2026-09-25 13:36:30
BPar_q(alpha,beta): 8 elements: (2)|() (1,1)|() (3)|(1) (2,1)|(1) (4)|(2) (4)|(1,1) (3,1)|(2) (2,2)|(2)
strict order relations (product of weak dominance orders): 25
number of down-sets: 12
shape histogram over all 729 points: (1,1)|():240 (2)|():159 (2,1)|(1):192 (2,2)|(2):18 (3)|(1):84 (3,1)|(2):24 (4)|(1,1):6 (4)|(2):6
set of shapes == BPar_q(alpha,beta)? True
ring dimension q^(alpha+beta) = 729, degrees 0..12, n_d = [1, 6, 21, 50, 90, 126, 141, 126, 90, 50, 21, 6, 1]
tight patterns per element (count, degree of product): (2)|():12,4 (1,1)|():12,5 (3)|(1):8,2 (2,1)|(1):24,3 (4)|(2):1,0 (4)|(1,1):1,1 (3,1)|(2):6,1 (2,2)|(2):3,2

down-sets (index: elements | |Z_Lambda| | dim V_Lambda):
  # 0: {} | |Z| = 0 | predicted dim = 0 (equality measured by the paper; Thm 7.6 says >=) | est 0.0 s
  # 1: {(1,1)|()} | |Z| = 240 | predicted dim = 240 (equality measured by the paper; Thm 7.6 says >=) | est 0.0 s
  # 2: {(2)|() (1,1)|()} | |Z| = 399 | predicted dim = 399 (equality measured by the paper; Thm 7.6 says >=) | est 0.1 s
  # 3: {(2)|() (1,1)|() (2,1)|(1)} | |Z| = 591 | predicted dim = 591 (equality measured by the paper; Thm 7.6 says >=) | est 0.1 s
  # 4: {(2)|() (1,1)|() (3)|(1) (2,1)|(1)} | |Z| = 675 | predicted dim = 675 (equality measured by the paper; Thm 7.6 says >=) | est 0.1 s
  # 5: {(2)|() (1,1)|() (3)|(1) (2,1)|(1) (4)|(1,1)} | |Z| = 681 | predicted dim = 681 (equality measured by the paper; Thm 7.6 says >=) | est 0.1 s
  # 6: {(2)|() (1,1)|() (2,1)|(1) (2,2)|(2)} | |Z| = 609 | predicted dim = 609 (equality measured by the paper; Thm 7.6 says >=) | est 0.1 s
  # 7: {(2)|() (1,1)|() (3)|(1) (2,1)|(1) (2,2)|(2)} | |Z| = 693 | predicted dim = 693 (equality measured by the paper; Thm 7.6 says >=) | est 0.1 s
  # 8: {(2)|() (1,1)|() (3)|(1) (2,1)|(1) (4)|(1,1) (2,2)|(2)} | |Z| = 699 | predicted dim = 699 (equality measured by the paper; Thm 7.6 says >=) | est 0.1 s
  # 9: {(2)|() (1,1)|() (3)|(1) (2,1)|(1) (3,1)|(2) (2,2)|(2)} | |Z| = 717 | predicted dim = 717 (equality measured by the paper; Thm 7.6 says >=) | est 0.1 s
  #10: {(2)|() (1,1)|() (3)|(1) (2,1)|(1) (4)|(1,1) (3,1)|(2) (2,2)|(2)} | |Z| = 723 | predicted dim = 723 (equality measured by the paper; Thm 7.6 says >=) | est 0.1 s
  #11: {(2)|() (1,1)|() (3)|(1) (2,1)|(1) (4)|(2) (4)|(1,1) (3,1)|(2) (2,2)|(2)} | |Z| = 729 | predicted dim = 729 (equality measured by the paper; Thm 7.6 says >=) | est 0.0 s

ESTIMATE: matmul 1.09e+08 flops + elimination 1.29e+08 ops -> ~1 s (rates 5.0e+09, 2.0e+08 per s), plus overhead ~12 down-sets x ~0.5 s; memory ~61 MB (3 float32 n_max^2 blocks, n_max = 141, ring tables, up to 67 dense generators, baseline)
=== OUTPUT ===
cell (alpha, beta, q) = (4, 2, 3), p = 3, q = p^1, F = F_3, Omega = {0..2}
date: 2026-09-25 13:36:30
BPar_q(alpha,beta): 8 elements: (2)|() (1,1)|() (3)|(1) (2,1)|(1) (4)|(2) (4)|(1,1) (3,1)|(2) (2,2)|(2)
strict order relations (product of weak dominance orders): 25
number of down-sets: 12
shape histogram over all 729 points: (1,1)|():240 (2)|():159 (2,1)|(1):192 (2,2)|(2):18 (3)|(1):84 (3,1)|(2):24 (4)|(1,1):6 (4)|(2):6
set of shapes == BPar_q(alpha,beta)? True
ring dimension q^(alpha+beta) = 729, degrees 0..12, n_d = [1, 6, 21, 50, 90, 126, 141, 126, 90, 50, 21, 6, 1]
tight patterns per element (count, degree of product): (2)|():12,4 (1,1)|():12,5 (3)|(1):8,2 (2,1)|(1):24,3 (4)|(2):1,0 (4)|(1,1):1,1 (3,1)|(2):6,1 (2,2)|(2):3,2

down-sets (index: elements | |Z_Lambda| | dim V_Lambda):
  # 0: {} | |Z| = 0 | dim = 0 | OK(=) | gens 0 (of 0 patterns) | per-degree [0, 0, 0, 0, 0, 0, 0, 0, 0, 0, 0, 0, 0] | 0.0s
  # 1: {(1,1)|()} | |Z| = 240 | dim = 240 | OK(=) | gens 12 (of 12 patterns) | per-degree [0, 0, 0, 0, 0, 11, 36, 60, 63, 43, 20, 6, 1] | 0.0s
  # 2: {(2)|() (1,1)|()} | |Z| = 399 | dim = 399 | OK(=) | gens 24 (of 24 patterns) | per-degree [0, 0, 0, 0, 12, 44, 83, 100, 83, 49, 21, 6, 1] | 0.0s
  # 3: {(2)|() (1,1)|() (2,1)|(1)} | |Z| = 591 | dim = 591 | OK(=) | gens 48 (of 48 patterns) | per-degree [0, 0, 0, 13, 51, 101, 133, 125, 90, 50, 21, 6, 1] | 0.0s
  # 4: {(2)|() (1,1)|() (3)|(1) (2,1)|(1)} | |Z| = 675 | dim = 675 | OK(=) | gens 56 (of 56 patterns) | per-degree [0, 0, 8, 34, 78, 121, 140, 126, 90, 50, 21, 6, 1] | 0.0s
  # 5: {(2)|() (1,1)|() (3)|(1) (2,1)|(1) (4)|(1,1)} | |Z| = 681 | dim = 681 | OK(=) | gens 57 (of 57 patterns) | per-degree [0, 1, 10, 36, 79, 121, 140, 126, 90, 50, 21, 6, 1] | 0.0s
  # 6: {(2)|() (1,1)|() (2,1)|(1) (2,2)|(2)} | |Z| = 609 | dim = 609 | OK(=) | gens 51 (of 51 patterns) | per-degree [0, 0, 2, 18, 57, 105, 134, 125, 90, 50, 21, 6, 1] | 0.0s
  # 7: {(2)|() (1,1)|() (3)|(1) (2,1)|(1) (2,2)|(2)} | |Z| = 693 | dim = 693 | OK(=) | gens 59 (of 59 patterns) | per-degree [0, 0, 10, 39, 84, 125, 141, 126, 90, 50, 21, 6, 1] | 0.0s
  # 8: {(2)|() (1,1)|() (3)|(1) (2,1)|(1) (4)|(1,1) (2,2)|(2)} | |Z| = 699 | dim = 699 | OK(=) | gens 60 (of 60 patterns) | per-degree [0, 1, 12, 41, 85, 125, 141, 126, 90, 50, 21, 6, 1] | 0.0s
  # 9: {(2)|() (1,1)|() (3)|(1) (2,1)|(1) (3,1)|(2) (2,2)|(2)} | |Z| = 717 | dim = 717 | OK(=) | gens 65 (of 65 patterns) | per-degree [0, 3, 17, 47, 89, 126, 141, 126, 90, 50, 21, 6, 1] | 0.0s
  #10: {(2)|() (1,1)|() (3)|(1) (2,1)|(1) (4)|(1,1) (3,1)|(2) (2,2)|(2)} | |Z| = 723 | dim = 723 | OK(=) | gens 66 (of 66 patterns) | per-degree [0, 4, 19, 49, 90, 126, 141, 126, 90, 50, 21, 6, 1] | 0.0s
  #11: {(2)|() (1,1)|() (3)|(1) (2,1)|(1) (4)|(2) (4)|(1,1) (3,1)|(2) (2,2)|(2)} | |Z| = 729 | dim = 729 | OK(=) | gens (contains 1) | per-degree [1, 6, 21, 50, 90, 126, 141, 126, 90, 50, 21, 6, 1] | 0.0s

SUMMARY cell=(4,2,3) #down-sets=12 #dim<|Z|=0 #dim>|Z|=0 #equal=12  total 0.1s
=== /usr/bin/time -l (raw) ===
        0.16 real         0.14 user         0.01 sys
            26705920  maximum resident set size
                   0  average shared memory size
                   0  average unshared data size
                   0  average unshared stack size
                2843  page reclaims
                  18  page faults
                   0  swaps
                   0  block input operations
                   0  block output operations
                   0  messages sent
                   0  messages received
                   0  signals received
                   0  voluntary context switches
                  25  involuntary context switches
          1917148516  instructions retired
           518045891  cycles elapsed
            20168992  peak memory footprint
