=== RUN ===
command: python3 downset_bip_cells.py --cell 4 2 5
cwd: /Users/rafa/Desktop/LECTORES_EN_FRIO/FABLE_5/checks/scripts
date: Fri Sep 25 13:53:19 CEST 2026
exit status: 0
wall time (/usr/bin/time -l, real): 53.24 s
peak memory (maximum resident set size): 134004736 bytes = 127 MB
=== PREDICTION (written before the run) ===
prediction command: python3 downset_bip_cells.py --cell 4 2 5 --predict
cell (alpha, beta, q) = (4, 2, 5), p = 5, q = p^1, F = F_5, Omega = {0..4}
date: 2026-09-25 13:52:25
BPar_q(alpha,beta): 14 elements: (2)|() (1,1)|() (3)|(1) (2,1)|(1) (1,1,1)|(1) (4)|(2) (4)|(1,1) (3,1)|(2) (3,1)|(1,1) (2,2)|(2) (2,2)|(1,1) (2,1,1)|(2) (2,1,1)|(1,1) (1,1,1,1)|(2)
strict order relations (product of weak dominance orders): 73
number of down-sets: 36
shape histogram over all 15625 points: (1,1)|():3440 (1,1,1)|(1):2880 (1,1,1,1)|(2):120 (2)|():1005 (2,1)|(1):4800 (2,1,1)|(1,1):720 (2,1,1)|(2):720 (2,2)|(1,1):360 (2,2)|(2):180 (3)|(1):600 (3,1)|(1,1):480 (3,1)|(2):240 (4)|(1,1):60 (4)|(2):20
set of shapes == BPar_q(alpha,beta)? True
ring dimension q^(alpha+beta) = 15625, degrees 0..24, n_d = [1, 6, 21, 56, 126, 246, 426, 666, 951, 1246, 1506, 1686, 1751, 1686, 1506, 1246, 951, 666, 426, 246, 126, 56, 21, 6, 1]
tight patterns per element (count, degree of product): (2)|():12,8 (1,1)|():12,9 (3)|(1):8,4 (2,1)|(1):24,5 (1,1,1)|(1):8,7 (4)|(2):1,0 (4)|(1,1):1,1 (3,1)|(2):6,1 (3,1)|(1,1):6,2 (2,2)|(2):3,2 (2,2)|(1,1):3,3 (2,1,1)|(2):4,3 (2,1,1)|(1,1):4,4 (1,1,1,1)|(2):1,6

down-sets (index: elements | |Z_Lambda| | dim V_Lambda):
  # 0: {} | |Z| = 0 | predicted dim = 0 (equality measured by the paper; Thm 7.6 says >=) | est 0.0 s
  # 1: {(1,1)|()} | |Z| = 3440 | predicted dim = 3440 (equality measured by the paper; Thm 7.6 says >=) | est 17.6 s
  # 2: {(2)|() (1,1)|()} | |Z| = 4445 | predicted dim = 4445 (equality measured by the paper; Thm 7.6 says >=) | est 21.5 s
  # 3: {(1,1)|() (1,1,1)|(1)} | |Z| = 6320 | predicted dim = 6320 (equality measured by the paper; Thm 7.6 says >=) | est 22.7 s
  # 4: {(2)|() (1,1)|() (1,1,1)|(1)} | |Z| = 7325 | predicted dim = 7325 (equality measured by the paper; Thm 7.6 says >=) | est 23.6 s
  # 5: {(2)|() (1,1)|() (2,1)|(1) (1,1,1)|(1)} | |Z| = 12125 | predicted dim = 12125 (equality measured by the paper; Thm 7.6 says >=) | est 26.9 s
  # 6: {(2)|() (1,1)|() (3)|(1) (2,1)|(1) (1,1,1)|(1)} | |Z| = 12725 | predicted dim = 12725 (equality measured by the paper; Thm 7.6 says >=) | est 27.0 s
  # 7: {(2)|() (1,1)|() (2,1)|(1) (1,1,1)|(1) (2,1,1)|(1,1)} | |Z| = 12845 | predicted dim = 12845 (equality measured by the paper; Thm 7.6 says >=) | est 27.0 s
  # 8: {(2)|() (1,1)|() (3)|(1) (2,1)|(1) (1,1,1)|(1) (2,1,1)|(1,1)} | |Z| = 13445 | predicted dim = 13445 (equality measured by the paper; Thm 7.6 says >=) | est 27.0 s
  # 9: {(2)|() (1,1)|() (2,1)|(1) (1,1,1)|(1) (2,2)|(1,1) (2,1,1)|(1,1)} | |Z| = 13205 | predicted dim = 13205 (equality measured by the paper; Thm 7.6 says >=) | est 27.0 s
  #10: {(2)|() (1,1)|() (3)|(1) (2,1)|(1) (1,1,1)|(1) (2,2)|(1,1) (2,1,1)|(1,1)} | |Z| = 13805 | predicted dim = 13805 (equality measured by the paper; Thm 7.6 says >=) | est 27.0 s
  #11: {(2)|() (1,1)|() (3)|(1) (2,1)|(1) (1,1,1)|(1) (3,1)|(1,1) (2,2)|(1,1) (2,1,1)|(1,1)} | |Z| = 14285 | predicted dim = 14285 (equality measured by the paper; Thm 7.6 says >=) | est 27.1 s
  #12: {(2)|() (1,1)|() (3)|(1) (2,1)|(1) (1,1,1)|(1) (4)|(1,1) (3,1)|(1,1) (2,2)|(1,1) (2,1,1)|(1,1)} | |Z| = 14345 | predicted dim = 14345 (equality measured by the paper; Thm 7.6 says >=) | est 27.1 s
  #13: {(1,1)|() (1,1,1)|(1) (1,1,1,1)|(2)} | |Z| = 6440 | predicted dim = 6440 (equality measured by the paper; Thm 7.6 says >=) | est 23.2 s
  #14: {(2)|() (1,1)|() (1,1,1)|(1) (1,1,1,1)|(2)} | |Z| = 7445 | predicted dim = 7445 (equality measured by the paper; Thm 7.6 says >=) | est 24.0 s
  #15: {(2)|() (1,1)|() (2,1)|(1) (1,1,1)|(1) (1,1,1,1)|(2)} | |Z| = 12245 | predicted dim = 12245 (equality measured by the paper; Thm 7.6 says >=) | est 26.9 s
  #16: {(2)|() (1,1)|() (3)|(1) (2,1)|(1) (1,1,1)|(1) (1,1,1,1)|(2)} | |Z| = 12845 | predicted dim = 12845 (equality measured by the paper; Thm 7.6 says >=) | est 27.0 s
  #17: {(2)|() (1,1)|() (2,1)|(1) (1,1,1)|(1) (2,1,1)|(1,1) (1,1,1,1)|(2)} | |Z| = 12965 | predicted dim = 12965 (equality measured by the paper; Thm 7.6 says >=) | est 27.0 s
  #18: {(2)|() (1,1)|() (3)|(1) (2,1)|(1) (1,1,1)|(1) (2,1,1)|(1,1) (1,1,1,1)|(2)} | |Z| = 13565 | predicted dim = 13565 (equality measured by the paper; Thm 7.6 says >=) | est 27.0 s
  #19: {(2)|() (1,1)|() (2,1)|(1) (1,1,1)|(1) (2,2)|(1,1) (2,1,1)|(1,1) (1,1,1,1)|(2)} | |Z| = 13325 | predicted dim = 13325 (equality measured by the paper; Thm 7.6 says >=) | est 27.0 s
  #20: {(2)|() (1,1)|() (3)|(1) (2,1)|(1) (1,1,1)|(1) (2,2)|(1,1) (2,1,1)|(1,1) (1,1,1,1)|(2)} | |Z| = 13925 | predicted dim = 13925 (equality measured by the paper; Thm 7.6 says >=) | est 27.0 s
  #21: {(2)|() (1,1)|() (3)|(1) (2,1)|(1) (1,1,1)|(1) (3,1)|(1,1) (2,2)|(1,1) (2,1,1)|(1,1) (1,1,1,1)|(2)} | |Z| = 14405 | predicted dim = 14405 (equality measured by the paper; Thm 7.6 says >=) | est 27.1 s
  #22: {(2)|() (1,1)|() (3)|(1) (2,1)|(1) (1,1,1)|(1) (4)|(1,1) (3,1)|(1,1) (2,2)|(1,1) (2,1,1)|(1,1) (1,1,1,1)|(2)} | |Z| = 14465 | predicted dim = 14465 (equality measured by the paper; Thm 7.6 says >=) | est 27.1 s
  #23: {(2)|() (1,1)|() (2,1)|(1) (1,1,1)|(1) (2,1,1)|(2) (2,1,1)|(1,1) (1,1,1,1)|(2)} | |Z| = 13685 | predicted dim = 13685 (equality measured by the paper; Thm 7.6 says >=) | est 27.0 s
  #24: {(2)|() (1,1)|() (3)|(1) (2,1)|(1) (1,1,1)|(1) (2,1,1)|(2) (2,1,1)|(1,1) (1,1,1,1)|(2)} | |Z| = 14285 | predicted dim = 14285 (equality measured by the paper; Thm 7.6 says >=) | est 27.0 s
  #25: {(2)|() (1,1)|() (2,1)|(1) (1,1,1)|(1) (2,2)|(1,1) (2,1,1)|(2) (2,1,1)|(1,1) (1,1,1,1)|(2)} | |Z| = 14045 | predicted dim = 14045 (equality measured by the paper; Thm 7.6 says >=) | est 27.0 s
  #26: {(2)|() (1,1)|() (3)|(1) (2,1)|(1) (1,1,1)|(1) (2,2)|(1,1) (2,1,1)|(2) (2,1,1)|(1,1) (1,1,1,1)|(2)} | |Z| = 14645 | predicted dim = 14645 (equality measured by the paper; Thm 7.6 says >=) | est 27.0 s
  #27: {(2)|() (1,1)|() (3)|(1) (2,1)|(1) (1,1,1)|(1) (3,1)|(1,1) (2,2)|(1,1) (2,1,1)|(2) (2,1,1)|(1,1) (1,1,1,1)|(2)} | |Z| = 15125 | predicted dim = 15125 (equality measured by the paper; Thm 7.6 says >=) | est 27.1 s
  #28: {(2)|() (1,1)|() (3)|(1) (2,1)|(1) (1,1,1)|(1) (4)|(1,1) (3,1)|(1,1) (2,2)|(1,1) (2,1,1)|(2) (2,1,1)|(1,1) (1,1,1,1)|(2)} | |Z| = 15185 | predicted dim = 15185 (equality measured by the paper; Thm 7.6 says >=) | est 27.1 s
  #29: {(2)|() (1,1)|() (2,1)|(1) (1,1,1)|(1) (2,2)|(2) (2,2)|(1,1) (2,1,1)|(2) (2,1,1)|(1,1) (1,1,1,1)|(2)} | |Z| = 14225 | predicted dim = 14225 (equality measured by the paper; Thm 7.6 says >=) | est 27.1 s
  #30: {(2)|() (1,1)|() (3)|(1) (2,1)|(1) (1,1,1)|(1) (2,2)|(2) (2,2)|(1,1) (2,1,1)|(2) (2,1,1)|(1,1) (1,1,1,1)|(2)} | |Z| = 14825 | predicted dim = 14825 (equality measured by the paper; Thm 7.6 says >=) | est 27.1 s
  #31: {(2)|() (1,1)|() (3)|(1) (2,1)|(1) (1,1,1)|(1) (3,1)|(1,1) (2,2)|(2) (2,2)|(1,1) (2,1,1)|(2) (2,1,1)|(1,1) (1,1,1,1)|(2)} | |Z| = 15305 | predicted dim = 15305 (equality measured by the paper; Thm 7.6 says >=) | est 27.1 s
  #32: {(2)|() (1,1)|() (3)|(1) (2,1)|(1) (1,1,1)|(1) (4)|(1,1) (3,1)|(1,1) (2,2)|(2) (2,2)|(1,1) (2,1,1)|(2) (2,1,1)|(1,1) (1,1,1,1)|(2)} | |Z| = 15365 | predicted dim = 15365 (equality measured by the paper; Thm 7.6 says >=) | est 27.1 s
  #33: {(2)|() (1,1)|() (3)|(1) (2,1)|(1) (1,1,1)|(1) (3,1)|(2) (3,1)|(1,1) (2,2)|(2) (2,2)|(1,1) (2,1,1)|(2) (2,1,1)|(1,1) (1,1,1,1)|(2)} | |Z| = 15545 | predicted dim = 15545 (equality measured by the paper; Thm 7.6 says >=) | est 27.1 s
  #34: {(2)|() (1,1)|() (3)|(1) (2,1)|(1) (1,1,1)|(1) (4)|(1,1) (3,1)|(2) (3,1)|(1,1) (2,2)|(2) (2,2)|(1,1) (2,1,1)|(2) (2,1,1)|(1,1) (1,1,1,1)|(2)} | |Z| = 15605 | predicted dim = 15605 (equality measured by the paper; Thm 7.6 says >=) | est 27.1 s
  #35: {(2)|() (1,1)|() (3)|(1) (2,1)|(1) (1,1,1)|(1) (4)|(2) (4)|(1,1) (3,1)|(2) (3,1)|(1,1) (2,2)|(2) (2,2)|(1,1) (2,1,1)|(2) (2,1,1)|(1,1) (1,1,1,1)|(2)} | |Z| = 15625 | predicted dim = 15625 (equality measured by the paper; Thm 7.6 says >=) | est 0.0 s

ESTIMATE: matmul 1.30e+12 flops + elimination 1.26e+11 ops -> raw model ~889 s (rates 5.0e+09, 2.0e+08 per s), calibrated ~89 s (x0.10, observed on (2,2,11),(5,3,3)); plus overhead ~36 down-sets x ~0.5 s; memory ~105 MB (3 float32 n_max^2 blocks, n_max = 1751, ring tables, up to 93 generators, baseline)
=== OUTPUT ===
cell (alpha, beta, q) = (4, 2, 5), p = 5, q = p^1, F = F_5, Omega = {0..4}
date: 2026-09-25 13:52:25
BPar_q(alpha,beta): 14 elements: (2)|() (1,1)|() (3)|(1) (2,1)|(1) (1,1,1)|(1) (4)|(2) (4)|(1,1) (3,1)|(2) (3,1)|(1,1) (2,2)|(2) (2,2)|(1,1) (2,1,1)|(2) (2,1,1)|(1,1) (1,1,1,1)|(2)
strict order relations (product of weak dominance orders): 73
number of down-sets: 36
shape histogram over all 15625 points: (1,1)|():3440 (1,1,1)|(1):2880 (1,1,1,1)|(2):120 (2)|():1005 (2,1)|(1):4800 (2,1,1)|(1,1):720 (2,1,1)|(2):720 (2,2)|(1,1):360 (2,2)|(2):180 (3)|(1):600 (3,1)|(1,1):480 (3,1)|(2):240 (4)|(1,1):60 (4)|(2):20
set of shapes == BPar_q(alpha,beta)? True
ring dimension q^(alpha+beta) = 15625, degrees 0..24, n_d = [1, 6, 21, 56, 126, 246, 426, 666, 951, 1246, 1506, 1686, 1751, 1686, 1506, 1246, 951, 666, 426, 246, 126, 56, 21, 6, 1]
tight patterns per element (count, degree of product): (2)|():12,8 (1,1)|():12,9 (3)|(1):8,4 (2,1)|(1):24,5 (1,1,1)|(1):8,7 (4)|(2):1,0 (4)|(1,1):1,1 (3,1)|(2):6,1 (3,1)|(1,1):6,2 (2,2)|(2):3,2 (2,2)|(1,1):3,3 (2,1,1)|(2):4,3 (2,1,1)|(1,1):4,4 (1,1,1,1)|(2):1,6

down-sets (index: elements | |Z_Lambda| | dim V_Lambda):
  # 0: {} | |Z| = 0 | dim = 0 | OK(=) | gens 0 (of 0 patterns) | per-degree [0, 0, 0, 0, 0, 0, 0, 0, 0, 0, 0, 0, 0, 0, 0, 0, 0, 0, 0, 0, 0, 0, 0, 0, 0] | 0.0s
  # 1: {(1,1)|()} | |Z| = 3440 | dim = 3440 | OK(=) | gens 12 (of 12 patterns) | per-degree [0, 0, 0, 0, 0, 0, 0, 0, 0, 12, 48, 119, 227, 353, 462, 522, 514, 440, 329, 213, 118, 55, 21, 6, 1] | 0.4s
  # 2: {(2)|() (1,1)|()} | |Z| = 4445 | dim = 4445 | OK(=) | gens 24 (of 24 patterns) | per-degree [0, 0, 0, 0, 0, 0, 0, 0, 12, 48, 120, 236, 382, 522, 621, 650, 598, 486, 349, 219, 119, 55, 21, 6, 1] | 0.4s
  # 3: {(1,1)|() (1,1,1)|(1)} | |Z| = 6320 | dim = 6320 | OK(=) | gens 20 (of 20 patterns) | per-degree [0, 0, 0, 0, 0, 0, 0, 8, 39, 117, 254, 442, 649, 821, 907, 885, 766, 586, 398, 239, 125, 56, 21, 6, 1] | 1.1s
  # 4: {(2)|() (1,1)|() (1,1,1)|(1)} | |Z| = 7325 | dim = 7325 | OK(=) | gens 32 (of 32 patterns) | per-degree [0, 0, 0, 0, 0, 0, 0, 8, 51, 153, 326, 559, 804, 990, 1066, 1013, 850, 632, 418, 245, 126, 56, 21, 6, 1] | 1.3s
  # 5: {(2)|() (1,1)|() (2,1)|(1) (1,1,1)|(1)} | |Z| = 12125 | dim = 12125 | OK(=) | gens 56 (of 56 patterns) | per-degree [0, 0, 0, 0, 0, 16, 72, 197, 415, 715, 1049, 1348, 1541, 1578, 1463, 1234, 949, 666, 426, 246, 126, 56, 21, 6, 1] | 1.9s
  # 6: {(2)|() (1,1)|() (3)|(1) (2,1)|(1) (1,1,1)|(1)} | |Z| = 12725 | dim = 12725 | OK(=) | gens 64 (of 64 patterns) | per-degree [0, 0, 0, 0, 8, 40, 120, 274, 514, 820, 1144, 1420, 1584, 1599, 1470, 1235, 949, 666, 426, 246, 126, 56, 21, 6, 1] | 1.7s
  # 7: {(2)|() (1,1)|() (2,1)|(1) (1,1,1)|(1) (2,1,1)|(1,1)} | |Z| = 12845 | dim = 12845 | OK(=) | gens 60 (of 60 patterns) | per-degree [0, 0, 0, 0, 3, 30, 108, 264, 514, 836, 1173, 1455, 1618, 1623, 1483, 1240, 950, 666, 426, 246, 126, 56, 21, 6, 1] | 2.0s
  # 8: {(2)|() (1,1)|() (3)|(1) (2,1)|(1) (1,1,1)|(1) (2,1,1)|(1,1)} | |Z| = 13445 | dim = 13445 | OK(=) | gens 68 (of 68 patterns) | per-degree [0, 0, 0, 0, 11, 54, 156, 341, 613, 941, 1268, 1527, 1661, 1644, 1490, 1241, 950, 666, 426, 246, 126, 56, 21, 6, 1] | 1.8s
  # 9: {(2)|() (1,1)|() (2,1)|(1) (1,1,1)|(1) (2,2)|(1,1) (2,1,1)|(1,1)} | |Z| = 13205 | dim = 13205 | OK(=) | gens 63 (of 63 patterns) | per-degree [0, 0, 0, 2, 12, 52, 147, 319, 578, 898, 1223, 1488, 1635, 1629, 1484, 1240, 950, 666, 426, 246, 126, 56, 21, 6, 1] | 2.0s
  #10: {(2)|() (1,1)|() (3)|(1) (2,1)|(1) (1,1,1)|(1) (2,2)|(1,1) (2,1,1)|(1,1)} | |Z| = 13805 | dim = 13805 | OK(=) | gens 71 (of 71 patterns) | per-degree [0, 0, 0, 2, 20, 76, 195, 396, 677, 1003, 1318, 1560, 1678, 1650, 1491, 1241, 950, 666, 426, 246, 126, 56, 21, 6, 1] | 1.9s
  #11: {(2)|() (1,1)|() (3)|(1) (2,1)|(1) (1,1,1)|(1) (3,1)|(1,1) (2,2)|(1,1) (2,1,1)|(1,1)} | |Z| = 14285 | dim = 14285 | OK(=) | gens 77 (of 77 patterns) | per-degree [0, 0, 3, 15, 51, 130, 270, 482, 759, 1068, 1360, 1581, 1685, 1651, 1491, 1241, 950, 666, 426, 246, 126, 56, 21, 6, 1] | 1.8s
  #12: {(2)|() (1,1)|() (3)|(1) (2,1)|(1) (1,1,1)|(1) (4)|(1,1) (3,1)|(1,1) (2,2)|(1,1) (2,1,1)|(1,1)} | |Z| = 14345 | dim = 14345 | OK(=) | gens 78 (of 78 patterns) | per-degree [0, 1, 6, 21, 60, 141, 281, 491, 765, 1071, 1361, 1581, 1685, 1651, 1491, 1241, 950, 666, 426, 246, 126, 56, 21, 6, 1] | 1.6s
  #13: {(1,1)|() (1,1,1)|(1) (1,1,1,1)|(2)} | |Z| = 6440 | dim = 6440 | OK(=) | gens 21 (of 21 patterns) | per-degree [0, 0, 0, 0, 0, 0, 1, 12, 48, 132, 274, 464, 669, 836, 916, 889, 767, 586, 398, 239, 125, 56, 21, 6, 1] | 1.1s
  #14: {(2)|() (1,1)|() (1,1,1)|(1) (1,1,1,1)|(2)} | |Z| = 7445 | dim = 7445 | OK(=) | gens 33 (of 33 patterns) | per-degree [0, 0, 0, 0, 0, 0, 1, 12, 60, 168, 346, 581, 824, 1005, 1075, 1017, 851, 632, 418, 245, 126, 56, 21, 6, 1] | 1.3s
  #15: {(2)|() (1,1)|() (2,1)|(1) (1,1,1)|(1) (1,1,1,1)|(2)} | |Z| = 12245 | dim = 12245 | OK(=) | gens 57 (of 57 patterns) | per-degree [0, 0, 0, 0, 0, 16, 73, 201, 424, 730, 1069, 1370, 1561, 1593, 1472, 1238, 950, 666, 426, 246, 126, 56, 21, 6, 1] | 1.9s
  #16: {(2)|() (1,1)|() (3)|(1) (2,1)|(1) (1,1,1)|(1) (1,1,1,1)|(2)} | |Z| = 12845 | dim = 12845 | OK(=) | gens 65 (of 65 patterns) | per-degree [0, 0, 0, 0, 8, 40, 121, 278, 523, 835, 1164, 1442, 1604, 1614, 1479, 1239, 950, 666, 426, 246, 126, 56, 21, 6, 1] | 1.8s
  #17: {(2)|() (1,1)|() (2,1)|(1) (1,1,1)|(1) (2,1,1)|(1,1) (1,1,1,1)|(2)} | |Z| = 12965 | dim = 12965 | OK(=) | gens 61 (of 61 patterns) | per-degree [0, 0, 0, 0, 3, 30, 109, 268, 523, 851, 1193, 1477, 1638, 1638, 1492, 1244, 951, 666, 426, 246, 126, 56, 21, 6, 1] | 2.0s
  #18: {(2)|() (1,1)|() (3)|(1) (2,1)|(1) (1,1,1)|(1) (2,1,1)|(1,1) (1,1,1,1)|(2)} | |Z| = 13565 | dim = 13565 | OK(=) | gens 69 (of 69 patterns) | per-degree [0, 0, 0, 0, 11, 54, 157, 345, 622, 956, 1288, 1549, 1681, 1659, 1499, 1245, 951, 666, 426, 246, 126, 56, 21, 6, 1] | 1.9s
  #19: {(2)|() (1,1)|() (2,1)|(1) (1,1,1)|(1) (2,2)|(1,1) (2,1,1)|(1,1) (1,1,1,1)|(2)} | |Z| = 13325 | dim = 13325 | OK(=) | gens 64 (of 64 patterns) | per-degree [0, 0, 0, 2, 12, 52, 148, 323, 587, 913, 1243, 1510, 1655, 1644, 1493, 1244, 951, 666, 426, 246, 126, 56, 21, 6, 1] | 2.1s
  #20: {(2)|() (1,1)|() (3)|(1) (2,1)|(1) (1,1,1)|(1) (2,2)|(1,1) (2,1,1)|(1,1) (1,1,1,1)|(2)} | |Z| = 13925 | dim = 13925 | OK(=) | gens 72 (of 72 patterns) | per-degree [0, 0, 0, 2, 20, 76, 196, 400, 686, 1018, 1338, 1582, 1698, 1665, 1500, 1245, 951, 666, 426, 246, 126, 56, 21, 6, 1] | 1.9s
  #21: {(2)|() (1,1)|() (3)|(1) (2,1)|(1) (1,1,1)|(1) (3,1)|(1,1) (2,2)|(1,1) (2,1,1)|(1,1) (1,1,1,1)|(2)} | |Z| = 14405 | dim = 14405 | OK(=) | gens 78 (of 78 patterns) | per-degree [0, 0, 3, 15, 51, 130, 271, 486, 768, 1083, 1380, 1603, 1705, 1666, 1500, 1245, 951, 666, 426, 246, 126, 56, 21, 6, 1] | 1.8s
  #22: {(2)|() (1,1)|() (3)|(1) (2,1)|(1) (1,1,1)|(1) (4)|(1,1) (3,1)|(1,1) (2,2)|(1,1) (2,1,1)|(1,1) (1,1,1,1)|(2)} | |Z| = 14465 | dim = 14465 | OK(=) | gens 79 (of 79 patterns) | per-degree [0, 1, 6, 21, 60, 141, 282, 495, 774, 1086, 1381, 1603, 1705, 1666, 1500, 1245, 951, 666, 426, 246, 126, 56, 21, 6, 1] | 1.8s
  #23: {(2)|() (1,1)|() (2,1)|(1) (1,1,1)|(1) (2,1,1)|(2) (2,1,1)|(1,1) (1,1,1,1)|(2)} | |Z| = 13685 | dim = 13685 | OK(=) | gens 65 (of 65 patterns) | per-degree [0, 0, 0, 3, 17, 66, 176, 367, 644, 975, 1300, 1554, 1683, 1658, 1498, 1245, 951, 666, 426, 246, 126, 56, 21, 6, 1] | 2.2s
  #24: {(2)|() (1,1)|() (3)|(1) (2,1)|(1) (1,1,1)|(1) (2,1,1)|(2) (2,1,1)|(1,1) (1,1,1,1)|(2)} | |Z| = 14285 | dim = 14285 | OK(=) | gens 73 (of 73 patterns) | per-degree [0, 0, 0, 3, 25, 90, 224, 444, 743, 1080, 1395, 1626, 1726, 1679, 1505, 1246, 951, 666, 426, 246, 126, 56, 21, 6, 1] | 1.9s
  #25: {(2)|() (1,1)|() (2,1)|(1) (1,1,1)|(1) (2,2)|(1,1) (2,1,1)|(2) (2,1,1)|(1,1) (1,1,1,1)|(2)} | |Z| = 14045 | dim = 14045 | OK(=) | gens 68 (of 68 patterns) | per-degree [0, 0, 0, 5, 26, 88, 215, 422, 708, 1037, 1350, 1587, 1700, 1664, 1499, 1245, 951, 666, 426, 246, 126, 56, 21, 6, 1] | 2.2s
  #26: {(2)|() (1,1)|() (3)|(1) (2,1)|(1) (1,1,1)|(1) (2,2)|(1,1) (2,1,1)|(2) (2,1,1)|(1,1) (1,1,1,1)|(2)} | |Z| = 14645 | dim = 14645 | OK(=) | gens 76 (of 76 patterns) | per-degree [0, 0, 0, 5, 34, 112, 263, 499, 807, 1142, 1445, 1659, 1743, 1685, 1506, 1246, 951, 666, 426, 246, 126, 56, 21, 6, 1] | 1.7s
  #27: {(2)|() (1,1)|() (3)|(1) (2,1)|(1) (1,1,1)|(1) (3,1)|(1,1) (2,2)|(1,1) (2,1,1)|(2) (2,1,1)|(1,1) (1,1,1,1)|(2)} | |Z| = 15125 | dim = 15125 | OK(=) | gens 82 (of 82 patterns) | per-degree [0, 0, 3, 18, 65, 166, 338, 585, 889, 1207, 1487, 1680, 1750, 1686, 1506, 1246, 951, 666, 426, 246, 126, 56, 21, 6, 1] | 1.4s
  #28: {(2)|() (1,1)|() (3)|(1) (2,1)|(1) (1,1,1)|(1) (4)|(1,1) (3,1)|(1,1) (2,2)|(1,1) (2,1,1)|(2) (2,1,1)|(1,1) (1,1,1,1)|(2)} | |Z| = 15185 | dim = 15185 | OK(=) | gens 83 (of 83 patterns) | per-degree [0, 1, 6, 24, 74, 177, 349, 594, 895, 1210, 1488, 1680, 1750, 1686, 1506, 1246, 951, 666, 426, 246, 126, 56, 21, 6, 1] | 1.3s
  #29: {(2)|() (1,1)|() (2,1)|(1) (1,1,1)|(1) (2,2)|(2) (2,2)|(1,1) (2,1,1)|(2) (2,1,1)|(1,1) (1,1,1,1)|(2)} | |Z| = 14225 | dim = 14225 | OK(=) | gens 71 (of 71 patterns) | per-degree [0, 0, 2, 12, 41, 112, 246, 455, 737, 1058, 1362, 1592, 1701, 1664, 1499, 1245, 951, 666, 426, 246, 126, 56, 21, 6, 1] | 2.2s
  #30: {(2)|() (1,1)|() (3)|(1) (2,1)|(1) (1,1,1)|(1) (2,2)|(2) (2,2)|(1,1) (2,1,1)|(2) (2,1,1)|(1,1) (1,1,1,1)|(2)} | |Z| = 14825 | dim = 14825 | OK(=) | gens 79 (of 79 patterns) | per-degree [0, 0, 2, 12, 49, 136, 294, 532, 836, 1163, 1457, 1664, 1744, 1685, 1506, 1246, 951, 666, 426, 246, 126, 56, 21, 6, 1] | 1.7s
  #31: {(2)|() (1,1)|() (3)|(1) (2,1)|(1) (1,1,1)|(1) (3,1)|(1,1) (2,2)|(2) (2,2)|(1,1) (2,1,1)|(2) (2,1,1)|(1,1) (1,1,1,1)|(2)} | |Z| = 15305 | dim = 15305 | OK(=) | gens 85 (of 85 patterns) | per-degree [0, 0, 5, 25, 80, 190, 369, 618, 918, 1228, 1499, 1685, 1751, 1686, 1506, 1246, 951, 666, 426, 246, 126, 56, 21, 6, 1] | 1.1s
  #32: {(2)|() (1,1)|() (3)|(1) (2,1)|(1) (1,1,1)|(1) (4)|(1,1) (3,1)|(1,1) (2,2)|(2) (2,2)|(1,1) (2,1,1)|(2) (2,1,1)|(1,1) (1,1,1,1)|(2)} | |Z| = 15365 | dim = 15365 | OK(=) | gens 86 (of 86 patterns) | per-degree [0, 1, 8, 31, 89, 201, 380, 627, 924, 1231, 1500, 1685, 1751, 1686, 1506, 1246, 951, 666, 426, 246, 126, 56, 21, 6, 1] | 1.1s
  #33: {(2)|() (1,1)|() (3)|(1) (2,1)|(1) (1,1,1)|(1) (3,1)|(2) (3,1)|(1,1) (2,2)|(2) (2,2)|(1,1) (2,1,1)|(2) (2,1,1)|(1,1) (1,1,1,1)|(2)} | |Z| = 15545 | dim = 15545 | OK(=) | gens 91 (of 91 patterns) | per-degree [0, 3, 15, 46, 113, 232, 413, 656, 945, 1243, 1505, 1686, 1751, 1686, 1506, 1246, 951, 666, 426, 246, 126, 56, 21, 6, 1] | 0.8s
  #34: {(2)|() (1,1)|() (3)|(1) (2,1)|(1) (1,1,1)|(1) (4)|(1,1) (3,1)|(2) (3,1)|(1,1) (2,2)|(2) (2,2)|(1,1) (2,1,1)|(2) (2,1,1)|(1,1) (1,1,1,1)|(2)} | |Z| = 15605 | dim = 15605 | OK(=) | gens 92 (of 92 patterns) | per-degree [0, 4, 18, 52, 122, 243, 424, 665, 951, 1246, 1506, 1686, 1751, 1686, 1506, 1246, 951, 666, 426, 246, 126, 56, 21, 6, 1] | 0.2s
  #35: {(2)|() (1,1)|() (3)|(1) (2,1)|(1) (1,1,1)|(1) (4)|(2) (4)|(1,1) (3,1)|(2) (3,1)|(1,1) (2,2)|(2) (2,2)|(1,1) (2,1,1)|(2) (2,1,1)|(1,1) (1,1,1,1)|(2)} | |Z| = 15625 | dim = 15625 | OK(=) | gens (contains 1) | per-degree [1, 6, 21, 56, 126, 246, 426, 666, 951, 1246, 1506, 1686, 1751, 1686, 1506, 1246, 951, 666, 426, 246, 126, 56, 21, 6, 1] | 0.0s

SUMMARY cell=(4,2,5) #down-sets=36 #computed=36 #dim<|Z|=0 #dim>|Z|=0 #equal=36  total 53.2s
=== /usr/bin/time -l (raw) ===
       53.24 real        52.84 user         0.38 sys
           134004736  maximum resident set size
                   0  average shared memory size
                   0  average unshared data size
                   0  average unshared stack size
               52858  page reclaims
                  18  page faults
                   0  swaps
                   0  block input operations
                   0  block output operations
                   0  messages sent
                   0  messages received
                   0  signals received
                   6  voluntary context switches
                 993  involuntary context switches
        971803661527  instructions retired
        178714414884  cycles elapsed
           125780352  peak memory footprint
