=== RUN ===
command: python3 downset_bip_cells.py --cell 2 1 3 --crosscheck
cwd: /Users/rafa/Desktop/LECTORES_EN_FRIO/FABLE_5/checks/scripts
date: Fri Sep 25 13:36:05 CEST 2026
exit status: 0
wall time (/usr/bin/time -l, real): 0.07 s
peak memory (maximum resident set size): 23871488 bytes = 22 MB
=== PREDICTION (written before the run) ===
prediction command: python3 downset_bip_cells.py --cell 2 1 3 --crosscheck --predict
cell (alpha, beta, q) = (2, 1, 3), p = 3, q = p^1, F = F_3, Omega = {0..2}
date: 2026-09-25 13:36:05
BPar_q(alpha,beta): 3 elements: (1)|() (2)|(1) (1,1)|(1)
strict order relations (product of weak dominance orders): 3
number of down-sets: 4
shape histogram over all 27 points: (1)|():15 (1,1)|(1):6 (2)|(1):6
set of shapes == BPar_q(alpha,beta)? True
ring dimension q^(alpha+beta) = 27, degrees 0..6, n_d = [1, 3, 6, 7, 6, 3, 1]
tight patterns per element (count, degree of product): (1)|():2,2 (2)|(1):1,0 (1,1)|(1):1,1

down-sets (index: elements | |Z_Lambda| | dim V_Lambda):
  # 0: {} | |Z| = 0 | predicted dim = 0 (equality measured by the paper; Thm 7.6 says >=) | est 0.0 s
  # 1: {(1)|()} | |Z| = 15 | predicted dim = 15 (equality measured by the paper; Thm 7.6 says >=) | est 0.0 s
  # 2: {(1)|() (1,1)|(1)} | |Z| = 21 | predicted dim = 21 (equality measured by the paper; Thm 7.6 says >=) | est 0.0 s
  # 3: {(1)|() (2)|(1) (1,1)|(1)} | |Z| = 27 | predicted dim = 27 (equality measured by the paper; Thm 7.6 says >=) | est 0.0 s

ESTIMATE: matmul 9.52e+02 flops + elimination 2.86e+03 ops -> ~0 s (rates 5.0e+09, 2.0e+08 per s), plus overhead ~4 down-sets x ~0.5 s; memory ~60 MB (3 float32 n_max^2 blocks, n_max = 7, ring tables, up to 4 dense generators, baseline)
=== OUTPUT ===
cell (alpha, beta, q) = (2, 1, 3), p = 3, q = p^1, F = F_3, Omega = {0..2}
date: 2026-09-25 13:36:05
BPar_q(alpha,beta): 3 elements: (1)|() (2)|(1) (1,1)|(1)
strict order relations (product of weak dominance orders): 3
number of down-sets: 4
shape histogram over all 27 points: (1)|():15 (1,1)|(1):6 (2)|(1):6
set of shapes == BPar_q(alpha,beta)? True
ring dimension q^(alpha+beta) = 27, degrees 0..6, n_d = [1, 3, 6, 7, 6, 3, 1]
tight patterns per element (count, degree of product): (1)|():2,2 (2)|(1):1,0 (1,1)|(1):1,1

down-sets (index: elements | |Z_Lambda| | dim V_Lambda):
  # 0: {} | |Z| = 0 | dim = 0 | OK(=) | gens 0 (of 0 patterns) | per-degree [0, 0, 0, 0, 0, 0, 0] | 0.0s
  # 1: {(1)|()} | |Z| = 15 | dim = 15 | OK(=) | gens 2 (of 2 patterns) | per-degree [0, 0, 2, 4, 5, 3, 1] | 0.0s | crosscheck rank_mod_p(full matrix) = 15 agree
  # 2: {(1)|() (1,1)|(1)} | |Z| = 21 | dim = 21 | OK(=) | gens 3 (of 3 patterns) | per-degree [0, 1, 4, 6, 6, 3, 1] | 0.0s | crosscheck rank_mod_p(full matrix) = 21 agree
  # 3: {(1)|() (2)|(1) (1,1)|(1)} | |Z| = 27 | dim = 27 | OK(=) | gens (contains 1) | per-degree [1, 3, 6, 7, 6, 3, 1] | 0.0s

SUMMARY cell=(2,1,3) #down-sets=4 #dim<|Z|=0 #dim>|Z|=0 #equal=4  total 0.0s
ROOT I^ph_1 at q=3: dim = 15, |Z_{((1),0)}| = 15, N_ph by direct count = 15, N_bal(2,q) direct = 15
=== /usr/bin/time -l (raw) ===
        0.07 real         0.05 user         0.01 sys
            23871488  maximum resident set size
                   0  average shared memory size
                   0  average unshared data size
                   0  average unshared stack size
                2671  page reclaims
                  18  page faults
                   0  swaps
                   0  block input operations
                   0  block output operations
                   0  messages sent
                   0  messages received
                   0  signals received
                   1  voluntary context switches
                  25  involuntary context switches
           628375597  instructions retired
           232135363  cycles elapsed
            17269024  peak memory footprint
