=== RUN ===
command: python3 downset_bip_calib.py
cwd: /Users/rafa/Desktop/LECTORES_EN_FRIO/FABLE_5/checks/scripts
date: Fri Sep 25 13:34:51 CEST 2026
exit status: 0
wall time (/usr/bin/time -l, real): 11.14 s
peak memory (maximum resident set size): 343031808 bytes = 327 MB
=== PREDICTION (written before the run) ===
Purpose: re-calibrate the two-term time model after the change of pivoting in Echelon
(row-leading pivots, batch 128). No prediction of a mathematical value.
Expected: all ranks = full column rank (random matrices); total 10-40 s; memory < 300 MB
(largest matrix 10506 x 1751 float32 = 74 MB; the first calibration peaked at 264 MB with int64).
=== OUTPUT ===
two-term model: t = mm/RATE_MM + el/RATE_EL, mm = rows*(n/2)*n, el = 3*(n/2)*batch*n (batch=128)
p= 5   10506 x  1751  rank  1751  3.02s  | mm 1.61e+10 el 5.89e+08 | if only mm: 5.33e+09/s ; if only el: 1.95e+08/s
p= 3    8856 x  1107  rank  1107  0.89s  | mm 5.43e+09 el 2.35e+08 | if only mm: 6.09e+09/s ; if only el: 2.64e+08/s
p= 7    7255 x  1451  rank  1451  2.31s  | mm 7.64e+09 el 4.04e+08 | if only mm: 3.31e+09/s ; if only el: 1.75e+08/s
p=11    3564 x   891  rank   891  0.90s  | mm 1.41e+09 el 1.52e+08 | if only mm: 1.57e+09/s ; if only el: 1.69e+08/s
p=19    2660 x  1330  rank  1330  2.21s  | mm 2.35e+09 el 3.40e+08 | if only mm: 1.07e+09/s ; if only el: 1.54e+08/s
p= 3    2000 x  1107  rank  1107  0.87s  | mm 1.23e+09 el 2.35e+08 | if only mm: 1.42e+09/s ; if only el: 2.72e+08/s
p=19     300 x  1330  rank   300  0.62s  | mm 2.65e+08 el 3.40e+08 | if only mm: 4.29e+08/s ; if only el: 5.49e+08/s
=== /usr/bin/time -l (raw) ===
       11.14 real        10.87 user         0.15 sys
           343031808  maximum resident set size
                   0  average shared memory size
                   0  average unshared data size
                   0  average unshared stack size
               51589  page reclaims
                  68  page faults
                   0  swaps
                   0  block input operations
                   0  block output operations
                   0  messages sent
                   0  messages received
                   0  signals received
                  20  voluntary context switches
                5327  involuntary context switches
        114601283440  instructions retired
         35602794284  cycles elapsed
           460243640  peak memory footprint
