=== RUN ===
command: python3 downset_bip_cells.py --cell 3 1 3
cwd: /Users/rafa/Desktop/LECTORES_EN_FRIO/FABLE_5/checks/scripts
date: Fri Sep 25 13:36:30 CEST 2026
exit status: 0
wall time (/usr/bin/time -l, real): 0.07 s
peak memory (maximum resident set size): 23887872 bytes = 22 MB
=== PREDICTION (written before the run) ===
prediction command: python3 downset_bip_cells.py --cell 3 1 3 --predict
cell (alpha, beta, q) = (3, 1, 3), p = 3, q = p^1, F = F_3, Omega = {0..2}
date: 2026-09-25 13:36:29
BPar_q(alpha,beta): 4 elements: (2)|() (1,1)|() (3)|(1) (2,1)|(1)
strict order relations (product of weak dominance orders): 6
number of down-sets: 5
shape histogram over all 81 points: (1,1)|():36 (2)|():21 (2,1)|(1):18 (3)|(1):6
set of shapes == BPar_q(alpha,beta)? True
ring dimension q^(alpha+beta) = 81, degrees 0..8, n_d = [1, 4, 10, 16, 19, 16, 10, 4, 1]
tight patterns per element (count, degree of product): (2)|():3,2 (1,1)|():3,3 (3)|(1):1,0 (2,1)|(1):3,1

down-sets (index: elements | |Z_Lambda| | dim V_Lambda):
  # 0: {} | |Z| = 0 | predicted dim = 0 (equality measured by the paper; Thm 7.6 says >=) | est 0.0 s
  # 1: {(1,1)|()} | |Z| = 36 | predicted dim = 36 (equality measured by the paper; Thm 7.6 says >=) | est 0.0 s
  # 2: {(2)|() (1,1)|()} | |Z| = 57 | predicted dim = 57 (equality measured by the paper; Thm 7.6 says >=) | est 0.0 s
  # 3: {(2)|() (1,1)|() (2,1)|(1)} | |Z| = 75 | predicted dim = 75 (equality measured by the paper; Thm 7.6 says >=) | est 0.0 s
  # 4: {(2)|() (1,1)|() (3)|(1) (2,1)|(1)} | |Z| = 81 | predicted dim = 81 (equality measured by the paper; Thm 7.6 says >=) | est 0.0 s

ESTIMATE: matmul 3.80e+04 flops + elimination 1.14e+05 ops -> ~0 s (rates 5.0e+09, 2.0e+08 per s), plus overhead ~5 down-sets x ~0.5 s; memory ~60 MB (3 float32 n_max^2 blocks, n_max = 19, ring tables, up to 10 dense generators, baseline)
=== OUTPUT ===
cell (alpha, beta, q) = (3, 1, 3), p = 3, q = p^1, F = F_3, Omega = {0..2}
date: 2026-09-25 13:36:30
BPar_q(alpha,beta): 4 elements: (2)|() (1,1)|() (3)|(1) (2,1)|(1)
strict order relations (product of weak dominance orders): 6
number of down-sets: 5
shape histogram over all 81 points: (1,1)|():36 (2)|():21 (2,1)|(1):18 (3)|(1):6
set of shapes == BPar_q(alpha,beta)? True
ring dimension q^(alpha+beta) = 81, degrees 0..8, n_d = [1, 4, 10, 16, 19, 16, 10, 4, 1]
tight patterns per element (count, degree of product): (2)|():3,2 (1,1)|():3,3 (3)|(1):1,0 (2,1)|(1):3,1

down-sets (index: elements | |Z_Lambda| | dim V_Lambda):
  # 0: {} | |Z| = 0 | dim = 0 | OK(=) | gens 0 (of 0 patterns) | per-degree [0, 0, 0, 0, 0, 0, 0, 0, 0] | 0.0s
  # 1: {(1,1)|()} | |Z| = 36 | dim = 36 | OK(=) | gens 3 (of 3 patterns) | per-degree [0, 0, 0, 3, 8, 11, 9, 4, 1] | 0.0s
  # 2: {(2)|() (1,1)|()} | |Z| = 57 | dim = 57 | OK(=) | gens 6 (of 6 patterns) | per-degree [0, 0, 3, 9, 15, 15, 10, 4, 1] | 0.0s
  # 3: {(2)|() (1,1)|() (2,1)|(1)} | |Z| = 75 | dim = 75 | OK(=) | gens 9 (of 9 patterns) | per-degree [0, 2, 8, 15, 19, 16, 10, 4, 1] | 0.0s
  # 4: {(2)|() (1,1)|() (3)|(1) (2,1)|(1)} | |Z| = 81 | dim = 81 | OK(=) | gens (contains 1) | per-degree [1, 4, 10, 16, 19, 16, 10, 4, 1] | 0.0s

SUMMARY cell=(3,1,3) #down-sets=5 #dim<|Z|=0 #dim>|Z|=0 #equal=5  total 0.0s
=== /usr/bin/time -l (raw) ===
        0.07 real         0.05 user         0.01 sys
            23887872  maximum resident set size
                   0  average shared memory size
                   0  average unshared data size
                   0  average unshared stack size
                2670  page reclaims
                  18  page faults
                   0  swaps
                   0  block input operations
                   0  block output operations
                   0  messages sent
                   0  messages received
                   0  signals received
                   0  voluntary context switches
                  23  involuntary context switches
           625224259  instructions retired
           223901602  cycles elapsed
            17367352  peak memory footprint
