=== RUN ===
command: python3 downset_bip_roots.py --bal 2 5 --char0
cwd: /Users/rafa/Desktop/LECTORES_EN_FRIO/FABLE_5/checks/scripts
date: Fri Sep 25 14:01:41 CEST 2026
exit status: 0
wall time (/usr/bin/time -l, real): 0.36 s
peak memory (maximum resident set size): 63062016 bytes = 60 MB
=== PREDICTION (written before the run) ===
prediction command: python3 downset_bip_roots.py --bal 2 5 --char0 --predict
I^bal_2 at q = 5 (p = 5), ring R_{[2],[2]} of dimension 625, date 2026-09-25 14:01:41
degrees 0..16, n_d = [1, 4, 10, 20, 35, 52, 68, 80, 85, 80, 68, 52, 35, 20, 10, 4, 1]
N_bal(2,5) by direct enumeration of 625 points = 45   [0.0s]; paper's closed form sum (a!/prod c_i!)^2 = 45 (claim)
PREDICTION: dim_F I^bal_2 = 45 (Thm C says >= 45; Cor 7.8 says =)
ESTIMATE: 2 generators of degree 8; matmul 1.92e+05 flops + elimination 5.77e+05 ops -> raw model ~0 s, calibrated ~0 s (x0.10) (+ enumeration of 625 points, + char-0 sympy ranks if --char0); memory ~0 MB (per-degree peak of row block + basis) + 0 MB tables/generators + 60 MB baseline
=== OUTPUT ===
I^bal_2 at q = 5 (p = 5), ring R_{[2],[2]} of dimension 625, date 2026-09-25 14:01:41
degrees 0..16, n_d = [1, 4, 10, 20, 35, 52, 68, 80, 85, 80, 68, 52, 35, 20, 10, 4, 1]
N_bal(2,5) by direct enumeration of 625 points = 45   [0.0s]; paper's closed form sum (a!/prod c_i!)^2 = 45 (claim)
2 generators, built in 0.0s; degrees [8]
dim_{F_5} I^bal_2 = 45   (per degree: [0, 0, 0, 0, 0, 0, 0, 0, 2, 4, 6, 8, 9, 7, 5, 3, 1])   [0.0s]
RESULT I^bal_2 q=5: dim = 45, N = 45 -> dim = N (Theorem C holds with equality here, as Cor. 7.8 claims)
dim_Q I^bal_2 (exact, sympy over QQ) = 129   (per degree: [0, 0, 0, 0, 0, 0, 0, 0, 2, 8, 20, 32, 32, 20, 10, 4, 1])   [0.2s]
dim_{F_10007} I^bal_2 (proxy for char 0) = 129   (per degree: [0, 0, 0, 0, 0, 0, 0, 0, 2, 8, 20, 32, 32, 20, 10, 4, 1])   [0.1s]
CHAR0 I^bal_2 q=5: dim_Q = 129, dim_F10007 = 129, dim_F5 = 45, N = 45
total 0.3s
=== /usr/bin/time -l (raw) ===
        0.36 real         0.32 user         0.03 sys
            63062016  maximum resident set size
                   0  average shared memory size
                   0  average unshared data size
                   0  average unshared stack size
                6465  page reclaims
                  33  page faults
                   0  swaps
                   0  block input operations
                   0  block output operations
                   0  messages sent
                   0  messages received
                   0  signals received
                   0  voluntary context switches
                  37  involuntary context switches
          4056575754  instructions retired
          1240952525  cycles elapsed
            51560808  peak memory footprint
