=== RUN ===
command: python3 downset_bip_roots.py --ph 1 17
cwd: /Users/rafa/Desktop/LECTORES_EN_FRIO/FABLE_5/checks/scripts
date: Fri Sep 25 14:00:51 CEST 2026
exit status: 0
wall time (/usr/bin/time -l, real): 0.10 s
peak memory (maximum resident set size): 24150016 bytes = 23 MB
=== PREDICTION (written before the run) ===
prediction command: python3 downset_bip_roots.py --ph 1 17 --predict
I^ph_1 at q = 17 (p = 17), ring R_{[2],[1]} of dimension 4913, date 2026-09-25 14:00:51
degrees 0..48, n_d = [1, 3, 6, 10, 15, 21, 28, 36, 45, 55, 66, 78, 91, 105, 120, 136, 153, 168, 181, 192, 201, 208, 213, 216, 217, 216, 213, 208, 201, 192, 181, 168, 153, 136, 120, 105, 91, 78, 66, 55, 45, 36, 28, 21, 15, 10, 6, 3, 1]
N_ph(1,17) by direct enumeration of 4913 points = 561   [0.0s]; N_bal(2,17) direct = 561
PREDICTION: dim_F I^ph_1 = 561 (Thm C says >= 561; Cor 7.8 says =)
ESTIMATE: 2 generators of degree 16; matmul 4.07e+07 flops + elimination 9.04e+07 ops -> raw model ~0 s, calibrated ~0 s (x0.10) (+ enumeration of 4913 points, + char-0 sympy ranks if --char0); memory ~0 MB (per-degree peak of row block + basis) + 0 MB tables/generators + 60 MB baseline
=== OUTPUT ===
I^ph_1 at q = 17 (p = 17), ring R_{[2],[1]} of dimension 4913, date 2026-09-25 14:00:51
degrees 0..48, n_d = [1, 3, 6, 10, 15, 21, 28, 36, 45, 55, 66, 78, 91, 105, 120, 136, 153, 168, 181, 192, 201, 208, 213, 216, 217, 216, 213, 208, 201, 192, 181, 168, 153, 136, 120, 105, 91, 78, 66, 55, 45, 36, 28, 21, 15, 10, 6, 3, 1]
N_ph(1,17) by direct enumeration of 4913 points = 561   [0.0s]; N_bal(2,17) direct = 561
2 generators, built in 0.0s; degrees [16]
dim_{F_17} I^ph_1 = 561   (per degree: [0, 0, 0, 0, 0, 0, 0, 0, 0, 0, 0, 0, 0, 0, 0, 0, 2, 4, 6, 8, 10, 12, 14, 16, 18, 20, 22, 24, 26, 28, 30, 32, 33, 31, 29, 27, 25, 23, 21, 19, 17, 15, 13, 11, 9, 7, 5, 3, 1])   [0.0s]
RESULT I^ph_1 q=17: dim = 561, N = 561 -> dim = N (Theorem C holds with equality here, as Cor. 7.8 claims)
total 0.0s
=== /usr/bin/time -l (raw) ===
        0.10 real         0.08 user         0.01 sys
            24150016  maximum resident set size
                   0  average shared memory size
                   0  average unshared data size
                   0  average unshared stack size
                2687  page reclaims
                  18  page faults
                   0  swaps
                   0  block input operations
                   0  block output operations
                   0  messages sent
                   0  messages received
                   0  signals received
                   0  voluntary context switches
                  29  involuntary context switches
          1273049361  instructions retired
           339256194  cycles elapsed
            17662264  peak memory footprint
