=== RUN ===
command: python3 downset_bip_cells.py --cell 2 1 9
cwd: /Users/rafa/Desktop/LECTORES_EN_FRIO/FABLE_5/checks/scripts
date: Fri Sep 25 13:36:30 CEST 2026
exit status: 0
wall time (/usr/bin/time -l, real): 0.08 s
peak memory (maximum resident set size): 24854528 bytes = 23 MB
=== PREDICTION (written before the run) ===
prediction command: python3 downset_bip_cells.py --cell 2 1 9 --predict
cell (alpha, beta, q) = (2, 1, 9), p = 3, q = p^2, F = F_3, Omega = {0..8}
date: 2026-09-25 13:36:30
BPar_q(alpha,beta): 3 elements: (1)|() (2)|(1) (1,1)|(1)
strict order relations (product of weak dominance orders): 3
number of down-sets: 4
shape histogram over all 729 points: (1)|():153 (1,1)|(1):504 (2)|(1):72
set of shapes == BPar_q(alpha,beta)? True
ring dimension q^(alpha+beta) = 729, degrees 0..24, n_d = [1, 3, 6, 10, 15, 21, 28, 36, 45, 52, 57, 60, 61, 60, 57, 52, 45, 36, 28, 21, 15, 10, 6, 3, 1]
tight patterns per element (count, degree of product): (1)|():2,8 (2)|(1):1,0 (1,1)|(1):1,1

down-sets (index: elements | |Z_Lambda| | dim V_Lambda):
  # 0: {} | |Z| = 0 | predicted dim = 0 (equality measured by the paper; Thm 7.6 says >=) | est 0.0 s
  # 1: {(1)|()} | |Z| = 153 | predicted dim = 153 (equality measured by the paper; Thm 7.6 says >=) | est 0.0 s
  # 2: {(1)|() (1,1)|(1)} | |Z| = 657 | predicted dim = 657 (equality measured by the paper; Thm 7.6 says >=) | est 0.0 s
  # 3: {(1)|() (2)|(1) (1,1)|(1)} | |Z| = 729 | predicted dim = 729 (equality measured by the paper; Thm 7.6 says >=) | est 0.0 s

ESTIMATE: matmul 1.68e+06 flops + elimination 5.03e+06 ops -> ~0 s (rates 5.0e+09, 2.0e+08 per s), plus overhead ~4 down-sets x ~0.5 s; memory ~60 MB (3 float32 n_max^2 blocks, n_max = 61, ring tables, up to 4 dense generators, baseline)
=== OUTPUT ===
cell (alpha, beta, q) = (2, 1, 9), p = 3, q = p^2, F = F_3, Omega = {0..8}
date: 2026-09-25 13:36:30
BPar_q(alpha,beta): 3 elements: (1)|() (2)|(1) (1,1)|(1)
strict order relations (product of weak dominance orders): 3
number of down-sets: 4
shape histogram over all 729 points: (1)|():153 (1,1)|(1):504 (2)|(1):72
set of shapes == BPar_q(alpha,beta)? True
ring dimension q^(alpha+beta) = 729, degrees 0..24, n_d = [1, 3, 6, 10, 15, 21, 28, 36, 45, 52, 57, 60, 61, 60, 57, 52, 45, 36, 28, 21, 15, 10, 6, 3, 1]
tight patterns per element (count, degree of product): (1)|():2,8 (2)|(1):1,0 (1,1)|(1):1,1

down-sets (index: elements | |Z_Lambda| | dim V_Lambda):
  # 0: {} | |Z| = 0 | dim = 0 | OK(=) | gens 0 (of 0 patterns) | per-degree [0, 0, 0, 0, 0, 0, 0, 0, 0, 0, 0, 0, 0, 0, 0, 0, 0, 0, 0, 0, 0, 0, 0, 0, 0] | 0.0s
  # 1: {(1)|()} | |Z| = 153 | dim = 153 | OK(=) | gens 2 (of 2 patterns) | per-degree [0, 0, 0, 0, 0, 0, 0, 0, 2, 4, 6, 8, 10, 12, 14, 16, 17, 15, 13, 11, 9, 7, 5, 3, 1] | 0.0s
  # 2: {(1)|() (1,1)|(1)} | |Z| = 657 | dim = 657 | OK(=) | gens 3 (of 3 patterns) | per-degree [0, 1, 3, 6, 10, 15, 21, 28, 37, 45, 51, 55, 57, 57, 55, 51, 45, 36, 28, 21, 15, 10, 6, 3, 1] | 0.0s
  # 3: {(1)|() (2)|(1) (1,1)|(1)} | |Z| = 729 | dim = 729 | OK(=) | gens (contains 1) | per-degree [1, 3, 6, 10, 15, 21, 28, 36, 45, 52, 57, 60, 61, 60, 57, 52, 45, 36, 28, 21, 15, 10, 6, 3, 1] | 0.0s

SUMMARY cell=(2,1,9) #down-sets=4 #dim<|Z|=0 #dim>|Z|=0 #equal=4  total 0.0s
ROOT I^ph_1 at q=9: dim = 153, |Z_{((1),0)}| = 153, N_ph by direct count = 153, N_bal(2,q) direct = 153
=== /usr/bin/time -l (raw) ===
        0.08 real         0.06 user         0.01 sys
            24854528  maximum resident set size
                   0  average shared memory size
                   0  average unshared data size
                   0  average unshared stack size
                2736  page reclaims
                  18  page faults
                   0  swaps
                   0  block input operations
                   0  block output operations
                   0  messages sent
                   0  messages received
                   0  signals received
                   0  voluntary context switches
                  36  involuntary context switches
           792742734  instructions retired
           267577409  cycles elapsed
            18334032  peak memory footprint
