=== RUN ===
command: python3 downset_bip_roots.py --ph 1 7
cwd: /Users/rafa/Desktop/LECTORES_EN_FRIO/FABLE_5/checks/scripts
date: Fri Sep 25 14:00:51 CEST 2026
exit status: 0
wall time (/usr/bin/time -l, real): 0.06 s
peak memory (maximum resident set size): 23478272 bytes = 22 MB
=== PREDICTION (written before the run) ===
prediction command: python3 downset_bip_roots.py --ph 1 7 --predict
I^ph_1 at q = 7 (p = 7), ring R_{[2],[1]} of dimension 343, date 2026-09-25 14:00:51
degrees 0..18, n_d = [1, 3, 6, 10, 15, 21, 28, 33, 36, 37, 36, 33, 28, 21, 15, 10, 6, 3, 1]
N_ph(1,7) by direct enumeration of 343 points = 91   [0.0s]; N_bal(2,7) direct = 91
PREDICTION: dim_F I^ph_1 = 91 (Thm C says >= 91; Cor 7.8 says =)
ESTIMATE: 2 generators of degree 6; matmul 1.01e+05 flops + elimination 3.04e+05 ops -> raw model ~0 s, calibrated ~0 s (x0.10) (+ enumeration of 343 points, + char-0 sympy ranks if --char0); memory ~0 MB (per-degree peak of row block + basis) + 0 MB tables/generators + 60 MB baseline
=== OUTPUT ===
I^ph_1 at q = 7 (p = 7), ring R_{[2],[1]} of dimension 343, date 2026-09-25 14:00:51
degrees 0..18, n_d = [1, 3, 6, 10, 15, 21, 28, 33, 36, 37, 36, 33, 28, 21, 15, 10, 6, 3, 1]
N_ph(1,7) by direct enumeration of 343 points = 91   [0.0s]; N_bal(2,7) direct = 91
2 generators, built in 0.0s; degrees [6]
dim_{F_7} I^ph_1 = 91   (per degree: [0, 0, 0, 0, 0, 0, 2, 4, 6, 8, 10, 12, 13, 11, 9, 7, 5, 3, 1])   [0.0s]
RESULT I^ph_1 q=7: dim = 91, N = 91 -> dim = N (Theorem C holds with equality here, as Cor. 7.8 claims)
total 0.0s
=== /usr/bin/time -l (raw) ===
        0.06 real         0.05 user         0.01 sys
            23478272  maximum resident set size
                   0  average shared memory size
                   0  average unshared data size
                   0  average unshared stack size
                2646  page reclaims
                  18  page faults
                   0  swaps
                   0  block input operations
                   0  block output operations
                   0  messages sent
                   0  messages received
                   0  signals received
                   0  voluntary context switches
                  21  involuntary context switches
           627780631  instructions retired
           218437231  cycles elapsed
            16974112  peak memory footprint
