=== RUN ===
command: python3 downset_bip_roots.py --bal 1 5 --char0
cwd: /Users/rafa/Desktop/LECTORES_EN_FRIO/FABLE_5/checks/scripts
date: Fri Sep 25 14:01:41 CEST 2026
exit status: 0
wall time (/usr/bin/time -l, real): 0.31 s
peak memory (maximum resident set size): 61489152 bytes = 58 MB
=== PREDICTION (written before the run) ===
prediction command: python3 downset_bip_roots.py --bal 1 5 --char0 --predict
I^bal_1 at q = 5 (p = 5), ring R_{[1],[1]} of dimension 25, date 2026-09-25 14:01:41
degrees 0..8, n_d = [1, 2, 3, 4, 5, 4, 3, 2, 1]
N_bal(1,5) by direct enumeration of 25 points = 5   [0.0s]; paper's closed form sum (a!/prod c_i!)^2 = 5 (claim)
PREDICTION: dim_F I^bal_1 = 5 (Thm C says >= 5; Cor 7.8 says =)
ESTIMATE: 1 generators of degree 4; matmul 4.90e+01 flops + elimination 1.47e+02 ops -> raw model ~0 s, calibrated ~0 s (x0.10) (+ enumeration of 25 points, + char-0 sympy ranks if --char0); memory ~0 MB (per-degree peak of row block + basis) + 0 MB tables/generators + 60 MB baseline
=== OUTPUT ===
I^bal_1 at q = 5 (p = 5), ring R_{[1],[1]} of dimension 25, date 2026-09-25 14:01:41
degrees 0..8, n_d = [1, 2, 3, 4, 5, 4, 3, 2, 1]
N_bal(1,5) by direct enumeration of 25 points = 5   [0.0s]; paper's closed form sum (a!/prod c_i!)^2 = 5 (claim)
1 generators, built in 0.0s; degrees [4]
dim_{F_5} I^bal_1 = 5   (per degree: [0, 0, 0, 0, 1, 1, 1, 1, 1])   [0.0s]
RESULT I^bal_1 q=5: dim = 5, N = 5 -> dim = N (Theorem C holds with equality here, as Cor. 7.8 claims)
dim_Q I^bal_1 (exact, sympy over QQ) = 9   (per degree: [0, 0, 0, 0, 1, 2, 3, 2, 1])   [0.2s]
dim_{F_10007} I^bal_1 (proxy for char 0) = 9   (per degree: [0, 0, 0, 0, 1, 2, 3, 2, 1])   [0.1s]
CHAR0 I^bal_1 q=5: dim_Q = 9, dim_F10007 = 9, dim_F5 = 5, N = 5
total 0.2s
=== /usr/bin/time -l (raw) ===
        0.31 real         0.26 user         0.04 sys
            61489152  maximum resident set size
                   0  average shared memory size
                   0  average unshared data size
                   0  average unshared stack size
                6381  page reclaims
                  18  page faults
                   0  swaps
                   0  block input operations
                   0  block output operations
                   0  messages sent
                   0  messages received
                   0  signals received
                   0  voluntary context switches
                 434  involuntary context switches
          3010190365  instructions retired
          1012381085  cycles elapsed
            50233680  peak memory footprint
