=== RUN ===
command: python3 downset_bip_roots.py --bal 2 17
cwd: /Users/rafa/Desktop/LECTORES_EN_FRIO/FABLE_5/checks/scripts
date: Fri Sep 25 13:54:02 CEST 2026
exit status: 0
wall time (/usr/bin/time -l, real): 21.33 s
peak memory (maximum resident set size): 44318720 bytes = 42 MB
=== PREDICTION (written before the run) ===
prediction command: python3 downset_bip_roots.py --bal 2 17 --predict
I^bal_2 at q = 17 (p = 17), ring R_{[2],[2]} of dimension 83521, date 2026-09-25 13:53:19
degrees 0..64, n_d = [1, 4, 10, 20, 35, 56, 84, 120, 165, 220, 286, 364, 455, 560, 680, 816, 969, 1136, 1314, 1500, 1691, 1884, 2076, 2264, 2445, 2616, 2774, 2916, 3039, 3140, 3216, 3264, 3281, 3264, 3216, 3140, 3039, 2916, 2774, 2616, 2445, 2264, 2076, 1884, 1691, 1500, 1314, 1136, 969, 816, 680, 560, 455, 364, 286, 220, 165, 120, 84, 56, 35, 20, 10, 4, 1]
N_bal(2,17) by direct enumeration of 83521 points = 561   [0.0s]; paper's closed form sum (a!/prod c_i!)^2 = 561 (claim)
PREDICTION: dim_F I^bal_2 = 561 (Thm C says >= 561; Cor 7.8 says =)
ESTIMATE: 2 generators of degree 32; matmul 1.44e+10 flops + elimination 1.20e+10 ops -> raw model ~63 s, calibrated ~6 s (x0.10) (+ enumeration of 83521 points, + char-0 sympy ranks if --char0); memory ~14 MB (per-degree peak of row block + basis) + 9 MB tables/generators + 60 MB baseline
=== OUTPUT ===
I^bal_2 at q = 17 (p = 17), ring R_{[2],[2]} of dimension 83521, date 2026-09-25 13:53:41
degrees 0..64, n_d = [1, 4, 10, 20, 35, 56, 84, 120, 165, 220, 286, 364, 455, 560, 680, 816, 969, 1136, 1314, 1500, 1691, 1884, 2076, 2264, 2445, 2616, 2774, 2916, 3039, 3140, 3216, 3264, 3281, 3264, 3216, 3140, 3039, 2916, 2774, 2616, 2445, 2264, 2076, 1884, 1691, 1500, 1314, 1136, 969, 816, 680, 560, 455, 364, 286, 220, 165, 120, 84, 56, 35, 20, 10, 4, 1]
N_bal(2,17) by direct enumeration of 83521 points = 561   [0.0s]; paper's closed form sum (a!/prod c_i!)^2 = 561 (claim)
2 generators, built in 0.0s; degrees [32]
dim_{F_17} I^bal_2 = 561   (per degree: [0, 0, 0, 0, 0, 0, 0, 0, 0, 0, 0, 0, 0, 0, 0, 0, 0, 0, 0, 0, 0, 0, 0, 0, 0, 0, 0, 0, 0, 0, 0, 0, 2, 4, 6, 8, 10, 12, 14, 16, 18, 20, 22, 24, 26, 28, 30, 32, 33, 31, 29, 27, 25, 23, 21, 19, 17, 15, 13, 11, 9, 7, 5, 3, 1])   [0.1s]
RESULT I^bal_2 q=17: dim = 561, N = 561 -> dim = N (Theorem C holds with equality here, as Cor. 7.8 claims)
total 21.3s
=== /usr/bin/time -l (raw) ===
       21.33 real        21.20 user         0.11 sys
            44318720  maximum resident set size
                   0  average shared memory size
                   0  average unshared data size
                   0  average unshared stack size
                5702  page reclaims
                  23  page faults
                   0  swaps
                   0  block input operations
                   0  block output operations
                   0  messages sent
                   0  messages received
                   0  signals received
                 124  voluntary context switches
                 200  involuntary context switches
        351300153347  instructions retired
         72471252514  cycles elapsed
            38912336  peak memory footprint
