# command: /usr/bin/time -l python3 /Users/rafa/Desktop/LECTORES_EN_FRIO/FABLE_5/checks/scripts/headline_claim43_and_lemma22.py
# prediction (before run): (A) dim (psi_J) = Q_1(m) = 168 / 546 / 1140 at every prime ell not dividing m; (B) |Gamma_J| = 546, 1140, 5120, 32900; (B') even m: Def 1.3 == 'pairs' count but != 'closed' count; est. < 60 s, < 100 MB
# run date: Fri Sep 25 13:36:36 CEST 2026
# WALL TIME: 16.45 s
# PEAK MEMORY (maximum resident set size): 341.4 MB (341377024 bytes)
== (A) Theorem 0(b) / [DS, Claim 4.3] at composite m, prime ell NOT dividing m (k = 1, literal psi_J) ==
  m=9 ell=2 (all): dim_F_ell (psi_J) = 168, quotient 561; predicted Q_1(m) = 168, quotient 561: AGREES  [0.1s]
  m=9 ell=2 (reduced): dim_F_ell (psi_J) = 168, quotient 561; predicted Q_1(m) = 168, quotient 561: AGREES  [0.0s]
  m=9 ell=5 (reduced): dim_F_ell (psi_J) = 168, quotient 561; predicted Q_1(m) = 168, quotient 561: AGREES  [0.0s]
  m=15 ell=2 (reduced): dim_F_ell (psi_J) = 546, quotient 2829; predicted Q_1(m) = 546, quotient 2829: AGREES  [0.5s]
  m=15 ell=2 (all): dim_F_ell (psi_J) = 546, quotient 2829; predicted Q_1(m) = 546, quotient 2829: AGREES  [7.2s]
  m=15 ell=7 (reduced): dim_F_ell (psi_J) = 546, quotient 2829; predicted Q_1(m) = 546, quotient 2829: AGREES  [0.5s]
  m=21 ell=2 (reduced): dim_F_ell (psi_J) = 1140, quotient 8121; predicted Q_1(m) = 1140, quotient 8121: AGREES  [7.9s]
RESULT (A): all agree
== (B) Lemma 2.2 at composite odd m from [DS, Definition 1.3] (k = 2 and k = 1) ==
  (k,m)=(1,15): |Gamma_J| = 546 of 2744 tuples; Q_k(m) closed form = 546; polynomial = 546; AGREES  [0.0s]
  (k,m)=(1,21): |Gamma_J| = 1140 of 8000 tuples; Q_k(m) closed form = 1140; polynomial = 1140; AGREES  [0.0s]
  (k,m)=(2,9): |Gamma_J| = 5120 of 32768 tuples; Q_k(m) closed form = 5120; polynomial = 5120; AGREES  [0.0s]
  (k,m)=(2,15): |Gamma_J| = 32900 of 537824 tuples; Q_k(m) closed form = 32900; polynomial = 32900; AGREES  [0.1s]
== (B') negative control: even m, k = 1 (where Lemma 2.2's 'closed under inversion' step needs m odd) ==
  m=4: |Gamma_J| (Def 1.3) = 19; [DS, Remark 4.4] rank-1 = 18; 'closed under inversion' count = 19; 'splits into inverse pairs' count = 19  -> Def1.3 == pairs: True; Def1.3 == closed: True
  m=6: |Gamma_J| (Def 1.3) = 61; [DS, Remark 4.4] rank-1 = 60; 'closed under inversion' count = 61; 'splits into inverse pairs' count = 61  -> Def1.3 == pairs: True; Def1.3 == closed: True
  m=8: |Gamma_J| (Def 1.3) = 127; [DS, Remark 4.4] rank-1 = 126; 'closed under inversion' count = 127; 'splits into inverse pairs' count = 127  -> Def1.3 == pairs: True; Def1.3 == closed: True
  m=5 (odd): |Gamma_J| = 36; closed = 36; pairs = 36; all equal: True
  m=7 (odd): |Gamma_J| = 90; closed = 90; pairs = 90; all equal: True
  m=9 (odd): |Gamma_J| = 168; closed = 168; pairs = 168; all equal: True
total elapsed 16.4s
       16.45 real        16.13 user         0.17 sys
           341377024  maximum resident set size
                   0  average shared memory size
                   0  average unshared data size
                   0  average unshared stack size
               63916  page reclaims
                  82  page faults
                   0  swaps
                   0  block input operations
                   0  block output operations
                   0  messages sent
                   0  messages received
                   0  signals received
                  12  voluntary context switches
                5837  involuntary context switches
        230505416133  instructions retired
         53053919223  cycles elapsed
           415531704  peak memory footprint
# ---------------------------------------------------------------------------------------------------------
# POST-RUN NOTES (referee, headline-chain sub-task)
# 1. RESOURCE OVERRUN: predicted < 100 MB, measured peak RSS 341 MB (16.5 s wall). Under the 1.2 GB / 10 min
#    hard cap, but over my own prediction; cause: numpy int32 matmul temporaries in Echelon.add at m=21
#    (basis 1140 x 9261) and the (k,m)=(2,15) meshgrid (537 824 x 6 int64 plus boolean masks). No process left.
# 2. READING OF (B'): the column "[DS, Remark 4.4] rank-1" is MISLABELLED by me: the displayed polynomials of
#    [DS, Remark 4.4] (3m^2-9m+6+delta_m for n=2) are |Gamma_J| itself, not rank L(X) (the paper says this in
#    footnote 1 for odd m); the values 19, 61, 127 at m = 4, 6, 8 therefore AGREE with |Gamma_J| from Definition
#    1.3 (19, 61, 127). So footnote 1's reading of Remark 4.4 holds for even m as well.
#    The control "closed under inversion != splits into inverse pairs for even m" did NOT fire: with a_0 := (prod a_i)^{-1}
#    the N-multiset has product 1, so the self-inverse value -1 occurs an even number of times and "closed under
#    inversion" and "splits into inverse pairs" coincide for every m. Hence the first paragraph of the proof of
#    Lemma 2.2 is valid for every m >= 3; oddness of m is used only in the generating-function step
#    (h = (m-1)/2 classes, factor I_0(2x)^h), exactly as the paper claims ("uses only that q is odd").
# 3. (A) confirms [DS, Claim 4.3] = Theorem 0(b) at composite m = 15, 21 (and m = 9) for primes ell NOT dividing m
#    (ell = 2, 5, 7), from the literal generators of [DS]: dim_{F_ell}(psi_J) = |Gamma_J| = Q_1(m). This is the
#    algebraic half of Proposition 2.1 (rho = m^{n+1} - |Gamma_J|) tested at the characteristics the earlier
#    literal_k1 runs could not reach (they assert p | m).
# 4. (B) confirms Lemma 2.2 (|Gamma_J| = Q_k(m)) for composite odd m from Definition 1.3 at (k,m) = (1,15), (1,21),
#    (2,9), (2,15): 546, 1140, 5120, 32 900 (the last is the number the paper reports for the degree-15 fourfold).
