# command: /usr/bin/time -l python3 checks/scripts/hostile_reread_numerics.py
# prediction: every line AGREES; < 30 s wall, < 60 MB peak
# run date: Fri Sep 25 13:53:09 CEST 2026
[AGREES] table §3 row q=3: got [6, 20, 70, 252, 924] expected [6, 20, 70, 252, 924]
[AGREES] table §3 row q=5: got [36, 400, 4900, 63504, 853776] expected [36, 400, 4900, 63504, 853776]
[AGREES] table §3 row q=7: got [90, 1860, 44730, 1172556, 32496156] expected [90, 1860, 44730, 1172556, 32496156]
[AGREES] table §3 row q=9: got [168, 5120, 190120, 7939008, 357713664] expected [168, 5120, 190120, 7939008, 357713664]
[AGREES] table §3 row q=11: got [270, 10900, 551950, 32232060, 2070891900] expected [270, 10900, 551950, 32232060, 2070891900]
[AGREES] table §3 row q=13: got [396, 19920, 1281420, 96807312, 8175770064] expected [396, 19920, 1281420, 96807312, 8175770064]
[AGREES] table §3 row q=25: got [1656, 182400, 26926200, 4890642624, 1038711332736] expected [1656, 182400, 26926200, 4890642624, 1038711332736]
[AGREES] table §3 row q=27: got [1950, 234260, 37849630, 7550855676, 1767675505596] expected [1950, 234260, 37849630, 7550855676, 1767675505596]
[AGREES] Q_1(3) = 3(q-1)(q-2): got 6 expected 6
[AGREES] Q_2(3) polynomial: got 20 expected 20
[AGREES] Q_3(3) polynomial: got 70 expected 70
[AGREES] Q_1(5) = 3(q-1)(q-2): got 36 expected 36
[AGREES] Q_2(5) polynomial: got 400 expected 400
[AGREES] Q_3(5) polynomial: got 4900 expected 4900
[AGREES] Q_1(7) = 3(q-1)(q-2): got 90 expected 90
[AGREES] Q_2(7) polynomial: got 1860 expected 1860
[AGREES] Q_3(7) polynomial: got 44730 expected 44730
[AGREES] Q_1(9) = 3(q-1)(q-2): got 168 expected 168
[AGREES] Q_2(9) polynomial: got 5120 expected 5120
[AGREES] Q_3(9) polynomial: got 190120 expected 190120
[AGREES] Q_1(11) = 3(q-1)(q-2): got 270 expected 270
[AGREES] Q_2(11) polynomial: got 10900 expected 10900
[AGREES] Q_3(11) polynomial: got 551950 expected 551950
[AGREES] Q_1(13) = 3(q-1)(q-2): got 396 expected 396
[AGREES] Q_2(13) polynomial: got 19920 expected 19920
[AGREES] Q_3(13) polynomial: got 1281420 expected 1281420
[AGREES] Q_1(15) = 3(q-1)(q-2): got 546 expected 546
[AGREES] Q_2(15) polynomial: got 32900 expected 32900
[AGREES] Q_3(15) polynomial: got 2570050 expected 2570050
[AGREES] Q_1(21) = 3(q-1)(q-2): got 1140 expected 1140
[AGREES] Q_2(21) polynomial: got 102800 expected 102800
[AGREES] Q_3(21) polynomial: got 12310900 expected 12310900
[AGREES] Q_1(25) = 3(q-1)(q-2): got 1656 expected 1656
[AGREES] Q_2(25) polynomial: got 182400 expected 182400
[AGREES] Q_3(25) polynomial: got 26926200 expected 26926200
[AGREES] Q_1(27) = 3(q-1)(q-2): got 1950 expected 1950
[AGREES] Q_2(27) polynomial: got 234260 expected 234260
[AGREES] Q_3(27) polynomial: got 37849630 expected 37849630
[AGREES] Q_1(45) = 3(q-1)(q-2): got 5676 expected 5676
[AGREES] Q_2(45) polynomial: got 1192400 expected 1192400
[AGREES] Q_3(45) polynomial: got 342611500 expected 342611500
[AGREES] Q_1(3) = C(2k+2,k+1): got 6 expected 6
[AGREES] Q_2(3) = C(2k+2,k+1): got 20 expected 20
[AGREES] Q_3(3) = C(2k+2,k+1): got 70 expected 70
[AGREES] Q_4(3) = C(2k+2,k+1): got 252 expected 252
[AGREES] Q_5(3) = C(2k+2,k+1): got 924 expected 924
[AGREES] Q_6(3) = C(2k+2,k+1): got 3432 expected 3432
[AGREES] Q_2(15) (§12.3): got 32900 expected 32900
[AGREES] Q_2(21) (§12.3): got 102800 expected 102800
[AGREES] Q_1(125): got 45756 expected 45756
[AGREES] closed 4-tuples in T (|T|=2) = Q_1(3): got 6 expected 6
[AGREES] closed 4-tuples in T (|T|=4) = Q_1(5): got 36 expected 36
[AGREES] closed 4-tuples in T (|T|=6) = Q_1(7): got 90 expected 90
[AGREES] closed 6-tuples in T (|T|=2) = Q_2(3): got 20 expected 20
[AGREES] closed 6-tuples in T (|T|=4) = Q_2(5): got 400 expected 400
[AGREES] closed 8-tuples in T (|T|=2) = Q_3(3): got 70 expected 70
[AGREES] N_bal(a,3), a=1..5: got [3, 15, 93, 639, 4653] expected [3, 15, 93, 639, 4653]
[AGREES] N_bal(2,q), q=3,5,7,9,11: got [15, 45, 91, 153, 231] expected [15, 45, 91, 153, 231]
[AGREES] N_bal(4,5) = 7885 (§12.4): got 7885 expected 7885
[AGREES] N_ph(2,13) = N_bal(3,13) = 11713 (§12.4): got 11713 expected 11713
[AGREES] N_bal brute = formula at (1,3): got 3 expected 3
[AGREES] N_ph(1,3) brute = N_bal(2,3): got 15 expected 15
[AGREES] N_bal brute = formula at (2,3): got 15 expected 15
[AGREES] N_ph(2,3) brute = N_bal(3,3): got 93 expected 93
[AGREES] N_bal brute = formula at (3,3): got 93 expected 93
[AGREES] N_ph(3,3) brute = N_bal(4,3): got 639 expected 639
[AGREES] N_bal brute = formula at (1,5): got 5 expected 5
[AGREES] N_ph(1,5) brute = N_bal(2,5): got 45 expected 45
[AGREES] N_bal brute = formula at (2,5): got 45 expected 45
[AGREES] N_ph(2,5) brute = N_bal(3,5): got 545 expected 545
[AGREES] ballot row k=1: got [2, 3, 1] expected [2, 3, 1]
[AGREES] ballot closed form k=1: got [2, 3, 1] expected [2, 3, 1]
[AGREES] ballot row sum k=1 = Q_k(3): got 6 expected 6
[AGREES] ballot row k=2: got [5, 9, 5, 1] expected [5, 9, 5, 1]
[AGREES] ballot closed form k=2: got [5, 9, 5, 1] expected [5, 9, 5, 1]
[AGREES] ballot row sum k=2 = Q_k(3): got 20 expected 20
[AGREES] ballot row k=3: got [14, 28, 20, 7, 1] expected [14, 28, 20, 7, 1]
[AGREES] ballot closed form k=3: got [14, 28, 20, 7, 1] expected [14, 28, 20, 7, 1]
[AGREES] ballot row sum k=3 = Q_k(3): got 70 expected 70
[AGREES] ballot row k=4: got [42, 90, 75, 35, 9, 1] expected [42, 90, 75, 35, 9, 1]
[AGREES] ballot closed form k=4: got [42, 90, 75, 35, 9, 1] expected [42, 90, 75, 35, 9, 1]
[AGREES] ballot row sum k=4 = Q_k(3): got 252 expected 252
[AGREES] ballot row k=5: got [132, 297, 275, 154, 54, 11, 1] expected [132, 297, 275, 154, 54, 11, 1]
[AGREES] ballot closed form k=5: got [132, 297, 275, 154, 54, 11, 1] expected [132, 297, 275, 154, 54, 11, 1]
[AGREES] ballot row sum k=5 = Q_k(3): got 924 expected 924
[AGREES] ballot row k=6: got [429, 1001, 1001, 637, 273, 77, 13, 1] expected [429, 1001, 1001, 637, 273, 77, 13, 1]
[AGREES] ballot closed form k=6: got [429, 1001, 1001, 637, 273, 77, 13, 1] expected [429, 1001, 1001, 637, 273, 77, 13, 1]
[AGREES] ballot row sum k=6 = Q_k(3): got 3432 expected 3432
[AGREES] P_2(3) = 141 (§1.6): got 141 expected 141
[AGREES] P_1(3): got 19 expected 19
[AGREES] |J| at k=2: got 15 expected 15
[AGREES] Fact 9.2 |Gamma_K| (13 matchings, m=9): got 4736 expected 4736
[AGREES] Lemma 2.2 |Gamma_J| (15 matchings, m=9) = Q_2(9): got 5120 expected 5120
[AGREES] compatible colourings (k,r)=(2,5): got 1001 expected 1001
[AGREES] compatible colourings (k,r)=(2,3): got 141 expected 141
[AGREES] compatible colourings (k,r)=(2,7): got 3301 expected 3301
[AGREES] compatible colourings (k,r)=(1,5): got 61 expected 61
[AGREES] compatible colourings (k,r)=(1,3): got 19 expected 19
[AGREES] delta(1): got (-7, -5, -1) expected (-7, -5, -1)
[AGREES] delta(2): got (-5, -1, 7) expected (-5, -1, 7)
[AGREES] delta(4): got (-1, 7, 5) expected (-1, 7, 5)
[AGREES] delta(3): got (-3, 3, -3) expected (-3, 3, -3)
[AGREES] sign map bijective onto {±1}^3: got 8 expected 8
[AGREES] delta = M s for all a: got True expected True
[AGREES] det M: got 81 expected 81
[AGREES] |B| at (k,m)=(1,9) = C(N,N/2)^3: got 216 expected 216
[AGREES] |D| at (k,m)=(1,9) = Q_k(9): got 168 expected 168
[AGREES] |B| at (k,m)=(2,9) = C(N,N/2)^3: got 8000 expected 8000
[AGREES] |D| at (k,m)=(2,9) = Q_k(9): got 5120 expected 5120
  (k,m)=(1,5): |B|=36 |D|=36 Q_1=36
[AGREES] |D| = Q_1(5): got 36 expected 36
[AGREES] |B| = |D| at prime m=5 (H4): got 36 expected 36
  (k,m)=(1,7): |B|=90 |D|=90 Q_1=90
[AGREES] |D| = Q_1(7): got 90 expected 90
[AGREES] |B| = |D| at prime m=7 (H4): got 90 expected 90
  (k,m)=(1,15): |B|=834 |D|=546 Q_1=546
[AGREES] |D| = Q_1(15): got 546 expected 546
[AGREES] |J(1,2)| = 3: got 3 expected 3
[AGREES] |Gamma_K| K=J(1,2), m=5 = Q_1(m)(m-1): got 144 expected 144
[AGREES] |Gamma_K| K=J(1,2), m=9 = Q_1(m)(m-1): got 1344 expected 1344
[AGREES] Lemma 6.8 k=1 m=15 (q=3,r=5) sum of block counts = |Gamma_J| = Q_1(15): got 546 expected 546
[AGREES] literal |Gamma_J| k=1 m=15: got 546 expected 546
[AGREES] Lemma 6.8 k=1 m=15 (q=5,r=3) sum of block counts = |Gamma_J| = Q_1(15): got 546 expected 546
[AGREES] literal |Gamma_J| k=1 m=15: got 546 expected 546
[AGREES] Lemma 6.8 k=1 m=21 (q=3,r=7) sum of block counts = |Gamma_J| = Q_1(21): got 1140 expected 1140
[AGREES] literal |Gamma_J| k=1 m=21: got 1140 expected 1140
[AGREES] Lemma 6.8 k=1 m=21 (q=7,r=3) sum of block counts = |Gamma_J| = Q_1(21): got 1140 expected 1140
[AGREES] literal |Gamma_J| k=1 m=21: got 1140 expected 1140
ALL AGREE
        0.52 real         0.50 user         0.00 sys
            11845632  maximum resident set size
                   0  average shared memory size
                   0  average unshared data size
                   0  average unshared stack size
                1702  page reclaims
                  29  page faults
                   0  swaps
                   0  block input operations
                   0  block output operations
                   0  messages sent
                   0  messages received
                   0  signals received
                  16  voluntary context switches
                  18  involuntary context switches
          8474768161  instructions retired
          1696265801  cycles elapsed
             7831840  peak memory footprint
