# command: python3 scripts/literal_k1.py 15 5 all
# prediction: dim ideal = Q_1(15) = 546, quotient 2829; est. < 5 min, < 900 MB
# cap: 1150 MB RSS (polled every 0.5 s) and 600 s wall; run date: Fri Sep 25 13:25:09 CEST 2026
m=15 p=5 k=1 mode=all: ring dim 3375, predicted dim ideal = Q_1(m) = 546, quotient 2829
  after J=[(0, 1), (2, 3)]: dim so far 196  (0.2s)
  after J=[(0, 2), (1, 3)]: dim so far 378  (0.3s)
  after J=[(0, 3), (1, 2)]: dim so far 546  (0.6s)
RESULT m=15 p=5: dim (psi_J) F_p[G] = 546; quotient dim = 2829; predicted 546 / 2829; AGREES  [0.6s]
        0.64 real         0.60 user         0.03 sys
            82132992  maximum resident set size
                   0  average shared memory size
                   0  average unshared data size
                   0  average unshared stack size
                6134  page reclaims
                  46  page faults
                   0  swaps
                   0  block input operations
                   0  block output operations
                   0  messages sent
                   0  messages received
                   0  signals received
                  15  voluntary context switches
                  69  involuntary context switches
          9343310099  instructions retired
          2141228577  cycles elapsed
            75546984  peak memory footprint
# watchdog: max polled RSS = 58112 KB; wall = 0 s; completed
