# command: python3 scripts/literal_k1.py 21 7 reduced
# prediction: dim ideal = Q_1(21) = 1140, quotient 8121; est. < 5 min, < 900 MB
# cap: 1150 MB RSS (polled every 0.5 s) and 600 s wall; run date: Fri Sep 25 13:25:21 CEST 2026
m=21 p=7 k=1 mode=reduced: ring dim 9261, predicted dim ideal = Q_1(m) = 1140, quotient 8121
  after J=[(0, 1), (2, 3)]: dim so far 400  (0.2s)
  after J=[(0, 2), (1, 3)]: dim so far 780  (0.6s)
  after J=[(0, 3), (1, 2)]: dim so far 1140  (1.1s)
RESULT m=21 p=7: dim (psi_J) F_p[G] = 1140; quotient dim = 8121; predicted 1140 / 8121; AGREES  [1.1s]
        1.18 real         1.13 user         0.04 sys
           374702080  maximum resident set size
                   0  average shared memory size
                   0  average unshared data size
                   0  average unshared stack size
               24019  page reclaims
                  18  page faults
                   0  swaps
                   0  block input operations
                   0  block output operations
                   0  messages sent
                   0  messages received
                   0  signals received
                   0  voluntary context switches
                 227  involuntary context switches
         18235613955  instructions retired
          4006469997  cycles elapsed
           368263744  peak memory footprint
# watchdog: max polled RSS = 333968 KB; wall = 1 s; completed
