# command: python3 scripts/literal_k1.py 21 3 all
# prediction: dim ideal = Q_1(21) = 1140, quotient 8121; est. < 5 min, < 900 MB
# cap: 1150 MB RSS (polled every 0.5 s) and 600 s wall; run date: Fri Sep 25 13:25:10 CEST 2026
m=21 p=3 k=1 mode=all: ring dim 9261, predicted dim ideal = Q_1(m) = 1140, quotient 8121
  after J=[(0, 1), (2, 3)]: dim so far 400  (1.0s)
  after J=[(0, 2), (1, 3)]: dim so far 780  (2.5s)
  after J=[(0, 3), (1, 2)]: dim so far 1140  (4.8s)
RESULT m=21 p=3: dim (psi_J) F_p[G] = 1140; quotient dim = 8121; predicted 1140 / 8121; AGREES  [4.8s]
        4.93 real         4.74 user         0.08 sys
           447512576  maximum resident set size
                   0  average shared memory size
                   0  average unshared data size
                   0  average unshared stack size
               30910  page reclaims
                  24  page faults
                   0  swaps
                   0  block input operations
                   0  block output operations
                   0  messages sent
                   0  messages received
                   0  signals received
                   6  voluntary context switches
                1216  involuntary context switches
         66660491237  instructions retired
         16186638673  cycles elapsed
           455213704  peak memory footprint
# watchdog: max polled RSS = 429632 KB; wall = 4 s; completed
