# command: python3 scripts/literal_k1.py 39 3 reduced
# prediction: dim ideal = Q_1(39) = 4218, quotient 55101; est. < 5 min, < 900 MB
# cap: 1150 MB RSS (polled every 0.5 s) and 600 s wall; run date: Fri Sep 25 13:27:08 CEST 2026
m=39 p=3 k=1 mode=reduced: ring dim 59319, predicted dim ideal = Q_1(m) = 4218, quotient 55101
  after J=[(0, 1), (2, 3)]: dim so far 1444  (9.3s)
  after J=[(0, 2), (1, 3)]: dim so far 2850  (31.2s)
  after J=[(0, 3), (1, 2)]: dim so far 4218  (64.2s)
RESULT m=39 p=3: dim (psi_J) F_p[G] = 4218; quotient dim = 55101; predicted 4218 / 55101; AGREES  [64.2s]
       64.34 real        62.03 user         1.68 sys
          1077886976  maximum resident set size
                   0  average shared memory size
                   0  average unshared data size
                   0  average unshared stack size
              713940  page reclaims
                  63  page faults
                   0  swaps
                   0  block input operations
                   0  block output operations
                   0  messages sent
                   0  messages received
                   0  signals received
                 150  voluntary context switches
               16579  involuntary context switches
        977394028560  instructions retired
        213308658107  cycles elapsed
          1218249952  peak memory footprint
# watchdog: max polled RSS = 1052272 KB; wall = 64 s; completed
