COMMAND: cd /Users/rafa/Desktop/LECTORES_EN_FRIO/FABLE_5/checks && /usr/bin/time -l python3 /Users/rafa/Desktop/LECTORES_EN_FRIO/FABLE_5/checks/scripts/ref7a_chain_coverage.py ext
WALL TIME: 1.82 s
PEAK MEMORY (maximum resident set size): 10862592 bytes
PREDICTION (before run): < 5 s, < 40 MB, 0 failures; 60 cells
EXIT: 0
-----
== T0: C(q-1,t) mod p ==
  q=3=p^v, p=3: C(q-1,t) == (-1)^t mod p for all 0<=t<=q-1  OK
  q=5=p^v, p=5: C(q-1,t) == (-1)^t mod p for all 0<=t<=q-1  OK
  q=7=p^v, p=7: C(q-1,t) == (-1)^t mod p for all 0<=t<=q-1  OK
  q=9=p^v, p=3: C(q-1,t) == (-1)^t mod p for all 0<=t<=q-1  OK
  q=25=p^v, p=5: C(q-1,t) == (-1)^t mod p for all 0<=t<=q-1  OK
  q=27=p^v, p=3: C(q-1,t) == (-1)^t mod p for all 0<=t<=q-1  OK
  q=81=p^v, p=3: C(q-1,t) == (-1)^t mod p for all 0<=t<=q-1  OK
  q=49=p^v, p=7: C(q-1,t) == (-1)^t mod p for all 0<=t<=q-1  OK
  q=15 (not a power of p=3): C(q-1,t) == 0 mod p at t=[6, 7, 8]  -> standing hypothesis FAILS
  q=15 (not a power of p=5): C(q-1,t) == 0 mod p at t=[]  -> standing hypothesis holds (q = a*p^k, a < p; Lucas)
  q=21 (not a power of p=3): C(q-1,t) == 0 mod p at t=[3, 4, 5, 6, 7, 8]...  -> standing hypothesis FAILS
  q=21 (not a power of p=7): C(q-1,t) == 0 mod p at t=[]  -> standing hypothesis holds (q = a*p^k, a < p; Lucas)
  q=45 (not a power of p=3): C(q-1,t) == 0 mod p at t=[18, 19, 20, 21, 22, 23]...  -> standing hypothesis FAILS
  q=45 (not a power of p=5): C(q-1,t) == 0 mod p at t=[20, 21, 22, 23, 24]  -> standing hypothesis FAILS
== T6: Lemma 7.2 counts ==
  N_bal(a,3), a=1..5 (brute): [3, 15, 93, 639, 4653]
  N_bal(2,q), q=3..11 (brute): [15, 45, 91, 153, 231]
  closed formula and N_ph(a,q) = N_bal(a+1,q): OK at the tested cells
  {(0,0)} and {((1),0)} are down-sets with no other element below: OK
== T1-T5 over the cells ==
mode: extended cells: 60
  cell (alpha,beta,q)=(1,0,3): |BPar|= 1, |BPar tail|= 1, down-sets=    2, tails=    1: T1-T5 done, failures so far=0
  cell (alpha,beta,q)=(1,1,3): |BPar|= 2, |BPar tail|= 1, down-sets=    3, tails=    3: T1-T5 done, failures so far=0
  cell (alpha,beta,q)=(1,2,3): |BPar|= 3, |BPar tail|= 2, down-sets=    4, tails=    9: T1-T5 done, failures so far=0
  cell (alpha,beta,q)=(1,3,3): |BPar|= 4, |BPar tail|= 3, down-sets=    5, tails=   27: T1-T5 done, failures so far=0
  cell (alpha,beta,q)=(1,4,3): |BPar|= 6, |BPar tail|= 4, down-sets=    8, tails=   81: T1-T5 done, failures so far=0
  cell (alpha,beta,q)=(2,0,3): |BPar|= 2, |BPar tail|= 1, down-sets=    3, tails=    3: T1-T5 done, failures so far=0
  cell (alpha,beta,q)=(2,1,3): |BPar|= 3, |BPar tail|= 2, down-sets=    4, tails=    9: T1-T5 done, failures so far=0
  cell (alpha,beta,q)=(2,2,3): |BPar|= 5, |BPar tail|= 3, down-sets=    7, tails=   27: T1-T5 done, failures so far=0
  cell (alpha,beta,q)=(2,3,3): |BPar|= 6, |BPar tail|= 4, down-sets=    8, tails=   81: T1-T5 done, failures so far=0
  cell (alpha,beta,q)=(2,4,3): |BPar|= 8, |BPar tail|= 6, down-sets=   12, tails=  243: T1-T5 done, failures so far=0
  cell (alpha,beta,q)=(3,0,3): |BPar|= 3, |BPar tail|= 2, down-sets=    4, tails=    9: T1-T5 done, failures so far=0
  cell (alpha,beta,q)=(3,1,3): |BPar|= 4, |BPar tail|= 3, down-sets=    5, tails=   27: T1-T5 done, failures so far=0
  cell (alpha,beta,q)=(3,2,3): |BPar|= 6, |BPar tail|= 5, down-sets=    8, tails=   81: T1-T5 done, failures so far=0
  cell (alpha,beta,q)=(3,3,3): |BPar|= 8, |BPar tail|= 6, down-sets=   11, tails=  243: T1-T5 done, failures so far=0
  cell (alpha,beta,q)=(3,4,3): |BPar|=10, |BPar tail|= 8, down-sets=   16, tails=  729: T1-T5 done, failures so far=0
  cell (alpha,beta,q)=(4,0,3): |BPar|= 4, |BPar tail|= 3, down-sets=    5, tails=   27: T1-T5 done, failures so far=0
  cell (alpha,beta,q)=(4,1,3): |BPar|= 6, |BPar tail|= 4, down-sets=    8, tails=   81: T1-T5 done, failures so far=0
  cell (alpha,beta,q)=(4,2,3): |BPar|= 8, |BPar tail|= 6, down-sets=   12, tails=  243: T1-T5 done, failures so far=0
  cell (alpha,beta,q)=(4,3,3): |BPar|=10, |BPar tail|= 8, down-sets=   16, tails=  729: T1-T5 done, failures so far=0
  cell (alpha,beta,q)=(1,0,5): |BPar|= 1, |BPar tail|= 1, down-sets=    2, tails=    1: T1-T5 done, failures so far=0
  cell (alpha,beta,q)=(1,1,5): |BPar|= 2, |BPar tail|= 1, down-sets=    3, tails=    5: T1-T5 done, failures so far=0
  cell (alpha,beta,q)=(1,2,5): |BPar|= 3, |BPar tail|= 2, down-sets=    4, tails=   25: T1-T5 done, failures so far=0
  cell (alpha,beta,q)=(1,3,5): |BPar|= 5, |BPar tail|= 3, down-sets=    7, tails=  125: T1-T5 done, failures so far=0
  cell (alpha,beta,q)=(1,4,5): |BPar|= 8, |BPar tail|= 5, down-sets=   13, tails=  625: T1-T5 done, failures so far=0
  cell (alpha,beta,q)=(2,0,5): |BPar|= 2, |BPar tail|= 1, down-sets=    3, tails=    5: T1-T5 done, failures so far=0
  cell (alpha,beta,q)=(2,1,5): |BPar|= 3, |BPar tail|= 2, down-sets=    4, tails=   25: T1-T5 done, failures so far=0
  cell (alpha,beta,q)=(2,2,5): |BPar|= 6, |BPar tail|= 3, down-sets=    8, tails=  125: T1-T5 done, failures so far=0
  cell (alpha,beta,q)=(2,3,5): |BPar|= 9, |BPar tail|= 5, down-sets=   15, tails=  625: T1-T5 done, failures so far=0
  cell (alpha,beta,q)=(2,4,5): |BPar|=14, |BPar tail|= 8, down-sets=   36, tails= 3125: T1-T5 done, failures so far=0
  cell (alpha,beta,q)=(3,0,5): |BPar|= 3, |BPar tail|= 2, down-sets=    4, tails=   25: T1-T5 done, failures so far=0
  cell (alpha,beta,q)=(3,1,5): |BPar|= 5, |BPar tail|= 3, down-sets=    7, tails=  125: T1-T5 done, failures so far=0
  cell (alpha,beta,q)=(3,2,5): |BPar|= 9, |BPar tail|= 6, down-sets=   15, tails=  625: T1-T5 done, failures so far=0
  cell (alpha,beta,q)=(3,3,5): |BPar|=14, |BPar tail|= 9, down-sets=   38, tails= 3125: T1-T5 done, failures so far=0
  cell (alpha,beta,q)=(4,0,5): |BPar|= 5, |BPar tail|= 3, down-sets=    6, tails=  125: T1-T5 done, failures so far=0
  cell (alpha,beta,q)=(4,1,5): |BPar|= 8, |BPar tail|= 5, down-sets=   13, tails=  625: T1-T5 done, failures so far=0
  cell (alpha,beta,q)=(4,2,5): |BPar|=14, |BPar tail|= 9, down-sets=   36, tails= 3125: T1-T5 done, failures so far=0
  cell (alpha,beta,q)=(1,0,7): |BPar|= 1, |BPar tail|= 1, down-sets=    2, tails=    1: T1-T5 done, failures so far=0
  cell (alpha,beta,q)=(1,1,7): |BPar|= 2, |BPar tail|= 1, down-sets=    3, tails=    7: T1-T5 done, failures so far=0
  cell (alpha,beta,q)=(1,2,7): |BPar|= 3, |BPar tail|= 2, down-sets=    4, tails=   49: T1-T5 done, failures so far=0
  cell (alpha,beta,q)=(1,3,7): |BPar|= 5, |BPar tail|= 3, down-sets=    7, tails=  343: T1-T5 done, failures so far=0
  cell (alpha,beta,q)=(1,4,7): |BPar|= 8, |BPar tail|= 5, down-sets=   13, tails= 2401: T1-T5 done, failures so far=0
  cell (alpha,beta,q)=(2,0,7): |BPar|= 2, |BPar tail|= 1, down-sets=    3, tails=    7: T1-T5 done, failures so far=0
  cell (alpha,beta,q)=(2,1,7): |BPar|= 3, |BPar tail|= 2, down-sets=    4, tails=   49: T1-T5 done, failures so far=0
  cell (alpha,beta,q)=(2,2,7): |BPar|= 6, |BPar tail|= 3, down-sets=    8, tails=  343: T1-T5 done, failures so far=0
  cell (alpha,beta,q)=(2,3,7): |BPar|= 9, |BPar tail|= 5, down-sets=   15, tails= 2401: T1-T5 done, failures so far=0
  cell (alpha,beta,q)=(3,0,7): |BPar|= 3, |BPar tail|= 2, down-sets=    4, tails=   49: T1-T5 done, failures so far=0
  cell (alpha,beta,q)=(3,1,7): |BPar|= 5, |BPar tail|= 3, down-sets=    7, tails=  343: T1-T5 done, failures so far=0
  cell (alpha,beta,q)=(3,2,7): |BPar|= 9, |BPar tail|= 6, down-sets=   15, tails= 2401: T1-T5 done, failures so far=0
  cell (alpha,beta,q)=(4,0,7): |BPar|= 5, |BPar tail|= 3, down-sets=    6, tails=  343: T1-T5 done, failures so far=0
  cell (alpha,beta,q)=(4,1,7): |BPar|= 8, |BPar tail|= 5, down-sets=   13, tails= 2401: T1-T5 done, failures so far=0
  cell (alpha,beta,q)=(1,0,9): |BPar|= 1, |BPar tail|= 1, down-sets=    2, tails=    1: T1-T5 done, failures so far=0
  cell (alpha,beta,q)=(1,1,9): |BPar|= 2, |BPar tail|= 1, down-sets=    3, tails=    9: T1-T5 done, failures so far=0
  cell (alpha,beta,q)=(1,2,9): |BPar|= 3, |BPar tail|= 2, down-sets=    4, tails=   81: T1-T5 done, failures so far=0
  cell (alpha,beta,q)=(1,3,9): |BPar|= 5, |BPar tail|= 3, down-sets=    7, tails=  729: T1-T5 done, failures so far=0
  cell (alpha,beta,q)=(2,0,9): |BPar|= 2, |BPar tail|= 1, down-sets=    3, tails=    9: T1-T5 done, failures so far=0
  cell (alpha,beta,q)=(2,1,9): |BPar|= 3, |BPar tail|= 2, down-sets=    4, tails=   81: T1-T5 done, failures so far=0
  cell (alpha,beta,q)=(2,2,9): |BPar|= 6, |BPar tail|= 3, down-sets=    8, tails=  729: T1-T5 done, failures so far=0
  cell (alpha,beta,q)=(3,0,9): |BPar|= 3, |BPar tail|= 2, down-sets=    4, tails=   81: T1-T5 done, failures so far=0
  cell (alpha,beta,q)=(3,1,9): |BPar|= 5, |BPar tail|= 3, down-sets=    7, tails=  729: T1-T5 done, failures so far=0
  cell (alpha,beta,q)=(4,0,9): |BPar|= 5, |BPar tail|= 3, down-sets=    6, tails=  729: T1-T5 done, failures so far=0
TOTAL: down-sets=507, (7.1)-checks (Lambda,mu)=2592, tails=29430, FAILURES=0
elapsed 1.78 s
----- time -l output -----
        1.82 real         1.77 user         0.01 sys
            10862592  maximum resident set size
                   0  average shared memory size
                   0  average unshared data size
                   0  average unshared stack size
                1992  page reclaims
                  18  page faults
                   0  swaps
                   0  block input operations
                   0  block output operations
                   0  messages sent
                   0  messages received
                   0  signals received
                   0  voluntary context switches
                1310  involuntary context switches
         27287369733  instructions retired
          5758083503  cycles elapsed
             7110944  peak memory footprint
