COMMAND: /usr/bin/time -l python3 /Users/rafa/Desktop/LECTORES_EN_FRIO/FABLE_5/checks/scripts/refuteW_mixed_lines.py
WALL:         0.69 real         0.47 user         0.07 sys
PEAK MEMORY:             57655296  maximum resident set size
prediction: < 60 s, < 100 MB (two small Groebner bases in 4 variables); cap: Bash tool timeout 70 s
run date: Fri Sep 25 13:42:38 CEST 2026
----- time -l full output -----
        0.69 real         0.47 user         0.07 sys
            57655296  maximum resident set size
                   0  average shared memory size
                   0  average unshared data size
                   0  average unshared stack size
                5412  page reclaims
                 472  page faults
                   0  swaps
                   0  block input operations
                   0  block output operations
                   0  messages sent
                   0  messages received
                   0  signals received
                 915  voluntary context switches
                 456  involuntary context switches
          5538698183  instructions retired
          1740732894  cycles elapsed
            48398672  peak memory footprint
----- script output -----
[A m=3] f_0 = a^3+b^3, f_1 = -a**3 - 2*a**2*b + 3*a*b**2 + b**3 (squarefree, random)
        equations f_1 = -f_0 o lambda : 4 eqs in 4 unknowns; #solutions lambda = 18
        lines: 9 coordinate + 18 non-coordinate = 27   (expected 27 for any smooth cubic surface)
        Fermat cubic surface (f_1 = a^3+b^3): non-coordinate lines = 18, total = 27 (expected 27 = 3*m^2)
[A m=5] f_0 = a^5+b^5, f_1 = -3*a**5 + a**3*b**2 + 2*a**2*b**3 + 3*a*b**4 + 2*b**5 (squarefree, random)
        3x4 catalecticant rank of f_1 = 3  (rank 3 => f_1 is not l_1^5 + l_2^5 => f_1 not in GL_2.(x^5+y^5) => NO non-coordinate line)
        control: catalecticant rank of a^5+b^5 = 2 (=2, consistent with 50 extra lines on the Fermat quintic surface)
        control: catalecticant rank of a^5+3b^5 = 2 (=2: x^5+3y^5 IS in the orbit of x^5+y^5, so mixed lines persist there)
        conclusion: for m=5 a generic perturbation of f_0 kills the mixed lines; for m=3 it does not (27 lines always).
[B] s=1,d=2,m=5, J'={{0,2},{1,3}}: W|_L - w^5 f_2(alpha,gamma) = 0  (0 => L(t) subset W_t whenever (alpha:gamma) is a root of f_2(t))
[B'] d=1, m=5, f_0 = a^5+b^5, f_1 random squarefree: ideal of partials is irrelevant (smooth) = True
done in 0.3s
