FIELD F_3: (k,q)=(1,3) sym-intersection form: b_k(q-1) = 6   Q_k(q) = 6   graded [1, 3, 2]
FIELD F_5: (k,q)=(1,5) sym-intersection form: b_k(q-1) = 36   Q_k(q) = 36   graded [1, 3, 6, 9, 8, 6, 3]
        0.34 real         1.13 user         0.23 sys
            49659904  maximum resident set size
FIELD F_5: (k,q)=(2,5) sym-intersection form: b_k(q-1) = 400   Q_k(q) = 400   graded [1, 5, 15, 34, 59, 81, 85, 66, 40, 14]
        0.32 real         1.25 user         0.04 sys
            50348032  maximum resident set size
FIELD F_5: (k,q)=(3,5) sym-intersection form: b_k(q-1) = 4900   Q_k(q) = 4900   graded [1, 7, 28, 83, 195, 378, 616, 842, 945, 840, 581, 300
        0.70 real         2.06 user         0.14 sys
            59801600  maximum resident set size
FIELD F_7: (k,q)=(1,7) sym-intersection form: b_k(q-1) = 90   Q_k(q) = 90   graded [1, 3, 6, 9, 12, 15, 14, 12, 9, 6, 3]
        0.31 real         1.21 user         0.07 sys
            49807360  maximum resident set size
FIELD F_7: (k,q)=(2,7) sym-intersection form: b_k(q-1) = 1860   Q_k(q) = 1860   graded [1, 5, 15, 34, 65, 110, 164, 216, 250, 261, 245, 200,
        0.40 real         1.54 user         0.07 sys
            49168384  maximum resident set size
FIELD F_5: (k,q)=(1,25) sym-intersection form: b_k(q-1) = 1656   Q_k(q) = 1656   graded [1, 3, 6, 9, 12, 15, 18, 21, 24, 27, 30, 33, 36, 39,
        0.40 real         1.59 user         0.19 sys
            51298304  maximum resident set size
FIELD F_7: (k,q)=(1,49) sym-intersection form: b_k(q-1) = 6768   Q_k(q) = 6768   graded [1, 3, 6, 9, 12, 15, 18, 21, 24, 27, 30, 33, 36, 39,
        0.49 real         1.48 user         0.68 sys
            60375040  maximum resident set size
FIELD F_5: (k,q)=(1,125) sym-intersection form: b_k(q-1) = 45756   Q_k(q) = 45756   graded [1, 3, 6, 9, 12, 15, 18, 21, 24, 27, 30, 33, 36, 
        1.52 real         2.90 user         0.18 sys
           184811520  maximum resident set size
FIELD F_5: (k,q)=(2,25) sym-intersection form: b_k(q-1) = 182400   Q_k(q) = 182400   graded [1, 5, 15, 34, 65, 110, 170, 245, 335, 440, 560,
       44.31 real        44.43 user         0.91 sys
           734855168  maximum resident set size
