char 5 q=5 |L|=4 mu={2, 1} : generators outside their row = 0  ALL ROW INCLUSIONS HOLD
    per row (a, child, #outside): {(0,{1, 1},0), (1,{2},0), (2,{2, 1},0), (3,{2, 2},0), (4,{3, 1},0)}
char 5 q=5 |L|=4 mu={2, 2} : generators outside their row = 0  ALL ROW INCLUSIONS HOLD
    per row (a, child, #outside): {(0,{2, 1},0), (1,{2, 1},0), (2,{2, 2},0), (3,{3, 2},0), (4,{3, 2},0)}
char 5 q=5 |L|=4 mu={3, 1} : generators outside their row = 0  ALL ROW INCLUSIONS HOLD
    per row (a, child, #outside): {(0,{2, 1},0), (1,{3},0), (2,{3, 1},0), (3,{3, 2},0), (4,{4, 1},0)}
char 7 q=7 |L|=4 mu={2, 1, 1} : generators outside their row = 0  ALL ROW INCLUSIONS HOLD
    per row (a, child, #outside): {(0,{1, 1, 1},0), (1,{2, 1},0), (2,{2, 1},0), (3,{2, 1, 1},0), (4,{2, 2, 1},0), (5,{2, 2, 1},0), (6,{3, 1, 1},0)}
char 7 q=7 |L|=3 mu={3, 2, 1} : generators outside their row = 0  ALL ROW INCLUSIONS HOLD
    per row (a, child, #outside): {(0,{2, 2, 1},0), (1,{3, 1, 1},0), (2,{3, 2},0), (3,{3, 2, 1},0), (4,{3, 2, 2},0), (5,{3, 3, 1},0), (6,{4, 2, 1},0)}
char 11 q=5 |L|=4 mu={1, 1} : generators outside their row = 0  ALL ROW INCLUSIONS HOLD
    per row (a, child, #outside): {(0,{1},0), (1,{1},0), (2,{1, 1},0), (3,{2, 1},0), (4,{2, 1},0)}
char 0 q=5 |L|=4 mu={2, 1} : generators outside their row = 0  ALL ROW INCLUSIONS HOLD
    per row (a, child, #outside): {(0,{1, 1},0), (1,{2},0), (2,{2, 1},0), (3,{2, 2},0), (4,{3, 1},0)}
char 3 q=3 |L|=5 mu={2} : generators outside their row = 0  ALL ROW INCLUSIONS HOLD
    per row (a, child, #outside): {(0,{1},0), (1,{2},0), (2,{3},0)}
char 3 q=9 |L|=4 mu={2, 2, 1} : generators outside their row = 0  ALL ROW INCLUSIONS HOLD
    per row (a, child, #outside): {(0,{2, 1, 1},0), (1,{2, 1, 1},0), (2,{2, 2},0), (3,{2, 2, 1},0), (4,{2, 2, 1, 1},0), (5,{2, 2, 1, 1},0), (6,{2, 2, 2},0), (7,{3, 2, 1},0), (8,{3, 2, 1},0)}
char 3 q=9 |L|=4 mu={4, 1} : generators outside their row = 0  ALL ROW INCLUSIONS HOLD
    per row (a, child, #outside): {(0,{3, 1},0), (1,{4},0), (2,{4, 1},0), (3,{4, 1, 1},0), (4,{4, 1, 1},0), (5,{4, 1, 1},0), (6,{4, 1, 1},0), (7,{4, 2},0), (8,{5, 1},0)}
char 5 q=5 |L|=4 mu={2, 1} [REVERSED lower order] : generators outside their row = 16  FAILS
    per row (a, child, #outside): {(0,{2},16), (1,{1, 1},0), (2,{2, 1},0), (3,{2, 2},0), (4,{3, 1},0)}
char 3 q=9 |L|=4 mu={3, 1} [REVERSED lower order] : generators outside their row = 10  FAILS
    per row (a, child, #outside): {(0,{3},10), (1,{2, 1},0), (2,{3, 1},0), (3,{3, 1, 1},0), (4,{3, 1, 1},0), (5,{3, 1, 1},0), (6,{3, 1, 1},0), (7,{3, 2},0), (8,{4, 1},0)}
char 3 q=9 |L|=5 mu={3, 1} [REVERSED lower order] : generators outside their row = 65  FAILS
    per row (a, child, #outside): {(0,{3},65), (1,{2, 1},0), (2,{3, 1},0), (3,{3, 1, 1},0), (4,{3, 1, 1},0), (5,{3, 1, 1},0), (6,{3, 1, 1},0), (7,{3, 2},0), (8,{4, 1},0)}
char 3 q=9 |L|=5 mu={3, 1} : generators outside their row = 0  ALL ROW INCLUSIONS HOLD
    per row (a, child, #outside): {(0,{2, 1},0), (1,{3},0), (2,{3, 1},0), (3,{3, 1, 1},0), (4,{3, 1, 1},0), (5,{3, 1, 1},0), (6,{3, 1, 1},0), (7,{3, 2},0), (8,{4, 1},0)}
