(a) Q_k(m) for even m (and odd m as calibration)
 m=3: [6, 20, 70, 252]
 m=5: [36, 400, 4900, 63504]
 m=9: [168, 5120, 190120, 7939008]
 m=4: [3, 19, 141, 1107, 8953, 73789]
 m=6: [5, 61, 1001, 18733, 375745, 7858225]
 m=8: [7, 127, 3301, 103279, 3595177, 133789789]
 m=10: [9, 217, 7761, 345465, 17605249, 980612161]
 m=12: [11, 331, 15101, 876331, 59415961, 4481629021]
 m=14: [13, 469, 26041, 1867237, 158738113, 15217958449]
 m=16: [15, 631, 41301, 3529863, 361612105, 42214788925]
 m=18: [17, 817, 61601, 6116209, 734036737, 101216636929]
 m=20: [19, 1027, 87661, 9918595, 1365598009, 217441606141]
 direct Gamma (DS Def. 1.3): {(1, 4): 19, (1, 6): 61, (1, 8): 127, (1, 10): 217, (2, 4): 141, (2, 6): 1001, (2, 8): 3301, (3, 4): 1107}
 formula                   : {(1, 4): 19, (1, 6): 61, (1, 8): 127, (1, 10): 217, (2, 4): 141, (2, 6): 1001, (2, 8): 3301, (3, 4): 1107}
(b) Hodge characters: (k, m): |A|, |B|, |D|, |B|-|D|, Q_k(m)
 (1,3): 6 6 6  diff 0  Q 6  D=Q OK
 (1,5): 52 36 36  diff 0  Q 36  D=Q OK
 (1,9): 456 216 168  diff 48  Q 168  D=Q OK
 (1,4): 21 19 19  diff 0  Q 19  D=Q OK
 (2,4): 183 141 141  diff 0  Q 141  D=Q OK
 (3,4): 1641 1107 1107  diff 0  Q 1107  D=Q OK
 (4,4): 14763 8953 8953  diff 0  Q 8953  D=Q OK
 (5,4): 132861 73789 73789  diff 0  Q 73789  D=Q OK
 (1,6): 105 85 61  diff 24  Q 61  D=Q OK
 (2,6): 2605 1751 1001  diff 750  Q 1001  D=Q OK
 (3,6): 65105 38165 18733  diff 19432  Q 18733  D=Q OK
 (1,8): 301 175 127  diff 48  Q 127  D=Q OK
 (2,8): 14707 5881 3301  diff 2580  Q 3301  D=Q OK
 (3,8): 720601 219871 103279  diff 116592  Q 103279  D=Q OK
 (1,10): 657 361 217  diff 144  Q 217  D=Q OK
 (2,10): 53145 19881 7761  diff 12120  Q 7761  D=Q OK
 (1,12): 1221 643 331  diff 312  Q 331  D=Q OK
 (2,12): 147631 52991 15101  diff 37890  Q 15101  D=Q OK
 (1,14): 2041 805 469  diff 336  Q 469  D=Q OK
 (1,16): 3165 871 631  diff 240  Q 631  D=Q OK
 (1,18): 4641 1657 817  diff 840  Q 817  D=Q OK
 (1,20): 6517 1987 1027  diff 960  Q 1027  D=Q OK
VIGIA-FIN-OK exit=0 pico_kb=10768 t=0s
